Archive member included to satisfy reference by file (symbol)

/home/wonjh/st/stm32cubeide_1.6.1/plugins/com.st.stm32cube.ide.mcu.externaltools.gnu-tools-for-stm32.10.3-2021.10.linux64_1.0.0.202111181127/tools/bin/../lib/gcc/arm-none-eabi/10.3.1/../../../../arm-none-eabi/lib/thumb/v7e-m+dp/hard/libc_nano.a(lib_a-calloc.o)
                              ./Core/pif/source/core/pif_list.o (calloc)
/home/wonjh/st/stm32cubeide_1.6.1/plugins/com.st.stm32cube.ide.mcu.externaltools.gnu-tools-for-stm32.10.3-2021.10.linux64_1.0.0.202111181127/tools/bin/../lib/gcc/arm-none-eabi/10.3.1/../../../../arm-none-eabi/lib/thumb/v7e-m+dp/hard/libc_nano.a(lib_a-errno.o)
                              ./Core/Src/syscalls.o (__errno)
/home/wonjh/st/stm32cubeide_1.6.1/plugins/com.st.stm32cube.ide.mcu.externaltools.gnu-tools-for-stm32.10.3-2021.10.linux64_1.0.0.202111181127/tools/bin/../lib/gcc/arm-none-eabi/10.3.1/../../../../arm-none-eabi/lib/thumb/v7e-m+dp/hard/libc_nano.a(lib_a-exit.o)
                              /home/wonjh/st/stm32cubeide_1.6.1/plugins/com.st.stm32cube.ide.mcu.externaltools.gnu-tools-for-stm32.10.3-2021.10.linux64_1.0.0.202111181127/tools/bin/../lib/gcc/arm-none-eabi/10.3.1/../../../../arm-none-eabi/lib/thumb/v7e-m+dp/hard/crt0.o (exit)
/home/wonjh/st/stm32cubeide_1.6.1/plugins/com.st.stm32cube.ide.mcu.externaltools.gnu-tools-for-stm32.10.3-2021.10.linux64_1.0.0.202111181127/tools/bin/../lib/gcc/arm-none-eabi/10.3.1/../../../../arm-none-eabi/lib/thumb/v7e-m+dp/hard/libc_nano.a(lib_a-impure.o)
                              /home/wonjh/st/stm32cubeide_1.6.1/plugins/com.st.stm32cube.ide.mcu.externaltools.gnu-tools-for-stm32.10.3-2021.10.linux64_1.0.0.202111181127/tools/bin/../lib/gcc/arm-none-eabi/10.3.1/../../../../arm-none-eabi/lib/thumb/v7e-m+dp/hard/libc_nano.a(lib_a-exit.o) (_global_impure_ptr)
/home/wonjh/st/stm32cubeide_1.6.1/plugins/com.st.stm32cube.ide.mcu.externaltools.gnu-tools-for-stm32.10.3-2021.10.linux64_1.0.0.202111181127/tools/bin/../lib/gcc/arm-none-eabi/10.3.1/../../../../arm-none-eabi/lib/thumb/v7e-m+dp/hard/libc_nano.a(lib_a-init.o)
                              /home/wonjh/st/stm32cubeide_1.6.1/plugins/com.st.stm32cube.ide.mcu.externaltools.gnu-tools-for-stm32.10.3-2021.10.linux64_1.0.0.202111181127/tools/bin/../lib/gcc/arm-none-eabi/10.3.1/../../../../arm-none-eabi/lib/thumb/v7e-m+dp/hard/crt0.o (__libc_init_array)
/home/wonjh/st/stm32cubeide_1.6.1/plugins/com.st.stm32cube.ide.mcu.externaltools.gnu-tools-for-stm32.10.3-2021.10.linux64_1.0.0.202111181127/tools/bin/../lib/gcc/arm-none-eabi/10.3.1/../../../../arm-none-eabi/lib/thumb/v7e-m+dp/hard/libc_nano.a(lib_a-malloc.o)
                              ./Core/pif/source/core/pif_ring_buffer.o (malloc)
/home/wonjh/st/stm32cubeide_1.6.1/plugins/com.st.stm32cube.ide.mcu.externaltools.gnu-tools-for-stm32.10.3-2021.10.linux64_1.0.0.202111181127/tools/bin/../lib/gcc/arm-none-eabi/10.3.1/../../../../arm-none-eabi/lib/thumb/v7e-m+dp/hard/libc_nano.a(lib_a-memset.o)
                              /home/wonjh/st/stm32cubeide_1.6.1/plugins/com.st.stm32cube.ide.mcu.externaltools.gnu-tools-for-stm32.10.3-2021.10.linux64_1.0.0.202111181127/tools/bin/../lib/gcc/arm-none-eabi/10.3.1/../../../../arm-none-eabi/lib/thumb/v7e-m+dp/hard/crt0.o (memset)
/home/wonjh/st/stm32cubeide_1.6.1/plugins/com.st.stm32cube.ide.mcu.externaltools.gnu-tools-for-stm32.10.3-2021.10.linux64_1.0.0.202111181127/tools/bin/../lib/gcc/arm-none-eabi/10.3.1/../../../../arm-none-eabi/lib/thumb/v7e-m+dp/hard/libc_nano.a(lib_a-nano-callocr.o)
                              /home/wonjh/st/stm32cubeide_1.6.1/plugins/com.st.stm32cube.ide.mcu.externaltools.gnu-tools-for-stm32.10.3-2021.10.linux64_1.0.0.202111181127/tools/bin/../lib/gcc/arm-none-eabi/10.3.1/../../../../arm-none-eabi/lib/thumb/v7e-m+dp/hard/libc_nano.a(lib_a-calloc.o) (_calloc_r)
/home/wonjh/st/stm32cubeide_1.6.1/plugins/com.st.stm32cube.ide.mcu.externaltools.gnu-tools-for-stm32.10.3-2021.10.linux64_1.0.0.202111181127/tools/bin/../lib/gcc/arm-none-eabi/10.3.1/../../../../arm-none-eabi/lib/thumb/v7e-m+dp/hard/libc_nano.a(lib_a-nano-freer.o)
                              /home/wonjh/st/stm32cubeide_1.6.1/plugins/com.st.stm32cube.ide.mcu.externaltools.gnu-tools-for-stm32.10.3-2021.10.linux64_1.0.0.202111181127/tools/bin/../lib/gcc/arm-none-eabi/10.3.1/../../../../arm-none-eabi/lib/thumb/v7e-m+dp/hard/libc_nano.a(lib_a-malloc.o) (_free_r)
/home/wonjh/st/stm32cubeide_1.6.1/plugins/com.st.stm32cube.ide.mcu.externaltools.gnu-tools-for-stm32.10.3-2021.10.linux64_1.0.0.202111181127/tools/bin/../lib/gcc/arm-none-eabi/10.3.1/../../../../arm-none-eabi/lib/thumb/v7e-m+dp/hard/libc_nano.a(lib_a-nano-mallocr.o)
                              /home/wonjh/st/stm32cubeide_1.6.1/plugins/com.st.stm32cube.ide.mcu.externaltools.gnu-tools-for-stm32.10.3-2021.10.linux64_1.0.0.202111181127/tools/bin/../lib/gcc/arm-none-eabi/10.3.1/../../../../arm-none-eabi/lib/thumb/v7e-m+dp/hard/libc_nano.a(lib_a-malloc.o) (_malloc_r)
[...]
Memory Configuration

Name             Origin             Length             Attributes
RAM              0x0000000020000000 0x0000000000080000 xrw
FLASH            0x0000000008000000 0x0000000000200000 xr
*default*        0x0000000000000000 0xffffffffffffffff

Linker script and memory map

LOAD /home/wonjh/st/stm32cubeide_1.6.1/plugins/com.st.stm32cube.ide.mcu.externaltools.gnu-tools-for-stm32.10.3-2021.10.linux64_1.0.0.202111181127/tools/bin/../lib/gcc/arm-none-eabi/10.3.1/thumb/v7e-m+dp/hard/crti.o
LOAD /home/wonjh/st/stm32cubeide_1.6.1/plugins/com.st.stm32cube.ide.mcu.externaltools.gnu-tools-for-stm32.10.3-2021.10.linux64_1.0.0.202111181127/tools/bin/../lib/gcc/arm-none-eabi/10.3.1/thumb/v7e-m+dp/hard/crtbegin.o
LOAD /home/wonjh/st/stm32cubeide_1.6.1/plugins/com.st.stm32cube.ide.mcu.externaltools.gnu-tools-for-stm32.10.3-2021.10.linux64_1.0.0.202111181127/tools/bin/../lib/gcc/arm-none-eabi/10.3.1/../../../../arm-none-eabi/lib/thumb/v7e-m+dp/hard/crt0.o
LOAD ./Core/Src/appMain.o
LOAD ./Core/Src/main.o
LOAD ./Core/Src/stm32f7xx_hal_msp.o
LOAD ./Core/Src/stm32f7xx_it.o
LOAD ./Core/Src/syscalls.o
LOAD ./Core/Src/sysmem.o
LOAD ./Core/Src/system_stm32f7xx.o
LOAD ./Core/Startup/startup_stm32f767zitx.o
LOAD ./Core/pif/source/core/pif.o
LOAD ./Core/pif/source/core/pif_comm.o
LOAD ./Core/pif/source/core/pif_i2c.o
LOAD ./Core/pif/source/core/pif_list.o
LOAD ./Core/pif/source/core/pif_log.o
LOAD ./Core/pif/source/core/pif_ring_buffer.o
LOAD ./Core/pif/source/core/pif_task.o
LOAD ./Core/pif/source/core/pif_timer.o
LOAD ./Core/pif/source/display/pif_led.o
LOAD ./Core/pif/source/sensor/pif_ads1x1x.o
LOAD ./Drivers/STM32F7xx_HAL_Driver/Src/stm32f7xx_hal.o
LOAD ./Drivers/STM32F7xx_HAL_Driver/Src/stm32f7xx_hal_cortex.o
LOAD ./Drivers/STM32F7xx_HAL_Driver/Src/stm32f7xx_hal_dma.o
LOAD ./Drivers/STM32F7xx_HAL_Driver/Src/stm32f7xx_hal_dma_ex.o
LOAD ./Drivers/STM32F7xx_HAL_Driver/Src/stm32f7xx_hal_exti.o
LOAD ./Drivers/STM32F7xx_HAL_Driver/Src/stm32f7xx_hal_flash.o
LOAD ./Drivers/STM32F7xx_HAL_Driver/Src/stm32f7xx_hal_flash_ex.o
LOAD ./Drivers/STM32F7xx_HAL_Driver/Src/stm32f7xx_hal_gpio.o
LOAD ./Drivers/STM32F7xx_HAL_Driver/Src/stm32f7xx_hal_i2c.o
LOAD ./Drivers/STM32F7xx_HAL_Driver/Src/stm32f7xx_hal_i2c_ex.o
LOAD ./Drivers/STM32F7xx_HAL_Driver/Src/stm32f7xx_hal_pcd.o
LOAD ./Drivers/STM32F7xx_HAL_Driver/Src/stm32f7xx_hal_pcd_ex.o
LOAD ./Drivers/STM32F7xx_HAL_Driver/Src/stm32f7xx_hal_pwr.o
LOAD ./Drivers/STM32F7xx_HAL_Driver/Src/stm32f7xx_hal_pwr_ex.o
LOAD ./Drivers/STM32F7xx_HAL_Driver/Src/stm32f7xx_hal_rcc.o
LOAD ./Drivers/STM32F7xx_HAL_Driver/Src/stm32f7xx_hal_rcc_ex.o
LOAD ./Drivers/STM32F7xx_HAL_Driver/Src/stm32f7xx_hal_tim.o
LOAD ./Drivers/STM32F7xx_HAL_Driver/Src/stm32f7xx_hal_tim_ex.o
LOAD ./Drivers/STM32F7xx_HAL_Driver/Src/stm32f7xx_hal_uart.o
LOAD ./Drivers/STM32F7xx_HAL_Driver/Src/stm32f7xx_hal_uart_ex.o
LOAD ./Drivers/STM32F7xx_HAL_Driver/Src/stm32f7xx_ll_usb.o
START GROUP
LOAD /home/wonjh/st/stm32cubeide_1.6.1/plugins/com.st.stm32cube.ide.mcu.externaltools.gnu-tools-for-stm32.10.3-2021.10.linux64_1.0.0.202111181127/tools/bin/../lib/gcc/arm-none-eabi/10.3.1/../../../../arm-none-eabi/lib/thumb/v7e-m+dp/hard/libc_nano.a
LOAD /home/wonjh/st/stm32cubeide_1.6.1/plugins/com.st.stm32cube.ide.mcu.externaltools.gnu-tools-for-stm32.10.3-2021.10.linux64_1.0.0.202111181127/tools/bin/../lib/gcc/arm-none-eabi/10.3.1/../../../../arm-none-eabi/lib/thumb/v7e-m+dp/hard/libm.a
END GROUP
START GROUP
LOAD /home/wonjh/st/stm32cubeide_1.6.1/plugins/com.st.stm32cube.ide.mcu.externaltools.gnu-tools-for-stm32.10.3-2021.10.linux64_1.0.0.202111181127/tools/bin/../lib/gcc/arm-none-eabi/10.3.1/thumb/v7e-m+dp/hard/libgcc.a
LOAD /home/wonjh/st/stm32cubeide_1.6.1/plugins/com.st.stm32cube.ide.mcu.externaltools.gnu-tools-for-stm32.10.3-2021.10.linux64_1.0.0.202111181127/tools/bin/../lib/gcc/arm-none-eabi/10.3.1/../../../../arm-none-eabi/lib/thumb/v7e-m+dp/hard/libc_nano.a
END GROUP
START GROUP
LOAD /home/wonjh/st/stm32cubeide_1.6.1/plugins/com.st.stm32cube.ide.mcu.externaltools.gnu-tools-for-stm32.10.3-2021.10.linux64_1.0.0.202111181127/tools/bin/../lib/gcc/arm-none-eabi/10.3.1/thumb/v7e-m+dp/hard/libgcc.a
LOAD /home/wonjh/st/stm32cubeide_1.6.1/plugins/com.st.stm32cube.ide.mcu.externaltools.gnu-tools-for-stm32.10.3-2021.10.linux64_1.0.0.202111181127/tools/bin/../lib/gcc/arm-none-eabi/10.3.1/../../../../arm-none-eabi/lib/thumb/v7e-m+dp/hard/libc_nano.a
LOAD /home/wonjh/st/stm32cubeide_1.6.1/plugins/com.st.stm32cube.ide.mcu.externaltools.gnu-tools-for-stm32.10.3-2021.10.linux64_1.0.0.202111181127/tools/bin/../lib/gcc/arm-none-eabi/10.3.1/../../../../arm-none-eabi/lib/thumb/v7e-m+dp/hard/libnosys.a
END GROUP
START GROUP
LOAD /home/wonjh/st/stm32cubeide_1.6.1/plugins/com.st.stm32cube.ide.mcu.externaltools.gnu-tools-for-stm32.10.3-2021.10.linux64_1.0.0.202111181127/tools/bin/../lib/gcc/arm-none-eabi/10.3.1/thumb/v7e-m+dp/hard/libgcc.a
LOAD /home/wonjh/st/stm32cubeide_1.6.1/plugins/com.st.stm32cube.ide.mcu.externaltools.gnu-tools-for-stm32.10.3-2021.10.linux64_1.0.0.202111181127/tools/bin/../lib/gcc/arm-none-eabi/10.3.1/../../../../arm-none-eabi/lib/thumb/v7e-m+dp/hard/libc_nano.a
LOAD /home/wonjh/st/stm32cubeide_1.6.1/plugins/com.st.stm32cube.ide.mcu.externaltools.gnu-tools-for-stm32.10.3-2021.10.linux64_1.0.0.202111181127/tools/bin/../lib/gcc/arm-none-eabi/10.3.1/../../../../arm-none-eabi/lib/thumb/v7e-m+dp/hard/libnosys.a
END GROUP
LOAD /home/wonjh/st/stm32cubeide_1.6.1/plugins/com.st.stm32cube.ide.mcu.externaltools.gnu-tools-for-stm32.10.3-2021.10.linux64_1.0.0.202111181127/tools/bin/../lib/gcc/arm-none-eabi/10.3.1/thumb/v7e-m+dp/hard/crtend.o
LOAD /home/wonjh/st/stm32cubeide_1.6.1/plugins/com.st.stm32cube.ide.mcu.externaltools.gnu-tools-for-stm32.10.3-2021.10.linux64_1.0.0.202111181127/tools/bin/../lib/gcc/arm-none-eabi/10.3.1/thumb/v7e-m+dp/hard/crtn.o
                0x0000000020080000                _estack = (ORIGIN (RAM) + LENGTH (RAM))
                0x0000000000000200                _Min_Heap_Size = 0x200
                0x0000000000000400                _Min_Stack_Size = 0x400

.isr_vector     0x0000000008000000      0x1f8
                0x0000000008000000                . = ALIGN (0x4)
 *(.isr_vector)
 .isr_vector    0x0000000008000000      0x1f8 ./Core/Startup/startup_stm32f767zitx.o
                0x0000000008000000                g_pfnVectors
                0x00000000080001f8                . = ALIGN (0x4)

.text           0x00000000080001f8     0x58a8
                0x00000000080001f8                . = ALIGN (0x4)
 *(.text)
 .text          0x00000000080001f8       0x40 /home/wonjh/st/stm32cubeide_1.6.1/plugins/com.st.stm32cube.ide.mcu.externaltools.gnu-tools-for-stm32.10.3-2021.10.linux64_1.0.0.202111181127/tools/bin/../lib/gcc/arm-none-eabi/10.3.1/thumb/v7e-m+dp/hard/crtbegin.o
 .text          0x0000000008000238       0x10 /home/wonjh/st/stm32cubeide_1.6.1/plugins/com.st.stm32cube.ide.mcu.externaltools.gnu-tools-for-stm32.10.3-2021.10.linux64_1.0.0.202111181127/tools/bin/../lib/gcc/arm-none-eabi/10.3.1/../../../../arm-none-eabi/lib/thumb/v7e-m+dp/hard/libc_nano.a(lib_a-strlen.o)
                0x0000000008000238                strlen
 .text          0x0000000008000248       0x30 /home/wonjh/st/stm32cubeide_1.6.1/plugins/com.st.stm32cube.ide.mcu.externaltools.gnu-tools-for-stm32.10.3-2021.10.linux64_1.0.0.202111181127/tools/bin/../lib/gcc/arm-none-eabi/10.3.1/thumb/v7e-m+dp/hard/libgcc.a(_aeabi_uldivmod.o)
                0x0000000008000248                __aeabi_uldivmod
 .text          0x0000000008000278      0x2d0 /home/wonjh/st/stm32cubeide_1.6.1/plugins/com.st.stm32cube.ide.mcu.externaltools.gnu-tools-for-stm32.10.3-2021.10.linux64_1.0.0.202111181127/tools/bin/../lib/gcc/arm-none-eabi/10.3.1/thumb/v7e-m+dp/hard/libgcc.a(_udivmoddi4.o)
                0x0000000008000278                __udivmoddi4
 .text          0x0000000008000548        0x4 /home/wonjh/st/stm32cubeide_1.6.1/plugins/com.st.stm32cube.ide.mcu.externaltools.gnu-tools-for-stm32.10.3-2021.10.linux64_1.0.0.202111181127/tools/bin/../lib/gcc/arm-none-eabi/10.3.1/thumb/v7e-m+dp/hard/libgcc.a(_dvmd_tls.o)
                0x0000000008000548                __aeabi_ldiv0
                0x0000000008000548                __aeabi_idiv0
 *(.text*)
 .text._taskAds1115
                0x000000000800054c       0x4c ./Core/Src/appMain.o
                0x000000000800054c                _taskAds1115
 .text.appSetup
                0x0000000008000598      0x158 ./Core/Src/appMain.o
                0x0000000008000598                appSetup
 .text.actLogStartTransfer
                0x00000000080006f0       0x30 ./Core/Src/main.o
                0x00000000080006f0                actLogStartTransfer
 .text.HAL_UART_TxCpltCallback
                0x0000000008000720       0x54 ./Core/Src/main.o
                0x0000000008000720                HAL_UART_TxCpltCallback
 .text.actLedLState
                0x0000000008000774       0x10 ./Core/Src/main.o
                0x0000000008000774                actLedLState
 .text.actI2cRead
                0x0000000008000784       0x3c ./Core/Src/main.o
                0x0000000008000784                actI2cRead
 .text.actI2cWrite
                0x00000000080007c0       0x38 ./Core/Src/main.o
                0x00000000080007c0                actI2cWrite
 .text.HAL_I2C_MemTxCpltCallback
                0x00000000080007f8       0x1c ./Core/Src/main.o
                0x00000000080007f8                HAL_I2C_MemTxCpltCallback
 .text.HAL_I2C_MemRxCpltCallback
                0x0000000008000814        0x4 ./Core/Src/main.o
                0x0000000008000814                HAL_I2C_MemRxCpltCallback
 .text.SystemClock_Config
                0x0000000008000818       0xac ./Core/Src/main.o
                0x0000000008000818                SystemClock_Config
 .text.startup.main
                0x00000000080008c4      0x240 ./Core/Src/main.o
                0x00000000080008c4                main
 .text.Error_Handler
                0x0000000008000b04        0x4 ./Core/Src/main.o
                0x0000000008000b04                Error_Handler
 .text.HAL_MspInit
                0x0000000008000b08       0x30 ./Core/Src/stm32f7xx_hal_msp.o
                0x0000000008000b08                HAL_MspInit
 .text.HAL_I2C_MspInit
                0x0000000008000b38      0x120 ./Core/Src/stm32f7xx_hal_msp.o
                0x0000000008000b38                HAL_I2C_MspInit
 .text.HAL_UART_MspInit
                0x0000000008000c58       0x98 ./Core/Src/stm32f7xx_hal_msp.o
                0x0000000008000c58                HAL_UART_MspInit
 .text.HAL_PCD_MspInit
                0x0000000008000cf0       0xa8 ./Core/Src/stm32f7xx_hal_msp.o
                0x0000000008000cf0                HAL_PCD_MspInit
 .text.NMI_Handler
                0x0000000008000d98        0x2 ./Core/Src/stm32f7xx_it.o
                0x0000000008000d98                NMI_Handler
 .text.HardFault_Handler
                0x0000000008000d9a        0x2 ./Core/Src/stm32f7xx_it.o
                0x0000000008000d9a                HardFault_Handler
 .text.MemManage_Handler
                0x0000000008000d9c        0x2 ./Core/Src/stm32f7xx_it.o
                0x0000000008000d9c                MemManage_Handler
 .text.BusFault_Handler
                0x0000000008000d9e        0x2 ./Core/Src/stm32f7xx_it.o
                0x0000000008000d9e                BusFault_Handler
 .text.UsageFault_Handler
                0x0000000008000da0        0x2 ./Core/Src/stm32f7xx_it.o
                0x0000000008000da0                UsageFault_Handler
 .text.SVC_Handler
                0x0000000008000da2        0x2 ./Core/Src/stm32f7xx_it.o
                0x0000000008000da2                SVC_Handler
 .text.DebugMon_Handler
                0x0000000008000da4        0x2 ./Core/Src/stm32f7xx_it.o
                0x0000000008000da4                DebugMon_Handler
 .text.PendSV_Handler
                0x0000000008000da6        0x2 ./Core/Src/stm32f7xx_it.o
                0x0000000008000da6                PendSV_Handler
 .text.SysTick_Handler
                0x0000000008000da8       0x34 ./Core/Src/stm32f7xx_it.o
                0x0000000008000da8                SysTick_Handler
 .text.DMA1_Stream0_IRQHandler
                0x0000000008000ddc        0xc ./Core/Src/stm32f7xx_it.o
                0x0000000008000ddc                DMA1_Stream0_IRQHandler
 .text.DMA1_Stream6_IRQHandler
                0x0000000008000de8        0xc ./Core/Src/stm32f7xx_it.o
                0x0000000008000de8                DMA1_Stream6_IRQHandler
 .text.I2C1_EV_IRQHandler
                0x0000000008000df4        0xc ./Core/Src/stm32f7xx_it.o
                0x0000000008000df4                I2C1_EV_IRQHandler
 .text.I2C1_ER_IRQHandler
                0x0000000008000e00        0xc ./Core/Src/stm32f7xx_it.o
                0x0000000008000e00                I2C1_ER_IRQHandler
 .text.USART3_IRQHandler
                0x0000000008000e0c        0xc ./Core/Src/stm32f7xx_it.o
                0x0000000008000e0c                USART3_IRQHandler
 .text._sbrk    0x0000000008000e18       0x40 ./Core/Src/sysmem.o
                0x0000000008000e18                _sbrk
 .text.SystemInit
                0x0000000008000e58       0x14 ./Core/Src/system_stm32f7xx.o
                0x0000000008000e58                SystemInit
 .text.Reset_Handler
                0x0000000008000e6c       0x50 ./Core/Startup/startup_stm32f767zitx.o
                0x0000000008000e6c                Reset_Handler
 .text.Default_Handler
                0x0000000008000ebc        0x2 ./Core/Startup/startup_stm32f767zitx.o
                0x0000000008000ebc                RTC_Alarm_IRQHandler
                0x0000000008000ebc                EXTI2_IRQHandler
                0x0000000008000ebc                TIM8_CC_IRQHandler
                0x0000000008000ebc                UART8_IRQHandler
                0x0000000008000ebc                SPI4_IRQHandler
                0x0000000008000ebc                TIM1_CC_IRQHandler
                0x0000000008000ebc                DMA2_Stream5_IRQHandler
                0x0000000008000ebc                JPEG_IRQHandler
                0x0000000008000ebc                DMA1_Stream5_IRQHandler
                0x0000000008000ebc                CAN3_RX1_IRQHandler
                0x0000000008000ebc                PVD_IRQHandler
                0x0000000008000ebc                TAMP_STAMP_IRQHandler
                0x0000000008000ebc                CAN2_RX1_IRQHandler
                0x0000000008000ebc                EXTI3_IRQHandler
                0x0000000008000ebc                TIM8_TRG_COM_TIM14_IRQHandler
                0x0000000008000ebc                DFSDM1_FLT1_IRQHandler
                0x0000000008000ebc                TIM1_UP_TIM10_IRQHandler
                0x0000000008000ebc                TIM8_UP_TIM13_IRQHandler
                0x0000000008000ebc                I2C3_ER_IRQHandler
                0x0000000008000ebc                DFSDM1_FLT2_IRQHandler
                0x0000000008000ebc                EXTI0_IRQHandler
                0x0000000008000ebc                I2C2_EV_IRQHandler
                0x0000000008000ebc                DMA1_Stream2_IRQHandler
                0x0000000008000ebc                CAN1_RX0_IRQHandler
                0x0000000008000ebc                FPU_IRQHandler
                0x0000000008000ebc                OTG_HS_WKUP_IRQHandler
                0x0000000008000ebc                CAN3_SCE_IRQHandler
                0x0000000008000ebc                LTDC_ER_IRQHandler
                0x0000000008000ebc                CAN2_SCE_IRQHandler
                0x0000000008000ebc                DMA2_Stream2_IRQHandler
                0x0000000008000ebc                SPI1_IRQHandler
                0x0000000008000ebc                TIM6_DAC_IRQHandler
                0x0000000008000ebc                TIM1_BRK_TIM9_IRQHandler
                0x0000000008000ebc                DCMI_IRQHandler
                0x0000000008000ebc                CAN2_RX0_IRQHandler
                0x0000000008000ebc                DMA2_Stream3_IRQHandler
                0x0000000008000ebc                SAI2_IRQHandler
                0x0000000008000ebc                DFSDM1_FLT3_IRQHandler
                0x0000000008000ebc                USART6_IRQHandler
                0x0000000008000ebc                CAN3_RX0_IRQHandler
                0x0000000008000ebc                CAN1_RX1_IRQHandler
                0x0000000008000ebc                UART5_IRQHandler
                0x0000000008000ebc                DMA2_Stream0_IRQHandler
                0x0000000008000ebc                TIM4_IRQHandler
                0x0000000008000ebc                QUADSPI_IRQHandler
                0x0000000008000ebc                DMA1_Stream1_IRQHandler
                0x0000000008000ebc                UART4_IRQHandler
                0x0000000008000ebc                TIM3_IRQHandler
                0x0000000008000ebc                RCC_IRQHandler
                0x0000000008000ebc                TIM8_BRK_TIM12_IRQHandler
                0x0000000008000ebc                Default_Handler
                0x0000000008000ebc                CEC_IRQHandler
                0x0000000008000ebc                EXTI15_10_IRQHandler
                0x0000000008000ebc                ADC_IRQHandler
                0x0000000008000ebc                DMA1_Stream7_IRQHandler
                0x0000000008000ebc                SPI5_IRQHandler
                0x0000000008000ebc                TIM7_IRQHandler
                0x0000000008000ebc                SDMMC1_IRQHandler
                0x0000000008000ebc                CAN2_TX_IRQHandler
                0x0000000008000ebc                TIM5_IRQHandler
                0x0000000008000ebc                DMA2_Stream7_IRQHandler
                0x0000000008000ebc                I2C3_EV_IRQHandler
                0x0000000008000ebc                EXTI9_5_IRQHandler
                0x0000000008000ebc                RTC_WKUP_IRQHandler
                0x0000000008000ebc                LTDC_IRQHandler
                0x0000000008000ebc                ETH_WKUP_IRQHandler
                0x0000000008000ebc                SPDIF_RX_IRQHandler
                0x0000000008000ebc                SPI2_IRQHandler
                0x0000000008000ebc                OTG_HS_EP1_IN_IRQHandler
                0x0000000008000ebc                CAN1_TX_IRQHandler
                0x0000000008000ebc                EXTI4_IRQHandler
                0x0000000008000ebc                RNG_IRQHandler
                0x0000000008000ebc                ETH_IRQHandler
                0x0000000008000ebc                OTG_HS_EP1_OUT_IRQHandler
                0x0000000008000ebc                WWDG_IRQHandler
                0x0000000008000ebc                SPI6_IRQHandler
                0x0000000008000ebc                MDIOS_IRQHandler
                0x0000000008000ebc                I2C4_EV_IRQHandler
                0x0000000008000ebc                CAN3_TX_IRQHandler
                0x0000000008000ebc                TIM2_IRQHandler
                0x0000000008000ebc                OTG_FS_WKUP_IRQHandler
                0x0000000008000ebc                TIM1_TRG_COM_TIM11_IRQHandler
                0x0000000008000ebc                OTG_HS_IRQHandler
                0x0000000008000ebc                DMA2D_IRQHandler
                0x0000000008000ebc                EXTI1_IRQHandler
                0x0000000008000ebc                SDMMC2_IRQHandler
                0x0000000008000ebc                UART7_IRQHandler
                0x0000000008000ebc                USART2_IRQHandler
                0x0000000008000ebc                DFSDM1_FLT0_IRQHandler
                0x0000000008000ebc                I2C2_ER_IRQHandler
                0x0000000008000ebc                DMA2_Stream1_IRQHandler
                0x0000000008000ebc                CAN1_SCE_IRQHandler
                0x0000000008000ebc                FLASH_IRQHandler
                0x0000000008000ebc                DMA2_Stream4_IRQHandler
                0x0000000008000ebc                USART1_IRQHandler
                0x0000000008000ebc                OTG_FS_IRQHandler
                0x0000000008000ebc                SPI3_IRQHandler
                0x0000000008000ebc                DMA1_Stream4_IRQHandler
                0x0000000008000ebc                FMC_IRQHandler
                0x0000000008000ebc                LPTIM1_IRQHandler
                0x0000000008000ebc                I2C4_ER_IRQHandler
                0x0000000008000ebc                DMA2_Stream6_IRQHandler
                0x0000000008000ebc                SAI1_IRQHandler
                0x0000000008000ebc                DMA1_Stream3_IRQHandler
 *fill*         0x0000000008000ebe        0x2 
 .text.pif_Init
                0x0000000008000ec0       0x18 ./Core/pif/source/core/pif.o
                0x0000000008000ec0                pif_Init
 .text.pif_sigTimer1ms
                0x0000000008000ed8       0xdc ./Core/pif/source/core/pif.o
                0x0000000008000ed8                pif_sigTimer1ms
 .text.pif_BinToString
                0x0000000008000fb4       0x48 ./Core/pif/source/core/pif.o
                0x0000000008000fb4                pif_BinToString
 .text.pif_DecToString
                0x0000000008000ffc       0x9c ./Core/pif/source/core/pif.o
                0x0000000008000ffc                pif_DecToString
 .text.pif_HexToString
                0x0000000008001098       0x64 ./Core/pif/source/core/pif.o
                0x0000000008001098                pif_HexToString
 .text.pif_FloatToString
                0x00000000080010fc       0x7e ./Core/pif/source/core/pif.o
                0x00000000080010fc                pif_FloatToString
 *fill*         0x000000000800117a        0x2 
 .text.pif_PrintFormat
                0x000000000800117c      0x190 ./Core/pif/source/core/pif.o
                0x000000000800117c                pif_PrintFormat
 .text._actSendData
                0x000000000800130c       0x32 ./Core/pif/source/core/pif_comm.o
 .text._actReceiveData
                0x000000000800133e        0x6 ./Core/pif/source/core/pif_comm.o
 .text._sendData
                0x0000000008001344       0x40 ./Core/pif/source/core/pif_comm.o
 .text._doTask  0x0000000008001384       0x2c ./Core/pif/source/core/pif_comm.o
 .text.pifComm_Init
                0x00000000080013b0       0x30 ./Core/pif/source/core/pif_comm.o
                0x00000000080013b0                pifComm_Init
 .text.pifComm_AllocTxBuffer
                0x00000000080013e0       0x30 ./Core/pif/source/core/pif_comm.o
                0x00000000080013e0                pifComm_AllocTxBuffer
 .text.pifComm_AttachClient
                0x0000000008001410        0x8 ./Core/pif/source/core/pif_comm.o
                0x0000000008001410                pifComm_AttachClient
 .text.pifComm_StartGetTxData
                0x0000000008001418       0x3a ./Core/pif/source/core/pif_comm.o
                0x0000000008001418                pifComm_StartGetTxData
 .text.pifComm_EndGetTxData
                0x0000000008001452       0x18 ./Core/pif/source/core/pif_comm.o
                0x0000000008001452                pifComm_EndGetTxData
 .text.pifComm_FinishTransfer
                0x000000000800146a        0xe ./Core/pif/source/core/pif_comm.o
                0x000000000800146a                pifComm_FinishTransfer
 .text.pifComm_AttachTask
                0x0000000008001478       0x1c ./Core/pif/source/core/pif_comm.o
                0x0000000008001478                pifComm_AttachTask
 .text.pifI2cPort_Clear
                0x0000000008001494        0x8 ./Core/pif/source/core/pif_i2c.o
                0x0000000008001494                pifI2cPort_Clear
 .text.pifI2cPort_Init
                0x000000000800149c       0x58 ./Core/pif/source/core/pif_i2c.o
                0x000000000800149c                pifI2cPort_Init
 .text.pifI2cPort_AddDevice
                0x00000000080014f4       0x24 ./Core/pif/source/core/pif_i2c.o
                0x00000000080014f4                pifI2cPort_AddDevice
 .text.pifI2cPort_RemoveDevice
                0x0000000008001518        0xa ./Core/pif/source/core/pif_i2c.o
                0x0000000008001518                pifI2cPort_RemoveDevice
 *fill*         0x0000000008001522        0x2 
 .text.pifI2cDevice_Read
                0x0000000008001524       0xd0 ./Core/pif/source/core/pif_i2c.o
                0x0000000008001524                pifI2cDevice_Read
 .text.pifI2cDevice_ReadRegWord
                0x00000000080015f4       0x26 ./Core/pif/source/core/pif_i2c.o
                0x00000000080015f4                pifI2cDevice_ReadRegWord
 *fill*         0x000000000800161a        0x2 
 .text.pifI2cDevice_Write
                0x000000000800161c       0xd0 ./Core/pif/source/core/pif_i2c.o
                0x000000000800161c                pifI2cDevice_Write
 .text.pifI2cDevice_WriteRegWord
                0x00000000080016ec       0x24 ./Core/pif/source/core/pif_i2c.o
                0x00000000080016ec                pifI2cDevice_WriteRegWord
 .text.pifI2cPort_sigEndTransfer
                0x0000000008001710       0x14 ./Core/pif/source/core/pif_i2c.o
                0x0000000008001710                pifI2cPort_sigEndTransfer
 .text.pifFixList_Clear
                0x0000000008001724       0x2e ./Core/pif/source/core/pif_list.o
                0x0000000008001724                pifFixList_Clear
 *fill*         0x0000000008001752        0x2 
 .text.pifFixList_Init
                0x0000000008001754       0x7c ./Core/pif/source/core/pif_list.o
                0x0000000008001754                pifFixList_Init
 .text.pifFixList_AddFirst
                0x00000000080017d0       0x2c ./Core/pif/source/core/pif_list.o
                0x00000000080017d0                pifFixList_AddFirst
 .text.pifFixList_Remove
                0x00000000080017fc       0x30 ./Core/pif/source/core/pif_list.o
                0x00000000080017fc                pifFixList_Remove
 .text.pifFixList_Count
                0x000000000800182c        0x4 ./Core/pif/source/core/pif_list.o
                0x000000000800182c                pifFixList_Count
 .text.pifFixList_Begin
                0x0000000008001830        0x4 ./Core/pif/source/core/pif_list.o
                0x0000000008001830                pifFixList_Begin
 .text.pifFixList_Next
                0x0000000008001834        0x6 ./Core/pif/source/core/pif_list.o
                0x0000000008001834                pifFixList_Next
 .text._evtParsing
                0x000000000800183a        0x2 ./Core/pif/source/core/pif_log.o
 .text._printLog
                0x000000000800183c       0x34 ./Core/pif/source/core/pif_log.o
 .text._printTime
                0x0000000008001870       0x74 ./Core/pif/source/core/pif_log.o
 .text._evtSending
                0x00000000080018e4       0x3e ./Core/pif/source/core/pif_log.o
 *fill*         0x0000000008001922        0x2 
 .text.pifLog_Init
                0x0000000008001924       0x1c ./Core/pif/source/core/pif_log.o
                0x0000000008001924                pifLog_Init
 .text.pifLog_Printf
                0x0000000008001940       0xac ./Core/pif/source/core/pif_log.o
                0x0000000008001940                pifLog_Printf
 .text.pifLog_AttachComm
                0x00000000080019ec       0x30 ./Core/pif/source/core/pif_log.o
                0x00000000080019ec                pifLog_AttachComm
 .text.pifRingBuffer_Clear
                0x0000000008001a1c       0x18 ./Core/pif/source/core/pif_ring_buffer.o
                0x0000000008001a1c                pifRingBuffer_Clear
 .text.pifRingBuffer_Destroy.part.0
                0x0000000008001a34       0x16 ./Core/pif/source/core/pif_ring_buffer.o
 *fill*         0x0000000008001a4a        0x2 
 .text.pifRingBuffer_InitHeap
                0x0000000008001a4c       0x54 ./Core/pif/source/core/pif_ring_buffer.o
                0x0000000008001a4c                pifRingBuffer_InitHeap
 .text.pifRingBuffer_CreateHeap
                0x0000000008001aa0       0x3c ./Core/pif/source/core/pif_ring_buffer.o
                0x0000000008001aa0                pifRingBuffer_CreateHeap
 .text.pifRingBuffer_SetName
                0x0000000008001adc        0x4 ./Core/pif/source/core/pif_ring_buffer.o
                0x0000000008001adc                pifRingBuffer_SetName
 .text.pifRingBuffer_GetTailPointer
                0x0000000008001ae0       0x14 ./Core/pif/source/core/pif_ring_buffer.o
                0x0000000008001ae0                pifRingBuffer_GetTailPointer
 .text.pifRingBuffer_IsBuffer
                0x0000000008001af4        0xa ./Core/pif/source/core/pif_ring_buffer.o
                0x0000000008001af4                pifRingBuffer_IsBuffer
 .text.pifRingBuffer_IsEmpty
                0x0000000008001afe        0xc ./Core/pif/source/core/pif_ring_buffer.o
                0x0000000008001afe                pifRingBuffer_IsEmpty
 .text.pifRingBuffer_GetFillSize
                0x0000000008001b0a       0x14 ./Core/pif/source/core/pif_ring_buffer.o
                0x0000000008001b0a                pifRingBuffer_GetFillSize
 .text._chopOff
                0x0000000008001b1e       0x78 ./Core/pif/source/core/pif_ring_buffer.o
 .text.pifRingBuffer_GetLinerSize
                0x0000000008001b96       0x20 ./Core/pif/source/core/pif_ring_buffer.o
                0x0000000008001b96                pifRingBuffer_GetLinerSize
 .text.pifRingBuffer_GetRemainSize
                0x0000000008001bb6       0x16 ./Core/pif/source/core/pif_ring_buffer.o
                0x0000000008001bb6                pifRingBuffer_GetRemainSize
 .text.pifRingBuffer_PutData
                0x0000000008001bcc       0x54 ./Core/pif/source/core/pif_ring_buffer.o
                0x0000000008001bcc                pifRingBuffer_PutData
 .text.pifRingBuffer_PutString
                0x0000000008001c20       0x60 ./Core/pif/source/core/pif_ring_buffer.o
                0x0000000008001c20                pifRingBuffer_PutString
 .text.pifRingBuffer_GetByte
                0x0000000008001c80       0x28 ./Core/pif/source/core/pif_ring_buffer.o
                0x0000000008001c80                pifRingBuffer_GetByte
 .text.pifRingBuffer_Remove
                0x0000000008001ca8       0x24 ./Core/pif/source/core/pif_ring_buffer.o
                0x0000000008001ca8                pifRingBuffer_Remove
 .text._resetTable
                0x0000000008001ccc       0x2c ./Core/pif/source/core/pif_task.o
 .text._processingPeriodUs
                0x0000000008001cf8       0x2c ./Core/pif/source/core/pif_task.o
 .text._processingPeriodMs
                0x0000000008001d24       0x28 ./Core/pif/source/core/pif_task.o
 .text._processingChangeUs
                0x0000000008001d4c       0x30 ./Core/pif/source/core/pif_task.o
 .text._processingChangeMs
                0x0000000008001d7c       0x2c ./Core/pif/source/core/pif_task.o
 .text._checkParam
                0x0000000008001da8       0x54 ./Core/pif/source/core/pif_task.o
 .text._setParam
                0x0000000008001dfc      0x10c ./Core/pif/source/core/pif_task.o
 .text._processingRatio
                0x0000000008001f08       0x48 ./Core/pif/source/core/pif_task.o
 .text._checkLoopTime.constprop.0
                0x0000000008001f50       0x40 ./Core/pif/source/core/pif_task.o
 .text._processingAlways
                0x0000000008001f90       0x2c ./Core/pif/source/core/pif_task.o
 .text.pifTaskManager_Init
                0x0000000008001fbc       0x34 ./Core/pif/source/core/pif_task.o
                0x0000000008001fbc                pifTaskManager_Init
 .text.pifTaskManager_Add
                0x0000000008001ff0       0x64 ./Core/pif/source/core/pif_task.o
                0x0000000008001ff0                pifTaskManager_Add
 .text.pifTaskManager_Remove
                0x0000000008002054       0x20 ./Core/pif/source/core/pif_task.o
                0x0000000008002054                pifTaskManager_Remove
 .text.pifTaskManager_Count
                0x0000000008002074        0xc ./Core/pif/source/core/pif_task.o
                0x0000000008002074                pifTaskManager_Count
 .text.pifTaskManager_Loop
                0x0000000008002080       0x74 ./Core/pif/source/core/pif_task.o
                0x0000000008002080                pifTaskManager_Loop
 .text.pifTaskManager_Yield
                0x00000000080020f4       0x84 ./Core/pif/source/core/pif_task.o
                0x00000000080020f4                pifTaskManager_Yield
 .text.pifTaskManager_YieldMs
                0x0000000008002178       0x1c ./Core/pif/source/core/pif_task.o
                0x0000000008002178                pifTaskManager_YieldMs
 .text.pifTaskManager_YieldUs
                0x0000000008002194       0x40 ./Core/pif/source/core/pif_task.o
                0x0000000008002194                pifTaskManager_YieldUs
 .text._doTask  0x00000000080021d4       0x30 ./Core/pif/source/core/pif_timer.o
 .text.pifTimerManager_Clear
                0x0000000008002204       0x1e ./Core/pif/source/core/pif_timer.o
                0x0000000008002204                pifTimerManager_Clear
 *fill*         0x0000000008002222        0x2 
 .text.pifTimerManager_Init
                0x0000000008002224       0x6c ./Core/pif/source/core/pif_timer.o
                0x0000000008002224                pifTimerManager_Init
 .text.pifTimerManager_Add
                0x0000000008002290       0x14 ./Core/pif/source/core/pif_timer.o
                0x0000000008002290                pifTimerManager_Add
 .text.pifTimerManager_Count
                0x00000000080022a4        0x6 ./Core/pif/source/core/pif_timer.o
                0x00000000080022a4                pifTimerManager_Count
 *fill*         0x00000000080022aa        0x2 
 .text.pifTimer_Start
                0x00000000080022ac       0x2c ./Core/pif/source/core/pif_timer.o
                0x00000000080022ac                pifTimer_Start
 .text.pifTimerManager_sigTick
                0x00000000080022d8       0xa6 ./Core/pif/source/core/pif_timer.o
                0x00000000080022d8                pifTimerManager_sigTick
 .text.pifTimer_AttachEvtFinish
                0x000000000800237e        0x6 ./Core/pif/source/core/pif_timer.o
                0x000000000800237e                pifTimer_AttachEvtFinish
 .text._evtTimerSBlinkFinish
                0x0000000008002384       0x3c ./Core/pif/source/display/pif_led.o
 .text._evtTimerMBlinkFinish
                0x00000000080023c0       0x76 ./Core/pif/source/display/pif_led.o
 *fill*         0x0000000008002436        0x2 
 .text.pifLed_Init
                0x0000000008002438       0x54 ./Core/pif/source/display/pif_led.o
                0x0000000008002438                pifLed_Init
 .text.pifLed_AttachMBlink
                0x000000000800248c       0xb8 ./Core/pif/source/display/pif_led.o
                0x000000000800248c                pifLed_AttachMBlink
 .text.pifLed_AttachSBlink
                0x0000000008002544        0x8 ./Core/pif/source/display/pif_led.o
                0x0000000008002544                pifLed_AttachSBlink
 .text.pifLed_SBlinkOn
                0x000000000800254c        0xa ./Core/pif/source/display/pif_led.o
                0x000000000800254c                pifLed_SBlinkOn
 *fill*         0x0000000008002556        0x2 
 .text._convertVoltage
                0x0000000008002558       0x80 ./Core/pif/source/sensor/pif_ads1x1x.o
 .text._conversionDelay
                0x00000000080025d8       0x50 ./Core/pif/source/sensor/pif_ads1x1x.o
 .text.pifAds1x1x_Clear
                0x0000000008002628       0x14 ./Core/pif/source/sensor/pif_ads1x1x.o
                0x0000000008002628                pifAds1x1x_Clear
 .text.pifAds1x1x_Init
                0x000000000800263c       0xa4 ./Core/pif/source/sensor/pif_ads1x1x.o
                0x000000000800263c                pifAds1x1x_Init
 .text.pifAds1x1x_ReadMux
                0x00000000080026e0       0x64 ./Core/pif/source/sensor/pif_ads1x1x.o
                0x00000000080026e0                pifAds1x1x_ReadMux
 .text.pifAds1x1x_SetConfig
                0x0000000008002744        0xc ./Core/pif/source/sensor/pif_ads1x1x.o
                0x0000000008002744                pifAds1x1x_SetConfig
 .text.pifAds1x1x_SetLoThresh
                0x0000000008002750       0x18 ./Core/pif/source/sensor/pif_ads1x1x.o
                0x0000000008002750                pifAds1x1x_SetLoThresh
 .text.pifAds1x1x_SetLoThreshVoltage
                0x0000000008002768       0x16 ./Core/pif/source/sensor/pif_ads1x1x.o
                0x0000000008002768                pifAds1x1x_SetLoThreshVoltage
 .text.pifAds1x1x_SetHiThresh
                0x000000000800277e       0x18 ./Core/pif/source/sensor/pif_ads1x1x.o
                0x000000000800277e                pifAds1x1x_SetHiThresh
 .text.pifAds1x1x_SetHiThreshVoltage
                0x0000000008002796       0x16 ./Core/pif/source/sensor/pif_ads1x1x.o
                0x0000000008002796                pifAds1x1x_SetHiThreshVoltage
 .text.HAL_InitTick
                0x00000000080027ac       0x48 ./Drivers/STM32F7xx_HAL_Driver/Src/stm32f7xx_hal.o
                0x00000000080027ac                HAL_InitTick
 .text.HAL_Init
                0x00000000080027f4       0x16 ./Drivers/STM32F7xx_HAL_Driver/Src/stm32f7xx_hal.o
                0x00000000080027f4                HAL_Init
 *fill*         0x000000000800280a        0x2 
 .text.HAL_IncTick
                0x000000000800280c       0x18 ./Drivers/STM32F7xx_HAL_Driver/Src/stm32f7xx_hal.o
                0x000000000800280c                HAL_IncTick
 .text.HAL_GetTick
                0x0000000008002824        0xc ./Drivers/STM32F7xx_HAL_Driver/Src/stm32f7xx_hal.o
                0x0000000008002824                HAL_GetTick
 .text.HAL_Delay
                0x0000000008002830       0x24 ./Drivers/STM32F7xx_HAL_Driver/Src/stm32f7xx_hal.o
                0x0000000008002830                HAL_Delay
 .text.HAL_NVIC_SetPriorityGrouping
                0x0000000008002854       0x24 ./Drivers/STM32F7xx_HAL_Driver/Src/stm32f7xx_hal_cortex.o
                0x0000000008002854                HAL_NVIC_SetPriorityGrouping
 .text.HAL_NVIC_SetPriority
                0x0000000008002878       0x64 ./Drivers/STM32F7xx_HAL_Driver/Src/stm32f7xx_hal_cortex.o
                0x0000000008002878                HAL_NVIC_SetPriority
 .text.HAL_NVIC_EnableIRQ
                0x00000000080028dc       0x1c ./Drivers/STM32F7xx_HAL_Driver/Src/stm32f7xx_hal_cortex.o
                0x00000000080028dc                HAL_NVIC_EnableIRQ
 .text.HAL_SYSTICK_Config
                0x00000000080028f8       0x28 ./Drivers/STM32F7xx_HAL_Driver/Src/stm32f7xx_hal_cortex.o
                0x00000000080028f8                HAL_SYSTICK_Config
 .text.DMA_CalcBaseAndBitshift
                0x0000000008002920       0x2c ./Drivers/STM32F7xx_HAL_Driver/Src/stm32f7xx_hal_dma.o
 .text.HAL_DMA_Init
                0x000000000800294c      0x100 ./Drivers/STM32F7xx_HAL_Driver/Src/stm32f7xx_hal_dma.o
                0x000000000800294c                HAL_DMA_Init
 .text.HAL_DMA_Abort
                0x0000000008002a4c       0x88 ./Drivers/STM32F7xx_HAL_Driver/Src/stm32f7xx_hal_dma.o
                0x0000000008002a4c                HAL_DMA_Abort
 .text.HAL_DMA_Abort_IT
                0x0000000008002ad4       0x24 ./Drivers/STM32F7xx_HAL_Driver/Src/stm32f7xx_hal_dma.o
                0x0000000008002ad4                HAL_DMA_Abort_IT
 .text.HAL_DMA_IRQHandler
                0x0000000008002af8      0x17c ./Drivers/STM32F7xx_HAL_Driver/Src/stm32f7xx_hal_dma.o
                0x0000000008002af8                HAL_DMA_IRQHandler
 .text.HAL_DMA_GetState
                0x0000000008002c74        0x6 ./Drivers/STM32F7xx_HAL_Driver/Src/stm32f7xx_hal_dma.o
                0x0000000008002c74                HAL_DMA_GetState
 *fill*         0x0000000008002c7a        0x2 
 .text.HAL_GPIO_Init
                0x0000000008002c7c      0x1c8 ./Drivers/STM32F7xx_HAL_Driver/Src/stm32f7xx_hal_gpio.o
                0x0000000008002c7c                HAL_GPIO_Init
 .text.HAL_GPIO_WritePin
                0x0000000008002e44        0xa ./Drivers/STM32F7xx_HAL_Driver/Src/stm32f7xx_hal_gpio.o
                0x0000000008002e44                HAL_GPIO_WritePin
 .text.I2C_Flush_TXDR
                0x0000000008002e4e       0x1c ./Drivers/STM32F7xx_HAL_Driver/Src/stm32f7xx_hal_i2c.o
 *fill*         0x0000000008002e6a        0x2 
 .text.I2C_TransferConfig
                0x0000000008002e6c       0x2c ./Drivers/STM32F7xx_HAL_Driver/Src/stm32f7xx_hal_i2c.o
 .text.I2C_Enable_IRQ
                0x0000000008002e98       0x68 ./Drivers/STM32F7xx_HAL_Driver/Src/stm32f7xx_hal_i2c.o
 .text.I2C_Disable_IRQ
                0x0000000008002f00       0x42 ./Drivers/STM32F7xx_HAL_Driver/Src/stm32f7xx_hal_i2c.o
 .text.I2C_IsErrorOccurred
                0x0000000008002f42      0x116 ./Drivers/STM32F7xx_HAL_Driver/Src/stm32f7xx_hal_i2c.o
 .text.I2C_WaitOnTXISFlagUntilTimeout
                0x0000000008003058       0x4e ./Drivers/STM32F7xx_HAL_Driver/Src/stm32f7xx_hal_i2c.o
 .text.I2C_WaitOnFlagUntilTimeout
                0x00000000080030a6       0x54 ./Drivers/STM32F7xx_HAL_Driver/Src/stm32f7xx_hal_i2c.o
 *fill*         0x00000000080030fa        0x2 
 .text.I2C_RequestMemoryWrite
                0x00000000080030fc       0x6c ./Drivers/STM32F7xx_HAL_Driver/Src/stm32f7xx_hal_i2c.o
 .text.I2C_RequestMemoryRead
                0x0000000008003168       0x6c ./Drivers/STM32F7xx_HAL_Driver/Src/stm32f7xx_hal_i2c.o
 .text.HAL_I2C_Init
                0x00000000080031d4       0xa2 ./Drivers/STM32F7xx_HAL_Driver/Src/stm32f7xx_hal_i2c.o
                0x00000000080031d4                HAL_I2C_Init
 *fill*         0x0000000008003276        0x2 
 .text.HAL_I2C_Master_Transmit_IT
                0x0000000008003278       0x88 ./Drivers/STM32F7xx_HAL_Driver/Src/stm32f7xx_hal_i2c.o
                0x0000000008003278                HAL_I2C_Master_Transmit_IT
 .text.HAL_I2C_Master_Receive_IT
                0x0000000008003300       0x88 ./Drivers/STM32F7xx_HAL_Driver/Src/stm32f7xx_hal_i2c.o
                0x0000000008003300                HAL_I2C_Master_Receive_IT
 .text.HAL_I2C_Mem_Write_IT
                0x0000000008003388       0xcc ./Drivers/STM32F7xx_HAL_Driver/Src/stm32f7xx_hal_i2c.o
                0x0000000008003388                HAL_I2C_Mem_Write_IT
 .text.HAL_I2C_Mem_Read_IT
                0x0000000008003454       0xd0 ./Drivers/STM32F7xx_HAL_Driver/Src/stm32f7xx_hal_i2c.o
                0x0000000008003454                HAL_I2C_Mem_Read_IT
 .text.HAL_I2C_EV_IRQHandler
                0x0000000008003524        0xe ./Drivers/STM32F7xx_HAL_Driver/Src/stm32f7xx_hal_i2c.o
                0x0000000008003524                HAL_I2C_EV_IRQHandler
 .text.HAL_I2C_MasterTxCpltCallback
                0x0000000008003532        0x2 ./Drivers/STM32F7xx_HAL_Driver/Src/stm32f7xx_hal_i2c.o
                0x0000000008003532                HAL_I2C_MasterTxCpltCallback
 .text.HAL_I2C_MasterRxCpltCallback
                0x0000000008003534        0x2 ./Drivers/STM32F7xx_HAL_Driver/Src/stm32f7xx_hal_i2c.o
                0x0000000008003534                HAL_I2C_MasterRxCpltCallback
 .text.I2C_ITMasterSeqCplt
                0x0000000008003536       0x44 ./Drivers/STM32F7xx_HAL_Driver/Src/stm32f7xx_hal_i2c.o
 .text.HAL_I2C_SlaveTxCpltCallback
                0x000000000800357a        0x2 ./Drivers/STM32F7xx_HAL_Driver/Src/stm32f7xx_hal_i2c.o
                0x000000000800357a                HAL_I2C_SlaveTxCpltCallback
 .text.HAL_I2C_SlaveRxCpltCallback
                0x000000000800357c        0x2 ./Drivers/STM32F7xx_HAL_Driver/Src/stm32f7xx_hal_i2c.o
                0x000000000800357c                HAL_I2C_SlaveRxCpltCallback
 .text.I2C_ITSlaveSeqCplt
                0x000000000800357e       0x6c ./Drivers/STM32F7xx_HAL_Driver/Src/stm32f7xx_hal_i2c.o
 .text.HAL_I2C_AddrCallback
                0x00000000080035ea        0x2 ./Drivers/STM32F7xx_HAL_Driver/Src/stm32f7xx_hal_i2c.o
                0x00000000080035ea                HAL_I2C_AddrCallback
 .text.I2C_ITAddrCplt.constprop.0
                0x00000000080035ec       0x88 ./Drivers/STM32F7xx_HAL_Driver/Src/stm32f7xx_hal_i2c.o
 .text.HAL_I2C_ListenCpltCallback
                0x0000000008003674        0x2 ./Drivers/STM32F7xx_HAL_Driver/Src/stm32f7xx_hal_i2c.o
                0x0000000008003674                HAL_I2C_ListenCpltCallback
 *fill*         0x0000000008003676        0x2 
 .text.I2C_ITListenCplt
                0x0000000008003678       0x60 ./Drivers/STM32F7xx_HAL_Driver/Src/stm32f7xx_hal_i2c.o
 .text.HAL_I2C_ErrorCallback
                0x00000000080036d8        0x2 ./Drivers/STM32F7xx_HAL_Driver/Src/stm32f7xx_hal_i2c.o
                0x00000000080036d8                HAL_I2C_ErrorCallback
 .text.HAL_I2C_AbortCpltCallback
                0x00000000080036da        0x2 ./Drivers/STM32F7xx_HAL_Driver/Src/stm32f7xx_hal_i2c.o
                0x00000000080036da                HAL_I2C_AbortCpltCallback
 .text.I2C_TreatErrorCallback
                0x00000000080036dc       0x2c ./Drivers/STM32F7xx_HAL_Driver/Src/stm32f7xx_hal_i2c.o
 .text.I2C_ITError
                0x0000000008003708       0xe4 ./Drivers/STM32F7xx_HAL_Driver/Src/stm32f7xx_hal_i2c.o
 .text.I2C_ITSlaveCplt
                0x00000000080037ec      0x128 ./Drivers/STM32F7xx_HAL_Driver/Src/stm32f7xx_hal_i2c.o
 .text.I2C_Slave_ISR_IT
                0x0000000008003914      0x112 ./Drivers/STM32F7xx_HAL_Driver/Src/stm32f7xx_hal_i2c.o
 .text.I2C_ITMasterCplt
                0x0000000008003a26       0xf0 ./Drivers/STM32F7xx_HAL_Driver/Src/stm32f7xx_hal_i2c.o
 .text.I2C_Master_ISR_IT
                0x0000000008003b16      0x122 ./Drivers/STM32F7xx_HAL_Driver/Src/stm32f7xx_hal_i2c.o
 .text.I2C_Slave_ISR_DMA
                0x0000000008003c38       0xf0 ./Drivers/STM32F7xx_HAL_Driver/Src/stm32f7xx_hal_i2c.o
 .text.I2C_Master_ISR_DMA
                0x0000000008003d28      0x106 ./Drivers/STM32F7xx_HAL_Driver/Src/stm32f7xx_hal_i2c.o
 .text.HAL_I2C_ER_IRQHandler
                0x0000000008003e2e       0x60 ./Drivers/STM32F7xx_HAL_Driver/Src/stm32f7xx_hal_i2c.o
                0x0000000008003e2e                HAL_I2C_ER_IRQHandler
 .text.I2C_DMAAbort
                0x0000000008003e8e       0x16 ./Drivers/STM32F7xx_HAL_Driver/Src/stm32f7xx_hal_i2c.o
 .text.HAL_I2CEx_ConfigAnalogFilter
                0x0000000008003ea4       0x4c ./Drivers/STM32F7xx_HAL_Driver/Src/stm32f7xx_hal_i2c_ex.o
                0x0000000008003ea4                HAL_I2CEx_ConfigAnalogFilter
 .text.HAL_I2CEx_ConfigDigitalFilter
                0x0000000008003ef0       0x4a ./Drivers/STM32F7xx_HAL_Driver/Src/stm32f7xx_hal_i2c_ex.o
                0x0000000008003ef0                HAL_I2CEx_ConfigDigitalFilter
 .text.HAL_PCD_Init
                0x0000000008003f3a      0x112 ./Drivers/STM32F7xx_HAL_Driver/Src/stm32f7xx_hal_pcd.o
                0x0000000008003f3a                HAL_PCD_Init
 .text.HAL_PCDEx_ActivateLPM
                0x000000000800404c       0x26 ./Drivers/STM32F7xx_HAL_Driver/Src/stm32f7xx_hal_pcd_ex.o
                0x000000000800404c                HAL_PCDEx_ActivateLPM
 *fill*         0x0000000008004072        0x2 
 .text.HAL_PWR_EnableBkUpAccess
                0x0000000008004074       0x10 ./Drivers/STM32F7xx_HAL_Driver/Src/stm32f7xx_hal_pwr.o
                0x0000000008004074                HAL_PWR_EnableBkUpAccess
 .text.HAL_PWREx_EnableOverDrive
                0x0000000008004084       0x70 ./Drivers/STM32F7xx_HAL_Driver/Src/stm32f7xx_hal_pwr_ex.o
                0x0000000008004084                HAL_PWREx_EnableOverDrive
 .text.HAL_RCC_OscConfig
                0x00000000080040f4      0x38c ./Drivers/STM32F7xx_HAL_Driver/Src/stm32f7xx_hal_rcc.o
                0x00000000080040f4                HAL_RCC_OscConfig
 .text.HAL_RCC_GetSysClockFreq
                0x0000000008004480       0x5c ./Drivers/STM32F7xx_HAL_Driver/Src/stm32f7xx_hal_rcc.o
                0x0000000008004480                HAL_RCC_GetSysClockFreq
 .text.HAL_RCC_ClockConfig
                0x00000000080044dc      0x140 ./Drivers/STM32F7xx_HAL_Driver/Src/stm32f7xx_hal_rcc.o
                0x00000000080044dc                HAL_RCC_ClockConfig
 .text.HAL_RCC_GetPCLK1Freq
                0x000000000800461c       0x20 ./Drivers/STM32F7xx_HAL_Driver/Src/stm32f7xx_hal_rcc.o
                0x000000000800461c                HAL_RCC_GetPCLK1Freq
 .text.HAL_RCC_GetPCLK2Freq
                0x000000000800463c       0x20 ./Drivers/STM32F7xx_HAL_Driver/Src/stm32f7xx_hal_rcc.o
                0x000000000800463c                HAL_RCC_GetPCLK2Freq
 .text.HAL_RCCEx_PeriphCLKConfig
                0x000000000800465c      0x558 ./Drivers/STM32F7xx_HAL_Driver/Src/stm32f7xx_hal_rcc_ex.o
                0x000000000800465c                HAL_RCCEx_PeriphCLKConfig
 .text.UART_EndRxTransfer
                0x0000000008004bb4       0x4e ./Drivers/STM32F7xx_HAL_Driver/Src/stm32f7xx_hal_uart.o
 .text.UART_TxISR_8BIT.part.0
                0x0000000008004c02       0x26 ./Drivers/STM32F7xx_HAL_Driver/Src/stm32f7xx_hal_uart.o
 .text.UART_TxISR_8BIT
                0x0000000008004c28       0x2e ./Drivers/STM32F7xx_HAL_Driver/Src/stm32f7xx_hal_uart.o
 .text.UART_TxISR_16BIT
                0x0000000008004c56       0x32 ./Drivers/STM32F7xx_HAL_Driver/Src/stm32f7xx_hal_uart.o
 .text.HAL_UART_Transmit_IT
                0x0000000008004c88       0x6c ./Drivers/STM32F7xx_HAL_Driver/Src/stm32f7xx_hal_uart.o
                0x0000000008004c88                HAL_UART_Transmit_IT
 .text.HAL_UART_ErrorCallback
                0x0000000008004cf4        0x2 ./Drivers/STM32F7xx_HAL_Driver/Src/stm32f7xx_hal_uart.o
                0x0000000008004cf4                HAL_UART_ErrorCallback
 .text.UART_DMAAbortOnError
                0x0000000008004cf6       0x14 ./Drivers/STM32F7xx_HAL_Driver/Src/stm32f7xx_hal_uart.o
 .text.HAL_UARTEx_RxEventCallback
                0x0000000008004d0a        0x2 ./Drivers/STM32F7xx_HAL_Driver/Src/stm32f7xx_hal_uart.o
                0x0000000008004d0a                HAL_UARTEx_RxEventCallback
 .text.HAL_UARTEx_WakeupCallback
                0x0000000008004d0c        0x2 ./Drivers/STM32F7xx_HAL_Driver/Src/stm32f7xx_hal_uart.o
                0x0000000008004d0c                HAL_UARTEx_WakeupCallback
 *fill*         0x0000000008004d0e        0x2 
 .text.HAL_UART_IRQHandler
                0x0000000008004d10      0x28c ./Drivers/STM32F7xx_HAL_Driver/Src/stm32f7xx_hal_uart.o
                0x0000000008004d10                HAL_UART_IRQHandler
 .text.UART_SetConfig
                0x0000000008004f9c      0x284 ./Drivers/STM32F7xx_HAL_Driver/Src/stm32f7xx_hal_uart.o
                0x0000000008004f9c                UART_SetConfig
 .text.UART_AdvFeatureConfig
                0x0000000008005220       0xaa ./Drivers/STM32F7xx_HAL_Driver/Src/stm32f7xx_hal_uart.o
                0x0000000008005220                UART_AdvFeatureConfig
 .text.UART_WaitOnFlagUntilTimeout
                0x00000000080052ca       0xbc ./Drivers/STM32F7xx_HAL_Driver/Src/stm32f7xx_hal_uart.o
                0x00000000080052ca                UART_WaitOnFlagUntilTimeout
 .text.UART_CheckIdleState
                0x0000000008005386       0x66 ./Drivers/STM32F7xx_HAL_Driver/Src/stm32f7xx_hal_uart.o
                0x0000000008005386                UART_CheckIdleState
 .text.HAL_UART_Init
                0x00000000080053ec       0x5c ./Drivers/STM32F7xx_HAL_Driver/Src/stm32f7xx_hal_uart.o
                0x00000000080053ec                HAL_UART_Init
 .text.USB_CoreReset
                0x0000000008005448       0x48 ./Drivers/STM32F7xx_HAL_Driver/Src/stm32f7xx_ll_usb.o
 .text.USB_CoreInit
                0x0000000008005490       0x76 ./Drivers/STM32F7xx_HAL_Driver/Src/stm32f7xx_ll_usb.o
                0x0000000008005490                USB_CoreInit
 .text.USB_DisableGlobalInt
                0x0000000008005506        0xc ./Drivers/STM32F7xx_HAL_Driver/Src/stm32f7xx_ll_usb.o
                0x0000000008005506                USB_DisableGlobalInt
 .text.USB_SetCurrentMode
                0x0000000008005512       0x5c ./Drivers/STM32F7xx_HAL_Driver/Src/stm32f7xx_ll_usb.o
                0x0000000008005512                USB_SetCurrentMode
 *fill*         0x000000000800556e        0x2 
 .text.USB_FlushTxFifo
                0x0000000008005570       0x48 ./Drivers/STM32F7xx_HAL_Driver/Src/stm32f7xx_ll_usb.o
                0x0000000008005570                USB_FlushTxFifo
 .text.USB_FlushRxFifo
                0x00000000080055b8       0x44 ./Drivers/STM32F7xx_HAL_Driver/Src/stm32f7xx_ll_usb.o
                0x00000000080055b8                USB_FlushRxFifo
 .text.USB_SetDevSpeed
                0x00000000080055fc        0xe ./Drivers/STM32F7xx_HAL_Driver/Src/stm32f7xx_ll_usb.o
                0x00000000080055fc                USB_SetDevSpeed
 *fill*         0x000000000800560a        0x2 
 .text.USB_DevInit
                0x000000000800560c      0x16c ./Drivers/STM32F7xx_HAL_Driver/Src/stm32f7xx_ll_usb.o
                0x000000000800560c                USB_DevInit
 .text.USB_DevDisconnect
                0x0000000008005778       0x1c ./Drivers/STM32F7xx_HAL_Driver/Src/stm32f7xx_ll_usb.o
                0x0000000008005778                USB_DevDisconnect
 .text.calloc   0x0000000008005794       0x10 /home/wonjh/st/stm32cubeide_1.6.1/plugins/com.st.stm32cube.ide.mcu.externaltools.gnu-tools-for-stm32.10.3-2021.10.linux64_1.0.0.202111181127/tools/bin/../lib/gcc/arm-none-eabi/10.3.1/../../../../arm-none-eabi/lib/thumb/v7e-m+dp/hard/libc_nano.a(lib_a-calloc.o)
                0x0000000008005794                calloc
 .text.__errno  0x00000000080057a4        0xc /home/wonjh/st/stm32cubeide_1.6.1/plugins/com.st.stm32cube.ide.mcu.externaltools.gnu-tools-for-stm32.10.3-2021.10.linux64_1.0.0.202111181127/tools/bin/../lib/gcc/arm-none-eabi/10.3.1/../../../../arm-none-eabi/lib/thumb/v7e-m+dp/hard/libc_nano.a(lib_a-errno.o)
                0x00000000080057a4                __errno
 .text.__libc_init_array
                0x00000000080057b0       0x48 /home/wonjh/st/stm32cubeide_1.6.1/plugins/com.st.stm32cube.ide.mcu.externaltools.gnu-tools-for-stm32.10.3-2021.10.linux64_1.0.0.202111181127/tools/bin/../lib/gcc/arm-none-eabi/10.3.1/../../../../arm-none-eabi/lib/thumb/v7e-m+dp/hard/libc_nano.a(lib_a-init.o)
                0x00000000080057b0                __libc_init_array
 .text.malloc   0x00000000080057f8       0x10 /home/wonjh/st/stm32cubeide_1.6.1/plugins/com.st.stm32cube.ide.mcu.externaltools.gnu-tools-for-stm32.10.3-2021.10.linux64_1.0.0.202111181127/tools/bin/../lib/gcc/arm-none-eabi/10.3.1/../../../../arm-none-eabi/lib/thumb/v7e-m+dp/hard/libc_nano.a(lib_a-malloc.o)
                0x00000000080057f8                malloc
 .text.free     0x0000000008005808       0x10 /home/wonjh/st/stm32cubeide_1.6.1/plugins/com.st.stm32cube.ide.mcu.externaltools.gnu-tools-for-stm32.10.3-2021.10.linux64_1.0.0.202111181127/tools/bin/../lib/gcc/arm-none-eabi/10.3.1/../../../../arm-none-eabi/lib/thumb/v7e-m+dp/hard/libc_nano.a(lib_a-malloc.o)
                0x0000000008005808                free
 .text.memset   0x0000000008005818       0x10 /home/wonjh/st/stm32cubeide_1.6.1/plugins/com.st.stm32cube.ide.mcu.externaltools.gnu-tools-for-stm32.10.3-2021.10.linux64_1.0.0.202111181127/tools/bin/../lib/gcc/arm-none-eabi/10.3.1/../../../../arm-none-eabi/lib/thumb/v7e-m+dp/hard/libc_nano.a(lib_a-memset.o)
                0x0000000008005818                memset
 .text._calloc_r
                0x0000000008005828       0x2c /home/wonjh/st/stm32cubeide_1.6.1/plugins/com.st.stm32cube.ide.mcu.externaltools.gnu-tools-for-stm32.10.3-2021.10.linux64_1.0.0.202111181127/tools/bin/../lib/gcc/arm-none-eabi/10.3.1/../../../../arm-none-eabi/lib/thumb/v7e-m+dp/hard/libc_nano.a(lib_a-nano-callocr.o)
                0x0000000008005828                _calloc_r
 .text._free_r  0x0000000008005854       0x98 /home/wonjh/st/stm32cubeide_1.6.1/plugins/com.st.stm32cube.ide.mcu.externaltools.gnu-tools-for-stm32.10.3-2021.10.linux64_1.0.0.202111181127/tools/bin/../lib/gcc/arm-none-eabi/10.3.1/../../../../arm-none-eabi/lib/thumb/v7e-m+dp/hard/libc_nano.a(lib_a-nano-freer.o)
                0x0000000008005854                _free_r
 .text.sbrk_aligned
                0x00000000080058ec       0x40 /home/wonjh/st/stm32cubeide_1.6.1/plugins/com.st.stm32cube.ide.mcu.externaltools.gnu-tools-for-stm32.10.3-2021.10.linux64_1.0.0.202111181127/tools/bin/../lib/gcc/arm-none-eabi/10.3.1/../../../../arm-none-eabi/lib/thumb/v7e-m+dp/hard/libc_nano.a(lib_a-nano-mallocr.o)
 .text._malloc_r
                0x000000000800592c       0xe8 /home/wonjh/st/stm32cubeide_1.6.1/plugins/com.st.stm32cube.ide.mcu.externaltools.gnu-tools-for-stm32.10.3-2021.10.linux64_1.0.0.202111181127/tools/bin/../lib/gcc/arm-none-eabi/10.3.1/../../../../arm-none-eabi/lib/thumb/v7e-m+dp/hard/libc_nano.a(lib_a-nano-mallocr.o)
                0x000000000800592c                _malloc_r
 .text._sbrk_r  0x0000000008005a14       0x20 /home/wonjh/st/stm32cubeide_1.6.1/plugins/com.st.stm32cube.ide.mcu.externaltools.gnu-tools-for-stm32.10.3-2021.10.linux64_1.0.0.202111181127/tools/bin/../lib/gcc/arm-none-eabi/10.3.1/../../../../arm-none-eabi/lib/thumb/v7e-m+dp/hard/libc_nano.a(lib_a-sbrkr.o)
                0x0000000008005a14                _sbrk_r
 .text.strcpy   0x0000000008005a34       0x10 /home/wonjh/st/stm32cubeide_1.6.1/plugins/com.st.stm32cube.ide.mcu.externaltools.gnu-tools-for-stm32.10.3-2021.10.linux64_1.0.0.202111181127/tools/bin/../lib/gcc/arm-none-eabi/10.3.1/../../../../arm-none-eabi/lib/thumb/v7e-m+dp/hard/libc_nano.a(lib_a-strcpy.o)
                0x0000000008005a34                strcpy
 .text.strncpy  0x0000000008005a44       0x26 /home/wonjh/st/stm32cubeide_1.6.1/plugins/com.st.stm32cube.ide.mcu.externaltools.gnu-tools-for-stm32.10.3-2021.10.linux64_1.0.0.202111181127/tools/bin/../lib/gcc/arm-none-eabi/10.3.1/../../../../arm-none-eabi/lib/thumb/v7e-m+dp/hard/libc_nano.a(lib_a-strncpy.o)
                0x0000000008005a44                strncpy
 *fill*         0x0000000008005a6a        0x2 
 .text.__malloc_lock
                0x0000000008005a6c        0xc /home/wonjh/st/stm32cubeide_1.6.1/plugins/com.st.stm32cube.ide.mcu.externaltools.gnu-tools-for-stm32.10.3-2021.10.linux64_1.0.0.202111181127/tools/bin/../lib/gcc/arm-none-eabi/10.3.1/../../../../arm-none-eabi/lib/thumb/v7e-m+dp/hard/libc_nano.a(lib_a-mlock.o)
                0x0000000008005a6c                __malloc_lock
 .text.__malloc_unlock
                0x0000000008005a78        0xc /home/wonjh/st/stm32cubeide_1.6.1/plugins/com.st.stm32cube.ide.mcu.externaltools.gnu-tools-for-stm32.10.3-2021.10.linux64_1.0.0.202111181127/tools/bin/../lib/gcc/arm-none-eabi/10.3.1/../../../../arm-none-eabi/lib/thumb/v7e-m+dp/hard/libc_nano.a(lib_a-mlock.o)
                0x0000000008005a78                __malloc_unlock
 .text.__retarget_lock_acquire_recursive
                0x0000000008005a84        0x2 /home/wonjh/st/stm32cubeide_1.6.1/plugins/com.st.stm32cube.ide.mcu.externaltools.gnu-tools-for-stm32.10.3-2021.10.linux64_1.0.0.202111181127/tools/bin/../lib/gcc/arm-none-eabi/10.3.1/../../../../arm-none-eabi/lib/thumb/v7e-m+dp/hard/libc_nano.a(lib_a-lock.o)
                0x0000000008005a84                __retarget_lock_acquire_recursive
 .text.__retarget_lock_release_recursive
                0x0000000008005a86        0x2 /home/wonjh/st/stm32cubeide_1.6.1/plugins/com.st.stm32cube.ide.mcu.externaltools.gnu-tools-for-stm32.10.3-2021.10.linux64_1.0.0.202111181127/tools/bin/../lib/gcc/arm-none-eabi/10.3.1/../../../../arm-none-eabi/lib/thumb/v7e-m+dp/hard/libc_nano.a(lib_a-lock.o)
                0x0000000008005a86                __retarget_lock_release_recursive
 *(.glue_7)
 .glue_7        0x0000000008005a88        0x0 linker stubs
 *(.glue_7t)
 .glue_7t       0x0000000008005a88        0x0 linker stubs
 *(.eh_frame)
 .eh_frame      0x0000000008005a88        0x0 /home/wonjh/st/stm32cubeide_1.6.1/plugins/com.st.stm32cube.ide.mcu.externaltools.gnu-tools-for-stm32.10.3-2021.10.linux64_1.0.0.202111181127/tools/bin/../lib/gcc/arm-none-eabi/10.3.1/thumb/v7e-m+dp/hard/crtbegin.o
 *(.init)
 .init          0x0000000008005a88        0x4 /home/wonjh/st/stm32cubeide_1.6.1/plugins/com.st.stm32cube.ide.mcu.externaltools.gnu-tools-for-stm32.10.3-2021.10.linux64_1.0.0.202111181127/tools/bin/../lib/gcc/arm-none-eabi/10.3.1/thumb/v7e-m+dp/hard/crti.o
                0x0000000008005a88                _init
 .init          0x0000000008005a8c        0x8 /home/wonjh/st/stm32cubeide_1.6.1/plugins/com.st.stm32cube.ide.mcu.externaltools.gnu-tools-for-stm32.10.3-2021.10.linux64_1.0.0.202111181127/tools/bin/../lib/gcc/arm-none-eabi/10.3.1/thumb/v7e-m+dp/hard/crtn.o
 *(.fini)
 .fini          0x0000000008005a94        0x4 /home/wonjh/st/stm32cubeide_1.6.1/plugins/com.st.stm32cube.ide.mcu.externaltools.gnu-tools-for-stm32.10.3-2021.10.linux64_1.0.0.202111181127/tools/bin/../lib/gcc/arm-none-eabi/10.3.1/thumb/v7e-m+dp/hard/crti.o
                0x0000000008005a94                _fini
 .fini          0x0000000008005a98        0x8 /home/wonjh/st/stm32cubeide_1.6.1/plugins/com.st.stm32cube.ide.mcu.externaltools.gnu-tools-for-stm32.10.3-2021.10.linux64_1.0.0.202111181127/tools/bin/../lib/gcc/arm-none-eabi/10.3.1/thumb/v7e-m+dp/hard/crtn.o
                0x0000000008005aa0                . = ALIGN (0x4)
                0x0000000008005aa0                _etext = .

.vfp11_veneer   0x0000000008005aa0        0x0
 .vfp11_veneer  0x0000000008005aa0        0x0 linker stubs

.v4_bx          0x0000000008005aa0        0x0
 .v4_bx         0x0000000008005aa0        0x0 linker stubs

.iplt           0x0000000008005aa0        0x0
 .iplt          0x0000000008005aa0        0x0 /home/wonjh/st/stm32cubeide_1.6.1/plugins/com.st.stm32cube.ide.mcu.externaltools.gnu-tools-for-stm32.10.3-2021.10.linux64_1.0.0.202111181127/tools/bin/../lib/gcc/arm-none-eabi/10.3.1/thumb/v7e-m+dp/hard/crtbegin.o

.rodata         0x0000000008005aa0      0x13c
                0x0000000008005aa0                . = ALIGN (0x4)
 *(.rodata)
 .rodata        0x0000000008005aa0        0xb ./Core/pif/source/core/pif.o
 *(.rodata*)
 .rodata._taskAds1115.str1.1
                0x0000000008005aab       0x15 ./Core/Src/appMain.o
 .rodata.appSetup.str1.1
                0x0000000008005ac0       0x12 ./Core/Src/appMain.o
 .rodata.AHBPrescTable
                0x0000000008005ad2       0x10 ./Core/Src/system_stm32f7xx.o
                0x0000000008005ad2                AHBPrescTable
 .rodata.APBPrescTable
                0x0000000008005ae2        0x8 ./Core/Src/system_stm32f7xx.o
                0x0000000008005ae2                APBPrescTable
 .rodata.str1.1
                0x0000000008005aea       0x52 ./Core/pif/source/core/pif.o
 .rodata.kDaysInMonth
                0x0000000008005b3c        0xc ./Core/pif/source/core/pif.o
                0x0000000008005b3c                kDaysInMonth
 .rodata.pifComm_AllocTxBuffer.str1.1
                0x0000000008005b48        0x3 ./Core/pif/source/core/pif_comm.o
 .rodata.pifI2cDevice_Read.str1.1
                0x0000000008005b4b       0x1e ./Core/pif/source/core/pif_i2c.o
 .rodata.pifI2cDevice_Write.str1.1
                0x0000000008005b69       0x1e ./Core/pif/source/core/pif_i2c.o
 .rodata.type_ch
                0x0000000008005b87        0x4 ./Core/pif/source/core/pif_log.o
                0x0000000008005b87                type_ch
 .rodata._checkLoopTime.constprop.0.str1.1
                0x0000000008005b8b       0x1a ./Core/pif/source/core/pif_task.o
 *fill*         0x0000000008005ba5        0x1 
 .rodata.CSWTCH.13
                0x0000000008005ba6        0xe ./Core/pif/source/sensor/pif_ads1x1x.o
 .rodata.CSWTCH.14
                0x0000000008005bb4        0xe ./Core/pif/source/sensor/pif_ads1x1x.o
 .rodata.flagBitshiftOffset.0
                0x0000000008005bc2        0x8 ./Drivers/STM32F7xx_HAL_Driver/Src/stm32f7xx_hal_dma.o
 .rodata.CSWTCH.54
                0x0000000008005bca        0x3 ./Drivers/STM32F7xx_HAL_Driver/Src/stm32f7xx_hal_uart.o
 .rodata.CSWTCH.55
                0x0000000008005bcd        0xd ./Drivers/STM32F7xx_HAL_Driver/Src/stm32f7xx_hal_uart.o
                0x0000000008005bdc                . = ALIGN (0x4)
 *fill*         0x0000000008005bda        0x2 

.ARM.extab      0x0000000008005bdc        0x0
                0x0000000008005bdc                . = ALIGN (0x4)
 *(.ARM.extab* .gnu.linkonce.armextab.*)
                0x0000000008005bdc                . = ALIGN (0x4)

.ARM            0x0000000008005bdc        0x8
                0x0000000008005bdc                . = ALIGN (0x4)
                0x0000000008005bdc                __exidx_start = .
 *(.ARM.exidx*)
 .ARM.exidx     0x0000000008005bdc        0x8 /home/wonjh/st/stm32cubeide_1.6.1/plugins/com.st.stm32cube.ide.mcu.externaltools.gnu-tools-for-stm32.10.3-2021.10.linux64_1.0.0.202111181127/tools/bin/../lib/gcc/arm-none-eabi/10.3.1/thumb/v7e-m+dp/hard/libgcc.a(_udivmoddi4.o)
                0x0000000008005be4                __exidx_end = .
                0x0000000008005be4                . = ALIGN (0x4)

.rel.dyn        0x0000000008005be4        0x0
 .rel.iplt      0x0000000008005be4        0x0 /home/wonjh/st/stm32cubeide_1.6.1/plugins/com.st.stm32cube.ide.mcu.externaltools.gnu-tools-for-stm32.10.3-2021.10.linux64_1.0.0.202111181127/tools/bin/../lib/gcc/arm-none-eabi/10.3.1/thumb/v7e-m+dp/hard/crtbegin.o

.preinit_array  0x0000000008005be4        0x0
                0x0000000008005be4                . = ALIGN (0x4)
                0x0000000008005be4                PROVIDE (__preinit_array_start = .)
 *(.preinit_array*)
                0x0000000008005be4                PROVIDE (__preinit_array_end = .)
                0x0000000008005be4                . = ALIGN (0x4)

.init_array     0x0000000008005be4        0x4
                0x0000000008005be4                . = ALIGN (0x4)
                0x0000000008005be4                PROVIDE (__init_array_start = .)
 *(SORT_BY_NAME(.init_array.*))
 *(.init_array*)
 .init_array    0x0000000008005be4        0x4 /home/wonjh/st/stm32cubeide_1.6.1/plugins/com.st.stm32cube.ide.mcu.externaltools.gnu-tools-for-stm32.10.3-2021.10.linux64_1.0.0.202111181127/tools/bin/../lib/gcc/arm-none-eabi/10.3.1/thumb/v7e-m+dp/hard/crtbegin.o
                0x0000000008005be8                PROVIDE (__init_array_end = .)
                0x0000000008005be8                . = ALIGN (0x4)

.fini_array     0x0000000008005be8        0x4
                0x0000000008005be8                . = ALIGN (0x4)
                [!provide]                        PROVIDE (__fini_array_start = .)
 *(SORT_BY_NAME(.fini_array.*))
 *(.fini_array*)
 .fini_array    0x0000000008005be8        0x4 /home/wonjh/st/stm32cubeide_1.6.1/plugins/com.st.stm32cube.ide.mcu.externaltools.gnu-tools-for-stm32.10.3-2021.10.linux64_1.0.0.202111181127/tools/bin/../lib/gcc/arm-none-eabi/10.3.1/thumb/v7e-m+dp/hard/crtbegin.o
                [!provide]                        PROVIDE (__fini_array_end = .)
                0x0000000008005bec                . = ALIGN (0x4)
                0x0000000008005bec                _sidata = LOADADDR (.data)

.data           0x0000000020000000       0x7c load address 0x0000000008005bec
                0x0000000020000000                . = ALIGN (0x4)
                0x0000000020000000                _sdata = .
 *(.data)
 *(.data*)
 .data.channel  0x0000000020000000        0x4 ./Core/Src/appMain.o
 .data.SystemCoreClock
                0x0000000020000004        0x4 ./Core/Src/system_stm32f7xx.o
                0x0000000020000004                SystemCoreClock
 .data.kPifHexLowerChar
                0x0000000020000008        0x4 ./Core/pif/source/core/pif.o
                0x0000000020000008                kPifHexLowerChar
 .data.kPifHexUpperChar
                0x000000002000000c        0x4 ./Core/pif/source/core/pif.o
                0x000000002000000c                kPifHexUpperChar
 .data.pif_id   0x0000000020000010        0x2 ./Core/pif/source/core/pif.o
                0x0000000020000010                pif_id
 .data.s_minute
                0x0000000020000012        0x1 ./Core/pif/source/core/pif_log.o
 .data.uwTickFreq
                0x0000000020000013        0x1 ./Drivers/STM32F7xx_HAL_Driver/Src/stm32f7xx_hal.o
                0x0000000020000013                uwTickFreq
 .data.uwTickPrio
                0x0000000020000014        0x4 ./Drivers/STM32F7xx_HAL_Driver/Src/stm32f7xx_hal.o
                0x0000000020000014                uwTickPrio
 .data._impure_ptr
                0x0000000020000018        0x4 /home/wonjh/st/stm32cubeide_1.6.1/plugins/com.st.stm32cube.ide.mcu.externaltools.gnu-tools-for-stm32.10.3-2021.10.linux64_1.0.0.202111181127/tools/bin/../lib/gcc/arm-none-eabi/10.3.1/../../../../arm-none-eabi/lib/thumb/v7e-m+dp/hard/libc_nano.a(lib_a-impure.o)
                0x0000000020000018                _impure_ptr
 .data.impure_data
                0x000000002000001c       0x60 /home/wonjh/st/stm32cubeide_1.6.1/plugins/com.st.stm32cube.ide.mcu.externaltools.gnu-tools-for-stm32.10.3-2021.10.linux64_1.0.0.202111181127/tools/bin/../lib/gcc/arm-none-eabi/10.3.1/../../../../arm-none-eabi/lib/thumb/v7e-m+dp/hard/libc_nano.a(lib_a-impure.o)
 *(.RamFunc)
 *(.RamFunc*)
                0x000000002000007c                . = ALIGN (0x4)
                0x000000002000007c                _edata = .

.igot.plt       0x000000002000007c        0x0 load address 0x0000000008005c68
 .igot.plt      0x000000002000007c        0x0 /home/wonjh/st/stm32cubeide_1.6.1/plugins/com.st.stm32cube.ide.mcu.externaltools.gnu-tools-for-stm32.10.3-2021.10.linux64_1.0.0.202111181127/tools/bin/../lib/gcc/arm-none-eabi/10.3.1/thumb/v7e-m+dp/hard/crtbegin.o
                0x000000002000007c                . = ALIGN (0x4)

.bss            0x0000000020000080      0x7a4 load address 0x0000000008005c68
                0x0000000020000080                _sbss = .
                0x0000000020000080                __bss_start__ = _sbss
 *(.bss)
 .bss           0x0000000020000080       0x1c /home/wonjh/st/stm32cubeide_1.6.1/plugins/com.st.stm32cube.ide.mcu.externaltools.gnu-tools-for-stm32.10.3-2021.10.linux64_1.0.0.202111181127/tools/bin/../lib/gcc/arm-none-eabi/10.3.1/thumb/v7e-m+dp/hard/crtbegin.o
 *(.bss*)
 .bss.g_comm_log
                0x000000002000009c       0x30 ./Core/Src/appMain.o
                0x000000002000009c                g_comm_log
 .bss.g_i2c_port
                0x00000000200000cc       0x30 ./Core/Src/appMain.o
                0x00000000200000cc                g_i2c_port
 .bss.g_timer_1ms
                0x00000000200000fc       0x24 ./Core/Src/appMain.o
                0x00000000200000fc                g_timer_1ms
 .bss.s_ads1x1x
                0x0000000020000120       0x20 ./Core/Src/appMain.o
 .bss.s_led_l   0x0000000020000140       0x1c ./Core/Src/appMain.o
 .bss.hdma_i2c1_rx
                0x000000002000015c       0x60 ./Core/Src/main.o
                0x000000002000015c                hdma_i2c1_rx
 .bss.hdma_i2c1_tx
                0x00000000200001bc       0x60 ./Core/Src/main.o
                0x00000000200001bc                hdma_i2c1_tx
 .bss.hi2c1     0x000000002000021c       0x4c ./Core/Src/main.o
                0x000000002000021c                hi2c1
 .bss.hpcd_USB_OTG_FS
                0x0000000020000268      0x404 ./Core/Src/main.o
                0x0000000020000268                hpcd_USB_OTG_FS
 .bss.huart3    0x000000002000066c       0x84 ./Core/Src/main.o
                0x000000002000066c                huart3
 .bss.s_usLogTx
                0x00000000200006f0        0x2 ./Core/Src/main.o
 *fill*         0x00000000200006f2        0x2 
 .bss.sw.0      0x00000000200006f4        0x4 ./Core/Src/stm32f7xx_it.o
 .bss.__sbrk_heap_end
                0x00000000200006f8        0x4 ./Core/Src/sysmem.o
 .bss.pif_act_timer1us
                0x00000000200006fc        0x4 ./Core/pif/source/core/pif.o
                0x00000000200006fc                pif_act_timer1us
 .bss.pif_cumulative_timer1ms
                0x0000000020000700        0x4 ./Core/pif/source/core/pif.o
                0x0000000020000700                pif_cumulative_timer1ms
 .bss.pif_datetime
                0x0000000020000704        0x8 ./Core/pif/source/core/pif.o
                0x0000000020000704                pif_datetime
 .bss.pif_error
                0x000000002000070c        0x1 ./Core/pif/source/core/pif.o
                0x000000002000070c                pif_error
 *fill*         0x000000002000070d        0x3 
 .bss.pif_performance
                0x0000000020000710        0x8 ./Core/pif/source/core/pif.o
                0x0000000020000710                pif_performance
 .bss.pif_timer1ms
                0x0000000020000718        0x2 ./Core/pif/source/core/pif.o
                0x0000000020000718                pif_timer1ms
 *fill*         0x000000002000071a        0x2 
 .bss.pif_timer1sec
                0x000000002000071c        0x4 ./Core/pif/source/core/pif.o
                0x000000002000071c                pif_timer1sec
 .bss.usTimerPerform.0
                0x0000000020000720        0x2 ./Core/pif/source/core/pif.o
 *fill*         0x0000000020000722        0x2 
 .bss.pif_log_flag
                0x0000000020000724        0x4 ./Core/pif/source/core/pif_log.o
                0x0000000020000724                pif_log_flag
 .bss.s_log     0x0000000020000728       0x28 ./Core/pif/source/core/pif_log.o
 .bss.tmp_buf.0
                0x0000000020000750       0x14 ./Core/pif/source/core/pif_log.o
 .bss.base.0    0x0000000020000764        0x4 ./Core/pif/source/core/pif_task.o
 .bss.s_current_task
                0x0000000020000768        0x4 ./Core/pif/source/core/pif_task.o
 .bss.s_it_current
                0x000000002000076c        0x4 ./Core/pif/source/core/pif_task.o
 .bss.s_number  0x0000000020000770        0x1 ./Core/pif/source/core/pif_task.o
 *fill*         0x0000000020000771        0x3 
 .bss.s_table   0x0000000020000774       0x80 ./Core/pif/source/core/pif_task.o
 .bss.s_table_number
                0x00000000200007f4        0x4 ./Core/pif/source/core/pif_task.o
 .bss.s_tasks   0x00000000200007f8       0x18 ./Core/pif/source/core/pif_task.o
 .bss.uwTick    0x0000000020000810        0x4 ./Drivers/STM32F7xx_HAL_Driver/Src/stm32f7xx_hal.o
                0x0000000020000810                uwTick
 .bss.__malloc_free_list
                0x0000000020000814        0x4 /home/wonjh/st/stm32cubeide_1.6.1/plugins/com.st.stm32cube.ide.mcu.externaltools.gnu-tools-for-stm32.10.3-2021.10.linux64_1.0.0.202111181127/tools/bin/../lib/gcc/arm-none-eabi/10.3.1/../../../../arm-none-eabi/lib/thumb/v7e-m+dp/hard/libc_nano.a(lib_a-nano-mallocr.o)
                0x0000000020000814                __malloc_free_list
 .bss.__malloc_sbrk_start
                0x0000000020000818        0x4 /home/wonjh/st/stm32cubeide_1.6.1/plugins/com.st.stm32cube.ide.mcu.externaltools.gnu-tools-for-stm32.10.3-2021.10.linux64_1.0.0.202111181127/tools/bin/../lib/gcc/arm-none-eabi/10.3.1/../../../../arm-none-eabi/lib/thumb/v7e-m+dp/hard/libc_nano.a(lib_a-nano-mallocr.o)
                0x0000000020000818                __malloc_sbrk_start
 .bss.errno     0x000000002000081c        0x4 /home/wonjh/st/stm32cubeide_1.6.1/plugins/com.st.stm32cube.ide.mcu.externaltools.gnu-tools-for-stm32.10.3-2021.10.linux64_1.0.0.202111181127/tools/bin/../lib/gcc/arm-none-eabi/10.3.1/../../../../arm-none-eabi/lib/thumb/v7e-m+dp/hard/libc_nano.a(lib_a-reent.o)
                0x000000002000081c                errno
 .bss.__lock___malloc_recursive_mutex
                0x0000000020000820        0x1 /home/wonjh/st/stm32cubeide_1.6.1/plugins/com.st.stm32cube.ide.mcu.externaltools.gnu-tools-for-stm32.10.3-2021.10.linux64_1.0.0.202111181127/tools/bin/../lib/gcc/arm-none-eabi/10.3.1/../../../../arm-none-eabi/lib/thumb/v7e-m+dp/hard/libc_nano.a(lib_a-lock.o)
                0x0000000020000820                __lock___malloc_recursive_mutex
 *(COMMON)
                0x0000000020000824                . = ALIGN (0x4)
 *fill*         0x0000000020000821        0x3 
                0x0000000020000824                _ebss = .
                0x0000000020000824                __bss_end__ = _ebss

._user_heap_stack
                0x0000000020000824      0x604 load address 0x0000000008005c68
                0x0000000020000828                . = ALIGN (0x8)
 *fill*         0x0000000020000824        0x4 
                [!provide]                        PROVIDE (end = .)
                0x0000000020000828                PROVIDE (_end = .)
                0x0000000020000a28                . = (. + _Min_Heap_Size)
 *fill*         0x0000000020000828      0x200 
                0x0000000020000e28                . = (. + _Min_Stack_Size)
 *fill*         0x0000000020000a28      0x400 
                0x0000000020000e28                . = ALIGN (0x8)

/DISCARD/
 libc.a(*)
 libm.a(*)
 libgcc.a(*)

.ARM.attributes
                0x0000000000000000       0x2e
 *(.ARM.attributes)
 .ARM.attributes
                0x0000000000000000       0x1e /home/wonjh/st/stm32cubeide_1.6.1/plugins/com.st.stm32cube.ide.mcu.externaltools.gnu-tools-for-stm32.10.3-2021.10.linux64_1.0.0.202111181127/tools/bin/../lib/gcc/arm-none-eabi/10.3.1/thumb/v7e-m+dp/hard/crti.o
 .ARM.attributes
                0x000000000000001e       0x32 /home/wonjh/st/stm32cubeide_1.6.1/plugins/com.st.stm32cube.ide.mcu.externaltools.gnu-tools-for-stm32.10.3-2021.10.linux64_1.0.0.202111181127/tools/bin/../lib/gcc/arm-none-eabi/10.3.1/thumb/v7e-m+dp/hard/crtbegin.o
 .ARM.attributes
                0x0000000000000050       0x32 ./Core/Src/appMain.o
 .ARM.attributes
                0x0000000000000082       0x32 ./Core/Src/main.o
 .ARM.attributes
                0x00000000000000b4       0x32 ./Core/Src/stm32f7xx_hal_msp.o
 .ARM.attributes
                0x00000000000000e6       0x32 ./Core/Src/stm32f7xx_it.o
 .ARM.attributes
                0x0000000000000118       0x32 ./Core/Src/sysmem.o
 .ARM.attributes
                0x000000000000014a       0x32 ./Core/Src/system_stm32f7xx.o
 .ARM.attributes
                0x000000000000017c       0x21 ./Core/Startup/startup_stm32f767zitx.o
 .ARM.attributes
                0x000000000000019d       0x32 ./Core/pif/source/core/pif.o
 .ARM.attributes
                0x00000000000001cf       0x32 ./Core/pif/source/core/pif_comm.o
 .ARM.attributes
                0x0000000000000201       0x32 ./Core/pif/source/core/pif_i2c.o
 .ARM.attributes
                0x0000000000000233       0x32 ./Core/pif/source/core/pif_list.o
 .ARM.attributes
                0x0000000000000265       0x32 ./Core/pif/source/core/pif_log.o
 .ARM.attributes
                0x0000000000000297       0x32 ./Core/pif/source/core/pif_ring_buffer.o
 .ARM.attributes
                0x00000000000002c9       0x32 ./Core/pif/source/core/pif_task.o
 .ARM.attributes
                0x00000000000002fb       0x32 ./Core/pif/source/core/pif_timer.o
 .ARM.attributes
                0x000000000000032d       0x32 ./Core/pif/source/display/pif_led.o
 .ARM.attributes
                0x000000000000035f       0x32 ./Core/pif/source/sensor/pif_ads1x1x.o
 .ARM.attributes
                0x0000000000000391       0x32 ./Drivers/STM32F7xx_HAL_Driver/Src/stm32f7xx_hal.o
 .ARM.attributes
                0x00000000000003c3       0x32 ./Drivers/STM32F7xx_HAL_Driver/Src/stm32f7xx_hal_cortex.o
 .ARM.attributes
                0x00000000000003f5       0x32 ./Drivers/STM32F7xx_HAL_Driver/Src/stm32f7xx_hal_dma.o
 .ARM.attributes
                0x0000000000000427       0x32 ./Drivers/STM32F7xx_HAL_Driver/Src/stm32f7xx_hal_gpio.o
 .ARM.attributes
                0x0000000000000459       0x32 ./Drivers/STM32F7xx_HAL_Driver/Src/stm32f7xx_hal_i2c.o
 .ARM.attributes
                0x000000000000048b       0x32 ./Drivers/STM32F7xx_HAL_Driver/Src/stm32f7xx_hal_i2c_ex.o
 .ARM.attributes
                0x00000000000004bd       0x32 ./Drivers/STM32F7xx_HAL_Driver/Src/stm32f7xx_hal_pcd.o
 .ARM.attributes
                0x00000000000004ef       0x32 ./Drivers/STM32F7xx_HAL_Driver/Src/stm32f7xx_hal_pcd_ex.o
 .ARM.attributes
                0x0000000000000521       0x32 ./Drivers/STM32F7xx_HAL_Driver/Src/stm32f7xx_hal_pwr.o
 .ARM.attributes
                0x0000000000000553       0x32 ./Drivers/STM32F7xx_HAL_Driver/Src/stm32f7xx_hal_pwr_ex.o
 .ARM.attributes
                0x0000000000000585       0x32 ./Drivers/STM32F7xx_HAL_Driver/Src/stm32f7xx_hal_rcc.o
 .ARM.attributes
                0x00000000000005b7       0x32 ./Drivers/STM32F7xx_HAL_Driver/Src/stm32f7xx_hal_rcc_ex.o
 .ARM.attributes
                0x00000000000005e9       0x32 ./Drivers/STM32F7xx_HAL_Driver/Src/stm32f7xx_hal_uart.o
 .ARM.attributes
                0x000000000000061b       0x32 ./Drivers/STM32F7xx_HAL_Driver/Src/stm32f7xx_ll_usb.o
 .ARM.attributes
                0x000000000000064d       0x32 /home/wonjh/st/stm32cubeide_1.6.1/plugins/com.st.stm32cube.ide.mcu.externaltools.gnu-tools-for-stm32.10.3-2021.10.linux64_1.0.0.202111181127/tools/bin/../lib/gcc/arm-none-eabi/10.3.1/../../../../arm-none-eabi/lib/thumb/v7e-m+dp/hard/libc_nano.a(lib_a-calloc.o)
 .ARM.attributes
                0x000000000000067f       0x32 /home/wonjh/st/stm32cubeide_1.6.1/plugins/com.st.stm32cube.ide.mcu.externaltools.gnu-tools-for-stm32.10.3-2021.10.linux64_1.0.0.202111181127/tools/bin/../lib/gcc/arm-none-eabi/10.3.1/../../../../arm-none-eabi/lib/thumb/v7e-m+dp/hard/libc_nano.a(lib_a-errno.o)
 .ARM.attributes
                0x00000000000006b1       0x32 /home/wonjh/st/stm32cubeide_1.6.1/plugins/com.st.stm32cube.ide.mcu.externaltools.gnu-tools-for-stm32.10.3-2021.10.linux64_1.0.0.202111181127/tools/bin/../lib/gcc/arm-none-eabi/10.3.1/../../../../arm-none-eabi/lib/thumb/v7e-m+dp/hard/libc_nano.a(lib_a-impure.o)
 .ARM.attributes
                0x00000000000006e3       0x32 /home/wonjh/st/stm32cubeide_1.6.1/plugins/com.st.stm32cube.ide.mcu.externaltools.gnu-tools-for-stm32.10.3-2021.10.linux64_1.0.0.202111181127/tools/bin/../lib/gcc/arm-none-eabi/10.3.1/../../../../arm-none-eabi/lib/thumb/v7e-m+dp/hard/libc_nano.a(lib_a-init.o)
 .ARM.attributes
                0x0000000000000715       0x32 /home/wonjh/st/stm32cubeide_1.6.1/plugins/com.st.stm32cube.ide.mcu.externaltools.gnu-tools-for-stm32.10.3-2021.10.linux64_1.0.0.202111181127/tools/bin/../lib/gcc/arm-none-eabi/10.3.1/../../../../arm-none-eabi/lib/thumb/v7e-m+dp/hard/libc_nano.a(lib_a-malloc.o)
 .ARM.attributes
                0x0000000000000747       0x32 /home/wonjh/st/stm32cubeide_1.6.1/plugins/com.st.stm32cube.ide.mcu.externaltools.gnu-tools-for-stm32.10.3-2021.10.linux64_1.0.0.202111181127/tools/bin/../lib/gcc/arm-none-eabi/10.3.1/../../../../arm-none-eabi/lib/thumb/v7e-m+dp/hard/libc_nano.a(lib_a-memset.o)
 .ARM.attributes
                0x0000000000000779       0x32 /home/wonjh/st/stm32cubeide_1.6.1/plugins/com.st.stm32cube.ide.mcu.externaltools.gnu-tools-for-stm32.10.3-2021.10.linux64_1.0.0.202111181127/tools/bin/../lib/gcc/arm-none-eabi/10.3.1/../../../../arm-none-eabi/lib/thumb/v7e-m+dp/hard/libc_nano.a(lib_a-nano-callocr.o)
 .ARM.attributes
                0x00000000000007ab       0x32 /home/wonjh/st/stm32cubeide_1.6.1/plugins/com.st.stm32cube.ide.mcu.externaltools.gnu-tools-for-stm32.10.3-2021.10.linux64_1.0.0.202111181127/tools/bin/../lib/gcc/arm-none-eabi/10.3.1/../../../../arm-none-eabi/lib/thumb/v7e-m+dp/hard/libc_nano.a(lib_a-nano-freer.o)
 .ARM.attributes
                0x00000000000007dd       0x32 /home/wonjh/st/stm32cubeide_1.6.1/plugins/com.st.stm32cube.ide.mcu.externaltools.gnu-tools-for-stm32.10.3-2021.10.linux64_1.0.0.202111181127/tools/bin/../lib/gcc/arm-none-eabi/10.3.1/../../../../arm-none-eabi/lib/thumb/v7e-m+dp/hard/libc_nano.a(lib_a-nano-mallocr.o)
 .ARM.attributes
                0x000000000000080f       0x32 /home/wonjh/st/stm32cubeide_1.6.1/plugins/com.st.stm32cube.ide.mcu.externaltools.gnu-tools-for-stm32.10.3-2021.10.linux64_1.0.0.202111181127/tools/bin/../lib/gcc/arm-none-eabi/10.3.1/../../../../arm-none-eabi/lib/thumb/v7e-m+dp/hard/libc_nano.a(lib_a-sbrkr.o)
 .ARM.attributes
                0x0000000000000841       0x32 /home/wonjh/st/stm32cubeide_1.6.1/plugins/com.st.stm32cube.ide.mcu.externaltools.gnu-tools-for-stm32.10.3-2021.10.linux64_1.0.0.202111181127/tools/bin/../lib/gcc/arm-none-eabi/10.3.1/../../../../arm-none-eabi/lib/thumb/v7e-m+dp/hard/libc_nano.a(lib_a-strcpy.o)
 .ARM.attributes
                0x0000000000000873       0x17 /home/wonjh/st/stm32cubeide_1.6.1/plugins/com.st.stm32cube.ide.mcu.externaltools.gnu-tools-for-stm32.10.3-2021.10.linux64_1.0.0.202111181127/tools/bin/../lib/gcc/arm-none-eabi/10.3.1/../../../../arm-none-eabi/lib/thumb/v7e-m+dp/hard/libc_nano.a(lib_a-strlen.o)
 .ARM.attributes
                0x000000000000088a       0x32 /home/wonjh/st/stm32cubeide_1.6.1/plugins/com.st.stm32cube.ide.mcu.externaltools.gnu-tools-for-stm32.10.3-2021.10.linux64_1.0.0.202111181127/tools/bin/../lib/gcc/arm-none-eabi/10.3.1/../../../../arm-none-eabi/lib/thumb/v7e-m+dp/hard/libc_nano.a(lib_a-strncpy.o)
 .ARM.attributes
                0x00000000000008bc       0x32 /home/wonjh/st/stm32cubeide_1.6.1/plugins/com.st.stm32cube.ide.mcu.externaltools.gnu-tools-for-stm32.10.3-2021.10.linux64_1.0.0.202111181127/tools/bin/../lib/gcc/arm-none-eabi/10.3.1/../../../../arm-none-eabi/lib/thumb/v7e-m+dp/hard/libc_nano.a(lib_a-mlock.o)
 .ARM.attributes
                0x00000000000008ee       0x32 /home/wonjh/st/stm32cubeide_1.6.1/plugins/com.st.stm32cube.ide.mcu.externaltools.gnu-tools-for-stm32.10.3-2021.10.linux64_1.0.0.202111181127/tools/bin/../lib/gcc/arm-none-eabi/10.3.1/../../../../arm-none-eabi/lib/thumb/v7e-m+dp/hard/libc_nano.a(lib_a-reent.o)
 .ARM.attributes
                0x0000000000000920       0x32 /home/wonjh/st/stm32cubeide_1.6.1/plugins/com.st.stm32cube.ide.mcu.externaltools.gnu-tools-for-stm32.10.3-2021.10.linux64_1.0.0.202111181127/tools/bin/../lib/gcc/arm-none-eabi/10.3.1/../../../../arm-none-eabi/lib/thumb/v7e-m+dp/hard/libc_nano.a(lib_a-lock.o)
 .ARM.attributes
                0x0000000000000952       0x1e /home/wonjh/st/stm32cubeide_1.6.1/plugins/com.st.stm32cube.ide.mcu.externaltools.gnu-tools-for-stm32.10.3-2021.10.linux64_1.0.0.202111181127/tools/bin/../lib/gcc/arm-none-eabi/10.3.1/thumb/v7e-m+dp/hard/libgcc.a(_aeabi_uldivmod.o)
 .ARM.attributes
                0x0000000000000970       0x32 /home/wonjh/st/stm32cubeide_1.6.1/plugins/com.st.stm32cube.ide.mcu.externaltools.gnu-tools-for-stm32.10.3-2021.10.linux64_1.0.0.202111181127/tools/bin/../lib/gcc/arm-none-eabi/10.3.1/thumb/v7e-m+dp/hard/libgcc.a(_udivmoddi4.o)
 .ARM.attributes
                0x00000000000009a2       0x1e /home/wonjh/st/stm32cubeide_1.6.1/plugins/com.st.stm32cube.ide.mcu.externaltools.gnu-tools-for-stm32.10.3-2021.10.linux64_1.0.0.202111181127/tools/bin/../lib/gcc/arm-none-eabi/10.3.1/thumb/v7e-m+dp/hard/libgcc.a(_dvmd_tls.o)
 .ARM.attributes
                0x00000000000009c0       0x1e /home/wonjh/st/stm32cubeide_1.6.1/plugins/com.st.stm32cube.ide.mcu.externaltools.gnu-tools-for-stm32.10.3-2021.10.linux64_1.0.0.202111181127/tools/bin/../lib/gcc/arm-none-eabi/10.3.1/thumb/v7e-m+dp/hard/crtn.o
OUTPUT(exAds1115.elf elf32-littlearm)
LOAD linker stubs
LOAD /home/wonjh/st/stm32cubeide_1.6.1/plugins/com.st.stm32cube.ide.mcu.externaltools.gnu-tools-for-stm32.10.3-2021.10.linux64_1.0.0.202111181127/tools/bin/../lib/gcc/arm-none-eabi/10.3.1/../../../../arm-none-eabi/lib/thumb/v7e-m+dp/hard/libc.a
LOAD /home/wonjh/st/stm32cubeide_1.6.1/plugins/com.st.stm32cube.ide.mcu.externaltools.gnu-tools-for-stm32.10.3-2021.10.linux64_1.0.0.202111181127/tools/bin/../lib/gcc/arm-none-eabi/10.3.1/../../../../arm-none-eabi/lib/thumb/v7e-m+dp/hard/libm.a
LOAD /home/wonjh/st/stm32cubeide_1.6.1/plugins/com.st.stm32cube.ide.mcu.externaltools.gnu-tools-for-stm32.10.3-2021.10.linux64_1.0.0.202111181127/tools/bin/../lib/gcc/arm-none-eabi/10.3.1/thumb/v7e-m+dp/hard/libgcc.a

.comment        0x0000000000000000       0x50
 .comment       0x0000000000000000       0x50 ./Core/Src/appMain.o
                                         0x51 (size before relaxing)
 .comment       0x0000000000000050       0x51 ./Core/Src/main.o
 .comment       0x0000000000000050       0x51 ./Core/Src/stm32f7xx_hal_msp.o
 .comment       0x0000000000000050       0x51 ./Core/Src/stm32f7xx_it.o
 .comment       0x0000000000000050       0x51 ./Core/Src/sysmem.o
 .comment       0x0000000000000050       0x51 ./Core/Src/system_stm32f7xx.o
 .comment       0x0000000000000050       0x51 ./Core/pif/source/core/pif.o
 .comment       0x0000000000000050       0x51 ./Core/pif/source/core/pif_comm.o
 .comment       0x0000000000000050       0x51 ./Core/pif/source/core/pif_i2c.o
 .comment       0x0000000000000050       0x51 ./Core/pif/source/core/pif_list.o
 .comment       0x0000000000000050       0x51 ./Core/pif/source/core/pif_log.o
 .comment       0x0000000000000050       0x51 ./Core/pif/source/core/pif_ring_buffer.o
 .comment       0x0000000000000050       0x51 ./Core/pif/source/core/pif_task.o
 .comment       0x0000000000000050       0x51 ./Core/pif/source/core/pif_timer.o
 .comment       0x0000000000000050       0x51 ./Core/pif/source/display/pif_led.o
 .comment       0x0000000000000050       0x51 ./Core/pif/source/sensor/pif_ads1x1x.o
 .comment       0x0000000000000050       0x51 ./Drivers/STM32F7xx_HAL_Driver/Src/stm32f7xx_hal.o
 .comment       0x0000000000000050       0x51 ./Drivers/STM32F7xx_HAL_Driver/Src/stm32f7xx_hal_cortex.o
 .comment       0x0000000000000050       0x51 ./Drivers/STM32F7xx_HAL_Driver/Src/stm32f7xx_hal_dma.o
 .comment       0x0000000000000050       0x51 ./Drivers/STM32F7xx_HAL_Driver/Src/stm32f7xx_hal_gpio.o
 .comment       0x0000000000000050       0x51 ./Drivers/STM32F7xx_HAL_Driver/Src/stm32f7xx_hal_i2c.o
 .comment       0x0000000000000050       0x51 ./Drivers/STM32F7xx_HAL_Driver/Src/stm32f7xx_hal_i2c_ex.o
 .comment       0x0000000000000050       0x51 ./Drivers/STM32F7xx_HAL_Driver/Src/stm32f7xx_hal_pcd.o
 .comment       0x0000000000000050       0x51 ./Drivers/STM32F7xx_HAL_Driver/Src/stm32f7xx_hal_pcd_ex.o
 .comment       0x0000000000000050       0x51 ./Drivers/STM32F7xx_HAL_Driver/Src/stm32f7xx_hal_pwr.o
 .comment       0x0000000000000050       0x51 ./Drivers/STM32F7xx_HAL_Driver/Src/stm32f7xx_hal_pwr_ex.o
 .comment       0x0000000000000050       0x51 ./Drivers/STM32F7xx_HAL_Driver/Src/stm32f7xx_hal_rcc.o
 .comment       0x0000000000000050       0x51 ./Drivers/STM32F7xx_HAL_Driver/Src/stm32f7xx_hal_rcc_ex.o
 .comment       0x0000000000000050       0x51 ./Drivers/STM32F7xx_HAL_Driver/Src/stm32f7xx_hal_uart.o
 .comment       0x0000000000000050       0x51 ./Drivers/STM32F7xx_HAL_Driver/Src/stm32f7xx_ll_usb.o

.debug_frame    0x0000000000000000      0x380
 .debug_frame   0x0000000000000000       0x20 /home/wonjh/st/stm32cubeide_1.6.1/plugins/com.st.stm32cube.ide.mcu.externaltools.gnu-tools-for-stm32.10.3-2021.10.linux64_1.0.0.202111181127/tools/bin/../lib/gcc/arm-none-eabi/10.3.1/../../../../arm-none-eabi/lib/thumb/v7e-m+dp/hard/libc_nano.a(lib_a-calloc.o)
 .debug_frame   0x0000000000000020       0x20 /home/wonjh/st/stm32cubeide_1.6.1/plugins/com.st.stm32cube.ide.mcu.externaltools.gnu-tools-for-stm32.10.3-2021.10.linux64_1.0.0.202111181127/tools/bin/../lib/gcc/arm-none-eabi/10.3.1/../../../../arm-none-eabi/lib/thumb/v7e-m+dp/hard/libc_nano.a(lib_a-errno.o)
 .debug_frame   0x0000000000000040       0x2c /home/wonjh/st/stm32cubeide_1.6.1/plugins/com.st.stm32cube.ide.mcu.externaltools.gnu-tools-for-stm32.10.3-2021.10.linux64_1.0.0.202111181127/tools/bin/../lib/gcc/arm-none-eabi/10.3.1/../../../../arm-none-eabi/lib/thumb/v7e-m+dp/hard/libc_nano.a(lib_a-init.o)
 .debug_frame   0x000000000000006c       0x30 /home/wonjh/st/stm32cubeide_1.6.1/plugins/com.st.stm32cube.ide.mcu.externaltools.gnu-tools-for-stm32.10.3-2021.10.linux64_1.0.0.202111181127/tools/bin/../lib/gcc/arm-none-eabi/10.3.1/../../../../arm-none-eabi/lib/thumb/v7e-m+dp/hard/libc_nano.a(lib_a-malloc.o)
 .debug_frame   0x000000000000009c       0x20 /home/wonjh/st/stm32cubeide_1.6.1/plugins/com.st.stm32cube.ide.mcu.externaltools.gnu-tools-for-stm32.10.3-2021.10.linux64_1.0.0.202111181127/tools/bin/../lib/gcc/arm-none-eabi/10.3.1/../../../../arm-none-eabi/lib/thumb/v7e-m+dp/hard/libc_nano.a(lib_a-memset.o)
 .debug_frame   0x00000000000000bc       0x30 /home/wonjh/st/stm32cubeide_1.6.1/plugins/com.st.stm32cube.ide.mcu.externaltools.gnu-tools-for-stm32.10.3-2021.10.linux64_1.0.0.202111181127/tools/bin/../lib/gcc/arm-none-eabi/10.3.1/../../../../arm-none-eabi/lib/thumb/v7e-m+dp/hard/libc_nano.a(lib_a-nano-callocr.o)
 .debug_frame   0x00000000000000ec       0x38 /home/wonjh/st/stm32cubeide_1.6.1/plugins/com.st.stm32cube.ide.mcu.externaltools.gnu-tools-for-stm32.10.3-2021.10.linux64_1.0.0.202111181127/tools/bin/../lib/gcc/arm-none-eabi/10.3.1/../../../../arm-none-eabi/lib/thumb/v7e-m+dp/hard/libc_nano.a(lib_a-nano-freer.o)
 .debug_frame   0x0000000000000124       0x4c /home/wonjh/st/stm32cubeide_1.6.1/plugins/com.st.stm32cube.ide.mcu.externaltools.gnu-tools-for-stm32.10.3-2021.10.linux64_1.0.0.202111181127/tools/bin/../lib/gcc/arm-none-eabi/10.3.1/../../../../arm-none-eabi/lib/thumb/v7e-m+dp/hard/libc_nano.a(lib_a-nano-mallocr.o)
 .debug_frame   0x0000000000000170       0x2c /home/wonjh/st/stm32cubeide_1.6.1/plugins/com.st.stm32cube.ide.mcu.externaltools.gnu-tools-for-stm32.10.3-2021.10.linux64_1.0.0.202111181127/tools/bin/../lib/gcc/arm-none-eabi/10.3.1/../../../../arm-none-eabi/lib/thumb/v7e-m+dp/hard/libc_nano.a(lib_a-sbrkr.o)
 .debug_frame   0x000000000000019c       0x20 /home/wonjh/st/stm32cubeide_1.6.1/plugins/com.st.stm32cube.ide.mcu.externaltools.gnu-tools-for-stm32.10.3-2021.10.linux64_1.0.0.202111181127/tools/bin/../lib/gcc/arm-none-eabi/10.3.1/../../../../arm-none-eabi/lib/thumb/v7e-m+dp/hard/libc_nano.a(lib_a-strcpy.o)
 .debug_frame   0x00000000000001bc       0x28 /home/wonjh/st/stm32cubeide_1.6.1/plugins/com.st.stm32cube.ide.mcu.externaltools.gnu-tools-for-stm32.10.3-2021.10.linux64_1.0.0.202111181127/tools/bin/../lib/gcc/arm-none-eabi/10.3.1/../../../../arm-none-eabi/lib/thumb/v7e-m+dp/hard/libc_nano.a(lib_a-strncpy.o)
 .debug_frame   0x00000000000001e4       0x30 /home/wonjh/st/stm32cubeide_1.6.1/plugins/com.st.stm32cube.ide.mcu.externaltools.gnu-tools-for-stm32.10.3-2021.10.linux64_1.0.0.202111181127/tools/bin/../lib/gcc/arm-none-eabi/10.3.1/../../../../arm-none-eabi/lib/thumb/v7e-m+dp/hard/libc_nano.a(lib_a-mlock.o)
 .debug_frame   0x0000000000000214       0x5c /home/wonjh/st/stm32cubeide_1.6.1/plugins/com.st.stm32cube.ide.mcu.externaltools.gnu-tools-for-stm32.10.3-2021.10.linux64_1.0.0.202111181127/tools/bin/../lib/gcc/arm-none-eabi/10.3.1/../../../../arm-none-eabi/lib/thumb/v7e-m+dp/hard/libc_nano.a(lib_a-reent.o)