Archive member included to satisfy reference by file (symbol)

/home/wonjh/st/stm32cubeide_1.6.1/plugins/com.st.stm32cube.ide.mcu.externaltools.gnu-tools-for-stm32.10.3-2021.10.linux64_1.0.0.202111181127/tools/bin/../lib/gcc/arm-none-eabi/10.3.1/../../../../arm-none-eabi/lib/thumb/v7e-m+dp/hard/libc_nano.a(lib_a-calloc.o)
                              ./Core/pif/core/source/pif_led.o (calloc)
/home/wonjh/st/stm32cubeide_1.6.1/plugins/com.st.stm32cube.ide.mcu.externaltools.gnu-tools-for-stm32.10.3-2021.10.linux64_1.0.0.202111181127/tools/bin/../lib/gcc/arm-none-eabi/10.3.1/../../../../arm-none-eabi/lib/thumb/v7e-m+dp/hard/libc_nano.a(lib_a-errno.o)
                              ./Core/Src/syscalls.o (__errno)
/home/wonjh/st/stm32cubeide_1.6.1/plugins/com.st.stm32cube.ide.mcu.externaltools.gnu-tools-for-stm32.10.3-2021.10.linux64_1.0.0.202111181127/tools/bin/../lib/gcc/arm-none-eabi/10.3.1/../../../../arm-none-eabi/lib/thumb/v7e-m+dp/hard/libc_nano.a(lib_a-exit.o)
                              /home/wonjh/st/stm32cubeide_1.6.1/plugins/com.st.stm32cube.ide.mcu.externaltools.gnu-tools-for-stm32.10.3-2021.10.linux64_1.0.0.202111181127/tools/bin/../lib/gcc/arm-none-eabi/10.3.1/../../../../arm-none-eabi/lib/thumb/v7e-m+dp/hard/crt0.o (exit)
/home/wonjh/st/stm32cubeide_1.6.1/plugins/com.st.stm32cube.ide.mcu.externaltools.gnu-tools-for-stm32.10.3-2021.10.linux64_1.0.0.202111181127/tools/bin/../lib/gcc/arm-none-eabi/10.3.1/../../../../arm-none-eabi/lib/thumb/v7e-m+dp/hard/libc_nano.a(lib_a-impure.o)
                              /home/wonjh/st/stm32cubeide_1.6.1/plugins/com.st.stm32cube.ide.mcu.externaltools.gnu-tools-for-stm32.10.3-2021.10.linux64_1.0.0.202111181127/tools/bin/../lib/gcc/arm-none-eabi/10.3.1/../../../../arm-none-eabi/lib/thumb/v7e-m+dp/hard/libc_nano.a(lib_a-exit.o) (_global_impure_ptr)
/home/wonjh/st/stm32cubeide_1.6.1/plugins/com.st.stm32cube.ide.mcu.externaltools.gnu-tools-for-stm32.10.3-2021.10.linux64_1.0.0.202111181127/tools/bin/../lib/gcc/arm-none-eabi/10.3.1/../../../../arm-none-eabi/lib/thumb/v7e-m+dp/hard/libc_nano.a(lib_a-init.o)
                              /home/wonjh/st/stm32cubeide_1.6.1/plugins/com.st.stm32cube.ide.mcu.externaltools.gnu-tools-for-stm32.10.3-2021.10.linux64_1.0.0.202111181127/tools/bin/../lib/gcc/arm-none-eabi/10.3.1/../../../../arm-none-eabi/lib/thumb/v7e-m+dp/hard/crt0.o (__libc_init_array)
/home/wonjh/st/stm32cubeide_1.6.1/plugins/com.st.stm32cube.ide.mcu.externaltools.gnu-tools-for-stm32.10.3-2021.10.linux64_1.0.0.202111181127/tools/bin/../lib/gcc/arm-none-eabi/10.3.1/../../../../arm-none-eabi/lib/thumb/v7e-m+dp/hard/libc_nano.a(lib_a-malloc.o)
                              ./Core/pif/core/source/pif_ring_buffer.o (malloc)
/home/wonjh/st/stm32cubeide_1.6.1/plugins/com.st.stm32cube.ide.mcu.externaltools.gnu-tools-for-stm32.10.3-2021.10.linux64_1.0.0.202111181127/tools/bin/../lib/gcc/arm-none-eabi/10.3.1/../../../../arm-none-eabi/lib/thumb/v7e-m+dp/hard/libc_nano.a(lib_a-memset.o)
                              /home/wonjh/st/stm32cubeide_1.6.1/plugins/com.st.stm32cube.ide.mcu.externaltools.gnu-tools-for-stm32.10.3-2021.10.linux64_1.0.0.202111181127/tools/bin/../lib/gcc/arm-none-eabi/10.3.1/../../../../arm-none-eabi/lib/thumb/v7e-m+dp/hard/crt0.o (memset)
/home/wonjh/st/stm32cubeide_1.6.1/plugins/com.st.stm32cube.ide.mcu.externaltools.gnu-tools-for-stm32.10.3-2021.10.linux64_1.0.0.202111181127/tools/bin/../lib/gcc/arm-none-eabi/10.3.1/../../../../arm-none-eabi/lib/thumb/v7e-m+dp/hard/libc_nano.a(lib_a-nano-callocr.o)
                              /home/wonjh/st/stm32cubeide_1.6.1/plugins/com.st.stm32cube.ide.mcu.externaltools.gnu-tools-for-stm32.10.3-2021.10.linux64_1.0.0.202111181127/tools/bin/../lib/gcc/arm-none-eabi/10.3.1/../../../../arm-none-eabi/lib/thumb/v7e-m+dp/hard/libc_nano.a(lib_a-calloc.o) (_calloc_r)
/home/wonjh/st/stm32cubeide_1.6.1/plugins/com.st.stm32cube.ide.mcu.externaltools.gnu-tools-for-stm32.10.3-2021.10.linux64_1.0.0.202111181127/tools/bin/../lib/gcc/arm-none-eabi/10.3.1/../../../../arm-none-eabi/lib/thumb/v7e-m+dp/hard/libc_nano.a(lib_a-nano-freer.o)
                              /home/wonjh/st/stm32cubeide_1.6.1/plugins/com.st.stm32cube.ide.mcu.externaltools.gnu-tools-for-stm32.10.3-2021.10.linux64_1.0.0.202111181127/tools/bin/../lib/gcc/arm-none-eabi/10.3.1/../../../../arm-none-eabi/lib/thumb/v7e-m+dp/hard/libc_nano.a(lib_a-malloc.o) (_free_r)
/home/wonjh/st/stm32cubeide_1.6.1/plugins/com.st.stm32cube.ide.mcu.externaltools.gnu-tools-for-stm32.10.3-2021.10.linux64_1.0.0.202111181127/tools/bin/../lib/gcc/arm-none-eabi/10.3.1/../../../../arm-none-eabi/lib/thumb/v7e-m+dp/hard/libc_nano.a(lib_a-nano-mallocr.o)
                              /home/wonjh/st/stm32cubeide_1.6.1/plugins/com.st.stm32cube.ide.mcu.externaltools.gnu-tools-for-stm32.10.3-2021.10.linux64_1.0.0.202111181127/tools/bin/../lib/gcc/arm-none-eabi/10.3.1/../../../../arm-none-eabi/lib/thumb/v7e-m+dp/hard/libc_nano.a(lib_a-malloc.o) (_malloc_r)
[...]
Memory Configuration

Name             Origin             Length             Attributes
RAM              0x0000000020000000 0x0000000000080000 xrw
FLASH            0x0000000008000000 0x0000000000200000 xr
*default*        0x0000000000000000 0xffffffffffffffff

Linker script and memory map

LOAD /home/wonjh/st/stm32cubeide_1.6.1/plugins/com.st.stm32cube.ide.mcu.externaltools.gnu-tools-for-stm32.10.3-2021.10.linux64_1.0.0.202111181127/tools/bin/../lib/gcc/arm-none-eabi/10.3.1/thumb/v7e-m+dp/hard/crti.o
LOAD /home/wonjh/st/stm32cubeide_1.6.1/plugins/com.st.stm32cube.ide.mcu.externaltools.gnu-tools-for-stm32.10.3-2021.10.linux64_1.0.0.202111181127/tools/bin/../lib/gcc/arm-none-eabi/10.3.1/thumb/v7e-m+dp/hard/crtbegin.o
LOAD /home/wonjh/st/stm32cubeide_1.6.1/plugins/com.st.stm32cube.ide.mcu.externaltools.gnu-tools-for-stm32.10.3-2021.10.linux64_1.0.0.202111181127/tools/bin/../lib/gcc/arm-none-eabi/10.3.1/../../../../arm-none-eabi/lib/thumb/v7e-m+dp/hard/crt0.o
LOAD ./Core/Src/appMain.o
LOAD ./Core/Src/main.o
LOAD ./Core/Src/stm32f7xx_hal_msp.o
LOAD ./Core/Src/stm32f7xx_it.o
LOAD ./Core/Src/syscalls.o
LOAD ./Core/Src/sysmem.o
LOAD ./Core/Src/system_stm32f7xx.o
LOAD ./Core/Startup/startup_stm32f767zitx.o
LOAD ./Core/pif/core/source/pif.o
LOAD ./Core/pif/core/source/pif_comm.o
LOAD ./Core/pif/core/source/pif_i2c.o
LOAD ./Core/pif/core/source/pif_led.o
LOAD ./Core/pif/core/source/pif_list.o
LOAD ./Core/pif/core/source/pif_log.o
LOAD ./Core/pif/core/source/pif_ring_buffer.o
LOAD ./Core/pif/core/source/pif_task.o
LOAD ./Core/pif/core/source/pif_timer.o
LOAD ./Core/pif/sensor/source/pif_ads1x1x.o
LOAD ./Drivers/STM32F7xx_HAL_Driver/Src/stm32f7xx_hal.o
LOAD ./Drivers/STM32F7xx_HAL_Driver/Src/stm32f7xx_hal_cortex.o
LOAD ./Drivers/STM32F7xx_HAL_Driver/Src/stm32f7xx_hal_dma.o
LOAD ./Drivers/STM32F7xx_HAL_Driver/Src/stm32f7xx_hal_dma_ex.o
LOAD ./Drivers/STM32F7xx_HAL_Driver/Src/stm32f7xx_hal_exti.o
LOAD ./Drivers/STM32F7xx_HAL_Driver/Src/stm32f7xx_hal_flash.o
LOAD ./Drivers/STM32F7xx_HAL_Driver/Src/stm32f7xx_hal_flash_ex.o
LOAD ./Drivers/STM32F7xx_HAL_Driver/Src/stm32f7xx_hal_gpio.o
LOAD ./Drivers/STM32F7xx_HAL_Driver/Src/stm32f7xx_hal_i2c.o
LOAD ./Drivers/STM32F7xx_HAL_Driver/Src/stm32f7xx_hal_i2c_ex.o
LOAD ./Drivers/STM32F7xx_HAL_Driver/Src/stm32f7xx_hal_pcd.o
LOAD ./Drivers/STM32F7xx_HAL_Driver/Src/stm32f7xx_hal_pcd_ex.o
LOAD ./Drivers/STM32F7xx_HAL_Driver/Src/stm32f7xx_hal_pwr.o
LOAD ./Drivers/STM32F7xx_HAL_Driver/Src/stm32f7xx_hal_pwr_ex.o
LOAD ./Drivers/STM32F7xx_HAL_Driver/Src/stm32f7xx_hal_rcc.o
LOAD ./Drivers/STM32F7xx_HAL_Driver/Src/stm32f7xx_hal_rcc_ex.o
LOAD ./Drivers/STM32F7xx_HAL_Driver/Src/stm32f7xx_hal_tim.o
LOAD ./Drivers/STM32F7xx_HAL_Driver/Src/stm32f7xx_hal_tim_ex.o
LOAD ./Drivers/STM32F7xx_HAL_Driver/Src/stm32f7xx_hal_uart.o
LOAD ./Drivers/STM32F7xx_HAL_Driver/Src/stm32f7xx_hal_uart_ex.o
LOAD ./Drivers/STM32F7xx_HAL_Driver/Src/stm32f7xx_ll_usb.o
START GROUP
LOAD /home/wonjh/st/stm32cubeide_1.6.1/plugins/com.st.stm32cube.ide.mcu.externaltools.gnu-tools-for-stm32.10.3-2021.10.linux64_1.0.0.202111181127/tools/bin/../lib/gcc/arm-none-eabi/10.3.1/../../../../arm-none-eabi/lib/thumb/v7e-m+dp/hard/libc_nano.a
LOAD /home/wonjh/st/stm32cubeide_1.6.1/plugins/com.st.stm32cube.ide.mcu.externaltools.gnu-tools-for-stm32.10.3-2021.10.linux64_1.0.0.202111181127/tools/bin/../lib/gcc/arm-none-eabi/10.3.1/../../../../arm-none-eabi/lib/thumb/v7e-m+dp/hard/libm.a
END GROUP
START GROUP
LOAD /home/wonjh/st/stm32cubeide_1.6.1/plugins/com.st.stm32cube.ide.mcu.externaltools.gnu-tools-for-stm32.10.3-2021.10.linux64_1.0.0.202111181127/tools/bin/../lib/gcc/arm-none-eabi/10.3.1/thumb/v7e-m+dp/hard/libgcc.a
LOAD /home/wonjh/st/stm32cubeide_1.6.1/plugins/com.st.stm32cube.ide.mcu.externaltools.gnu-tools-for-stm32.10.3-2021.10.linux64_1.0.0.202111181127/tools/bin/../lib/gcc/arm-none-eabi/10.3.1/../../../../arm-none-eabi/lib/thumb/v7e-m+dp/hard/libc_nano.a
END GROUP
START GROUP
LOAD /home/wonjh/st/stm32cubeide_1.6.1/plugins/com.st.stm32cube.ide.mcu.externaltools.gnu-tools-for-stm32.10.3-2021.10.linux64_1.0.0.202111181127/tools/bin/../lib/gcc/arm-none-eabi/10.3.1/thumb/v7e-m+dp/hard/libgcc.a
LOAD /home/wonjh/st/stm32cubeide_1.6.1/plugins/com.st.stm32cube.ide.mcu.externaltools.gnu-tools-for-stm32.10.3-2021.10.linux64_1.0.0.202111181127/tools/bin/../lib/gcc/arm-none-eabi/10.3.1/../../../../arm-none-eabi/lib/thumb/v7e-m+dp/hard/libc_nano.a
LOAD /home/wonjh/st/stm32cubeide_1.6.1/plugins/com.st.stm32cube.ide.mcu.externaltools.gnu-tools-for-stm32.10.3-2021.10.linux64_1.0.0.202111181127/tools/bin/../lib/gcc/arm-none-eabi/10.3.1/../../../../arm-none-eabi/lib/thumb/v7e-m+dp/hard/libnosys.a
END GROUP
START GROUP
LOAD /home/wonjh/st/stm32cubeide_1.6.1/plugins/com.st.stm32cube.ide.mcu.externaltools.gnu-tools-for-stm32.10.3-2021.10.linux64_1.0.0.202111181127/tools/bin/../lib/gcc/arm-none-eabi/10.3.1/thumb/v7e-m+dp/hard/libgcc.a
LOAD /home/wonjh/st/stm32cubeide_1.6.1/plugins/com.st.stm32cube.ide.mcu.externaltools.gnu-tools-for-stm32.10.3-2021.10.linux64_1.0.0.202111181127/tools/bin/../lib/gcc/arm-none-eabi/10.3.1/../../../../arm-none-eabi/lib/thumb/v7e-m+dp/hard/libc_nano.a
LOAD /home/wonjh/st/stm32cubeide_1.6.1/plugins/com.st.stm32cube.ide.mcu.externaltools.gnu-tools-for-stm32.10.3-2021.10.linux64_1.0.0.202111181127/tools/bin/../lib/gcc/arm-none-eabi/10.3.1/../../../../arm-none-eabi/lib/thumb/v7e-m+dp/hard/libnosys.a
END GROUP
LOAD /home/wonjh/st/stm32cubeide_1.6.1/plugins/com.st.stm32cube.ide.mcu.externaltools.gnu-tools-for-stm32.10.3-2021.10.linux64_1.0.0.202111181127/tools/bin/../lib/gcc/arm-none-eabi/10.3.1/thumb/v7e-m+dp/hard/crtend.o
LOAD /home/wonjh/st/stm32cubeide_1.6.1/plugins/com.st.stm32cube.ide.mcu.externaltools.gnu-tools-for-stm32.10.3-2021.10.linux64_1.0.0.202111181127/tools/bin/../lib/gcc/arm-none-eabi/10.3.1/thumb/v7e-m+dp/hard/crtn.o
                0x0000000020080000                _estack = (ORIGIN (RAM) + LENGTH (RAM))
                0x0000000000000200                _Min_Heap_Size = 0x200
                0x0000000000000400                _Min_Stack_Size = 0x400

.isr_vector     0x0000000008000000      0x1f8
                0x0000000008000000                . = ALIGN (0x4)
 *(.isr_vector)
 .isr_vector    0x0000000008000000      0x1f8 ./Core/Startup/startup_stm32f767zitx.o
                0x0000000008000000                g_pfnVectors
                0x00000000080001f8                . = ALIGN (0x4)

.text           0x00000000080001f8     0x5898
                0x00000000080001f8                . = ALIGN (0x4)
 *(.text)
 .text          0x00000000080001f8       0x40 /home/wonjh/st/stm32cubeide_1.6.1/plugins/com.st.stm32cube.ide.mcu.externaltools.gnu-tools-for-stm32.10.3-2021.10.linux64_1.0.0.202111181127/tools/bin/../lib/gcc/arm-none-eabi/10.3.1/thumb/v7e-m+dp/hard/crtbegin.o
 .text          0x0000000008000238       0x10 /home/wonjh/st/stm32cubeide_1.6.1/plugins/com.st.stm32cube.ide.mcu.externaltools.gnu-tools-for-stm32.10.3-2021.10.linux64_1.0.0.202111181127/tools/bin/../lib/gcc/arm-none-eabi/10.3.1/../../../../arm-none-eabi/lib/thumb/v7e-m+dp/hard/libc_nano.a(lib_a-strlen.o)
                0x0000000008000238                strlen
 .text          0x0000000008000248       0x30 /home/wonjh/st/stm32cubeide_1.6.1/plugins/com.st.stm32cube.ide.mcu.externaltools.gnu-tools-for-stm32.10.3-2021.10.linux64_1.0.0.202111181127/tools/bin/../lib/gcc/arm-none-eabi/10.3.1/thumb/v7e-m+dp/hard/libgcc.a(_aeabi_uldivmod.o)
                0x0000000008000248                __aeabi_uldivmod
 .text          0x0000000008000278      0x2d0 /home/wonjh/st/stm32cubeide_1.6.1/plugins/com.st.stm32cube.ide.mcu.externaltools.gnu-tools-for-stm32.10.3-2021.10.linux64_1.0.0.202111181127/tools/bin/../lib/gcc/arm-none-eabi/10.3.1/thumb/v7e-m+dp/hard/libgcc.a(_udivmoddi4.o)
                0x0000000008000278                __udivmoddi4
 .text          0x0000000008000548        0x4 /home/wonjh/st/stm32cubeide_1.6.1/plugins/com.st.stm32cube.ide.mcu.externaltools.gnu-tools-for-stm32.10.3-2021.10.linux64_1.0.0.202111181127/tools/bin/../lib/gcc/arm-none-eabi/10.3.1/thumb/v7e-m+dp/hard/libgcc.a(_dvmd_tls.o)
                0x0000000008000548                __aeabi_ldiv0
                0x0000000008000548                __aeabi_idiv0
 *(.text*)
 .text._taskAds1115
                0x000000000800054c       0x4c ./Core/Src/appMain.o
                0x000000000800054c                _taskAds1115
 .text.appSetup
                0x0000000008000598      0x158 ./Core/Src/appMain.o
                0x0000000008000598                appSetup
 .text.actLogStartTransfer
                0x00000000080006f0       0x30 ./Core/Src/main.o
                0x00000000080006f0                actLogStartTransfer
 .text.HAL_UART_TxCpltCallback
                0x0000000008000720       0x54 ./Core/Src/main.o
                0x0000000008000720                HAL_UART_TxCpltCallback
 .text.actLedLState
                0x0000000008000774       0x10 ./Core/Src/main.o
                0x0000000008000774                actLedLState
 .text.actI2cRead
                0x0000000008000784       0x3c ./Core/Src/main.o
                0x0000000008000784                actI2cRead
 .text.actI2cWrite
                0x00000000080007c0       0x38 ./Core/Src/main.o
                0x00000000080007c0                actI2cWrite
 .text.HAL_I2C_MemTxCpltCallback
                0x00000000080007f8       0x1c ./Core/Src/main.o
                0x00000000080007f8                HAL_I2C_MemTxCpltCallback
 .text.HAL_I2C_MemRxCpltCallback
                0x0000000008000814        0x4 ./Core/Src/main.o
                0x0000000008000814                HAL_I2C_MemRxCpltCallback
 .text.SystemClock_Config
                0x0000000008000818       0xac ./Core/Src/main.o
                0x0000000008000818                SystemClock_Config
 .text.startup.main
                0x00000000080008c4      0x240 ./Core/Src/main.o
                0x00000000080008c4                main
 .text.Error_Handler
                0x0000000008000b04        0x4 ./Core/Src/main.o
                0x0000000008000b04                Error_Handler
 .text.HAL_MspInit
                0x0000000008000b08       0x30 ./Core/Src/stm32f7xx_hal_msp.o
                0x0000000008000b08                HAL_MspInit
 .text.HAL_I2C_MspInit
                0x0000000008000b38      0x120 ./Core/Src/stm32f7xx_hal_msp.o
                0x0000000008000b38                HAL_I2C_MspInit
 .text.HAL_UART_MspInit
                0x0000000008000c58       0x98 ./Core/Src/stm32f7xx_hal_msp.o
                0x0000000008000c58                HAL_UART_MspInit
 .text.HAL_PCD_MspInit
                0x0000000008000cf0       0xa8 ./Core/Src/stm32f7xx_hal_msp.o
                0x0000000008000cf0                HAL_PCD_MspInit
 .text.NMI_Handler
                0x0000000008000d98        0x2 ./Core/Src/stm32f7xx_it.o
                0x0000000008000d98                NMI_Handler
 .text.HardFault_Handler
                0x0000000008000d9a        0x2 ./Core/Src/stm32f7xx_it.o
                0x0000000008000d9a                HardFault_Handler
 .text.MemManage_Handler
                0x0000000008000d9c        0x2 ./Core/Src/stm32f7xx_it.o
                0x0000000008000d9c                MemManage_Handler
 .text.BusFault_Handler
                0x0000000008000d9e        0x2 ./Core/Src/stm32f7xx_it.o
                0x0000000008000d9e                BusFault_Handler
 .text.UsageFault_Handler
                0x0000000008000da0        0x2 ./Core/Src/stm32f7xx_it.o
                0x0000000008000da0                UsageFault_Handler
 .text.SVC_Handler
                0x0000000008000da2        0x2 ./Core/Src/stm32f7xx_it.o
                0x0000000008000da2                SVC_Handler
 .text.DebugMon_Handler
                0x0000000008000da4        0x2 ./Core/Src/stm32f7xx_it.o
                0x0000000008000da4                DebugMon_Handler
 .text.PendSV_Handler
                0x0000000008000da6        0x2 ./Core/Src/stm32f7xx_it.o
                0x0000000008000da6                PendSV_Handler
 .text.SysTick_Handler
                0x0000000008000da8       0x34 ./Core/Src/stm32f7xx_it.o
                0x0000000008000da8                SysTick_Handler
 .text.DMA1_Stream0_IRQHandler
                0x0000000008000ddc        0xc ./Core/Src/stm32f7xx_it.o
                0x0000000008000ddc                DMA1_Stream0_IRQHandler
 .text.DMA1_Stream6_IRQHandler
                0x0000000008000de8        0xc ./Core/Src/stm32f7xx_it.o
                0x0000000008000de8                DMA1_Stream6_IRQHandler
 .text.I2C1_EV_IRQHandler
                0x0000000008000df4        0xc ./Core/Src/stm32f7xx_it.o
                0x0000000008000df4                I2C1_EV_IRQHandler
 .text.I2C1_ER_IRQHandler
                0x0000000008000e00        0xc ./Core/Src/stm32f7xx_it.o
                0x0000000008000e00                I2C1_ER_IRQHandler
 .text.USART3_IRQHandler
                0x0000000008000e0c        0xc ./Core/Src/stm32f7xx_it.o
                0x0000000008000e0c                USART3_IRQHandler
 .text._sbrk    0x0000000008000e18       0x40 ./Core/Src/sysmem.o
                0x0000000008000e18                _sbrk
 .text.SystemInit
                0x0000000008000e58       0x14 ./Core/Src/system_stm32f7xx.o
                0x0000000008000e58                SystemInit
 .text.Reset_Handler
                0x0000000008000e6c       0x50 ./Core/Startup/startup_stm32f767zitx.o
                0x0000000008000e6c                Reset_Handler
 .text.Default_Handler
                0x0000000008000ebc        0x2 ./Core/Startup/startup_stm32f767zitx.o
                0x0000000008000ebc                RTC_Alarm_IRQHandler
                0x0000000008000ebc                EXTI2_IRQHandler
                0x0000000008000ebc                TIM8_CC_IRQHandler
                0x0000000008000ebc                UART8_IRQHandler
                0x0000000008000ebc                SPI4_IRQHandler
                0x0000000008000ebc                TIM1_CC_IRQHandler
                0x0000000008000ebc                DMA2_Stream5_IRQHandler
                0x0000000008000ebc                JPEG_IRQHandler
                0x0000000008000ebc                DMA1_Stream5_IRQHandler
                0x0000000008000ebc                CAN3_RX1_IRQHandler
                0x0000000008000ebc                PVD_IRQHandler
                0x0000000008000ebc                TAMP_STAMP_IRQHandler
                0x0000000008000ebc                CAN2_RX1_IRQHandler
                0x0000000008000ebc                EXTI3_IRQHandler
                0x0000000008000ebc                TIM8_TRG_COM_TIM14_IRQHandler
                0x0000000008000ebc                DFSDM1_FLT1_IRQHandler
                0x0000000008000ebc                TIM1_UP_TIM10_IRQHandler
                0x0000000008000ebc                TIM8_UP_TIM13_IRQHandler
                0x0000000008000ebc                I2C3_ER_IRQHandler
                0x0000000008000ebc                DFSDM1_FLT2_IRQHandler
                0x0000000008000ebc                EXTI0_IRQHandler
                0x0000000008000ebc                I2C2_EV_IRQHandler
                0x0000000008000ebc                DMA1_Stream2_IRQHandler
                0x0000000008000ebc                CAN1_RX0_IRQHandler
                0x0000000008000ebc                FPU_IRQHandler
                0x0000000008000ebc                OTG_HS_WKUP_IRQHandler
                0x0000000008000ebc                CAN3_SCE_IRQHandler
                0x0000000008000ebc                LTDC_ER_IRQHandler
                0x0000000008000ebc                CAN2_SCE_IRQHandler
                0x0000000008000ebc                DMA2_Stream2_IRQHandler
                0x0000000008000ebc                SPI1_IRQHandler
                0x0000000008000ebc                TIM6_DAC_IRQHandler
                0x0000000008000ebc                TIM1_BRK_TIM9_IRQHandler
                0x0000000008000ebc                DCMI_IRQHandler
                0x0000000008000ebc                CAN2_RX0_IRQHandler
                0x0000000008000ebc                DMA2_Stream3_IRQHandler
                0x0000000008000ebc                SAI2_IRQHandler
                0x0000000008000ebc                DFSDM1_FLT3_IRQHandler
                0x0000000008000ebc                USART6_IRQHandler
                0x0000000008000ebc                CAN3_RX0_IRQHandler
                0x0000000008000ebc                CAN1_RX1_IRQHandler
                0x0000000008000ebc                UART5_IRQHandler
                0x0000000008000ebc                DMA2_Stream0_IRQHandler
                0x0000000008000ebc                TIM4_IRQHandler
                0x0000000008000ebc                QUADSPI_IRQHandler
                0x0000000008000ebc                DMA1_Stream1_IRQHandler
                0x0000000008000ebc                UART4_IRQHandler
                0x0000000008000ebc                TIM3_IRQHandler
                0x0000000008000ebc                RCC_IRQHandler
                0x0000000008000ebc                TIM8_BRK_TIM12_IRQHandler
                0x0000000008000ebc                Default_Handler
                0x0000000008000ebc                CEC_IRQHandler
                0x0000000008000ebc                EXTI15_10_IRQHandler
                0x0000000008000ebc                ADC_IRQHandler
                0x0000000008000ebc                DMA1_Stream7_IRQHandler
                0x0000000008000ebc                SPI5_IRQHandler
                0x0000000008000ebc                TIM7_IRQHandler
                0x0000000008000ebc                SDMMC1_IRQHandler
                0x0000000008000ebc                CAN2_TX_IRQHandler
                0x0000000008000ebc                TIM5_IRQHandler
                0x0000000008000ebc                DMA2_Stream7_IRQHandler
                0x0000000008000ebc                I2C3_EV_IRQHandler
                0x0000000008000ebc                EXTI9_5_IRQHandler
                0x0000000008000ebc                RTC_WKUP_IRQHandler
                0x0000000008000ebc                LTDC_IRQHandler
                0x0000000008000ebc                ETH_WKUP_IRQHandler
                0x0000000008000ebc                SPDIF_RX_IRQHandler
                0x0000000008000ebc                SPI2_IRQHandler
                0x0000000008000ebc                OTG_HS_EP1_IN_IRQHandler
                0x0000000008000ebc                CAN1_TX_IRQHandler
                0x0000000008000ebc                EXTI4_IRQHandler
                0x0000000008000ebc                RNG_IRQHandler
                0x0000000008000ebc                ETH_IRQHandler
                0x0000000008000ebc                OTG_HS_EP1_OUT_IRQHandler
                0x0000000008000ebc                WWDG_IRQHandler
                0x0000000008000ebc                SPI6_IRQHandler
                0x0000000008000ebc                MDIOS_IRQHandler
                0x0000000008000ebc                I2C4_EV_IRQHandler
                0x0000000008000ebc                CAN3_TX_IRQHandler
                0x0000000008000ebc                TIM2_IRQHandler
                0x0000000008000ebc                OTG_FS_WKUP_IRQHandler
                0x0000000008000ebc                TIM1_TRG_COM_TIM11_IRQHandler
                0x0000000008000ebc                OTG_HS_IRQHandler
                0x0000000008000ebc                DMA2D_IRQHandler
                0x0000000008000ebc                EXTI1_IRQHandler
                0x0000000008000ebc                SDMMC2_IRQHandler
                0x0000000008000ebc                UART7_IRQHandler
                0x0000000008000ebc                USART2_IRQHandler
                0x0000000008000ebc                DFSDM1_FLT0_IRQHandler
                0x0000000008000ebc                I2C2_ER_IRQHandler
                0x0000000008000ebc                DMA2_Stream1_IRQHandler
                0x0000000008000ebc                CAN1_SCE_IRQHandler
                0x0000000008000ebc                FLASH_IRQHandler
                0x0000000008000ebc                DMA2_Stream4_IRQHandler
                0x0000000008000ebc                USART1_IRQHandler
                0x0000000008000ebc                OTG_FS_IRQHandler
                0x0000000008000ebc                SPI3_IRQHandler
                0x0000000008000ebc                DMA1_Stream4_IRQHandler
                0x0000000008000ebc                FMC_IRQHandler
                0x0000000008000ebc                LPTIM1_IRQHandler
                0x0000000008000ebc                I2C4_ER_IRQHandler
                0x0000000008000ebc                DMA2_Stream6_IRQHandler
                0x0000000008000ebc                SAI1_IRQHandler
                0x0000000008000ebc                DMA1_Stream3_IRQHandler
 *fill*         0x0000000008000ebe        0x2 
 .text.pif_Init
                0x0000000008000ec0       0x18 ./Core/pif/core/source/pif.o
                0x0000000008000ec0                pif_Init
 .text.pif_sigTimer1ms
                0x0000000008000ed8       0xdc ./Core/pif/core/source/pif.o
                0x0000000008000ed8                pif_sigTimer1ms
 .text.pif_BinToString
                0x0000000008000fb4       0x48 ./Core/pif/core/source/pif.o
                0x0000000008000fb4                pif_BinToString
 .text.pif_DecToString
                0x0000000008000ffc       0x9c ./Core/pif/core/source/pif.o
                0x0000000008000ffc                pif_DecToString
 .text.pif_HexToString
                0x0000000008001098       0x64 ./Core/pif/core/source/pif.o
                0x0000000008001098                pif_HexToString
 .text.pif_FloatToString
                0x00000000080010fc       0x7e ./Core/pif/core/source/pif.o
                0x00000000080010fc                pif_FloatToString
 *fill*         0x000000000800117a        0x2 
 .text.pif_PrintFormat
                0x000000000800117c      0x190 ./Core/pif/core/source/pif.o
                0x000000000800117c                pif_PrintFormat
 .text._actSendData
                0x000000000800130c       0x32 ./Core/pif/core/source/pif_comm.o
 .text._actReceiveData
                0x000000000800133e        0x6 ./Core/pif/core/source/pif_comm.o
 .text._sendData
                0x0000000008001344       0x40 ./Core/pif/core/source/pif_comm.o
 .text._doTask  0x0000000008001384       0x2c ./Core/pif/core/source/pif_comm.o
 .text.pifComm_Init
                0x00000000080013b0       0x30 ./Core/pif/core/source/pif_comm.o
                0x00000000080013b0                pifComm_Init
 .text.pifComm_AllocTxBuffer
                0x00000000080013e0       0x30 ./Core/pif/core/source/pif_comm.o
                0x00000000080013e0                pifComm_AllocTxBuffer
 .text.pifComm_AttachClient
                0x0000000008001410        0x8 ./Core/pif/core/source/pif_comm.o
                0x0000000008001410                pifComm_AttachClient
 .text.pifComm_StartSendDatas
                0x0000000008001418       0x3a ./Core/pif/core/source/pif_comm.o
                0x0000000008001418                pifComm_StartSendDatas
 .text.pifComm_EndSendDatas
                0x0000000008001452       0x18 ./Core/pif/core/source/pif_comm.o
                0x0000000008001452                pifComm_EndSendDatas
 .text.pifComm_FinishTransfer
                0x000000000800146a        0xe ./Core/pif/core/source/pif_comm.o
                0x000000000800146a                pifComm_FinishTransfer
 .text.pifComm_AttachTask
                0x0000000008001478       0x1c ./Core/pif/core/source/pif_comm.o
                0x0000000008001478                pifComm_AttachTask
 .text.pifI2cPort_Clear
                0x0000000008001494        0x8 ./Core/pif/core/source/pif_i2c.o
                0x0000000008001494                pifI2cPort_Clear
 .text.pifI2cPort_Init
                0x000000000800149c       0x58 ./Core/pif/core/source/pif_i2c.o
                0x000000000800149c                pifI2cPort_Init
 .text.pifI2cPort_AddDevice
                0x00000000080014f4       0x24 ./Core/pif/core/source/pif_i2c.o
                0x00000000080014f4                pifI2cPort_AddDevice
 .text.pifI2cPort_RemoveDevice
                0x0000000008001518        0xa ./Core/pif/core/source/pif_i2c.o
                0x0000000008001518                pifI2cPort_RemoveDevice
 *fill*         0x0000000008001522        0x2 
 .text.pifI2cDevice_Read
                0x0000000008001524       0xd0 ./Core/pif/core/source/pif_i2c.o
                0x0000000008001524                pifI2cDevice_Read
 .text.pifI2cDevice_ReadRegWord
                0x00000000080015f4       0x26 ./Core/pif/core/source/pif_i2c.o
                0x00000000080015f4                pifI2cDevice_ReadRegWord
 *fill*         0x000000000800161a        0x2 
 .text.pifI2cDevice_Write
                0x000000000800161c       0xc4 ./Core/pif/core/source/pif_i2c.o
                0x000000000800161c                pifI2cDevice_Write
 .text.pifI2cDevice_WriteRegWord
                0x00000000080016e0       0x24 ./Core/pif/core/source/pif_i2c.o
                0x00000000080016e0                pifI2cDevice_WriteRegWord
 .text.pifI2cPort_sigEndTransfer
                0x0000000008001704       0x14 ./Core/pif/core/source/pif_i2c.o
                0x0000000008001704                pifI2cPort_sigEndTransfer
 .text._evtTimerSBlinkFinish
                0x0000000008001718       0x3c ./Core/pif/core/source/pif_led.o
 .text._evtTimerMBlinkFinish
                0x0000000008001754       0x76 ./Core/pif/core/source/pif_led.o
 *fill*         0x00000000080017ca        0x2 
 .text.pifLed_Init
                0x00000000080017cc       0x54 ./Core/pif/core/source/pif_led.o
                0x00000000080017cc                pifLed_Init
 .text.pifLed_AttachMBlink
                0x0000000008001820       0xb8 ./Core/pif/core/source/pif_led.o
                0x0000000008001820                pifLed_AttachMBlink
 .text.pifLed_AttachSBlink
                0x00000000080018d8        0x8 ./Core/pif/core/source/pif_led.o
                0x00000000080018d8                pifLed_AttachSBlink
 .text.pifLed_SBlinkOn
                0x00000000080018e0        0xa ./Core/pif/core/source/pif_led.o
                0x00000000080018e0                pifLed_SBlinkOn
 .text.pifFixList_Clear
                0x00000000080018ea       0x2e ./Core/pif/core/source/pif_list.o
                0x00000000080018ea                pifFixList_Clear
 .text.pifFixList_Init
                0x0000000008001918       0x7c ./Core/pif/core/source/pif_list.o
                0x0000000008001918                pifFixList_Init
 .text.pifFixList_AddFirst
                0x0000000008001994       0x2c ./Core/pif/core/source/pif_list.o
                0x0000000008001994                pifFixList_AddFirst
 .text.pifFixList_Remove
                0x00000000080019c0       0x30 ./Core/pif/core/source/pif_list.o
                0x00000000080019c0                pifFixList_Remove
 .text.pifFixList_Count
                0x00000000080019f0        0x4 ./Core/pif/core/source/pif_list.o
                0x00000000080019f0                pifFixList_Count
 .text.pifFixList_Begin
                0x00000000080019f4        0x4 ./Core/pif/core/source/pif_list.o
                0x00000000080019f4                pifFixList_Begin
 .text.pifFixList_Next
                0x00000000080019f8        0x6 ./Core/pif/core/source/pif_list.o
                0x00000000080019f8                pifFixList_Next
 .text._evtParsing
                0x00000000080019fe        0x2 ./Core/pif/core/source/pif_log.o
 .text._printLog
                0x0000000008001a00       0x34 ./Core/pif/core/source/pif_log.o
 .text._printTime
                0x0000000008001a34       0x74 ./Core/pif/core/source/pif_log.o
 .text._evtSending
                0x0000000008001aa8       0x3e ./Core/pif/core/source/pif_log.o
 *fill*         0x0000000008001ae6        0x2 
 .text.pifLog_Init
                0x0000000008001ae8       0x1c ./Core/pif/core/source/pif_log.o
                0x0000000008001ae8                pifLog_Init
 .text.pifLog_Printf
                0x0000000008001b04       0xac ./Core/pif/core/source/pif_log.o
                0x0000000008001b04                pifLog_Printf
 .text.pifLog_AttachComm
                0x0000000008001bb0       0x30 ./Core/pif/core/source/pif_log.o
                0x0000000008001bb0                pifLog_AttachComm
 .text.pifRingBuffer_Clear
                0x0000000008001be0       0x18 ./Core/pif/core/source/pif_ring_buffer.o
                0x0000000008001be0                pifRingBuffer_Clear
 .text.pifRingBuffer_Destroy.part.0
                0x0000000008001bf8       0x16 ./Core/pif/core/source/pif_ring_buffer.o
 *fill*         0x0000000008001c0e        0x2 
 .text.pifRingBuffer_InitHeap
                0x0000000008001c10       0x54 ./Core/pif/core/source/pif_ring_buffer.o
                0x0000000008001c10                pifRingBuffer_InitHeap
 .text.pifRingBuffer_CreateHeap
                0x0000000008001c64       0x3c ./Core/pif/core/source/pif_ring_buffer.o
                0x0000000008001c64                pifRingBuffer_CreateHeap
 .text.pifRingBuffer_SetName
                0x0000000008001ca0        0x4 ./Core/pif/core/source/pif_ring_buffer.o
                0x0000000008001ca0                pifRingBuffer_SetName
 .text.pifRingBuffer_GetTailPointer
                0x0000000008001ca4       0x14 ./Core/pif/core/source/pif_ring_buffer.o
                0x0000000008001ca4                pifRingBuffer_GetTailPointer
 .text.pifRingBuffer_IsBuffer
                0x0000000008001cb8        0xa ./Core/pif/core/source/pif_ring_buffer.o
                0x0000000008001cb8                pifRingBuffer_IsBuffer
 .text.pifRingBuffer_IsEmpty
                0x0000000008001cc2        0xc ./Core/pif/core/source/pif_ring_buffer.o
                0x0000000008001cc2                pifRingBuffer_IsEmpty
 .text.pifRingBuffer_GetFillSize
                0x0000000008001cce       0x14 ./Core/pif/core/source/pif_ring_buffer.o
                0x0000000008001cce                pifRingBuffer_GetFillSize
 .text._chopOff
                0x0000000008001ce2       0x78 ./Core/pif/core/source/pif_ring_buffer.o
 .text.pifRingBuffer_GetLinerSize
                0x0000000008001d5a       0x20 ./Core/pif/core/source/pif_ring_buffer.o
                0x0000000008001d5a                pifRingBuffer_GetLinerSize
 .text.pifRingBuffer_GetRemainSize
                0x0000000008001d7a       0x16 ./Core/pif/core/source/pif_ring_buffer.o
                0x0000000008001d7a                pifRingBuffer_GetRemainSize
 .text.pifRingBuffer_PutData
                0x0000000008001d90       0x54 ./Core/pif/core/source/pif_ring_buffer.o
                0x0000000008001d90                pifRingBuffer_PutData
 .text.pifRingBuffer_PutString
                0x0000000008001de4       0x60 ./Core/pif/core/source/pif_ring_buffer.o
                0x0000000008001de4                pifRingBuffer_PutString
 .text.pifRingBuffer_GetByte
                0x0000000008001e44       0x28 ./Core/pif/core/source/pif_ring_buffer.o
                0x0000000008001e44                pifRingBuffer_GetByte
 .text.pifRingBuffer_Remove
                0x0000000008001e6c       0x24 ./Core/pif/core/source/pif_ring_buffer.o
                0x0000000008001e6c                pifRingBuffer_Remove
 .text._resetTable
                0x0000000008001e90       0x2c ./Core/pif/core/source/pif_task.o
 .text._processingPeriodUs
                0x0000000008001ebc       0x2c ./Core/pif/core/source/pif_task.o
 .text._processingPeriodMs
                0x0000000008001ee8       0x28 ./Core/pif/core/source/pif_task.o
 .text._processingChangeUs
                0x0000000008001f10       0x30 ./Core/pif/core/source/pif_task.o
 .text._processingChangeMs
                0x0000000008001f40       0x2c ./Core/pif/core/source/pif_task.o
 .text._checkParam
                0x0000000008001f6c       0x54 ./Core/pif/core/source/pif_task.o
 .text._setParam
                0x0000000008001fc0      0x10c ./Core/pif/core/source/pif_task.o
 .text._processingRatio
                0x00000000080020cc       0x48 ./Core/pif/core/source/pif_task.o
 .text._checkLoopTime.constprop.0
                0x0000000008002114       0x40 ./Core/pif/core/source/pif_task.o
 .text._processingAlways
                0x0000000008002154       0x2c ./Core/pif/core/source/pif_task.o
 .text.pifTaskManager_Init
                0x0000000008002180       0x34 ./Core/pif/core/source/pif_task.o
                0x0000000008002180                pifTaskManager_Init
 .text.pifTaskManager_Add
                0x00000000080021b4       0x64 ./Core/pif/core/source/pif_task.o
                0x00000000080021b4                pifTaskManager_Add
 .text.pifTaskManager_Remove
                0x0000000008002218       0x20 ./Core/pif/core/source/pif_task.o
                0x0000000008002218                pifTaskManager_Remove
 .text.pifTaskManager_Count
                0x0000000008002238        0xc ./Core/pif/core/source/pif_task.o
                0x0000000008002238                pifTaskManager_Count
 .text.pifTaskManager_Loop
                0x0000000008002244       0x74 ./Core/pif/core/source/pif_task.o
                0x0000000008002244                pifTaskManager_Loop
 .text.pifTaskManager_Yield
                0x00000000080022b8       0x84 ./Core/pif/core/source/pif_task.o
                0x00000000080022b8                pifTaskManager_Yield
 .text.pifTaskManager_YieldMs
                0x000000000800233c       0x1c ./Core/pif/core/source/pif_task.o
                0x000000000800233c                pifTaskManager_YieldMs
 .text.pifTaskManager_YieldUs
                0x0000000008002358       0x40 ./Core/pif/core/source/pif_task.o
                0x0000000008002358                pifTaskManager_YieldUs
 .text._doTask  0x0000000008002398       0x30 ./Core/pif/core/source/pif_timer.o
 .text.pifTimerManager_Clear
                0x00000000080023c8       0x1e ./Core/pif/core/source/pif_timer.o
                0x00000000080023c8                pifTimerManager_Clear
 *fill*         0x00000000080023e6        0x2 
 .text.pifTimerManager_Init
                0x00000000080023e8       0x6c ./Core/pif/core/source/pif_timer.o
                0x00000000080023e8                pifTimerManager_Init
 .text.pifTimerManager_Add
                0x0000000008002454       0x14 ./Core/pif/core/source/pif_timer.o
                0x0000000008002454                pifTimerManager_Add
 .text.pifTimerManager_Count
                0x0000000008002468        0x6 ./Core/pif/core/source/pif_timer.o
                0x0000000008002468                pifTimerManager_Count
 *fill*         0x000000000800246e        0x2 
 .text.pifTimer_Start
                0x0000000008002470       0x2c ./Core/pif/core/source/pif_timer.o
                0x0000000008002470                pifTimer_Start
 .text.pifTimerManager_sigTick
                0x000000000800249c       0xa6 ./Core/pif/core/source/pif_timer.o
                0x000000000800249c                pifTimerManager_sigTick
 .text.pifTimer_AttachEvtFinish
                0x0000000008002542        0x6 ./Core/pif/core/source/pif_timer.o
                0x0000000008002542                pifTimer_AttachEvtFinish
 .text._convertVoltage
                0x0000000008002548       0x80 ./Core/pif/sensor/source/pif_ads1x1x.o
 .text._conversionDelay
                0x00000000080025c8       0x50 ./Core/pif/sensor/source/pif_ads1x1x.o
 .text.pifAds1x1x_Clear
                0x0000000008002618       0x14 ./Core/pif/sensor/source/pif_ads1x1x.o
                0x0000000008002618                pifAds1x1x_Clear
 .text.pifAds1x1x_Init
                0x000000000800262c       0xa4 ./Core/pif/sensor/source/pif_ads1x1x.o
                0x000000000800262c                pifAds1x1x_Init
 .text.pifAds1x1x_ReadMux
                0x00000000080026d0       0x64 ./Core/pif/sensor/source/pif_ads1x1x.o
                0x00000000080026d0                pifAds1x1x_ReadMux
 .text.pifAds1x1x_SetConfig
                0x0000000008002734        0xc ./Core/pif/sensor/source/pif_ads1x1x.o
                0x0000000008002734                pifAds1x1x_SetConfig
 .text.pifAds1x1x_SetLoThresh
                0x0000000008002740       0x18 ./Core/pif/sensor/source/pif_ads1x1x.o
                0x0000000008002740                pifAds1x1x_SetLoThresh
 .text.pifAds1x1x_SetLoThreshVoltage
                0x0000000008002758       0x16 ./Core/pif/sensor/source/pif_ads1x1x.o
                0x0000000008002758                pifAds1x1x_SetLoThreshVoltage
 .text.pifAds1x1x_SetHiThresh
                0x000000000800276e       0x18 ./Core/pif/sensor/source/pif_ads1x1x.o
                0x000000000800276e                pifAds1x1x_SetHiThresh
 .text.pifAds1x1x_SetHiThreshVoltage
                0x0000000008002786       0x16 ./Core/pif/sensor/source/pif_ads1x1x.o
                0x0000000008002786                pifAds1x1x_SetHiThreshVoltage
 .text.HAL_InitTick
                0x000000000800279c       0x48 ./Drivers/STM32F7xx_HAL_Driver/Src/stm32f7xx_hal.o
                0x000000000800279c                HAL_InitTick
 .text.HAL_Init
                0x00000000080027e4       0x16 ./Drivers/STM32F7xx_HAL_Driver/Src/stm32f7xx_hal.o
                0x00000000080027e4                HAL_Init
 *fill*         0x00000000080027fa        0x2 
 .text.HAL_IncTick
                0x00000000080027fc       0x18 ./Drivers/STM32F7xx_HAL_Driver/Src/stm32f7xx_hal.o
                0x00000000080027fc                HAL_IncTick
 .text.HAL_GetTick
                0x0000000008002814        0xc ./Drivers/STM32F7xx_HAL_Driver/Src/stm32f7xx_hal.o
                0x0000000008002814                HAL_GetTick
 .text.HAL_Delay
                0x0000000008002820       0x24 ./Drivers/STM32F7xx_HAL_Driver/Src/stm32f7xx_hal.o
                0x0000000008002820                HAL_Delay
 .text.HAL_NVIC_SetPriorityGrouping
                0x0000000008002844       0x24 ./Drivers/STM32F7xx_HAL_Driver/Src/stm32f7xx_hal_cortex.o
                0x0000000008002844                HAL_NVIC_SetPriorityGrouping
 .text.HAL_NVIC_SetPriority
                0x0000000008002868       0x64 ./Drivers/STM32F7xx_HAL_Driver/Src/stm32f7xx_hal_cortex.o
                0x0000000008002868                HAL_NVIC_SetPriority
 .text.HAL_NVIC_EnableIRQ
                0x00000000080028cc       0x1c ./Drivers/STM32F7xx_HAL_Driver/Src/stm32f7xx_hal_cortex.o
                0x00000000080028cc                HAL_NVIC_EnableIRQ
 .text.HAL_SYSTICK_Config
                0x00000000080028e8       0x28 ./Drivers/STM32F7xx_HAL_Driver/Src/stm32f7xx_hal_cortex.o
                0x00000000080028e8                HAL_SYSTICK_Config
 .text.DMA_CalcBaseAndBitshift
                0x0000000008002910       0x2c ./Drivers/STM32F7xx_HAL_Driver/Src/stm32f7xx_hal_dma.o
 .text.HAL_DMA_Init
                0x000000000800293c      0x100 ./Drivers/STM32F7xx_HAL_Driver/Src/stm32f7xx_hal_dma.o
                0x000000000800293c                HAL_DMA_Init
 .text.HAL_DMA_Abort
                0x0000000008002a3c       0x88 ./Drivers/STM32F7xx_HAL_Driver/Src/stm32f7xx_hal_dma.o
                0x0000000008002a3c                HAL_DMA_Abort
 .text.HAL_DMA_Abort_IT
                0x0000000008002ac4       0x24 ./Drivers/STM32F7xx_HAL_Driver/Src/stm32f7xx_hal_dma.o
                0x0000000008002ac4                HAL_DMA_Abort_IT
 .text.HAL_DMA_IRQHandler
                0x0000000008002ae8      0x17c ./Drivers/STM32F7xx_HAL_Driver/Src/stm32f7xx_hal_dma.o
                0x0000000008002ae8                HAL_DMA_IRQHandler
 .text.HAL_DMA_GetState
                0x0000000008002c64        0x6 ./Drivers/STM32F7xx_HAL_Driver/Src/stm32f7xx_hal_dma.o
                0x0000000008002c64                HAL_DMA_GetState
 *fill*         0x0000000008002c6a        0x2 
 .text.HAL_GPIO_Init
                0x0000000008002c6c      0x1c8 ./Drivers/STM32F7xx_HAL_Driver/Src/stm32f7xx_hal_gpio.o
                0x0000000008002c6c                HAL_GPIO_Init
 .text.HAL_GPIO_WritePin
                0x0000000008002e34        0xa ./Drivers/STM32F7xx_HAL_Driver/Src/stm32f7xx_hal_gpio.o
                0x0000000008002e34                HAL_GPIO_WritePin
 .text.I2C_Flush_TXDR
                0x0000000008002e3e       0x1c ./Drivers/STM32F7xx_HAL_Driver/Src/stm32f7xx_hal_i2c.o
 *fill*         0x0000000008002e5a        0x2 
 .text.I2C_TransferConfig
                0x0000000008002e5c       0x2c ./Drivers/STM32F7xx_HAL_Driver/Src/stm32f7xx_hal_i2c.o
 .text.I2C_Enable_IRQ
                0x0000000008002e88       0x68 ./Drivers/STM32F7xx_HAL_Driver/Src/stm32f7xx_hal_i2c.o
 .text.I2C_Disable_IRQ
                0x0000000008002ef0       0x42 ./Drivers/STM32F7xx_HAL_Driver/Src/stm32f7xx_hal_i2c.o
 .text.I2C_IsErrorOccurred
                0x0000000008002f32      0x116 ./Drivers/STM32F7xx_HAL_Driver/Src/stm32f7xx_hal_i2c.o
 .text.I2C_WaitOnTXISFlagUntilTimeout
                0x0000000008003048       0x4e ./Drivers/STM32F7xx_HAL_Driver/Src/stm32f7xx_hal_i2c.o
 .text.I2C_WaitOnFlagUntilTimeout
                0x0000000008003096       0x54 ./Drivers/STM32F7xx_HAL_Driver/Src/stm32f7xx_hal_i2c.o
 *fill*         0x00000000080030ea        0x2 
 .text.I2C_RequestMemoryWrite
                0x00000000080030ec       0x6c ./Drivers/STM32F7xx_HAL_Driver/Src/stm32f7xx_hal_i2c.o
 .text.I2C_RequestMemoryRead
                0x0000000008003158       0x6c ./Drivers/STM32F7xx_HAL_Driver/Src/stm32f7xx_hal_i2c.o
 .text.HAL_I2C_Init
                0x00000000080031c4       0xa2 ./Drivers/STM32F7xx_HAL_Driver/Src/stm32f7xx_hal_i2c.o
                0x00000000080031c4                HAL_I2C_Init
 *fill*         0x0000000008003266        0x2 
 .text.HAL_I2C_Master_Transmit_IT
                0x0000000008003268       0x88 ./Drivers/STM32F7xx_HAL_Driver/Src/stm32f7xx_hal_i2c.o
                0x0000000008003268                HAL_I2C_Master_Transmit_IT
 .text.HAL_I2C_Master_Receive_IT
                0x00000000080032f0       0x88 ./Drivers/STM32F7xx_HAL_Driver/Src/stm32f7xx_hal_i2c.o
                0x00000000080032f0                HAL_I2C_Master_Receive_IT
 .text.HAL_I2C_Mem_Write_IT
                0x0000000008003378       0xcc ./Drivers/STM32F7xx_HAL_Driver/Src/stm32f7xx_hal_i2c.o
                0x0000000008003378                HAL_I2C_Mem_Write_IT
 .text.HAL_I2C_Mem_Read_IT
                0x0000000008003444       0xd0 ./Drivers/STM32F7xx_HAL_Driver/Src/stm32f7xx_hal_i2c.o
                0x0000000008003444                HAL_I2C_Mem_Read_IT
 .text.HAL_I2C_EV_IRQHandler
                0x0000000008003514        0xe ./Drivers/STM32F7xx_HAL_Driver/Src/stm32f7xx_hal_i2c.o
                0x0000000008003514                HAL_I2C_EV_IRQHandler
 .text.HAL_I2C_MasterTxCpltCallback
                0x0000000008003522        0x2 ./Drivers/STM32F7xx_HAL_Driver/Src/stm32f7xx_hal_i2c.o
                0x0000000008003522                HAL_I2C_MasterTxCpltCallback
 .text.HAL_I2C_MasterRxCpltCallback
                0x0000000008003524        0x2 ./Drivers/STM32F7xx_HAL_Driver/Src/stm32f7xx_hal_i2c.o
                0x0000000008003524                HAL_I2C_MasterRxCpltCallback
 .text.I2C_ITMasterSeqCplt
                0x0000000008003526       0x44 ./Drivers/STM32F7xx_HAL_Driver/Src/stm32f7xx_hal_i2c.o
 .text.HAL_I2C_SlaveTxCpltCallback
                0x000000000800356a        0x2 ./Drivers/STM32F7xx_HAL_Driver/Src/stm32f7xx_hal_i2c.o
                0x000000000800356a                HAL_I2C_SlaveTxCpltCallback
 .text.HAL_I2C_SlaveRxCpltCallback
                0x000000000800356c        0x2 ./Drivers/STM32F7xx_HAL_Driver/Src/stm32f7xx_hal_i2c.o
                0x000000000800356c                HAL_I2C_SlaveRxCpltCallback
 .text.I2C_ITSlaveSeqCplt
                0x000000000800356e       0x6c ./Drivers/STM32F7xx_HAL_Driver/Src/stm32f7xx_hal_i2c.o
 .text.HAL_I2C_AddrCallback
                0x00000000080035da        0x2 ./Drivers/STM32F7xx_HAL_Driver/Src/stm32f7xx_hal_i2c.o
                0x00000000080035da                HAL_I2C_AddrCallback
 .text.I2C_ITAddrCplt.constprop.0
                0x00000000080035dc       0x88 ./Drivers/STM32F7xx_HAL_Driver/Src/stm32f7xx_hal_i2c.o
 .text.HAL_I2C_ListenCpltCallback
                0x0000000008003664        0x2 ./Drivers/STM32F7xx_HAL_Driver/Src/stm32f7xx_hal_i2c.o
                0x0000000008003664                HAL_I2C_ListenCpltCallback
 *fill*         0x0000000008003666        0x2 
 .text.I2C_ITListenCplt
                0x0000000008003668       0x60 ./Drivers/STM32F7xx_HAL_Driver/Src/stm32f7xx_hal_i2c.o
 .text.HAL_I2C_ErrorCallback
                0x00000000080036c8        0x2 ./Drivers/STM32F7xx_HAL_Driver/Src/stm32f7xx_hal_i2c.o
                0x00000000080036c8                HAL_I2C_ErrorCallback
 .text.HAL_I2C_AbortCpltCallback
                0x00000000080036ca        0x2 ./Drivers/STM32F7xx_HAL_Driver/Src/stm32f7xx_hal_i2c.o
                0x00000000080036ca                HAL_I2C_AbortCpltCallback
 .text.I2C_TreatErrorCallback
                0x00000000080036cc       0x2c ./Drivers/STM32F7xx_HAL_Driver/Src/stm32f7xx_hal_i2c.o
 .text.I2C_ITError
                0x00000000080036f8       0xe4 ./Drivers/STM32F7xx_HAL_Driver/Src/stm32f7xx_hal_i2c.o
 .text.I2C_ITSlaveCplt
                0x00000000080037dc      0x128 ./Drivers/STM32F7xx_HAL_Driver/Src/stm32f7xx_hal_i2c.o
 .text.I2C_Slave_ISR_IT
                0x0000000008003904      0x112 ./Drivers/STM32F7xx_HAL_Driver/Src/stm32f7xx_hal_i2c.o
 .text.I2C_ITMasterCplt
                0x0000000008003a16       0xf0 ./Drivers/STM32F7xx_HAL_Driver/Src/stm32f7xx_hal_i2c.o
 .text.I2C_Master_ISR_IT
                0x0000000008003b06      0x122 ./Drivers/STM32F7xx_HAL_Driver/Src/stm32f7xx_hal_i2c.o
 .text.I2C_Slave_ISR_DMA
                0x0000000008003c28       0xf0 ./Drivers/STM32F7xx_HAL_Driver/Src/stm32f7xx_hal_i2c.o
 .text.I2C_Master_ISR_DMA
                0x0000000008003d18      0x106 ./Drivers/STM32F7xx_HAL_Driver/Src/stm32f7xx_hal_i2c.o
 .text.HAL_I2C_ER_IRQHandler
                0x0000000008003e1e       0x60 ./Drivers/STM32F7xx_HAL_Driver/Src/stm32f7xx_hal_i2c.o
                0x0000000008003e1e                HAL_I2C_ER_IRQHandler
 .text.I2C_DMAAbort
                0x0000000008003e7e       0x16 ./Drivers/STM32F7xx_HAL_Driver/Src/stm32f7xx_hal_i2c.o
 .text.HAL_I2CEx_ConfigAnalogFilter
                0x0000000008003e94       0x4c ./Drivers/STM32F7xx_HAL_Driver/Src/stm32f7xx_hal_i2c_ex.o
                0x0000000008003e94                HAL_I2CEx_ConfigAnalogFilter
 .text.HAL_I2CEx_ConfigDigitalFilter
                0x0000000008003ee0       0x4a ./Drivers/STM32F7xx_HAL_Driver/Src/stm32f7xx_hal_i2c_ex.o
                0x0000000008003ee0                HAL_I2CEx_ConfigDigitalFilter
 .text.HAL_PCD_Init
                0x0000000008003f2a      0x112 ./Drivers/STM32F7xx_HAL_Driver/Src/stm32f7xx_hal_pcd.o
                0x0000000008003f2a                HAL_PCD_Init
 .text.HAL_PCDEx_ActivateLPM
                0x000000000800403c       0x26 ./Drivers/STM32F7xx_HAL_Driver/Src/stm32f7xx_hal_pcd_ex.o
                0x000000000800403c                HAL_PCDEx_ActivateLPM
 *fill*         0x0000000008004062        0x2 
 .text.HAL_PWR_EnableBkUpAccess
                0x0000000008004064       0x10 ./Drivers/STM32F7xx_HAL_Driver/Src/stm32f7xx_hal_pwr.o
                0x0000000008004064                HAL_PWR_EnableBkUpAccess
 .text.HAL_PWREx_EnableOverDrive
                0x0000000008004074       0x70 ./Drivers/STM32F7xx_HAL_Driver/Src/stm32f7xx_hal_pwr_ex.o
                0x0000000008004074                HAL_PWREx_EnableOverDrive
 .text.HAL_RCC_OscConfig
                0x00000000080040e4      0x38c ./Drivers/STM32F7xx_HAL_Driver/Src/stm32f7xx_hal_rcc.o
                0x00000000080040e4                HAL_RCC_OscConfig
 .text.HAL_RCC_GetSysClockFreq
                0x0000000008004470       0x5c ./Drivers/STM32F7xx_HAL_Driver/Src/stm32f7xx_hal_rcc.o
                0x0000000008004470                HAL_RCC_GetSysClockFreq
 .text.HAL_RCC_ClockConfig
                0x00000000080044cc      0x140 ./Drivers/STM32F7xx_HAL_Driver/Src/stm32f7xx_hal_rcc.o
                0x00000000080044cc                HAL_RCC_ClockConfig
 .text.HAL_RCC_GetPCLK1Freq
                0x000000000800460c       0x20 ./Drivers/STM32F7xx_HAL_Driver/Src/stm32f7xx_hal_rcc.o
                0x000000000800460c                HAL_RCC_GetPCLK1Freq
 .text.HAL_RCC_GetPCLK2Freq
                0x000000000800462c       0x20 ./Drivers/STM32F7xx_HAL_Driver/Src/stm32f7xx_hal_rcc.o
                0x000000000800462c                HAL_RCC_GetPCLK2Freq
 .text.HAL_RCCEx_PeriphCLKConfig
                0x000000000800464c      0x558 ./Drivers/STM32F7xx_HAL_Driver/Src/stm32f7xx_hal_rcc_ex.o
                0x000000000800464c                HAL_RCCEx_PeriphCLKConfig
 .text.UART_EndRxTransfer
                0x0000000008004ba4       0x4e ./Drivers/STM32F7xx_HAL_Driver/Src/stm32f7xx_hal_uart.o
 .text.UART_TxISR_8BIT.part.0
                0x0000000008004bf2       0x26 ./Drivers/STM32F7xx_HAL_Driver/Src/stm32f7xx_hal_uart.o
 .text.UART_TxISR_8BIT
                0x0000000008004c18       0x2e ./Drivers/STM32F7xx_HAL_Driver/Src/stm32f7xx_hal_uart.o
 .text.UART_TxISR_16BIT
                0x0000000008004c46       0x32 ./Drivers/STM32F7xx_HAL_Driver/Src/stm32f7xx_hal_uart.o
 .text.HAL_UART_Transmit_IT
                0x0000000008004c78       0x6c ./Drivers/STM32F7xx_HAL_Driver/Src/stm32f7xx_hal_uart.o
                0x0000000008004c78                HAL_UART_Transmit_IT
 .text.HAL_UART_ErrorCallback
                0x0000000008004ce4        0x2 ./Drivers/STM32F7xx_HAL_Driver/Src/stm32f7xx_hal_uart.o
                0x0000000008004ce4                HAL_UART_ErrorCallback
 .text.UART_DMAAbortOnError
                0x0000000008004ce6       0x14 ./Drivers/STM32F7xx_HAL_Driver/Src/stm32f7xx_hal_uart.o
 .text.HAL_UARTEx_RxEventCallback
                0x0000000008004cfa        0x2 ./Drivers/STM32F7xx_HAL_Driver/Src/stm32f7xx_hal_uart.o
                0x0000000008004cfa                HAL_UARTEx_RxEventCallback
 .text.HAL_UARTEx_WakeupCallback
                0x0000000008004cfc        0x2 ./Drivers/STM32F7xx_HAL_Driver/Src/stm32f7xx_hal_uart.o
                0x0000000008004cfc                HAL_UARTEx_WakeupCallback
 *fill*         0x0000000008004cfe        0x2 
 .text.HAL_UART_IRQHandler
                0x0000000008004d00      0x28c ./Drivers/STM32F7xx_HAL_Driver/Src/stm32f7xx_hal_uart.o
                0x0000000008004d00                HAL_UART_IRQHandler
 .text.UART_SetConfig
                0x0000000008004f8c      0x284 ./Drivers/STM32F7xx_HAL_Driver/Src/stm32f7xx_hal_uart.o
                0x0000000008004f8c                UART_SetConfig
 .text.UART_AdvFeatureConfig
                0x0000000008005210       0xaa ./Drivers/STM32F7xx_HAL_Driver/Src/stm32f7xx_hal_uart.o
                0x0000000008005210                UART_AdvFeatureConfig
 .text.UART_WaitOnFlagUntilTimeout
                0x00000000080052ba       0xbc ./Drivers/STM32F7xx_HAL_Driver/Src/stm32f7xx_hal_uart.o
                0x00000000080052ba                UART_WaitOnFlagUntilTimeout
 .text.UART_CheckIdleState
                0x0000000008005376       0x66 ./Drivers/STM32F7xx_HAL_Driver/Src/stm32f7xx_hal_uart.o
                0x0000000008005376                UART_CheckIdleState
 .text.HAL_UART_Init
                0x00000000080053dc       0x5c ./Drivers/STM32F7xx_HAL_Driver/Src/stm32f7xx_hal_uart.o
                0x00000000080053dc                HAL_UART_Init
 .text.USB_CoreReset
                0x0000000008005438       0x48 ./Drivers/STM32F7xx_HAL_Driver/Src/stm32f7xx_ll_usb.o
 .text.USB_CoreInit
                0x0000000008005480       0x76 ./Drivers/STM32F7xx_HAL_Driver/Src/stm32f7xx_ll_usb.o
                0x0000000008005480                USB_CoreInit
 .text.USB_DisableGlobalInt
                0x00000000080054f6        0xc ./Drivers/STM32F7xx_HAL_Driver/Src/stm32f7xx_ll_usb.o
                0x00000000080054f6                USB_DisableGlobalInt
 .text.USB_SetCurrentMode
                0x0000000008005502       0x5c ./Drivers/STM32F7xx_HAL_Driver/Src/stm32f7xx_ll_usb.o
                0x0000000008005502                USB_SetCurrentMode
 *fill*         0x000000000800555e        0x2 
 .text.USB_FlushTxFifo
                0x0000000008005560       0x48 ./Drivers/STM32F7xx_HAL_Driver/Src/stm32f7xx_ll_usb.o
                0x0000000008005560                USB_FlushTxFifo
 .text.USB_FlushRxFifo
                0x00000000080055a8       0x44 ./Drivers/STM32F7xx_HAL_Driver/Src/stm32f7xx_ll_usb.o
                0x00000000080055a8                USB_FlushRxFifo
 .text.USB_SetDevSpeed
                0x00000000080055ec        0xe ./Drivers/STM32F7xx_HAL_Driver/Src/stm32f7xx_ll_usb.o
                0x00000000080055ec                USB_SetDevSpeed
 *fill*         0x00000000080055fa        0x2 
 .text.USB_DevInit
                0x00000000080055fc      0x16c ./Drivers/STM32F7xx_HAL_Driver/Src/stm32f7xx_ll_usb.o
                0x00000000080055fc                USB_DevInit
 .text.USB_DevDisconnect
                0x0000000008005768       0x1c ./Drivers/STM32F7xx_HAL_Driver/Src/stm32f7xx_ll_usb.o
                0x0000000008005768                USB_DevDisconnect
 .text.calloc   0x0000000008005784       0x10 /home/wonjh/st/stm32cubeide_1.6.1/plugins/com.st.stm32cube.ide.mcu.externaltools.gnu-tools-for-stm32.10.3-2021.10.linux64_1.0.0.202111181127/tools/bin/../lib/gcc/arm-none-eabi/10.3.1/../../../../arm-none-eabi/lib/thumb/v7e-m+dp/hard/libc_nano.a(lib_a-calloc.o)
                0x0000000008005784                calloc
 .text.__errno  0x0000000008005794        0xc /home/wonjh/st/stm32cubeide_1.6.1/plugins/com.st.stm32cube.ide.mcu.externaltools.gnu-tools-for-stm32.10.3-2021.10.linux64_1.0.0.202111181127/tools/bin/../lib/gcc/arm-none-eabi/10.3.1/../../../../arm-none-eabi/lib/thumb/v7e-m+dp/hard/libc_nano.a(lib_a-errno.o)
                0x0000000008005794                __errno
 .text.__libc_init_array
                0x00000000080057a0       0x48 /home/wonjh/st/stm32cubeide_1.6.1/plugins/com.st.stm32cube.ide.mcu.externaltools.gnu-tools-for-stm32.10.3-2021.10.linux64_1.0.0.202111181127/tools/bin/../lib/gcc/arm-none-eabi/10.3.1/../../../../arm-none-eabi/lib/thumb/v7e-m+dp/hard/libc_nano.a(lib_a-init.o)
                0x00000000080057a0                __libc_init_array
 .text.malloc   0x00000000080057e8       0x10 /home/wonjh/st/stm32cubeide_1.6.1/plugins/com.st.stm32cube.ide.mcu.externaltools.gnu-tools-for-stm32.10.3-2021.10.linux64_1.0.0.202111181127/tools/bin/../lib/gcc/arm-none-eabi/10.3.1/../../../../arm-none-eabi/lib/thumb/v7e-m+dp/hard/libc_nano.a(lib_a-malloc.o)
                0x00000000080057e8                malloc
 .text.free     0x00000000080057f8       0x10 /home/wonjh/st/stm32cubeide_1.6.1/plugins/com.st.stm32cube.ide.mcu.externaltools.gnu-tools-for-stm32.10.3-2021.10.linux64_1.0.0.202111181127/tools/bin/../lib/gcc/arm-none-eabi/10.3.1/../../../../arm-none-eabi/lib/thumb/v7e-m+dp/hard/libc_nano.a(lib_a-malloc.o)
                0x00000000080057f8                free
 .text.memset   0x0000000008005808       0x10 /home/wonjh/st/stm32cubeide_1.6.1/plugins/com.st.stm32cube.ide.mcu.externaltools.gnu-tools-for-stm32.10.3-2021.10.linux64_1.0.0.202111181127/tools/bin/../lib/gcc/arm-none-eabi/10.3.1/../../../../arm-none-eabi/lib/thumb/v7e-m+dp/hard/libc_nano.a(lib_a-memset.o)
                0x0000000008005808                memset
 .text._calloc_r
                0x0000000008005818       0x2c /home/wonjh/st/stm32cubeide_1.6.1/plugins/com.st.stm32cube.ide.mcu.externaltools.gnu-tools-for-stm32.10.3-2021.10.linux64_1.0.0.202111181127/tools/bin/../lib/gcc/arm-none-eabi/10.3.1/../../../../arm-none-eabi/lib/thumb/v7e-m+dp/hard/libc_nano.a(lib_a-nano-callocr.o)
                0x0000000008005818                _calloc_r
 .text._free_r  0x0000000008005844       0x98 /home/wonjh/st/stm32cubeide_1.6.1/plugins/com.st.stm32cube.ide.mcu.externaltools.gnu-tools-for-stm32.10.3-2021.10.linux64_1.0.0.202111181127/tools/bin/../lib/gcc/arm-none-eabi/10.3.1/../../../../arm-none-eabi/lib/thumb/v7e-m+dp/hard/libc_nano.a(lib_a-nano-freer.o)
                0x0000000008005844                _free_r
 .text.sbrk_aligned
                0x00000000080058dc       0x40 /home/wonjh/st/stm32cubeide_1.6.1/plugins/com.st.stm32cube.ide.mcu.externaltools.gnu-tools-for-stm32.10.3-2021.10.linux64_1.0.0.202111181127/tools/bin/../lib/gcc/arm-none-eabi/10.3.1/../../../../arm-none-eabi/lib/thumb/v7e-m+dp/hard/libc_nano.a(lib_a-nano-mallocr.o)
 .text._malloc_r
                0x000000000800591c       0xe8 /home/wonjh/st/stm32cubeide_1.6.1/plugins/com.st.stm32cube.ide.mcu.externaltools.gnu-tools-for-stm32.10.3-2021.10.linux64_1.0.0.202111181127/tools/bin/../lib/gcc/arm-none-eabi/10.3.1/../../../../arm-none-eabi/lib/thumb/v7e-m+dp/hard/libc_nano.a(lib_a-nano-mallocr.o)
                0x000000000800591c                _malloc_r
 .text._sbrk_r  0x0000000008005a04       0x20 /home/wonjh/st/stm32cubeide_1.6.1/plugins/com.st.stm32cube.ide.mcu.externaltools.gnu-tools-for-stm32.10.3-2021.10.linux64_1.0.0.202111181127/tools/bin/../lib/gcc/arm-none-eabi/10.3.1/../../../../arm-none-eabi/lib/thumb/v7e-m+dp/hard/libc_nano.a(lib_a-sbrkr.o)
                0x0000000008005a04                _sbrk_r
 .text.strcpy   0x0000000008005a24       0x10 /home/wonjh/st/stm32cubeide_1.6.1/plugins/com.st.stm32cube.ide.mcu.externaltools.gnu-tools-for-stm32.10.3-2021.10.linux64_1.0.0.202111181127/tools/bin/../lib/gcc/arm-none-eabi/10.3.1/../../../../arm-none-eabi/lib/thumb/v7e-m+dp/hard/libc_nano.a(lib_a-strcpy.o)
                0x0000000008005a24                strcpy
 .text.strncpy  0x0000000008005a34       0x26 /home/wonjh/st/stm32cubeide_1.6.1/plugins/com.st.stm32cube.ide.mcu.externaltools.gnu-tools-for-stm32.10.3-2021.10.linux64_1.0.0.202111181127/tools/bin/../lib/gcc/arm-none-eabi/10.3.1/../../../../arm-none-eabi/lib/thumb/v7e-m+dp/hard/libc_nano.a(lib_a-strncpy.o)
                0x0000000008005a34                strncpy
 *fill*         0x0000000008005a5a        0x2 
 .text.__malloc_lock
                0x0000000008005a5c        0xc /home/wonjh/st/stm32cubeide_1.6.1/plugins/com.st.stm32cube.ide.mcu.externaltools.gnu-tools-for-stm32.10.3-2021.10.linux64_1.0.0.202111181127/tools/bin/../lib/gcc/arm-none-eabi/10.3.1/../../../../arm-none-eabi/lib/thumb/v7e-m+dp/hard/libc_nano.a(lib_a-mlock.o)
                0x0000000008005a5c                __malloc_lock
 .text.__malloc_unlock
                0x0000000008005a68        0xc /home/wonjh/st/stm32cubeide_1.6.1/plugins/com.st.stm32cube.ide.mcu.externaltools.gnu-tools-for-stm32.10.3-2021.10.linux64_1.0.0.202111181127/tools/bin/../lib/gcc/arm-none-eabi/10.3.1/../../../../arm-none-eabi/lib/thumb/v7e-m+dp/hard/libc_nano.a(lib_a-mlock.o)
                0x0000000008005a68                __malloc_unlock
 .text.__retarget_lock_acquire_recursive
                0x0000000008005a74        0x2 /home/wonjh/st/stm32cubeide_1.6.1/plugins/com.st.stm32cube.ide.mcu.externaltools.gnu-tools-for-stm32.10.3-2021.10.linux64_1.0.0.202111181127/tools/bin/../lib/gcc/arm-none-eabi/10.3.1/../../../../arm-none-eabi/lib/thumb/v7e-m+dp/hard/libc_nano.a(lib_a-lock.o)
                0x0000000008005a74                __retarget_lock_acquire_recursive
 .text.__retarget_lock_release_recursive
                0x0000000008005a76        0x2 /home/wonjh/st/stm32cubeide_1.6.1/plugins/com.st.stm32cube.ide.mcu.externaltools.gnu-tools-for-stm32.10.3-2021.10.linux64_1.0.0.202111181127/tools/bin/../lib/gcc/arm-none-eabi/10.3.1/../../../../arm-none-eabi/lib/thumb/v7e-m+dp/hard/libc_nano.a(lib_a-lock.o)
                0x0000000008005a76                __retarget_lock_release_recursive
 *(.glue_7)
 .glue_7        0x0000000008005a78        0x0 linker stubs
 *(.glue_7t)
 .glue_7t       0x0000000008005a78        0x0 linker stubs
 *(.eh_frame)
 .eh_frame      0x0000000008005a78        0x0 /home/wonjh/st/stm32cubeide_1.6.1/plugins/com.st.stm32cube.ide.mcu.externaltools.gnu-tools-for-stm32.10.3-2021.10.linux64_1.0.0.202111181127/tools/bin/../lib/gcc/arm-none-eabi/10.3.1/thumb/v7e-m+dp/hard/crtbegin.o
 *(.init)
 .init          0x0000000008005a78        0x4 /home/wonjh/st/stm32cubeide_1.6.1/plugins/com.st.stm32cube.ide.mcu.externaltools.gnu-tools-for-stm32.10.3-2021.10.linux64_1.0.0.202111181127/tools/bin/../lib/gcc/arm-none-eabi/10.3.1/thumb/v7e-m+dp/hard/crti.o
                0x0000000008005a78                _init
 .init          0x0000000008005a7c        0x8 /home/wonjh/st/stm32cubeide_1.6.1/plugins/com.st.stm32cube.ide.mcu.externaltools.gnu-tools-for-stm32.10.3-2021.10.linux64_1.0.0.202111181127/tools/bin/../lib/gcc/arm-none-eabi/10.3.1/thumb/v7e-m+dp/hard/crtn.o
 *(.fini)
 .fini          0x0000000008005a84        0x4 /home/wonjh/st/stm32cubeide_1.6.1/plugins/com.st.stm32cube.ide.mcu.externaltools.gnu-tools-for-stm32.10.3-2021.10.linux64_1.0.0.202111181127/tools/bin/../lib/gcc/arm-none-eabi/10.3.1/thumb/v7e-m+dp/hard/crti.o
                0x0000000008005a84                _fini
 .fini          0x0000000008005a88        0x8 /home/wonjh/st/stm32cubeide_1.6.1/plugins/com.st.stm32cube.ide.mcu.externaltools.gnu-tools-for-stm32.10.3-2021.10.linux64_1.0.0.202111181127/tools/bin/../lib/gcc/arm-none-eabi/10.3.1/thumb/v7e-m+dp/hard/crtn.o
                0x0000000008005a90                . = ALIGN (0x4)
                0x0000000008005a90                _etext = .

.vfp11_veneer   0x0000000008005a90        0x0
 .vfp11_veneer  0x0000000008005a90        0x0 linker stubs

.v4_bx          0x0000000008005a90        0x0
 .v4_bx         0x0000000008005a90        0x0 linker stubs

.iplt           0x0000000008005a90        0x0
 .iplt          0x0000000008005a90        0x0 /home/wonjh/st/stm32cubeide_1.6.1/plugins/com.st.stm32cube.ide.mcu.externaltools.gnu-tools-for-stm32.10.3-2021.10.linux64_1.0.0.202111181127/tools/bin/../lib/gcc/arm-none-eabi/10.3.1/thumb/v7e-m+dp/hard/crtbegin.o

.rodata         0x0000000008005a90      0x13c
                0x0000000008005a90                . = ALIGN (0x4)
 *(.rodata)
 .rodata        0x0000000008005a90        0xb ./Core/pif/core/source/pif.o
 *(.rodata*)
 .rodata._taskAds1115.str1.1
                0x0000000008005a9b       0x15 ./Core/Src/appMain.o
 .rodata.appSetup.str1.1
                0x0000000008005ab0       0x12 ./Core/Src/appMain.o
 .rodata.AHBPrescTable
                0x0000000008005ac2       0x10 ./Core/Src/system_stm32f7xx.o
                0x0000000008005ac2                AHBPrescTable
 .rodata.APBPrescTable
                0x0000000008005ad2        0x8 ./Core/Src/system_stm32f7xx.o
                0x0000000008005ad2                APBPrescTable
 .rodata.str1.1
                0x0000000008005ada       0x52 ./Core/pif/core/source/pif.o
 .rodata.kDaysInMonth
                0x0000000008005b2c        0xc ./Core/pif/core/source/pif.o
                0x0000000008005b2c                kDaysInMonth
 .rodata.pifComm_AllocTxBuffer.str1.1
                0x0000000008005b38        0x3 ./Core/pif/core/source/pif_comm.o
 .rodata.pifI2cDevice_Read.str1.1
                0x0000000008005b3b       0x1e ./Core/pif/core/source/pif_i2c.o
 .rodata.pifI2cDevice_Write.str1.1
                0x0000000008005b59       0x1e ./Core/pif/core/source/pif_i2c.o
 .rodata.type_ch
                0x0000000008005b77        0x4 ./Core/pif/core/source/pif_log.o
                0x0000000008005b77                type_ch
 .rodata._checkLoopTime.constprop.0.str1.1
                0x0000000008005b7b       0x1a ./Core/pif/core/source/pif_task.o
 *fill*         0x0000000008005b95        0x1 
 .rodata.CSWTCH.13
                0x0000000008005b96        0xe ./Core/pif/sensor/source/pif_ads1x1x.o
 .rodata.CSWTCH.14
                0x0000000008005ba4        0xe ./Core/pif/sensor/source/pif_ads1x1x.o
 .rodata.flagBitshiftOffset.0
                0x0000000008005bb2        0x8 ./Drivers/STM32F7xx_HAL_Driver/Src/stm32f7xx_hal_dma.o
 .rodata.CSWTCH.54
                0x0000000008005bba        0x3 ./Drivers/STM32F7xx_HAL_Driver/Src/stm32f7xx_hal_uart.o
 .rodata.CSWTCH.55
                0x0000000008005bbd        0xd ./Drivers/STM32F7xx_HAL_Driver/Src/stm32f7xx_hal_uart.o
                0x0000000008005bcc                . = ALIGN (0x4)
 *fill*         0x0000000008005bca        0x2 

.ARM.extab      0x0000000008005bcc        0x0
                0x0000000008005bcc                . = ALIGN (0x4)
 *(.ARM.extab* .gnu.linkonce.armextab.*)
                0x0000000008005bcc                . = ALIGN (0x4)

.ARM            0x0000000008005bcc        0x8
                0x0000000008005bcc                . = ALIGN (0x4)
                0x0000000008005bcc                __exidx_start = .
 *(.ARM.exidx*)
 .ARM.exidx     0x0000000008005bcc        0x8 /home/wonjh/st/stm32cubeide_1.6.1/plugins/com.st.stm32cube.ide.mcu.externaltools.gnu-tools-for-stm32.10.3-2021.10.linux64_1.0.0.202111181127/tools/bin/../lib/gcc/arm-none-eabi/10.3.1/thumb/v7e-m+dp/hard/libgcc.a(_udivmoddi4.o)
                0x0000000008005bd4                __exidx_end = .
                0x0000000008005bd4                . = ALIGN (0x4)

.rel.dyn        0x0000000008005bd4        0x0
 .rel.iplt      0x0000000008005bd4        0x0 /home/wonjh/st/stm32cubeide_1.6.1/plugins/com.st.stm32cube.ide.mcu.externaltools.gnu-tools-for-stm32.10.3-2021.10.linux64_1.0.0.202111181127/tools/bin/../lib/gcc/arm-none-eabi/10.3.1/thumb/v7e-m+dp/hard/crtbegin.o

.preinit_array  0x0000000008005bd4        0x0
                0x0000000008005bd4                . = ALIGN (0x4)
                0x0000000008005bd4                PROVIDE (__preinit_array_start = .)
 *(.preinit_array*)
                0x0000000008005bd4                PROVIDE (__preinit_array_end = .)
                0x0000000008005bd4                . = ALIGN (0x4)

.init_array     0x0000000008005bd4        0x4
                0x0000000008005bd4                . = ALIGN (0x4)
                0x0000000008005bd4                PROVIDE (__init_array_start = .)
 *(SORT_BY_NAME(.init_array.*))
 *(.init_array*)
 .init_array    0x0000000008005bd4        0x4 /home/wonjh/st/stm32cubeide_1.6.1/plugins/com.st.stm32cube.ide.mcu.externaltools.gnu-tools-for-stm32.10.3-2021.10.linux64_1.0.0.202111181127/tools/bin/../lib/gcc/arm-none-eabi/10.3.1/thumb/v7e-m+dp/hard/crtbegin.o
                0x0000000008005bd8                PROVIDE (__init_array_end = .)
                0x0000000008005bd8                . = ALIGN (0x4)

.fini_array     0x0000000008005bd8        0x4
                0x0000000008005bd8                . = ALIGN (0x4)
                [!provide]                        PROVIDE (__fini_array_start = .)
 *(SORT_BY_NAME(.fini_array.*))
 *(.fini_array*)
 .fini_array    0x0000000008005bd8        0x4 /home/wonjh/st/stm32cubeide_1.6.1/plugins/com.st.stm32cube.ide.mcu.externaltools.gnu-tools-for-stm32.10.3-2021.10.linux64_1.0.0.202111181127/tools/bin/../lib/gcc/arm-none-eabi/10.3.1/thumb/v7e-m+dp/hard/crtbegin.o
                [!provide]                        PROVIDE (__fini_array_end = .)
                0x0000000008005bdc                . = ALIGN (0x4)
                0x0000000008005bdc                _sidata = LOADADDR (.data)

.data           0x0000000020000000       0x7c load address 0x0000000008005bdc
                0x0000000020000000                . = ALIGN (0x4)
                0x0000000020000000                _sdata = .
 *(.data)
 *(.data*)
 .data.channel  0x0000000020000000        0x4 ./Core/Src/appMain.o
 .data.SystemCoreClock
                0x0000000020000004        0x4 ./Core/Src/system_stm32f7xx.o
                0x0000000020000004                SystemCoreClock
 .data.kPifHexLowerChar
                0x0000000020000008        0x4 ./Core/pif/core/source/pif.o
                0x0000000020000008                kPifHexLowerChar
 .data.kPifHexUpperChar
                0x000000002000000c        0x4 ./Core/pif/core/source/pif.o
                0x000000002000000c                kPifHexUpperChar
 .data.pif_id   0x0000000020000010        0x2 ./Core/pif/core/source/pif.o
                0x0000000020000010                pif_id
 .data.s_minute
                0x0000000020000012        0x1 ./Core/pif/core/source/pif_log.o
 .data.uwTickFreq
                0x0000000020000013        0x1 ./Drivers/STM32F7xx_HAL_Driver/Src/stm32f7xx_hal.o
                0x0000000020000013                uwTickFreq
 .data.uwTickPrio
                0x0000000020000014        0x4 ./Drivers/STM32F7xx_HAL_Driver/Src/stm32f7xx_hal.o
                0x0000000020000014                uwTickPrio
 .data._impure_ptr
                0x0000000020000018        0x4 /home/wonjh/st/stm32cubeide_1.6.1/plugins/com.st.stm32cube.ide.mcu.externaltools.gnu-tools-for-stm32.10.3-2021.10.linux64_1.0.0.202111181127/tools/bin/../lib/gcc/arm-none-eabi/10.3.1/../../../../arm-none-eabi/lib/thumb/v7e-m+dp/hard/libc_nano.a(lib_a-impure.o)
                0x0000000020000018                _impure_ptr
 .data.impure_data
                0x000000002000001c       0x60 /home/wonjh/st/stm32cubeide_1.6.1/plugins/com.st.stm32cube.ide.mcu.externaltools.gnu-tools-for-stm32.10.3-2021.10.linux64_1.0.0.202111181127/tools/bin/../lib/gcc/arm-none-eabi/10.3.1/../../../../arm-none-eabi/lib/thumb/v7e-m+dp/hard/libc_nano.a(lib_a-impure.o)
 *(.RamFunc)
 *(.RamFunc*)
                0x000000002000007c                . = ALIGN (0x4)
                0x000000002000007c                _edata = .

.igot.plt       0x000000002000007c        0x0 load address 0x0000000008005c58
 .igot.plt      0x000000002000007c        0x0 /home/wonjh/st/stm32cubeide_1.6.1/plugins/com.st.stm32cube.ide.mcu.externaltools.gnu-tools-for-stm32.10.3-2021.10.linux64_1.0.0.202111181127/tools/bin/../lib/gcc/arm-none-eabi/10.3.1/thumb/v7e-m+dp/hard/crtbegin.o
                0x000000002000007c                . = ALIGN (0x4)

.bss            0x0000000020000080      0x7a4 load address 0x0000000008005c58
                0x0000000020000080                _sbss = .
                0x0000000020000080                __bss_start__ = _sbss
 *(.bss)
 .bss           0x0000000020000080       0x1c /home/wonjh/st/stm32cubeide_1.6.1/plugins/com.st.stm32cube.ide.mcu.externaltools.gnu-tools-for-stm32.10.3-2021.10.linux64_1.0.0.202111181127/tools/bin/../lib/gcc/arm-none-eabi/10.3.1/thumb/v7e-m+dp/hard/crtbegin.o
 *(.bss*)
 .bss.g_comm_log
                0x000000002000009c       0x30 ./Core/Src/appMain.o
                0x000000002000009c                g_comm_log
 .bss.g_i2c_port
                0x00000000200000cc       0x30 ./Core/Src/appMain.o
                0x00000000200000cc                g_i2c_port
 .bss.g_timer_1ms
                0x00000000200000fc       0x24 ./Core/Src/appMain.o
                0x00000000200000fc                g_timer_1ms
 .bss.s_ads1x1x
                0x0000000020000120       0x20 ./Core/Src/appMain.o
 .bss.s_led_l   0x0000000020000140       0x1c ./Core/Src/appMain.o
 .bss.hdma_i2c1_rx
                0x000000002000015c       0x60 ./Core/Src/main.o
                0x000000002000015c                hdma_i2c1_rx
 .bss.hdma_i2c1_tx
                0x00000000200001bc       0x60 ./Core/Src/main.o
                0x00000000200001bc                hdma_i2c1_tx
 .bss.hi2c1     0x000000002000021c       0x4c ./Core/Src/main.o
                0x000000002000021c                hi2c1
 .bss.hpcd_USB_OTG_FS
                0x0000000020000268      0x404 ./Core/Src/main.o
                0x0000000020000268                hpcd_USB_OTG_FS
 .bss.huart3    0x000000002000066c       0x84 ./Core/Src/main.o
                0x000000002000066c                huart3
 .bss.s_usLogTx
                0x00000000200006f0        0x2 ./Core/Src/main.o
 *fill*         0x00000000200006f2        0x2 
 .bss.sw.0      0x00000000200006f4        0x4 ./Core/Src/stm32f7xx_it.o
 .bss.__sbrk_heap_end
                0x00000000200006f8        0x4 ./Core/Src/sysmem.o
 .bss.pif_act_timer1us
                0x00000000200006fc        0x4 ./Core/pif/core/source/pif.o
                0x00000000200006fc                pif_act_timer1us
 .bss.pif_cumulative_timer1ms
                0x0000000020000700        0x4 ./Core/pif/core/source/pif.o
                0x0000000020000700                pif_cumulative_timer1ms
 .bss.pif_datetime
                0x0000000020000704        0x8 ./Core/pif/core/source/pif.o
                0x0000000020000704                pif_datetime
 .bss.pif_error
                0x000000002000070c        0x1 ./Core/pif/core/source/pif.o
                0x000000002000070c                pif_error
 *fill*         0x000000002000070d        0x3 
 .bss.pif_performance
                0x0000000020000710        0x8 ./Core/pif/core/source/pif.o
                0x0000000020000710                pif_performance
 .bss.pif_timer1ms
                0x0000000020000718        0x2 ./Core/pif/core/source/pif.o
                0x0000000020000718                pif_timer1ms
 *fill*         0x000000002000071a        0x2 
 .bss.pif_timer1sec
                0x000000002000071c        0x4 ./Core/pif/core/source/pif.o
                0x000000002000071c                pif_timer1sec
 .bss.usTimerPerform.0
                0x0000000020000720        0x2 ./Core/pif/core/source/pif.o
 *fill*         0x0000000020000722        0x2 
 .bss.pif_log_flag
                0x0000000020000724        0x4 ./Core/pif/core/source/pif_log.o
                0x0000000020000724                pif_log_flag
 .bss.s_log     0x0000000020000728       0x28 ./Core/pif/core/source/pif_log.o
 .bss.tmp_buf.0
                0x0000000020000750       0x14 ./Core/pif/core/source/pif_log.o
 .bss.base.0    0x0000000020000764        0x4 ./Core/pif/core/source/pif_task.o
 .bss.s_current_task
                0x0000000020000768        0x4 ./Core/pif/core/source/pif_task.o
 .bss.s_it_current
                0x000000002000076c        0x4 ./Core/pif/core/source/pif_task.o
 .bss.s_number  0x0000000020000770        0x1 ./Core/pif/core/source/pif_task.o
 *fill*         0x0000000020000771        0x3 
 .bss.s_table   0x0000000020000774       0x80 ./Core/pif/core/source/pif_task.o
 .bss.s_table_number
                0x00000000200007f4        0x4 ./Core/pif/core/source/pif_task.o
 .bss.s_tasks   0x00000000200007f8       0x18 ./Core/pif/core/source/pif_task.o
 .bss.uwTick    0x0000000020000810        0x4 ./Drivers/STM32F7xx_HAL_Driver/Src/stm32f7xx_hal.o
                0x0000000020000810                uwTick
 .bss.__malloc_free_list
                0x0000000020000814        0x4 /home/wonjh/st/stm32cubeide_1.6.1/plugins/com.st.stm32cube.ide.mcu.externaltools.gnu-tools-for-stm32.10.3-2021.10.linux64_1.0.0.202111181127/tools/bin/../lib/gcc/arm-none-eabi/10.3.1/../../../../arm-none-eabi/lib/thumb/v7e-m+dp/hard/libc_nano.a(lib_a-nano-mallocr.o)
                0x0000000020000814                __malloc_free_list
 .bss.__malloc_sbrk_start
                0x0000000020000818        0x4 /home/wonjh/st/stm32cubeide_1.6.1/plugins/com.st.stm32cube.ide.mcu.externaltools.gnu-tools-for-stm32.10.3-2021.10.linux64_1.0.0.202111181127/tools/bin/../lib/gcc/arm-none-eabi/10.3.1/../../../../arm-none-eabi/lib/thumb/v7e-m+dp/hard/libc_nano.a(lib_a-nano-mallocr.o)
                0x0000000020000818                __malloc_sbrk_start
 .bss.errno     0x000000002000081c        0x4 /home/wonjh/st/stm32cubeide_1.6.1/plugins/com.st.stm32cube.ide.mcu.externaltools.gnu-tools-for-stm32.10.3-2021.10.linux64_1.0.0.202111181127/tools/bin/../lib/gcc/arm-none-eabi/10.3.1/../../../../arm-none-eabi/lib/thumb/v7e-m+dp/hard/libc_nano.a(lib_a-reent.o)
                0x000000002000081c                errno
 .bss.__lock___malloc_recursive_mutex
                0x0000000020000820        0x1 /home/wonjh/st/stm32cubeide_1.6.1/plugins/com.st.stm32cube.ide.mcu.externaltools.gnu-tools-for-stm32.10.3-2021.10.linux64_1.0.0.202111181127/tools/bin/../lib/gcc/arm-none-eabi/10.3.1/../../../../arm-none-eabi/lib/thumb/v7e-m+dp/hard/libc_nano.a(lib_a-lock.o)
                0x0000000020000820                __lock___malloc_recursive_mutex
 *(COMMON)
                0x0000000020000824                . = ALIGN (0x4)
 *fill*         0x0000000020000821        0x3 
                0x0000000020000824                _ebss = .
                0x0000000020000824                __bss_end__ = _ebss

._user_heap_stack
                0x0000000020000824      0x604 load address 0x0000000008005c58
                0x0000000020000828                . = ALIGN (0x8)
 *fill*         0x0000000020000824        0x4 
                [!provide]                        PROVIDE (end = .)
                0x0000000020000828                PROVIDE (_end = .)
                0x0000000020000a28                . = (. + _Min_Heap_Size)
 *fill*         0x0000000020000828      0x200 
                0x0000000020000e28                . = (. + _Min_Stack_Size)
 *fill*         0x0000000020000a28      0x400 
                0x0000000020000e28                . = ALIGN (0x8)

/DISCARD/
 libc.a(*)
 libm.a(*)
 libgcc.a(*)

.ARM.attributes
                0x0000000000000000       0x2e
 *(.ARM.attributes)
 .ARM.attributes
                0x0000000000000000       0x1e /home/wonjh/st/stm32cubeide_1.6.1/plugins/com.st.stm32cube.ide.mcu.externaltools.gnu-tools-for-stm32.10.3-2021.10.linux64_1.0.0.202111181127/tools/bin/../lib/gcc/arm-none-eabi/10.3.1/thumb/v7e-m+dp/hard/crti.o
 .ARM.attributes
                0x000000000000001e       0x32 /home/wonjh/st/stm32cubeide_1.6.1/plugins/com.st.stm32cube.ide.mcu.externaltools.gnu-tools-for-stm32.10.3-2021.10.linux64_1.0.0.202111181127/tools/bin/../lib/gcc/arm-none-eabi/10.3.1/thumb/v7e-m+dp/hard/crtbegin.o
 .ARM.attributes
                0x0000000000000050       0x32 ./Core/Src/appMain.o
 .ARM.attributes
                0x0000000000000082       0x32 ./Core/Src/main.o
 .ARM.attributes
                0x00000000000000b4       0x32 ./Core/Src/stm32f7xx_hal_msp.o
 .ARM.attributes
                0x00000000000000e6       0x32 ./Core/Src/stm32f7xx_it.o
 .ARM.attributes
                0x0000000000000118       0x32 ./Core/Src/sysmem.o
 .ARM.attributes
                0x000000000000014a       0x32 ./Core/Src/system_stm32f7xx.o
 .ARM.attributes
                0x000000000000017c       0x21 ./Core/Startup/startup_stm32f767zitx.o
 .ARM.attributes
                0x000000000000019d       0x32 ./Core/pif/core/source/pif.o
 .ARM.attributes
                0x00000000000001cf       0x32 ./Core/pif/core/source/pif_comm.o
 .ARM.attributes
                0x0000000000000201       0x32 ./Core/pif/core/source/pif_i2c.o
 .ARM.attributes
                0x0000000000000233       0x32 ./Core/pif/core/source/pif_led.o
 .ARM.attributes
                0x0000000000000265       0x32 ./Core/pif/core/source/pif_list.o
 .ARM.attributes
                0x0000000000000297       0x32 ./Core/pif/core/source/pif_log.o
 .ARM.attributes
                0x00000000000002c9       0x32 ./Core/pif/core/source/pif_ring_buffer.o
 .ARM.attributes
                0x00000000000002fb       0x32 ./Core/pif/core/source/pif_task.o
 .ARM.attributes
                0x000000000000032d       0x32 ./Core/pif/core/source/pif_timer.o
 .ARM.attributes
                0x000000000000035f       0x32 ./Core/pif/sensor/source/pif_ads1x1x.o
 .ARM.attributes
                0x0000000000000391       0x32 ./Drivers/STM32F7xx_HAL_Driver/Src/stm32f7xx_hal.o
 .ARM.attributes
                0x00000000000003c3       0x32 ./Drivers/STM32F7xx_HAL_Driver/Src/stm32f7xx_hal_cortex.o
 .ARM.attributes
                0x00000000000003f5       0x32 ./Drivers/STM32F7xx_HAL_Driver/Src/stm32f7xx_hal_dma.o
 .ARM.attributes
                0x0000000000000427       0x32 ./Drivers/STM32F7xx_HAL_Driver/Src/stm32f7xx_hal_gpio.o
 .ARM.attributes
                0x0000000000000459       0x32 ./Drivers/STM32F7xx_HAL_Driver/Src/stm32f7xx_hal_i2c.o
 .ARM.attributes
                0x000000000000048b       0x32 ./Drivers/STM32F7xx_HAL_Driver/Src/stm32f7xx_hal_i2c_ex.o
 .ARM.attributes
                0x00000000000004bd       0x32 ./Drivers/STM32F7xx_HAL_Driver/Src/stm32f7xx_hal_pcd.o
 .ARM.attributes
                0x00000000000004ef       0x32 ./Drivers/STM32F7xx_HAL_Driver/Src/stm32f7xx_hal_pcd_ex.o
 .ARM.attributes
                0x0000000000000521       0x32 ./Drivers/STM32F7xx_HAL_Driver/Src/stm32f7xx_hal_pwr.o
 .ARM.attributes
                0x0000000000000553       0x32 ./Drivers/STM32F7xx_HAL_Driver/Src/stm32f7xx_hal_pwr_ex.o
 .ARM.attributes
                0x0000000000000585       0x32 ./Drivers/STM32F7xx_HAL_Driver/Src/stm32f7xx_hal_rcc.o
 .ARM.attributes
                0x00000000000005b7       0x32 ./Drivers/STM32F7xx_HAL_Driver/Src/stm32f7xx_hal_rcc_ex.o
 .ARM.attributes
                0x00000000000005e9       0x32 ./Drivers/STM32F7xx_HAL_Driver/Src/stm32f7xx_hal_uart.o
 .ARM.attributes
                0x000000000000061b       0x32 ./Drivers/STM32F7xx_HAL_Driver/Src/stm32f7xx_ll_usb.o
 .ARM.attributes
                0x000000000000064d       0x32 /home/wonjh/st/stm32cubeide_1.6.1/plugins/com.st.stm32cube.ide.mcu.externaltools.gnu-tools-for-stm32.10.3-2021.10.linux64_1.0.0.202111181127/tools/bin/../lib/gcc/arm-none-eabi/10.3.1/../../../../arm-none-eabi/lib/thumb/v7e-m+dp/hard/libc_nano.a(lib_a-calloc.o)
 .ARM.attributes
                0x000000000000067f       0x32 /home/wonjh/st/stm32cubeide_1.6.1/plugins/com.st.stm32cube.ide.mcu.externaltools.gnu-tools-for-stm32.10.3-2021.10.linux64_1.0.0.202111181127/tools/bin/../lib/gcc/arm-none-eabi/10.3.1/../../../../arm-none-eabi/lib/thumb/v7e-m+dp/hard/libc_nano.a(lib_a-errno.o)
 .ARM.attributes
                0x00000000000006b1       0x32 /home/wonjh/st/stm32cubeide_1.6.1/plugins/com.st.stm32cube.ide.mcu.externaltools.gnu-tools-for-stm32.10.3-2021.10.linux64_1.0.0.202111181127/tools/bin/../lib/gcc/arm-none-eabi/10.3.1/../../../../arm-none-eabi/lib/thumb/v7e-m+dp/hard/libc_nano.a(lib_a-impure.o)
 .ARM.attributes
                0x00000000000006e3       0x32 /home/wonjh/st/stm32cubeide_1.6.1/plugins/com.st.stm32cube.ide.mcu.externaltools.gnu-tools-for-stm32.10.3-2021.10.linux64_1.0.0.202111181127/tools/bin/../lib/gcc/arm-none-eabi/10.3.1/../../../../arm-none-eabi/lib/thumb/v7e-m+dp/hard/libc_nano.a(lib_a-init.o)
 .ARM.attributes
                0x0000000000000715       0x32 /home/wonjh/st/stm32cubeide_1.6.1/plugins/com.st.stm32cube.ide.mcu.externaltools.gnu-tools-for-stm32.10.3-2021.10.linux64_1.0.0.202111181127/tools/bin/../lib/gcc/arm-none-eabi/10.3.1/../../../../arm-none-eabi/lib/thumb/v7e-m+dp/hard/libc_nano.a(lib_a-malloc.o)
 .ARM.attributes
                0x0000000000000747       0x32 /home/wonjh/st/stm32cubeide_1.6.1/plugins/com.st.stm32cube.ide.mcu.externaltools.gnu-tools-for-stm32.10.3-2021.10.linux64_1.0.0.202111181127/tools/bin/../lib/gcc/arm-none-eabi/10.3.1/../../../../arm-none-eabi/lib/thumb/v7e-m+dp/hard/libc_nano.a(lib_a-memset.o)
 .ARM.attributes
                0x0000000000000779       0x32 /home/wonjh/st/stm32cubeide_1.6.1/plugins/com.st.stm32cube.ide.mcu.externaltools.gnu-tools-for-stm32.10.3-2021.10.linux64_1.0.0.202111181127/tools/bin/../lib/gcc/arm-none-eabi/10.3.1/../../../../arm-none-eabi/lib/thumb/v7e-m+dp/hard/libc_nano.a(lib_a-nano-callocr.o)
 .ARM.attributes
                0x00000000000007ab       0x32 /home/wonjh/st/stm32cubeide_1.6.1/plugins/com.st.stm32cube.ide.mcu.externaltools.gnu-tools-for-stm32.10.3-2021.10.linux64_1.0.0.202111181127/tools/bin/../lib/gcc/arm-none-eabi/10.3.1/../../../../arm-none-eabi/lib/thumb/v7e-m+dp/hard/libc_nano.a(lib_a-nano-freer.o)
 .ARM.attributes
                0x00000000000007dd       0x32 /home/wonjh/st/stm32cubeide_1.6.1/plugins/com.st.stm32cube.ide.mcu.externaltools.gnu-tools-for-stm32.10.3-2021.10.linux64_1.0.0.202111181127/tools/bin/../lib/gcc/arm-none-eabi/10.3.1/../../../../arm-none-eabi/lib/thumb/v7e-m+dp/hard/libc_nano.a(lib_a-nano-mallocr.o)
 .ARM.attributes
                0x000000000000080f       0x32 /home/wonjh/st/stm32cubeide_1.6.1/plugins/com.st.stm32cube.ide.mcu.externaltools.gnu-tools-for-stm32.10.3-2021.10.linux64_1.0.0.202111181127/tools/bin/../lib/gcc/arm-none-eabi/10.3.1/../../../../arm-none-eabi/lib/thumb/v7e-m+dp/hard/libc_nano.a(lib_a-sbrkr.o)
 .ARM.attributes
                0x0000000000000841       0x32 /home/wonjh/st/stm32cubeide_1.6.1/plugins/com.st.stm32cube.ide.mcu.externaltools.gnu-tools-for-stm32.10.3-2021.10.linux64_1.0.0.202111181127/tools/bin/../lib/gcc/arm-none-eabi/10.3.1/../../../../arm-none-eabi/lib/thumb/v7e-m+dp/hard/libc_nano.a(lib_a-strcpy.o)
 .ARM.attributes
                0x0000000000000873       0x17 /home/wonjh/st/stm32cubeide_1.6.1/plugins/com.st.stm32cube.ide.mcu.externaltools.gnu-tools-for-stm32.10.3-2021.10.linux64_1.0.0.202111181127/tools/bin/../lib/gcc/arm-none-eabi/10.3.1/../../../../arm-none-eabi/lib/thumb/v7e-m+dp/hard/libc_nano.a(lib_a-strlen.o)
 .ARM.attributes
                0x000000000000088a       0x32 /home/wonjh/st/stm32cubeide_1.6.1/plugins/com.st.stm32cube.ide.mcu.externaltools.gnu-tools-for-stm32.10.3-2021.10.linux64_1.0.0.202111181127/tools/bin/../lib/gcc/arm-none-eabi/10.3.1/../../../../arm-none-eabi/lib/thumb/v7e-m+dp/hard/libc_nano.a(lib_a-strncpy.o)
 .ARM.attributes
                0x00000000000008bc       0x32 /home/wonjh/st/stm32cubeide_1.6.1/plugins/com.st.stm32cube.ide.mcu.externaltools.gnu-tools-for-stm32.10.3-2021.10.linux64_1.0.0.202111181127/tools/bin/../lib/gcc/arm-none-eabi/10.3.1/../../../../arm-none-eabi/lib/thumb/v7e-m+dp/hard/libc_nano.a(lib_a-mlock.o)
 .ARM.attributes
                0x00000000000008ee       0x32 /home/wonjh/st/stm32cubeide_1.6.1/plugins/com.st.stm32cube.ide.mcu.externaltools.gnu-tools-for-stm32.10.3-2021.10.linux64_1.0.0.202111181127/tools/bin/../lib/gcc/arm-none-eabi/10.3.1/../../../../arm-none-eabi/lib/thumb/v7e-m+dp/hard/libc_nano.a(lib_a-reent.o)
 .ARM.attributes
                0x0000000000000920       0x32 /home/wonjh/st/stm32cubeide_1.6.1/plugins/com.st.stm32cube.ide.mcu.externaltools.gnu-tools-for-stm32.10.3-2021.10.linux64_1.0.0.202111181127/tools/bin/../lib/gcc/arm-none-eabi/10.3.1/../../../../arm-none-eabi/lib/thumb/v7e-m+dp/hard/libc_nano.a(lib_a-lock.o)
 .ARM.attributes
                0x0000000000000952       0x1e /home/wonjh/st/stm32cubeide_1.6.1/plugins/com.st.stm32cube.ide.mcu.externaltools.gnu-tools-for-stm32.10.3-2021.10.linux64_1.0.0.202111181127/tools/bin/../lib/gcc/arm-none-eabi/10.3.1/thumb/v7e-m+dp/hard/libgcc.a(_aeabi_uldivmod.o)
 .ARM.attributes
                0x0000000000000970       0x32 /home/wonjh/st/stm32cubeide_1.6.1/plugins/com.st.stm32cube.ide.mcu.externaltools.gnu-tools-for-stm32.10.3-2021.10.linux64_1.0.0.202111181127/tools/bin/../lib/gcc/arm-none-eabi/10.3.1/thumb/v7e-m+dp/hard/libgcc.a(_udivmoddi4.o)
 .ARM.attributes
                0x00000000000009a2       0x1e /home/wonjh/st/stm32cubeide_1.6.1/plugins/com.st.stm32cube.ide.mcu.externaltools.gnu-tools-for-stm32.10.3-2021.10.linux64_1.0.0.202111181127/tools/bin/../lib/gcc/arm-none-eabi/10.3.1/thumb/v7e-m+dp/hard/libgcc.a(_dvmd_tls.o)
 .ARM.attributes
                0x00000000000009c0       0x1e /home/wonjh/st/stm32cubeide_1.6.1/plugins/com.st.stm32cube.ide.mcu.externaltools.gnu-tools-for-stm32.10.3-2021.10.linux64_1.0.0.202111181127/tools/bin/../lib/gcc/arm-none-eabi/10.3.1/thumb/v7e-m+dp/hard/crtn.o
OUTPUT(exAds1115.elf elf32-littlearm)
LOAD linker stubs
LOAD /home/wonjh/st/stm32cubeide_1.6.1/plugins/com.st.stm32cube.ide.mcu.externaltools.gnu-tools-for-stm32.10.3-2021.10.linux64_1.0.0.202111181127/tools/bin/../lib/gcc/arm-none-eabi/10.3.1/../../../../arm-none-eabi/lib/thumb/v7e-m+dp/hard/libc.a
LOAD /home/wonjh/st/stm32cubeide_1.6.1/plugins/com.st.stm32cube.ide.mcu.externaltools.gnu-tools-for-stm32.10.3-2021.10.linux64_1.0.0.202111181127/tools/bin/../lib/gcc/arm-none-eabi/10.3.1/../../../../arm-none-eabi/lib/thumb/v7e-m+dp/hard/libm.a
LOAD /home/wonjh/st/stm32cubeide_1.6.1/plugins/com.st.stm32cube.ide.mcu.externaltools.gnu-tools-for-stm32.10.3-2021.10.linux64_1.0.0.202111181127/tools/bin/../lib/gcc/arm-none-eabi/10.3.1/thumb/v7e-m+dp/hard/libgcc.a

.comment        0x0000000000000000       0x50
 .comment       0x0000000000000000       0x50 ./Core/Src/appMain.o
                                         0x51 (size before relaxing)
 .comment       0x0000000000000050       0x51 ./Core/Src/main.o
 .comment       0x0000000000000050       0x51 ./Core/Src/stm32f7xx_hal_msp.o
 .comment       0x0000000000000050       0x51 ./Core/Src/stm32f7xx_it.o
 .comment       0x0000000000000050       0x51 ./Core/Src/sysmem.o
 .comment       0x0000000000000050       0x51 ./Core/Src/system_stm32f7xx.o
 .comment       0x0000000000000050       0x51 ./Core/pif/core/source/pif.o
 .comment       0x0000000000000050       0x51 ./Core/pif/core/source/pif_comm.o
 .comment       0x0000000000000050       0x51 ./Core/pif/core/source/pif_i2c.o
 .comment       0x0000000000000050       0x51 ./Core/pif/core/source/pif_led.o
 .comment       0x0000000000000050       0x51 ./Core/pif/core/source/pif_list.o
 .comment       0x0000000000000050       0x51 ./Core/pif/core/source/pif_log.o
 .comment       0x0000000000000050       0x51 ./Core/pif/core/source/pif_ring_buffer.o
 .comment       0x0000000000000050       0x51 ./Core/pif/core/source/pif_task.o
 .comment       0x0000000000000050       0x51 ./Core/pif/core/source/pif_timer.o
 .comment       0x0000000000000050       0x51 ./Core/pif/sensor/source/pif_ads1x1x.o
 .comment       0x0000000000000050       0x51 ./Drivers/STM32F7xx_HAL_Driver/Src/stm32f7xx_hal.o
 .comment       0x0000000000000050       0x51 ./Drivers/STM32F7xx_HAL_Driver/Src/stm32f7xx_hal_cortex.o
 .comment       0x0000000000000050       0x51 ./Drivers/STM32F7xx_HAL_Driver/Src/stm32f7xx_hal_dma.o
 .comment       0x0000000000000050       0x51 ./Drivers/STM32F7xx_HAL_Driver/Src/stm32f7xx_hal_gpio.o
 .comment       0x0000000000000050       0x51 ./Drivers/STM32F7xx_HAL_Driver/Src/stm32f7xx_hal_i2c.o
 .comment       0x0000000000000050       0x51 ./Drivers/STM32F7xx_HAL_Driver/Src/stm32f7xx_hal_i2c_ex.o
 .comment       0x0000000000000050       0x51 ./Drivers/STM32F7xx_HAL_Driver/Src/stm32f7xx_hal_pcd.o
 .comment       0x0000000000000050       0x51 ./Drivers/STM32F7xx_HAL_Driver/Src/stm32f7xx_hal_pcd_ex.o
 .comment       0x0000000000000050       0x51 ./Drivers/STM32F7xx_HAL_Driver/Src/stm32f7xx_hal_pwr.o
 .comment       0x0000000000000050       0x51 ./Drivers/STM32F7xx_HAL_Driver/Src/stm32f7xx_hal_pwr_ex.o
 .comment       0x0000000000000050       0x51 ./Drivers/STM32F7xx_HAL_Driver/Src/stm32f7xx_hal_rcc.o
 .comment       0x0000000000000050       0x51 ./Drivers/STM32F7xx_HAL_Driver/Src/stm32f7xx_hal_rcc_ex.o
 .comment       0x0000000000000050       0x51 ./Drivers/STM32F7xx_HAL_Driver/Src/stm32f7xx_hal_uart.o
 .comment       0x0000000000000050       0x51 ./Drivers/STM32F7xx_HAL_Driver/Src/stm32f7xx_ll_usb.o

.debug_frame    0x0000000000000000      0x380
 .debug_frame   0x0000000000000000       0x20 /home/wonjh/st/stm32cubeide_1.6.1/plugins/com.st.stm32cube.ide.mcu.externaltools.gnu-tools-for-stm32.10.3-2021.10.linux64_1.0.0.202111181127/tools/bin/../lib/gcc/arm-none-eabi/10.3.1/../../../../arm-none-eabi/lib/thumb/v7e-m+dp/hard/libc_nano.a(lib_a-calloc.o)
 .debug_frame   0x0000000000000020       0x20 /home/wonjh/st/stm32cubeide_1.6.1/plugins/com.st.stm32cube.ide.mcu.externaltools.gnu-tools-for-stm32.10.3-2021.10.linux64_1.0.0.202111181127/tools/bin/../lib/gcc/arm-none-eabi/10.3.1/../../../../arm-none-eabi/lib/thumb/v7e-m+dp/hard/libc_nano.a(lib_a-errno.o)
 .debug_frame   0x0000000000000040       0x2c /home/wonjh/st/stm32cubeide_1.6.1/plugins/com.st.stm32cube.ide.mcu.externaltools.gnu-tools-for-stm32.10.3-2021.10.linux64_1.0.0.202111181127/tools/bin/../lib/gcc/arm-none-eabi/10.3.1/../../../../arm-none-eabi/lib/thumb/v7e-m+dp/hard/libc_nano.a(lib_a-init.o)
 .debug_frame   0x000000000000006c       0x30 /home/wonjh/st/stm32cubeide_1.6.1/plugins/com.st.stm32cube.ide.mcu.externaltools.gnu-tools-for-stm32.10.3-2021.10.linux64_1.0.0.202111181127/tools/bin/../lib/gcc/arm-none-eabi/10.3.1/../../../../arm-none-eabi/lib/thumb/v7e-m+dp/hard/libc_nano.a(lib_a-malloc.o)
 .debug_frame   0x000000000000009c       0x20 /home/wonjh/st/stm32cubeide_1.6.1/plugins/com.st.stm32cube.ide.mcu.externaltools.gnu-tools-for-stm32.10.3-2021.10.linux64_1.0.0.202111181127/tools/bin/../lib/gcc/arm-none-eabi/10.3.1/../../../../arm-none-eabi/lib/thumb/v7e-m+dp/hard/libc_nano.a(lib_a-memset.o)
 .debug_frame   0x00000000000000bc       0x30 /home/wonjh/st/stm32cubeide_1.6.1/plugins/com.st.stm32cube.ide.mcu.externaltools.gnu-tools-for-stm32.10.3-2021.10.linux64_1.0.0.202111181127/tools/bin/../lib/gcc/arm-none-eabi/10.3.1/../../../../arm-none-eabi/lib/thumb/v7e-m+dp/hard/libc_nano.a(lib_a-nano-callocr.o)
 .debug_frame   0x00000000000000ec       0x38 /home/wonjh/st/stm32cubeide_1.6.1/plugins/com.st.stm32cube.ide.mcu.externaltools.gnu-tools-for-stm32.10.3-2021.10.linux64_1.0.0.202111181127/tools/bin/../lib/gcc/arm-none-eabi/10.3.1/../../../../arm-none-eabi/lib/thumb/v7e-m+dp/hard/libc_nano.a(lib_a-nano-freer.o)
 .debug_frame   0x0000000000000124       0x4c /home/wonjh/st/stm32cubeide_1.6.1/plugins/com.st.stm32cube.ide.mcu.externaltools.gnu-tools-for-stm32.10.3-2021.10.linux64_1.0.0.202111181127/tools/bin/../lib/gcc/arm-none-eabi/10.3.1/../../../../arm-none-eabi/lib/thumb/v7e-m+dp/hard/libc_nano.a(lib_a-nano-mallocr.o)
 .debug_frame   0x0000000000000170       0x2c /home/wonjh/st/stm32cubeide_1.6.1/plugins/com.st.stm32cube.ide.mcu.externaltools.gnu-tools-for-stm32.10.3-2021.10.linux64_1.0.0.202111181127/tools/bin/../lib/gcc/arm-none-eabi/10.3.1/../../../../arm-none-eabi/lib/thumb/v7e-m+dp/hard/libc_nano.a(lib_a-sbrkr.o)
 .debug_frame   0x000000000000019c       0x20 /home/wonjh/st/stm32cubeide_1.6.1/plugins/com.st.stm32cube.ide.mcu.externaltools.gnu-tools-for-stm32.10.3-2021.10.linux64_1.0.0.202111181127/tools/bin/../lib/gcc/arm-none-eabi/10.3.1/../../../../arm-none-eabi/lib/thumb/v7e-m+dp/hard/libc_nano.a(lib_a-strcpy.o)
 .debug_frame   0x00000000000001bc       0x28 /home/wonjh/st/stm32cubeide_1.6.1/plugins/com.st.stm32cube.ide.mcu.externaltools.gnu-tools-for-stm32.10.3-2021.10.linux64_1.0.0.202111181127/tools/bin/../lib/gcc/arm-none-eabi/10.3.1/../../../../arm-none-eabi/lib/thumb/v7e-m+dp/hard/libc_nano.a(lib_a-strncpy.o)
 .debug_frame   0x00000000000001e4       0x30 /home/wonjh/st/stm32cubeide_1.6.1/plugins/com.st.stm32cube.ide.mcu.externaltools.gnu-tools-for-stm32.10.3-2021.10.linux64_1.0.0.202111181127/tools/bin/../lib/gcc/arm-none-eabi/10.3.1/../../../../arm-none-eabi/lib/thumb/v7e-m+dp/hard/libc_nano.a(lib_a-mlock.o)
 .debug_frame   0x0000000000000214       0x5c /home/wonjh/st/stm32cubeide_1.6.1/plugins/com.st.stm32cube.ide.mcu.externaltools.gnu-tools-for-stm32.10.3-2021.10.linux64_1.0.0.202111181127/tools/bin/../lib/gcc/arm-none-eabi/10.3.1/../../../../arm-none-eabi/lib/thumb/v7e-m+dp/hard/libc_nano.a(lib_a-reent.o)