Archive member included to satisfy reference by file (symbol)

/home/wonjh/st/stm32cubeide_1.6.1/plugins/com.st.stm32cube.ide.mcu.externaltools.gnu-tools-for-stm32.10.3-2021.10.linux64_1.0.0.202111181127/tools/bin/../lib/gcc/arm-none-eabi/10.3.1/../../../../arm-none-eabi/lib/thumb/v7e-m+fp/hard/libc_nano.a(lib_a-atoi.o)
                              ./Core/Src/app_main.o (atoi)
/home/wonjh/st/stm32cubeide_1.6.1/plugins/com.st.stm32cube.ide.mcu.externaltools.gnu-tools-for-stm32.10.3-2021.10.linux64_1.0.0.202111181127/tools/bin/../lib/gcc/arm-none-eabi/10.3.1/../../../../arm-none-eabi/lib/thumb/v7e-m+fp/hard/libc_nano.a(lib_a-calloc.o)
                              ./Core/pif/source/core/pif_list.o (calloc)
/home/wonjh/st/stm32cubeide_1.6.1/plugins/com.st.stm32cube.ide.mcu.externaltools.gnu-tools-for-stm32.10.3-2021.10.linux64_1.0.0.202111181127/tools/bin/../lib/gcc/arm-none-eabi/10.3.1/../../../../arm-none-eabi/lib/thumb/v7e-m+fp/hard/libc_nano.a(lib_a-errno.o)
                              ./Core/Src/syscalls.o (__errno)
/home/wonjh/st/stm32cubeide_1.6.1/plugins/com.st.stm32cube.ide.mcu.externaltools.gnu-tools-for-stm32.10.3-2021.10.linux64_1.0.0.202111181127/tools/bin/../lib/gcc/arm-none-eabi/10.3.1/../../../../arm-none-eabi/lib/thumb/v7e-m+fp/hard/libc_nano.a(lib_a-exit.o)
                              /home/wonjh/st/stm32cubeide_1.6.1/plugins/com.st.stm32cube.ide.mcu.externaltools.gnu-tools-for-stm32.10.3-2021.10.linux64_1.0.0.202111181127/tools/bin/../lib/gcc/arm-none-eabi/10.3.1/../../../../arm-none-eabi/lib/thumb/v7e-m+fp/hard/crt0.o (exit)
/home/wonjh/st/stm32cubeide_1.6.1/plugins/com.st.stm32cube.ide.mcu.externaltools.gnu-tools-for-stm32.10.3-2021.10.linux64_1.0.0.202111181127/tools/bin/../lib/gcc/arm-none-eabi/10.3.1/../../../../arm-none-eabi/lib/thumb/v7e-m+fp/hard/libc_nano.a(lib_a-impure.o)
                              /home/wonjh/st/stm32cubeide_1.6.1/plugins/com.st.stm32cube.ide.mcu.externaltools.gnu-tools-for-stm32.10.3-2021.10.linux64_1.0.0.202111181127/tools/bin/../lib/gcc/arm-none-eabi/10.3.1/../../../../arm-none-eabi/lib/thumb/v7e-m+fp/hard/libc_nano.a(lib_a-exit.o) (_global_impure_ptr)
/home/wonjh/st/stm32cubeide_1.6.1/plugins/com.st.stm32cube.ide.mcu.externaltools.gnu-tools-for-stm32.10.3-2021.10.linux64_1.0.0.202111181127/tools/bin/../lib/gcc/arm-none-eabi/10.3.1/../../../../arm-none-eabi/lib/thumb/v7e-m+fp/hard/libc_nano.a(lib_a-init.o)
                              /home/wonjh/st/stm32cubeide_1.6.1/plugins/com.st.stm32cube.ide.mcu.externaltools.gnu-tools-for-stm32.10.3-2021.10.linux64_1.0.0.202111181127/tools/bin/../lib/gcc/arm-none-eabi/10.3.1/../../../../arm-none-eabi/lib/thumb/v7e-m+fp/hard/crt0.o (__libc_init_array)
/home/wonjh/st/stm32cubeide_1.6.1/plugins/com.st.stm32cube.ide.mcu.externaltools.gnu-tools-for-stm32.10.3-2021.10.linux64_1.0.0.202111181127/tools/bin/../lib/gcc/arm-none-eabi/10.3.1/../../../../arm-none-eabi/lib/thumb/v7e-m+fp/hard/libc_nano.a(lib_a-malloc.o)
                              ./Core/Src/app_main.o (malloc)
/home/wonjh/st/stm32cubeide_1.6.1/plugins/com.st.stm32cube.ide.mcu.externaltools.gnu-tools-for-stm32.10.3-2021.10.linux64_1.0.0.202111181127/tools/bin/../lib/gcc/arm-none-eabi/10.3.1/../../../../arm-none-eabi/lib/thumb/v7e-m+fp/hard/libc_nano.a(lib_a-memset.o)
                              /home/wonjh/st/stm32cubeide_1.6.1/plugins/com.st.stm32cube.ide.mcu.externaltools.gnu-tools-for-stm32.10.3-2021.10.linux64_1.0.0.202111181127/tools/bin/../lib/gcc/arm-none-eabi/10.3.1/../../../../arm-none-eabi/lib/thumb/v7e-m+fp/hard/crt0.o (memset)
/home/wonjh/st/stm32cubeide_1.6.1/plugins/com.st.stm32cube.ide.mcu.externaltools.gnu-tools-for-stm32.10.3-2021.10.linux64_1.0.0.202111181127/tools/bin/../lib/gcc/arm-none-eabi/10.3.1/../../../../arm-none-eabi/lib/thumb/v7e-m+fp/hard/libc_nano.a(lib_a-nano-callocr.o)
                              /home/wonjh/st/stm32cubeide_1.6.1/plugins/com.st.stm32cube.ide.mcu.externaltools.gnu-tools-for-stm32.10.3-2021.10.linux64_1.0.0.202111181127/tools/bin/../lib/gcc/arm-none-eabi/10.3.1/../../../../arm-none-eabi/lib/thumb/v7e-m+fp/hard/libc_nano.a(lib_a-calloc.o) (_calloc_r)
/home/wonjh/st/stm32cubeide_1.6.1/plugins/com.st.stm32cube.ide.mcu.externaltools.gnu-tools-for-stm32.10.3-2021.10.linux64_1.0.0.202111181127/tools/bin/../lib/gcc/arm-none-eabi/10.3.1/../../../../arm-none-eabi/lib/thumb/v7e-m+fp/hard/libc_nano.a(lib_a-nano-freer.o)
                              /home/wonjh/st/stm32cubeide_1.6.1/plugins/com.st.stm32cube.ide.mcu.externaltools.gnu-tools-for-stm32.10.3-2021.10.linux64_1.0.0.202111181127/tools/bin/../lib/gcc/arm-none-eabi/10.3.1/../../../../arm-none-eabi/lib/thumb/v7e-m+fp/hard/libc_nano.a(lib_a-malloc.o) (_free_r)
/home/wonjh/st/stm32cubeide_1.6.1/plugins/com.st.stm32cube.ide.mcu.externaltools.gnu-tools-for-stm32.10.3-2021.10.linux64_1.0.0.202111181127/tools/bin/../lib/gcc/arm-none-eabi/10.3.1/../../../../arm-none-eabi/lib/thumb/v7e-m+fp/hard/libc_nano.a(lib_a-nano-mallocr.o)
[...]
Memory Configuration

Name             Origin             Length             Attributes
RAM              0x0000000020000000 0x0000000000020000 xrw
FLASH            0x0000000008000000 0x0000000000080000 xr
*default*        0x0000000000000000 0xffffffffffffffff

Linker script and memory map

LOAD /home/wonjh/st/stm32cubeide_1.6.1/plugins/com.st.stm32cube.ide.mcu.externaltools.gnu-tools-for-stm32.10.3-2021.10.linux64_1.0.0.202111181127/tools/bin/../lib/gcc/arm-none-eabi/10.3.1/thumb/v7e-m+fp/hard/crti.o
LOAD /home/wonjh/st/stm32cubeide_1.6.1/plugins/com.st.stm32cube.ide.mcu.externaltools.gnu-tools-for-stm32.10.3-2021.10.linux64_1.0.0.202111181127/tools/bin/../lib/gcc/arm-none-eabi/10.3.1/thumb/v7e-m+fp/hard/crtbegin.o
LOAD /home/wonjh/st/stm32cubeide_1.6.1/plugins/com.st.stm32cube.ide.mcu.externaltools.gnu-tools-for-stm32.10.3-2021.10.linux64_1.0.0.202111181127/tools/bin/../lib/gcc/arm-none-eabi/10.3.1/../../../../arm-none-eabi/lib/thumb/v7e-m+fp/hard/crt0.o
LOAD ./Core/Src/app_main.o
LOAD ./Core/Src/main.o
LOAD ./Core/Src/stm32f4xx_hal_msp.o
LOAD ./Core/Src/stm32f4xx_it.o
LOAD ./Core/Src/syscalls.o
LOAD ./Core/Src/sysmem.o
LOAD ./Core/Src/system_stm32f4xx.o
LOAD ./Core/Startup/startup_stm32f411retx.o
LOAD ./Core/pif/source/core/pif.o
LOAD ./Core/pif/source/core/pif_comm.o
LOAD ./Core/pif/source/core/pif_i2c.o
LOAD ./Core/pif/source/core/pif_list.o
LOAD ./Core/pif/source/core/pif_log.o
LOAD ./Core/pif/source/core/pif_ring_buffer.o
LOAD ./Core/pif/source/core/pif_task.o
LOAD ./Core/pif/source/core/pif_timer.o
LOAD ./Core/pif/source/storage/pif_storage.o
LOAD ./Core/pif/source/storage/pif_storage_var.o
LOAD ./Drivers/STM32F4xx_HAL_Driver/Src/stm32f4xx_hal.o
LOAD ./Drivers/STM32F4xx_HAL_Driver/Src/stm32f4xx_hal_cortex.o
LOAD ./Drivers/STM32F4xx_HAL_Driver/Src/stm32f4xx_hal_dma.o
LOAD ./Drivers/STM32F4xx_HAL_Driver/Src/stm32f4xx_hal_dma_ex.o
LOAD ./Drivers/STM32F4xx_HAL_Driver/Src/stm32f4xx_hal_exti.o
LOAD ./Drivers/STM32F4xx_HAL_Driver/Src/stm32f4xx_hal_flash.o
LOAD ./Drivers/STM32F4xx_HAL_Driver/Src/stm32f4xx_hal_flash_ex.o
LOAD ./Drivers/STM32F4xx_HAL_Driver/Src/stm32f4xx_hal_flash_ramfunc.o
LOAD ./Drivers/STM32F4xx_HAL_Driver/Src/stm32f4xx_hal_gpio.o
LOAD ./Drivers/STM32F4xx_HAL_Driver/Src/stm32f4xx_hal_i2c.o
LOAD ./Drivers/STM32F4xx_HAL_Driver/Src/stm32f4xx_hal_i2c_ex.o
LOAD ./Drivers/STM32F4xx_HAL_Driver/Src/stm32f4xx_hal_pwr.o
LOAD ./Drivers/STM32F4xx_HAL_Driver/Src/stm32f4xx_hal_pwr_ex.o
LOAD ./Drivers/STM32F4xx_HAL_Driver/Src/stm32f4xx_hal_rcc.o
LOAD ./Drivers/STM32F4xx_HAL_Driver/Src/stm32f4xx_hal_rcc_ex.o
LOAD ./Drivers/STM32F4xx_HAL_Driver/Src/stm32f4xx_hal_tim.o
LOAD ./Drivers/STM32F4xx_HAL_Driver/Src/stm32f4xx_hal_tim_ex.o
LOAD ./Drivers/STM32F4xx_HAL_Driver/Src/stm32f4xx_hal_uart.o
START GROUP
LOAD /home/wonjh/st/stm32cubeide_1.6.1/plugins/com.st.stm32cube.ide.mcu.externaltools.gnu-tools-for-stm32.10.3-2021.10.linux64_1.0.0.202111181127/tools/bin/../lib/gcc/arm-none-eabi/10.3.1/../../../../arm-none-eabi/lib/thumb/v7e-m+fp/hard/libc_nano.a
LOAD /home/wonjh/st/stm32cubeide_1.6.1/plugins/com.st.stm32cube.ide.mcu.externaltools.gnu-tools-for-stm32.10.3-2021.10.linux64_1.0.0.202111181127/tools/bin/../lib/gcc/arm-none-eabi/10.3.1/../../../../arm-none-eabi/lib/thumb/v7e-m+fp/hard/libm.a
END GROUP
START GROUP
LOAD /home/wonjh/st/stm32cubeide_1.6.1/plugins/com.st.stm32cube.ide.mcu.externaltools.gnu-tools-for-stm32.10.3-2021.10.linux64_1.0.0.202111181127/tools/bin/../lib/gcc/arm-none-eabi/10.3.1/thumb/v7e-m+fp/hard/libgcc.a
LOAD /home/wonjh/st/stm32cubeide_1.6.1/plugins/com.st.stm32cube.ide.mcu.externaltools.gnu-tools-for-stm32.10.3-2021.10.linux64_1.0.0.202111181127/tools/bin/../lib/gcc/arm-none-eabi/10.3.1/../../../../arm-none-eabi/lib/thumb/v7e-m+fp/hard/libc_nano.a
END GROUP
START GROUP
LOAD /home/wonjh/st/stm32cubeide_1.6.1/plugins/com.st.stm32cube.ide.mcu.externaltools.gnu-tools-for-stm32.10.3-2021.10.linux64_1.0.0.202111181127/tools/bin/../lib/gcc/arm-none-eabi/10.3.1/thumb/v7e-m+fp/hard/libgcc.a
LOAD /home/wonjh/st/stm32cubeide_1.6.1/plugins/com.st.stm32cube.ide.mcu.externaltools.gnu-tools-for-stm32.10.3-2021.10.linux64_1.0.0.202111181127/tools/bin/../lib/gcc/arm-none-eabi/10.3.1/../../../../arm-none-eabi/lib/thumb/v7e-m+fp/hard/libc_nano.a
LOAD /home/wonjh/st/stm32cubeide_1.6.1/plugins/com.st.stm32cube.ide.mcu.externaltools.gnu-tools-for-stm32.10.3-2021.10.linux64_1.0.0.202111181127/tools/bin/../lib/gcc/arm-none-eabi/10.3.1/../../../../arm-none-eabi/lib/thumb/v7e-m+fp/hard/libnosys.a
END GROUP
START GROUP
LOAD /home/wonjh/st/stm32cubeide_1.6.1/plugins/com.st.stm32cube.ide.mcu.externaltools.gnu-tools-for-stm32.10.3-2021.10.linux64_1.0.0.202111181127/tools/bin/../lib/gcc/arm-none-eabi/10.3.1/thumb/v7e-m+fp/hard/libgcc.a
LOAD /home/wonjh/st/stm32cubeide_1.6.1/plugins/com.st.stm32cube.ide.mcu.externaltools.gnu-tools-for-stm32.10.3-2021.10.linux64_1.0.0.202111181127/tools/bin/../lib/gcc/arm-none-eabi/10.3.1/../../../../arm-none-eabi/lib/thumb/v7e-m+fp/hard/libc_nano.a
LOAD /home/wonjh/st/stm32cubeide_1.6.1/plugins/com.st.stm32cube.ide.mcu.externaltools.gnu-tools-for-stm32.10.3-2021.10.linux64_1.0.0.202111181127/tools/bin/../lib/gcc/arm-none-eabi/10.3.1/../../../../arm-none-eabi/lib/thumb/v7e-m+fp/hard/libnosys.a
END GROUP
LOAD /home/wonjh/st/stm32cubeide_1.6.1/plugins/com.st.stm32cube.ide.mcu.externaltools.gnu-tools-for-stm32.10.3-2021.10.linux64_1.0.0.202111181127/tools/bin/../lib/gcc/arm-none-eabi/10.3.1/thumb/v7e-m+fp/hard/crtend.o
LOAD /home/wonjh/st/stm32cubeide_1.6.1/plugins/com.st.stm32cube.ide.mcu.externaltools.gnu-tools-for-stm32.10.3-2021.10.linux64_1.0.0.202111181127/tools/bin/../lib/gcc/arm-none-eabi/10.3.1/thumb/v7e-m+fp/hard/crtn.o
                0x0000000020020000                _estack = (ORIGIN (RAM) + LENGTH (RAM))
                0x0000000000000200                _Min_Heap_Size = 0x200
                0x0000000000000400                _Min_Stack_Size = 0x400

.isr_vector     0x0000000008000000      0x198
                0x0000000008000000                . = ALIGN (0x4)
 *(.isr_vector)
 .isr_vector    0x0000000008000000      0x198 ./Core/Startup/startup_stm32f411retx.o
                0x0000000008000000                g_pfnVectors
                0x0000000008000198                . = ALIGN (0x4)

.text           0x00000000080001a0     0xccac
                0x00000000080001a0                . = ALIGN (0x4)
 *(.text)
 .text          0x00000000080001a0       0x40 /home/wonjh/st/stm32cubeide_1.6.1/plugins/com.st.stm32cube.ide.mcu.externaltools.gnu-tools-for-stm32.10.3-2021.10.linux64_1.0.0.202111181127/tools/bin/../lib/gcc/arm-none-eabi/10.3.1/thumb/v7e-m+fp/hard/crtbegin.o
 .text          0x00000000080001e0       0x14 /home/wonjh/st/stm32cubeide_1.6.1/plugins/com.st.stm32cube.ide.mcu.externaltools.gnu-tools-for-stm32.10.3-2021.10.linux64_1.0.0.202111181127/tools/bin/../lib/gcc/arm-none-eabi/10.3.1/../../../../arm-none-eabi/lib/thumb/v7e-m+fp/hard/libc_nano.a(lib_a-strcmp.o)
                0x00000000080001e0                strcmp
 .text          0x00000000080001f4       0x10 /home/wonjh/st/stm32cubeide_1.6.1/plugins/com.st.stm32cube.ide.mcu.externaltools.gnu-tools-for-stm32.10.3-2021.10.linux64_1.0.0.202111181127/tools/bin/../lib/gcc/arm-none-eabi/10.3.1/../../../../arm-none-eabi/lib/thumb/v7e-m+fp/hard/libc_nano.a(lib_a-strlen.o)
                0x00000000080001f4                strlen
 *fill*         0x0000000008000204        0xc 
 .text          0x0000000008000210       0xa0 /home/wonjh/st/stm32cubeide_1.6.1/plugins/com.st.stm32cube.ide.mcu.externaltools.gnu-tools-for-stm32.10.3-2021.10.linux64_1.0.0.202111181127/tools/bin/../lib/gcc/arm-none-eabi/10.3.1/../../../../arm-none-eabi/lib/thumb/v7e-m+fp/hard/libc_nano.a(lib_a-memchr.o)
                0x0000000008000210                memchr
 .text          0x00000000080002b0      0x378 /home/wonjh/st/stm32cubeide_1.6.1/plugins/com.st.stm32cube.ide.mcu.externaltools.gnu-tools-for-stm32.10.3-2021.10.linux64_1.0.0.202111181127/tools/bin/../lib/gcc/arm-none-eabi/10.3.1/thumb/v7e-m+fp/hard/libgcc.a(_arm_addsubdf3.o)
                0x00000000080002b0                __aeabi_drsub
                0x00000000080002b8                __aeabi_dsub
                0x00000000080002b8                __subdf3
                0x00000000080002bc                __adddf3
                0x00000000080002bc                __aeabi_dadd
                0x0000000008000534                __aeabi_ui2d
                0x0000000008000534                __floatunsidf
                0x0000000008000554                __floatsidf
                0x0000000008000554                __aeabi_i2d
                0x0000000008000578                __extendsfdf2
                0x0000000008000578                __aeabi_f2d
                0x00000000080005bc                __aeabi_ul2d
                0x00000000080005bc                __floatundidf
                0x00000000080005cc                __floatdidf
                0x00000000080005cc                __aeabi_l2d
 .text          0x0000000008000628      0x424 /home/wonjh/st/stm32cubeide_1.6.1/plugins/com.st.stm32cube.ide.mcu.externaltools.gnu-tools-for-stm32.10.3-2021.10.linux64_1.0.0.202111181127/tools/bin/../lib/gcc/arm-none-eabi/10.3.1/thumb/v7e-m+fp/hard/libgcc.a(_arm_muldivdf3.o)
                0x0000000008000628                __aeabi_dmul
                0x0000000008000628                __muldf3
                0x000000000800087c                __aeabi_ddiv
                0x000000000800087c                __divdf3
 .text          0x0000000008000a4c      0x110 /home/wonjh/st/stm32cubeide_1.6.1/plugins/com.st.stm32cube.ide.mcu.externaltools.gnu-tools-for-stm32.10.3-2021.10.linux64_1.0.0.202111181127/tools/bin/../lib/gcc/arm-none-eabi/10.3.1/thumb/v7e-m+fp/hard/libgcc.a(_arm_cmpdf2.o)
                0x0000000008000a4c                __gtdf2
                0x0000000008000a4c                __gedf2
                0x0000000008000a54                __ltdf2
                0x0000000008000a54                __ledf2
                0x0000000008000a5c                __cmpdf2
                0x0000000008000a5c                __eqdf2
                0x0000000008000a5c                __nedf2
                0x0000000008000ad8                __aeabi_cdrcmple
                0x0000000008000ae8                __aeabi_cdcmple
                0x0000000008000ae8                __aeabi_cdcmpeq
                0x0000000008000af8                __aeabi_dcmpeq
                0x0000000008000b0c                __aeabi_dcmplt
                0x0000000008000b20                __aeabi_dcmple
                0x0000000008000b34                __aeabi_dcmpge
                0x0000000008000b48                __aeabi_dcmpgt
 .text          0x0000000008000b5c       0x40 /home/wonjh/st/stm32cubeide_1.6.1/plugins/com.st.stm32cube.ide.mcu.externaltools.gnu-tools-for-stm32.10.3-2021.10.linux64_1.0.0.202111181127/tools/bin/../lib/gcc/arm-none-eabi/10.3.1/thumb/v7e-m+fp/hard/libgcc.a(_arm_fixunsdfsi.o)
                0x0000000008000b5c                __fixunsdfsi
                0x0000000008000b5c                __aeabi_d2uiz
 .text          0x0000000008000b9c       0xa0 /home/wonjh/st/stm32cubeide_1.6.1/plugins/com.st.stm32cube.ide.mcu.externaltools.gnu-tools-for-stm32.10.3-2021.10.linux64_1.0.0.202111181127/tools/bin/../lib/gcc/arm-none-eabi/10.3.1/thumb/v7e-m+fp/hard/libgcc.a(_arm_truncdfsf2.o)
                0x0000000008000b9c                __aeabi_d2f
                0x0000000008000b9c                __truncdfsf2
 .text          0x0000000008000c3c       0x30 /home/wonjh/st/stm32cubeide_1.6.1/plugins/com.st.stm32cube.ide.mcu.externaltools.gnu-tools-for-stm32.10.3-2021.10.linux64_1.0.0.202111181127/tools/bin/../lib/gcc/arm-none-eabi/10.3.1/thumb/v7e-m+fp/hard/libgcc.a(_aeabi_uldivmod.o)
                0x0000000008000c3c                __aeabi_uldivmod
 .text          0x0000000008000c6c      0x2d0 /home/wonjh/st/stm32cubeide_1.6.1/plugins/com.st.stm32cube.ide.mcu.externaltools.gnu-tools-for-stm32.10.3-2021.10.linux64_1.0.0.202111181127/tools/bin/../lib/gcc/arm-none-eabi/10.3.1/thumb/v7e-m+fp/hard/libgcc.a(_udivmoddi4.o)
                0x0000000008000c6c                __udivmoddi4
 .text          0x0000000008000f3c        0x4 /home/wonjh/st/stm32cubeide_1.6.1/plugins/com.st.stm32cube.ide.mcu.externaltools.gnu-tools-for-stm32.10.3-2021.10.linux64_1.0.0.202111181127/tools/bin/../lib/gcc/arm-none-eabi/10.3.1/thumb/v7e-m+fp/hard/libgcc.a(_dvmd_tls.o)
                0x0000000008000f3c                __aeabi_ldiv0
                0x0000000008000f3c                __aeabi_idiv0
 *(.text*)
 .text._CmdFormat
                0x0000000008000f40       0x48 ./Core/Src/app_main.o
 .text._CmdCreate
                0x0000000008000f88       0x8c ./Core/Src/app_main.o
 .text._CmdDelete
                0x0000000008001014       0x7c ./Core/Src/app_main.o
 .text._CmdWrite
                0x0000000008001090       0xfc ./Core/Src/app_main.o
 .text._CmdRead
                0x000000000800118c      0x120 ./Core/Src/app_main.o
 .text._CmdPrintInfo
                0x00000000080012ac       0x4c ./Core/Src/app_main.o
 .text._CmdDump
                0x00000000080012f8       0x24 ./Core/Src/app_main.o
 .text.evtLedToggle
                0x000000000800131c       0x2c ./Core/Src/app_main.o
 .text.appSetup
                0x0000000008001348      0x1f0 ./Core/Src/app_main.o
                0x0000000008001348                appSetup
 .text.actLogStartTransfer
                0x0000000008001538       0x50 ./Core/Src/main.o
                0x0000000008001538                actLogStartTransfer
 .text.HAL_UART_TxCpltCallback
                0x0000000008001588       0x78 ./Core/Src/main.o
                0x0000000008001588                HAL_UART_TxCpltCallback
 .text.HAL_UART_RxCpltCallback
                0x0000000008001600       0x3c ./Core/Src/main.o
                0x0000000008001600                HAL_UART_RxCpltCallback
 .text.actLedL  0x000000000800163c       0x24 ./Core/Src/main.o
                0x000000000800163c                actLedL
 .text.actI2cRead
                0x0000000008001660       0x88 ./Core/Src/main.o
                0x0000000008001660                actI2cRead
 .text.actI2cWrite
                0x00000000080016e8       0x7c ./Core/Src/main.o
                0x00000000080016e8                actI2cWrite
 .text.main     0x0000000008001764       0x38 ./Core/Src/main.o
                0x0000000008001764                main
 .text.SystemClock_Config
                0x000000000800179c       0xd4 ./Core/Src/main.o
                0x000000000800179c                SystemClock_Config
 .text.MX_I2C1_Init
                0x0000000008001870       0x5c ./Core/Src/main.o
 .text.MX_USART2_UART_Init
                0x00000000080018cc       0x54 ./Core/Src/main.o
 .text.MX_DMA_Init
                0x0000000008001920       0x70 ./Core/Src/main.o
 .text.MX_GPIO_Init
                0x0000000008001990       0xdc ./Core/Src/main.o
 .text.Error_Handler
                0x0000000008001a6c        0xa ./Core/Src/main.o
                0x0000000008001a6c                Error_Handler
 *fill*         0x0000000008001a76        0x2 
 .text.HAL_MspInit
                0x0000000008001a78       0x50 ./Core/Src/stm32f4xx_hal_msp.o
                0x0000000008001a78                HAL_MspInit
 .text.HAL_I2C_MspInit
                0x0000000008001ac8      0x178 ./Core/Src/stm32f4xx_hal_msp.o
                0x0000000008001ac8                HAL_I2C_MspInit
 .text.HAL_UART_MspInit
                0x0000000008001c40      0x168 ./Core/Src/stm32f4xx_hal_msp.o
                0x0000000008001c40                HAL_UART_MspInit
 .text.NMI_Handler
                0x0000000008001da8        0x6 ./Core/Src/stm32f4xx_it.o
                0x0000000008001da8                NMI_Handler
 .text.HardFault_Handler
                0x0000000008001dae        0x6 ./Core/Src/stm32f4xx_it.o
                0x0000000008001dae                HardFault_Handler
 .text.MemManage_Handler
                0x0000000008001db4        0x6 ./Core/Src/stm32f4xx_it.o
                0x0000000008001db4                MemManage_Handler
 .text.BusFault_Handler
                0x0000000008001dba        0x6 ./Core/Src/stm32f4xx_it.o
                0x0000000008001dba                BusFault_Handler
 .text.UsageFault_Handler
                0x0000000008001dc0        0x6 ./Core/Src/stm32f4xx_it.o
                0x0000000008001dc0                UsageFault_Handler
 .text.SVC_Handler
                0x0000000008001dc6        0xe ./Core/Src/stm32f4xx_it.o
                0x0000000008001dc6                SVC_Handler
 .text.DebugMon_Handler
                0x0000000008001dd4        0xe ./Core/Src/stm32f4xx_it.o
                0x0000000008001dd4                DebugMon_Handler
 .text.PendSV_Handler
                0x0000000008001de2        0xe ./Core/Src/stm32f4xx_it.o
                0x0000000008001de2                PendSV_Handler
 .text.SysTick_Handler
                0x0000000008001df0       0x1c ./Core/Src/stm32f4xx_it.o
                0x0000000008001df0                SysTick_Handler
 .text.DMA1_Stream0_IRQHandler
                0x0000000008001e0c       0x14 ./Core/Src/stm32f4xx_it.o
                0x0000000008001e0c                DMA1_Stream0_IRQHandler
 .text.DMA1_Stream1_IRQHandler
                0x0000000008001e20       0x14 ./Core/Src/stm32f4xx_it.o
                0x0000000008001e20                DMA1_Stream1_IRQHandler
 .text.DMA1_Stream5_IRQHandler
                0x0000000008001e34       0x14 ./Core/Src/stm32f4xx_it.o
                0x0000000008001e34                DMA1_Stream5_IRQHandler
 .text.DMA1_Stream6_IRQHandler
                0x0000000008001e48       0x14 ./Core/Src/stm32f4xx_it.o
                0x0000000008001e48                DMA1_Stream6_IRQHandler
 .text.I2C1_EV_IRQHandler
                0x0000000008001e5c       0x14 ./Core/Src/stm32f4xx_it.o
                0x0000000008001e5c                I2C1_EV_IRQHandler
 .text.I2C1_ER_IRQHandler
                0x0000000008001e70       0x14 ./Core/Src/stm32f4xx_it.o
                0x0000000008001e70                I2C1_ER_IRQHandler
 .text.USART2_IRQHandler
                0x0000000008001e84       0x14 ./Core/Src/stm32f4xx_it.o
                0x0000000008001e84                USART2_IRQHandler
 .text._getpid  0x0000000008001e98       0x10 ./Core/Src/syscalls.o
                0x0000000008001e98                _getpid
 .text._kill    0x0000000008001ea8       0x20 ./Core/Src/syscalls.o
                0x0000000008001ea8                _kill
 .text._exit    0x0000000008001ec8       0x14 ./Core/Src/syscalls.o
                0x0000000008001ec8                _exit
 .text._read    0x0000000008001edc       0x3a ./Core/Src/syscalls.o
                0x0000000008001edc                _read
 .text._write   0x0000000008001f16       0x38 ./Core/Src/syscalls.o
                0x0000000008001f16                _write
 .text._close   0x0000000008001f4e       0x18 ./Core/Src/syscalls.o
                0x0000000008001f4e                _close
 .text._fstat   0x0000000008001f66       0x20 ./Core/Src/syscalls.o
                0x0000000008001f66                _fstat
 .text._isatty  0x0000000008001f86       0x16 ./Core/Src/syscalls.o
                0x0000000008001f86                _isatty
 .text._lseek   0x0000000008001f9c       0x1a ./Core/Src/syscalls.o
                0x0000000008001f9c                _lseek
 *fill*         0x0000000008001fb6        0x2 
 .text._sbrk    0x0000000008001fb8       0x6c ./Core/Src/sysmem.o
                0x0000000008001fb8                _sbrk
 .text.SystemInit
                0x0000000008002024       0x24 ./Core/Src/system_stm32f4xx.o
                0x0000000008002024                SystemInit
 .text.Reset_Handler
                0x0000000008002048       0x50 ./Core/Startup/startup_stm32f411retx.o
                0x0000000008002048                Reset_Handler
 .text.Default_Handler
                0x0000000008002098        0x2 ./Core/Startup/startup_stm32f411retx.o
                0x0000000008002098                RTC_Alarm_IRQHandler
                0x0000000008002098                EXTI2_IRQHandler
                0x0000000008002098                SPI4_IRQHandler
                0x0000000008002098                TIM1_CC_IRQHandler
                0x0000000008002098                DMA2_Stream5_IRQHandler
                0x0000000008002098                PVD_IRQHandler
                0x0000000008002098                SDIO_IRQHandler
                0x0000000008002098                TAMP_STAMP_IRQHandler
                0x0000000008002098                EXTI3_IRQHandler
                0x0000000008002098                TIM1_UP_TIM10_IRQHandler
                0x0000000008002098                I2C3_ER_IRQHandler
                0x0000000008002098                EXTI0_IRQHandler
                0x0000000008002098                I2C2_EV_IRQHandler
                0x0000000008002098                DMA1_Stream2_IRQHandler
                0x0000000008002098                FPU_IRQHandler
                0x0000000008002098                DMA2_Stream2_IRQHandler
                0x0000000008002098                SPI1_IRQHandler
                0x0000000008002098                TIM1_BRK_TIM9_IRQHandler
                0x0000000008002098                DMA2_Stream3_IRQHandler
                0x0000000008002098                USART6_IRQHandler
                0x0000000008002098                DMA2_Stream0_IRQHandler
                0x0000000008002098                TIM4_IRQHandler
                0x0000000008002098                TIM3_IRQHandler
                0x0000000008002098                RCC_IRQHandler
                0x0000000008002098                Default_Handler
                0x0000000008002098                EXTI15_10_IRQHandler
                0x0000000008002098                ADC_IRQHandler
                0x0000000008002098                DMA1_Stream7_IRQHandler
                0x0000000008002098                SPI5_IRQHandler
                0x0000000008002098                TIM5_IRQHandler
                0x0000000008002098                DMA2_Stream7_IRQHandler
                0x0000000008002098                I2C3_EV_IRQHandler
                0x0000000008002098                EXTI9_5_IRQHandler
                0x0000000008002098                RTC_WKUP_IRQHandler
                0x0000000008002098                SPI2_IRQHandler
                0x0000000008002098                EXTI4_IRQHandler
                0x0000000008002098                WWDG_IRQHandler
                0x0000000008002098                TIM2_IRQHandler
                0x0000000008002098                OTG_FS_WKUP_IRQHandler
                0x0000000008002098                TIM1_TRG_COM_TIM11_IRQHandler
                0x0000000008002098                EXTI1_IRQHandler
                0x0000000008002098                I2C2_ER_IRQHandler
                0x0000000008002098                DMA2_Stream1_IRQHandler
                0x0000000008002098                FLASH_IRQHandler
                0x0000000008002098                DMA2_Stream4_IRQHandler
                0x0000000008002098                USART1_IRQHandler
                0x0000000008002098                OTG_FS_IRQHandler
                0x0000000008002098                SPI3_IRQHandler
                0x0000000008002098                DMA1_Stream4_IRQHandler
                0x0000000008002098                DMA2_Stream6_IRQHandler
                0x0000000008002098                DMA1_Stream3_IRQHandler
 *fill*         0x000000000800209a        0x2 
 .text.pif_Init
                0x000000000800209c       0x30 ./Core/pif/source/core/pif.o
                0x000000000800209c                pif_Init
 .text.pif_sigTimer1ms
                0x00000000080020cc      0x18c ./Core/pif/source/core/pif.o
                0x00000000080020cc                pif_sigTimer1ms
 .text.pif_BinToString
                0x0000000008002258       0xc0 ./Core/pif/source/core/pif.o
                0x0000000008002258                pif_BinToString
 .text.pif_DecToString
                0x0000000008002318      0x134 ./Core/pif/source/core/pif.o
                0x0000000008002318                pif_DecToString
 .text.pif_HexToString
                0x000000000800244c       0xe8 ./Core/pif/source/core/pif.o
                0x000000000800244c                pif_HexToString
 .text.pif_FloatToString
                0x0000000008002534       0xfc ./Core/pif/source/core/pif.o
                0x0000000008002534                pif_FloatToString
 .text.pif_PrintFormat
                0x0000000008002630      0x4b4 ./Core/pif/source/core/pif.o
                0x0000000008002630                pif_PrintFormat
 .text.pif_Printf
                0x0000000008002ae4       0x2c ./Core/pif/source/core/pif.o
                0x0000000008002ae4                pif_Printf
 .text.pifCrc16_Add
                0x0000000008002b10       0x62 ./Core/pif/source/core/pif.o
                0x0000000008002b10                pifCrc16_Add
 .text.pifCrc16
                0x0000000008002b72       0x44 ./Core/pif/source/core/pif.o
                0x0000000008002b72                pifCrc16
 .text._actReceiveData
                0x0000000008002bb6       0x20 ./Core/pif/source/core/pif_comm.o
 .text._actSendData
                0x0000000008002bd6       0x54 ./Core/pif/source/core/pif_comm.o
 *fill*         0x0000000008002c2a        0x2 
 .text._sendData
                0x0000000008002c2c       0x7c ./Core/pif/source/core/pif_comm.o
 .text.pifComm_Init
                0x0000000008002ca8       0x54 ./Core/pif/source/core/pif_comm.o
                0x0000000008002ca8                pifComm_Init
 .text.pifComm_AllocRxBuffer
                0x0000000008002cfc       0x58 ./Core/pif/source/core/pif_comm.o
                0x0000000008002cfc                pifComm_AllocRxBuffer
 .text.pifComm_AllocTxBuffer
                0x0000000008002d54       0x58 ./Core/pif/source/core/pif_comm.o
                0x0000000008002d54                pifComm_AllocTxBuffer
 .text.pifComm_AttachClient
                0x0000000008002dac       0x2c ./Core/pif/source/core/pif_comm.o
                0x0000000008002dac                pifComm_AttachClient
 .text.pifComm_PutRxByte
                0x0000000008002dd8       0x42 ./Core/pif/source/core/pif_comm.o
                0x0000000008002dd8                pifComm_PutRxByte
 .text.pifComm_StartGetTxData
                0x0000000008002e1a       0x70 ./Core/pif/source/core/pif_comm.o
                0x0000000008002e1a                pifComm_StartGetTxData
 .text.pifComm_EndGetTxData
                0x0000000008002e8a       0x32 ./Core/pif/source/core/pif_comm.o
                0x0000000008002e8a                pifComm_EndGetTxData
 .text.pifComm_FinishTransfer
                0x0000000008002ebc       0x24 ./Core/pif/source/core/pif_comm.o
                0x0000000008002ebc                pifComm_FinishTransfer
 .text._doTask  0x0000000008002ee0       0x64 ./Core/pif/source/core/pif_comm.o
 .text.pifComm_AttachTask
                0x0000000008002f44       0x40 ./Core/pif/source/core/pif_comm.o
                0x0000000008002f44                pifComm_AttachTask
 .text.pifI2cPort_Init
                0x0000000008002f84       0x94 ./Core/pif/source/core/pif_i2c.o
                0x0000000008002f84                pifI2cPort_Init
 .text.pifI2cPort_Clear
                0x0000000008003018       0x1c ./Core/pif/source/core/pif_i2c.o
                0x0000000008003018                pifI2cPort_Clear
 .text.pifI2cPort_AddDevice
                0x0000000008003034       0x48 ./Core/pif/source/core/pif_i2c.o
                0x0000000008003034                pifI2cPort_AddDevice
 .text.pifI2cPort_RemoveDevice
                0x000000000800307c       0x28 ./Core/pif/source/core/pif_i2c.o
                0x000000000800307c                pifI2cPort_RemoveDevice
 .text.pifI2cDevice_Read
                0x00000000080030a4      0x158 ./Core/pif/source/core/pif_i2c.o
                0x00000000080030a4                pifI2cDevice_Read
 .text.pifI2cDevice_Write
                0x00000000080031fc      0x158 ./Core/pif/source/core/pif_i2c.o
                0x00000000080031fc                pifI2cDevice_Write
 .text.pifFixList_Init
                0x0000000008003354       0xc0 ./Core/pif/source/core/pif_list.o
                0x0000000008003354                pifFixList_Init
 .text.pifFixList_Clear
                0x0000000008003414       0x66 ./Core/pif/source/core/pif_list.o
                0x0000000008003414                pifFixList_Clear
 .text.pifFixList_AddFirst
                0x000000000800347a       0x68 ./Core/pif/source/core/pif_list.o
                0x000000000800347a                pifFixList_AddFirst
 .text.pifFixList_Remove
                0x00000000080034e2       0x68 ./Core/pif/source/core/pif_list.o
                0x00000000080034e2                pifFixList_Remove
 .text.pifFixList_Count
                0x000000000800354a       0x18 ./Core/pif/source/core/pif_list.o
                0x000000000800354a                pifFixList_Count
 .text.pifFixList_Begin
                0x0000000008003562       0x18 ./Core/pif/source/core/pif_list.o
                0x0000000008003562                pifFixList_Begin
 .text.pifFixList_Next
                0x000000000800357a       0x22 ./Core/pif/source/core/pif_list.o
                0x000000000800357a                pifFixList_Next
 .text._cmdHelp
                0x000000000800359c       0xd4 ./Core/pif/source/core/pif_log.o
 .text._cmdPrintVersion
                0x0000000008003670       0x30 ./Core/pif/source/core/pif_log.o
 .text._cmdSetStatus
                0x00000000080036a0      0x160 ./Core/pif/source/core/pif_log.o
 .text._getDebugString
                0x0000000008003800      0x188 ./Core/pif/source/core/pif_log.o
 .text._processDebugCmd
                0x0000000008003988       0xd2 ./Core/pif/source/core/pif_log.o
 .text._evtParsing
                0x0000000008003a5a       0x3e ./Core/pif/source/core/pif_log.o
 .text._doTask  0x0000000008003a98      0x144 ./Core/pif/source/core/pif_log.o
 .text._evtSending
                0x0000000008003bdc       0x68 ./Core/pif/source/core/pif_log.o
 .text._printLog
                0x0000000008003c44       0x5c ./Core/pif/source/core/pif_log.o
 .text._printTime
                0x0000000008003ca0       0xf4 ./Core/pif/source/core/pif_log.o
 .text.pifLog_Init
                0x0000000008003d94       0x48 ./Core/pif/source/core/pif_log.o
                0x0000000008003d94                pifLog_Init
 .text.pifLog_UseCommand
                0x0000000008003ddc       0x74 ./Core/pif/source/core/pif_log.o
                0x0000000008003ddc                pifLog_UseCommand
 .text.pifLog_Print
                0x0000000008003e50      0x11c ./Core/pif/source/core/pif_log.o
                0x0000000008003e50                pifLog_Print
 .text.pifLog_Printf
                0x0000000008003f6c      0x11c ./Core/pif/source/core/pif_log.o
                0x0000000008003f6c                pifLog_Printf
 .text.pifLog_AttachComm
                0x0000000008004088       0x4c ./Core/pif/source/core/pif_log.o
                0x0000000008004088                pifLog_AttachComm
 .text._chopOff
                0x00000000080040d4       0xf6 ./Core/pif/source/core/pif_ring_buffer.o
 *fill*         0x00000000080041ca        0x2 
 .text.pifRingBuffer_CreateHeap
                0x00000000080041cc       0x58 ./Core/pif/source/core/pif_ring_buffer.o
                0x00000000080041cc                pifRingBuffer_CreateHeap
 .text.pifRingBuffer_Destroy
                0x0000000008004224       0x30 ./Core/pif/source/core/pif_ring_buffer.o
                0x0000000008004224                pifRingBuffer_Destroy
 .text.pifRingBuffer_InitHeap
                0x0000000008004254       0x90 ./Core/pif/source/core/pif_ring_buffer.o
                0x0000000008004254                pifRingBuffer_InitHeap
 .text.pifRingBuffer_Clear
                0x00000000080042e4       0x36 ./Core/pif/source/core/pif_ring_buffer.o
                0x00000000080042e4                pifRingBuffer_Clear
 .text.pifRingBuffer_SetName
                0x000000000800431a       0x1c ./Core/pif/source/core/pif_ring_buffer.o
                0x000000000800431a                pifRingBuffer_SetName
 .text.pifRingBuffer_GetTailPointer
                0x0000000008004336       0x36 ./Core/pif/source/core/pif_ring_buffer.o
                0x0000000008004336                pifRingBuffer_GetTailPointer
 .text.pifRingBuffer_IsBuffer
                0x000000000800436c       0x22 ./Core/pif/source/core/pif_ring_buffer.o
                0x000000000800436c                pifRingBuffer_IsBuffer
 .text.pifRingBuffer_IsEmpty
                0x000000000800438e       0x26 ./Core/pif/source/core/pif_ring_buffer.o
                0x000000000800438e                pifRingBuffer_IsEmpty
 .text.pifRingBuffer_GetFillSize
                0x00000000080043b4       0x44 ./Core/pif/source/core/pif_ring_buffer.o
                0x00000000080043b4                pifRingBuffer_GetFillSize
 .text.pifRingBuffer_GetLinerSize
                0x00000000080043f8       0x52 ./Core/pif/source/core/pif_ring_buffer.o
                0x00000000080043f8                pifRingBuffer_GetLinerSize
 .text.pifRingBuffer_GetRemainSize
                0x000000000800444a       0x48 ./Core/pif/source/core/pif_ring_buffer.o
                0x000000000800444a                pifRingBuffer_GetRemainSize
 *fill*         0x0000000008004492        0x2 
 .text.pifRingBuffer_PutByte
                0x0000000008004494       0x68 ./Core/pif/source/core/pif_ring_buffer.o
                0x0000000008004494                pifRingBuffer_PutByte
 .text.pifRingBuffer_PutData
                0x00000000080044fc       0x94 ./Core/pif/source/core/pif_ring_buffer.o
                0x00000000080044fc                pifRingBuffer_PutData
 .text.pifRingBuffer_PutString
                0x0000000008004590       0x9c ./Core/pif/source/core/pif_ring_buffer.o
                0x0000000008004590                pifRingBuffer_PutString
 .text.pifRingBuffer_GetByte
                0x000000000800462c       0x56 ./Core/pif/source/core/pif_ring_buffer.o
                0x000000000800462c                pifRingBuffer_GetByte
 .text.pifRingBuffer_Remove
                0x0000000008004682       0x4e ./Core/pif/source/core/pif_ring_buffer.o
                0x0000000008004682                pifRingBuffer_Remove
 .text._setTable
                0x00000000080046d0      0x10c ./Core/pif/source/core/pif_task.o
 .text._resetTable
                0x00000000080047dc       0x5c ./Core/pif/source/core/pif_task.o
 .text._processingAlways
                0x0000000008004838       0x50 ./Core/pif/source/core/pif_task.o
 .text._processingPeriodUs
                0x0000000008004888       0x4c ./Core/pif/source/core/pif_task.o
 .text._processingPeriodMs
                0x00000000080048d4       0x4c ./Core/pif/source/core/pif_task.o
 .text._processingChangeUs
                0x0000000008004920       0x5c ./Core/pif/source/core/pif_task.o
 .text._processingChangeMs
                0x000000000800497c       0x5c ./Core/pif/source/core/pif_task.o
 .text._processingRatio
                0x00000000080049d8       0xd4 ./Core/pif/source/core/pif_task.o
 .text._checkParam
                0x0000000008004aac       0xac ./Core/pif/source/core/pif_task.o
 .text._setParam
                0x0000000008004b58       0xfc ./Core/pif/source/core/pif_task.o
 .text._checkLoopTime
                0x0000000008004c54       0xd0 ./Core/pif/source/core/pif_task.o
 .text.pifTaskManager_Init
                0x0000000008004d24       0x4c ./Core/pif/source/core/pif_task.o
                0x0000000008004d24                pifTaskManager_Init
 .text.pifTaskManager_Add
                0x0000000008004d70       0xa4 ./Core/pif/source/core/pif_task.o
                0x0000000008004d70                pifTaskManager_Add
 .text.pifTaskManager_Remove
                0x0000000008004e14       0x34 ./Core/pif/source/core/pif_task.o
                0x0000000008004e14                pifTaskManager_Remove
 .text.pifTaskManager_Count
                0x0000000008004e48       0x14 ./Core/pif/source/core/pif_task.o
                0x0000000008004e48                pifTaskManager_Count
 .text.pifTaskManager_Loop
                0x0000000008004e5c       0xe8 ./Core/pif/source/core/pif_task.o
                0x0000000008004e5c                pifTaskManager_Loop
 .text.pifTaskManager_Yield
                0x0000000008004f44       0xdc ./Core/pif/source/core/pif_task.o
                0x0000000008004f44                pifTaskManager_Yield
 .text.pifTaskManager_YieldMs
                0x0000000008005020       0x34 ./Core/pif/source/core/pif_task.o
                0x0000000008005020                pifTaskManager_YieldMs
 .text.pifTaskManager_Print
                0x0000000008005054       0x7c ./Core/pif/source/core/pif_task.o
                0x0000000008005054                pifTaskManager_Print
 .text._doTask  0x00000000080050d0       0x5c ./Core/pif/source/core/pif_timer.o
 .text.pifTimerManager_Init
                0x000000000800512c       0xa8 ./Core/pif/source/core/pif_timer.o
                0x000000000800512c                pifTimerManager_Init
 .text.pifTimerManager_Clear
                0x00000000080051d4       0x34 ./Core/pif/source/core/pif_timer.o
                0x00000000080051d4                pifTimerManager_Clear
 .text.pifTimerManager_Add
                0x0000000008005208       0x38 ./Core/pif/source/core/pif_timer.o
                0x0000000008005208                pifTimerManager_Add
 .text.pifTimerManager_Count
                0x0000000008005240       0x1c ./Core/pif/source/core/pif_timer.o
                0x0000000008005240                pifTimerManager_Count
 .text.pifTimer_Start
                0x000000000800525c       0x5c ./Core/pif/source/core/pif_timer.o
                0x000000000800525c                pifTimer_Start
 .text.pifTimerManager_sigTick
                0x00000000080052b8      0x140 ./Core/pif/source/core/pif_timer.o
                0x00000000080052b8                pifTimerManager_sigTick
 .text.pifTimer_AttachEvtFinish
                0x00000000080053f8       0x24 ./Core/pif/source/core/pif_timer.o
                0x00000000080053f8                pifTimer_AttachEvtFinish
 .text._actStorageI2c_Read_1
                0x000000000800541c       0x4a ./Core/pif/source/storage/pif_storage.o
 .text._actStorageI2c_Write_1
                0x0000000008005466       0x5c ./Core/pif/source/storage/pif_storage.o
 .text._actStorageI2c_Read_2
                0x00000000080054c2       0x4a ./Core/pif/source/storage/pif_storage.o
 .text._actStorageI2c_Write_2
                0x000000000800550c       0x5c ./Core/pif/source/storage/pif_storage.o
 .text.pifStorage_AttachI2c
                0x0000000008005568       0xa8 ./Core/pif/source/storage/pif_storage.o
                0x0000000008005568                pifStorage_AttachI2c
 .text.pifStorage_DetachI2c
                0x0000000008005610       0x3c ./Core/pif/source/storage/pif_storage.o
                0x0000000008005610                pifStorage_DetachI2c
 .text.pifStorage_Format
                0x000000000800564c       0x1a ./Core/pif/source/storage/pif_storage.o
                0x000000000800564c                pifStorage_Format
 .text.pifStorage_Create
                0x0000000008005666       0x26 ./Core/pif/source/storage/pif_storage.o
                0x0000000008005666                pifStorage_Create
 .text.pifStorage_Delete
                0x000000000800568c       0x22 ./Core/pif/source/storage/pif_storage.o
                0x000000000800568c                pifStorage_Delete
 .text.pifStorage_Open
                0x00000000080056ae       0x22 ./Core/pif/source/storage/pif_storage.o
                0x00000000080056ae                pifStorage_Open
 .text.pifStorage_Read
                0x00000000080056d0       0x26 ./Core/pif/source/storage/pif_storage.o
                0x00000000080056d0                pifStorage_Read
 .text.pifStorage_Write
                0x00000000080056f6       0x26 ./Core/pif/source/storage/pif_storage.o
                0x00000000080056f6                pifStorage_Write
 .text._getNewDataNode
                0x000000000800571c       0x50 ./Core/pif/source/storage/pif_storage_var.o
 .text._readData
                0x000000000800576c       0x60 ./Core/pif/source/storage/pif_storage_var.o
 .text._writeData
                0x00000000080057cc       0x68 ./Core/pif/source/storage/pif_storage_var.o
 .text.pifStorageVar_Init
                0x0000000008005834       0x98 ./Core/pif/source/storage/pif_storage_var.o
                0x0000000008005834                pifStorageVar_Init
 .text.pifStorageVar_SetMedia
                0x00000000080058cc      0x1a4 ./Core/pif/source/storage/pif_storage_var.o
                0x00000000080058cc                pifStorageVar_SetMedia
 .text.pifStorageVar_AttachI2c
                0x0000000008005a70       0x32 ./Core/pif/source/storage/pif_storage_var.o
                0x0000000008005a70                pifStorageVar_AttachI2c
 .text.pifStorageVar_IsFormat
                0x0000000008005aa2       0x1a ./Core/pif/source/storage/pif_storage_var.o
                0x0000000008005aa2                pifStorageVar_IsFormat
 .text.pifStorageVar_Format
                0x0000000008005abc      0x1a0 ./Core/pif/source/storage/pif_storage_var.o
                0x0000000008005abc                pifStorageVar_Format
 .text.pifStorageVar_Create
                0x0000000008005c5c      0x2ac ./Core/pif/source/storage/pif_storage_var.o
                0x0000000008005c5c                pifStorageVar_Create
 .text.pifStorageVar_Delete
                0x0000000008005f08      0x11c ./Core/pif/source/storage/pif_storage_var.o
                0x0000000008005f08                pifStorageVar_Delete
 .text.pifStorageVar_Open
                0x0000000008006024       0x94 ./Core/pif/source/storage/pif_storage_var.o
                0x0000000008006024                pifStorageVar_Open
 .text.pifStorageVar_Read
                0x00000000080060b8       0x58 ./Core/pif/source/storage/pif_storage_var.o
                0x00000000080060b8                pifStorageVar_Read
 .text.pifStorageVar_Write
                0x0000000008006110       0x50 ./Core/pif/source/storage/pif_storage_var.o
                0x0000000008006110                pifStorageVar_Write
 .text.pifStorageVar_PrintInfo
                0x0000000008006160      0x1c0 ./Core/pif/source/storage/pif_storage_var.o
                0x0000000008006160                pifStorageVar_PrintInfo
 .text.pifStorageVar_Dump
                0x0000000008006320       0x94 ./Core/pif/source/storage/pif_storage_var.o
                0x0000000008006320                pifStorageVar_Dump
 .text.HAL_Init
                0x00000000080063b4       0x44 ./Drivers/STM32F4xx_HAL_Driver/Src/stm32f4xx_hal.o
                0x00000000080063b4                HAL_Init
 .text.HAL_InitTick
                0x00000000080063f8       0x60 ./Drivers/STM32F4xx_HAL_Driver/Src/stm32f4xx_hal.o
                0x00000000080063f8                HAL_InitTick
 .text.HAL_IncTick
                0x0000000008006458       0x28 ./Drivers/STM32F4xx_HAL_Driver/Src/stm32f4xx_hal.o
                0x0000000008006458                HAL_IncTick
 .text.HAL_GetTick
                0x0000000008006480       0x18 ./Drivers/STM32F4xx_HAL_Driver/Src/stm32f4xx_hal.o
                0x0000000008006480                HAL_GetTick
 .text.__NVIC_SetPriorityGrouping
                0x0000000008006498       0x48 ./Drivers/STM32F4xx_HAL_Driver/Src/stm32f4xx_hal_cortex.o
 .text.__NVIC_GetPriorityGrouping
                0x00000000080064e0       0x1c ./Drivers/STM32F4xx_HAL_Driver/Src/stm32f4xx_hal_cortex.o
 .text.__NVIC_EnableIRQ
                0x00000000080064fc       0x3c ./Drivers/STM32F4xx_HAL_Driver/Src/stm32f4xx_hal_cortex.o
 .text.__NVIC_SetPriority
                0x0000000008006538       0x54 ./Drivers/STM32F4xx_HAL_Driver/Src/stm32f4xx_hal_cortex.o
 .text.NVIC_EncodePriority
                0x000000000800658c       0x66 ./Drivers/STM32F4xx_HAL_Driver/Src/stm32f4xx_hal_cortex.o
 *fill*         0x00000000080065f2        0x2 
 .text.SysTick_Config
                0x00000000080065f4       0x44 ./Drivers/STM32F4xx_HAL_Driver/Src/stm32f4xx_hal_cortex.o
 .text.HAL_NVIC_SetPriorityGrouping
                0x0000000008006638       0x16 ./Drivers/STM32F4xx_HAL_Driver/Src/stm32f4xx_hal_cortex.o
                0x0000000008006638                HAL_NVIC_SetPriorityGrouping
 .text.HAL_NVIC_SetPriority
                0x000000000800664e       0x38 ./Drivers/STM32F4xx_HAL_Driver/Src/stm32f4xx_hal_cortex.o
                0x000000000800664e                HAL_NVIC_SetPriority
 .text.HAL_NVIC_EnableIRQ
                0x0000000008006686       0x1c ./Drivers/STM32F4xx_HAL_Driver/Src/stm32f4xx_hal_cortex.o
                0x0000000008006686                HAL_NVIC_EnableIRQ
 .text.HAL_SYSTICK_Config
                0x00000000080066a2       0x18 ./Drivers/STM32F4xx_HAL_Driver/Src/stm32f4xx_hal_cortex.o
                0x00000000080066a2                HAL_SYSTICK_Config
 *fill*         0x00000000080066ba        0x2 
 .text.HAL_DMA_Init
                0x00000000080066bc      0x15c ./Drivers/STM32F4xx_HAL_Driver/Src/stm32f4xx_hal_dma.o
                0x00000000080066bc                HAL_DMA_Init
 .text.HAL_DMA_Abort
                0x0000000008006818       0xe0 ./Drivers/STM32F4xx_HAL_Driver/Src/stm32f4xx_hal_dma.o
                0x0000000008006818                HAL_DMA_Abort
 .text.HAL_DMA_Abort_IT
                0x00000000080068f8       0x44 ./Drivers/STM32F4xx_HAL_Driver/Src/stm32f4xx_hal_dma.o
                0x00000000080068f8                HAL_DMA_Abort_IT
 .text.HAL_DMA_IRQHandler
                0x000000000800693c      0x314 ./Drivers/STM32F4xx_HAL_Driver/Src/stm32f4xx_hal_dma.o
                0x000000000800693c                HAL_DMA_IRQHandler
 .text.HAL_DMA_GetState
                0x0000000008006c50       0x1c ./Drivers/STM32F4xx_HAL_Driver/Src/stm32f4xx_hal_dma.o
                0x0000000008006c50                HAL_DMA_GetState
 .text.DMA_CalcBaseAndBitshift
                0x0000000008006c6c       0x6c ./Drivers/STM32F4xx_HAL_Driver/Src/stm32f4xx_hal_dma.o
 .text.DMA_CheckFifoParam
                0x0000000008006cd8       0xf8 ./Drivers/STM32F4xx_HAL_Driver/Src/stm32f4xx_hal_dma.o
 .text.HAL_GPIO_Init
                0x0000000008006dd0      0x308 ./Drivers/STM32F4xx_HAL_Driver/Src/stm32f4xx_hal_gpio.o
                0x0000000008006dd0                HAL_GPIO_Init
 .text.HAL_GPIO_WritePin
                0x00000000080070d8       0x32 ./Drivers/STM32F4xx_HAL_Driver/Src/stm32f4xx_hal_gpio.o
                0x00000000080070d8                HAL_GPIO_WritePin
 *fill*         0x000000000800710a        0x2 
 .text.HAL_I2C_Init
                0x000000000800710c      0x288 ./Drivers/STM32F4xx_HAL_Driver/Src/stm32f4xx_hal_i2c.o
                0x000000000800710c                HAL_I2C_Init
 .text.HAL_I2C_Master_Transmit
                0x0000000008007394      0x1fc ./Drivers/STM32F4xx_HAL_Driver/Src/stm32f4xx_hal_i2c.o
                0x0000000008007394                HAL_I2C_Master_Transmit
 .text.HAL_I2C_Master_Receive
                0x0000000008007590      0x44c ./Drivers/STM32F4xx_HAL_Driver/Src/stm32f4xx_hal_i2c.o
                0x0000000008007590                HAL_I2C_Master_Receive
 .text.HAL_I2C_Mem_Write
                0x00000000080079dc      0x1f4 ./Drivers/STM32F4xx_HAL_Driver/Src/stm32f4xx_hal_i2c.o
                0x00000000080079dc                HAL_I2C_Mem_Write
 .text.HAL_I2C_Mem_Read
                0x0000000008007bd0      0x44c ./Drivers/STM32F4xx_HAL_Driver/Src/stm32f4xx_hal_i2c.o
                0x0000000008007bd0                HAL_I2C_Mem_Read
 .text.HAL_I2C_EV_IRQHandler
                0x000000000800801c      0x2e2 ./Drivers/STM32F4xx_HAL_Driver/Src/stm32f4xx_hal_i2c.o
                0x000000000800801c                HAL_I2C_EV_IRQHandler
 .text.HAL_I2C_ER_IRQHandler
                0x00000000080082fe      0x14e ./Drivers/STM32F4xx_HAL_Driver/Src/stm32f4xx_hal_i2c.o
                0x00000000080082fe                HAL_I2C_ER_IRQHandler
 .text.HAL_I2C_MasterTxCpltCallback
                0x000000000800844c       0x14 ./Drivers/STM32F4xx_HAL_Driver/Src/stm32f4xx_hal_i2c.o
                0x000000000800844c                HAL_I2C_MasterTxCpltCallback
 .text.HAL_I2C_MasterRxCpltCallback
                0x0000000008008460       0x14 ./Drivers/STM32F4xx_HAL_Driver/Src/stm32f4xx_hal_i2c.o
                0x0000000008008460                HAL_I2C_MasterRxCpltCallback
 .text.HAL_I2C_SlaveTxCpltCallback
                0x0000000008008474       0x14 ./Drivers/STM32F4xx_HAL_Driver/Src/stm32f4xx_hal_i2c.o
                0x0000000008008474                HAL_I2C_SlaveTxCpltCallback
 .text.HAL_I2C_SlaveRxCpltCallback
                0x0000000008008488       0x14 ./Drivers/STM32F4xx_HAL_Driver/Src/stm32f4xx_hal_i2c.o
                0x0000000008008488                HAL_I2C_SlaveRxCpltCallback
 .text.HAL_I2C_AddrCallback
                0x000000000800849c       0x1c ./Drivers/STM32F4xx_HAL_Driver/Src/stm32f4xx_hal_i2c.o
                0x000000000800849c                HAL_I2C_AddrCallback
 .text.HAL_I2C_ListenCpltCallback
                0x00000000080084b8       0x14 ./Drivers/STM32F4xx_HAL_Driver/Src/stm32f4xx_hal_i2c.o
                0x00000000080084b8                HAL_I2C_ListenCpltCallback
 .text.HAL_I2C_MemTxCpltCallback
                0x00000000080084cc       0x14 ./Drivers/STM32F4xx_HAL_Driver/Src/stm32f4xx_hal_i2c.o
                0x00000000080084cc                HAL_I2C_MemTxCpltCallback
 .text.HAL_I2C_MemRxCpltCallback
                0x00000000080084e0       0x14 ./Drivers/STM32F4xx_HAL_Driver/Src/stm32f4xx_hal_i2c.o
                0x00000000080084e0                HAL_I2C_MemRxCpltCallback
 .text.HAL_I2C_ErrorCallback
                0x00000000080084f4       0x14 ./Drivers/STM32F4xx_HAL_Driver/Src/stm32f4xx_hal_i2c.o
                0x00000000080084f4                HAL_I2C_ErrorCallback
 .text.HAL_I2C_AbortCpltCallback
                0x0000000008008508       0x14 ./Drivers/STM32F4xx_HAL_Driver/Src/stm32f4xx_hal_i2c.o
                0x0000000008008508                HAL_I2C_AbortCpltCallback
 .text.I2C_MasterTransmit_TXE
                0x000000000800851c      0x138 ./Drivers/STM32F4xx_HAL_Driver/Src/stm32f4xx_hal_i2c.o
 .text.I2C_MasterTransmit_BTF
                0x0000000008008654       0xec ./Drivers/STM32F4xx_HAL_Driver/Src/stm32f4xx_hal_i2c.o
 .text.I2C_MemoryTransmit_TXE_BTF
                0x0000000008008740      0x128 ./Drivers/STM32F4xx_HAL_Driver/Src/stm32f4xx_hal_i2c.o
 .text.I2C_MasterReceive_RXNE
                0x0000000008008868      0x176 ./Drivers/STM32F4xx_HAL_Driver/Src/stm32f4xx_hal_i2c.o
 .text.I2C_MasterReceive_BTF
                0x00000000080089de      0x1d4 ./Drivers/STM32F4xx_HAL_Driver/Src/stm32f4xx_hal_i2c.o
 .text.I2C_Master_SB
                0x0000000008008bb2      0x10c ./Drivers/STM32F4xx_HAL_Driver/Src/stm32f4xx_hal_i2c.o
 .text.I2C_Master_ADD10
                0x0000000008008cbe       0x54 ./Drivers/STM32F4xx_HAL_Driver/Src/stm32f4xx_hal_i2c.o
 .text.I2C_Master_ADDR
                0x0000000008008d12      0x322 ./Drivers/STM32F4xx_HAL_Driver/Src/stm32f4xx_hal_i2c.o
 .text.I2C_SlaveTransmit_TXE
                0x0000000008009034       0x7a ./Drivers/STM32F4xx_HAL_Driver/Src/stm32f4xx_hal_i2c.o
 .text.I2C_SlaveTransmit_BTF
                0x00000000080090ae       0x42 ./Drivers/STM32F4xx_HAL_Driver/Src/stm32f4xx_hal_i2c.o
 .text.I2C_SlaveReceive_RXNE
                0x00000000080090f0       0x7c ./Drivers/STM32F4xx_HAL_Driver/Src/stm32f4xx_hal_i2c.o
 .text.I2C_SlaveReceive_BTF
                0x000000000800916c       0x44 ./Drivers/STM32F4xx_HAL_Driver/Src/stm32f4xx_hal_i2c.o
 .text.I2C_Slave_ADDR
                0x00000000080091b0       0x94 ./Drivers/STM32F4xx_HAL_Driver/Src/stm32f4xx_hal_i2c.o
 .text.I2C_Slave_STOPF
                0x0000000008009244      0x260 ./Drivers/STM32F4xx_HAL_Driver/Src/stm32f4xx_hal_i2c.o
 .text.I2C_Slave_AF
                0x00000000080094a4       0xe0 ./Drivers/STM32F4xx_HAL_Driver/Src/stm32f4xx_hal_i2c.o
 .text.I2C_ITError
                0x0000000008009584      0x264 ./Drivers/STM32F4xx_HAL_Driver/Src/stm32f4xx_hal_i2c.o
 .text.I2C_MasterRequestWrite
                0x00000000080097e8      0x104 ./Drivers/STM32F4xx_HAL_Driver/Src/stm32f4xx_hal_i2c.o
 .text.I2C_MasterRequestRead
                0x00000000080098ec      0x19c ./Drivers/STM32F4xx_HAL_Driver/Src/stm32f4xx_hal_i2c.o
 .text.I2C_RequestMemoryWrite
                0x0000000008009a88      0x12c ./Drivers/STM32F4xx_HAL_Driver/Src/stm32f4xx_hal_i2c.o
 .text.I2C_RequestMemoryRead
                0x0000000008009bb4      0x1d0 ./Drivers/STM32F4xx_HAL_Driver/Src/stm32f4xx_hal_i2c.o
 .text.I2C_DMAAbort
                0x0000000008009d84      0x150 ./Drivers/STM32F4xx_HAL_Driver/Src/stm32f4xx_hal_i2c.o
 .text.I2C_WaitOnFlagUntilTimeout
                0x0000000008009ed4       0xae ./Drivers/STM32F4xx_HAL_Driver/Src/stm32f4xx_hal_i2c.o
 .text.I2C_WaitOnMasterAddressFlagUntilTimeout
                0x0000000008009f82       0xfe ./Drivers/STM32F4xx_HAL_Driver/Src/stm32f4xx_hal_i2c.o
 .text.I2C_WaitOnTXEFlagUntilTimeout
                0x000000000800a080       0x82 ./Drivers/STM32F4xx_HAL_Driver/Src/stm32f4xx_hal_i2c.o
 .text.I2C_WaitOnBTFFlagUntilTimeout
                0x000000000800a102       0x82 ./Drivers/STM32F4xx_HAL_Driver/Src/stm32f4xx_hal_i2c.o
 .text.I2C_WaitOnSTOPRequestThroughIT
                0x000000000800a184       0x64 ./Drivers/STM32F4xx_HAL_Driver/Src/stm32f4xx_hal_i2c.o
 .text.I2C_WaitOnRXNEFlagUntilTimeout
                0x000000000800a1e8       0xac ./Drivers/STM32F4xx_HAL_Driver/Src/stm32f4xx_hal_i2c.o
 .text.I2C_IsAcknowledgeFailed
                0x000000000800a294       0x5e ./Drivers/STM32F4xx_HAL_Driver/Src/stm32f4xx_hal_i2c.o
 .text.I2C_ConvertOtherXferOptions
                0x000000000800a2f2       0x36 ./Drivers/STM32F4xx_HAL_Driver/Src/stm32f4xx_hal_i2c.o
 .text.HAL_RCC_OscConfig
                0x000000000800a328      0x4f0 ./Drivers/STM32F4xx_HAL_Driver/Src/stm32f4xx_hal_rcc.o
                0x000000000800a328                HAL_RCC_OscConfig
 .text.HAL_RCC_ClockConfig
                0x000000000800a818      0x1cc ./Drivers/STM32F4xx_HAL_Driver/Src/stm32f4xx_hal_rcc.o
                0x000000000800a818                HAL_RCC_ClockConfig
 .text.HAL_RCC_GetSysClockFreq
                0x000000000800a9e4      0x20c ./Drivers/STM32F4xx_HAL_Driver/Src/stm32f4xx_hal_rcc.o
                0x000000000800a9e4                HAL_RCC_GetSysClockFreq
 .text.HAL_RCC_GetHCLKFreq
                0x000000000800abf0       0x18 ./Drivers/STM32F4xx_HAL_Driver/Src/stm32f4xx_hal_rcc.o
                0x000000000800abf0                HAL_RCC_GetHCLKFreq
 .text.HAL_RCC_GetPCLK1Freq
                0x000000000800ac08       0x28 ./Drivers/STM32F4xx_HAL_Driver/Src/stm32f4xx_hal_rcc.o
                0x000000000800ac08                HAL_RCC_GetPCLK1Freq
 .text.HAL_RCC_GetPCLK2Freq
                0x000000000800ac30       0x28 ./Drivers/STM32F4xx_HAL_Driver/Src/stm32f4xx_hal_rcc.o
                0x000000000800ac30                HAL_RCC_GetPCLK2Freq
 .text.HAL_UART_Init
                0x000000000800ac58       0x9a ./Drivers/STM32F4xx_HAL_Driver/Src/stm32f4xx_hal_uart.o
                0x000000000800ac58                HAL_UART_Init
 .text.HAL_UART_Transmit_IT
                0x000000000800acf2       0x8a ./Drivers/STM32F4xx_HAL_Driver/Src/stm32f4xx_hal_uart.o
                0x000000000800acf2                HAL_UART_Transmit_IT
 .text.HAL_UART_Receive_IT
                0x000000000800ad7c       0x60 ./Drivers/STM32F4xx_HAL_Driver/Src/stm32f4xx_hal_uart.o
                0x000000000800ad7c                HAL_UART_Receive_IT
 .text.HAL_UART_IRQHandler
                0x000000000800addc      0x51c ./Drivers/STM32F4xx_HAL_Driver/Src/stm32f4xx_hal_uart.o
                0x000000000800addc                HAL_UART_IRQHandler
 .text.HAL_UART_ErrorCallback
                0x000000000800b2f8       0x14 ./Drivers/STM32F4xx_HAL_Driver/Src/stm32f4xx_hal_uart.o
                0x000000000800b2f8                HAL_UART_ErrorCallback
 .text.HAL_UARTEx_RxEventCallback
                0x000000000800b30c       0x18 ./Drivers/STM32F4xx_HAL_Driver/Src/stm32f4xx_hal_uart.o
                0x000000000800b30c                HAL_UARTEx_RxEventCallback
 .text.UART_Start_Receive_IT
                0x000000000800b324       0x7c ./Drivers/STM32F4xx_HAL_Driver/Src/stm32f4xx_hal_uart.o
                0x000000000800b324                UART_Start_Receive_IT
 .text.UART_EndRxTransfer
                0x000000000800b3a0       0xc6 ./Drivers/STM32F4xx_HAL_Driver/Src/stm32f4xx_hal_uart.o
 .text.UART_DMAAbortOnError
                0x000000000800b466       0x28 ./Drivers/STM32F4xx_HAL_Driver/Src/stm32f4xx_hal_uart.o
 .text.UART_Transmit_IT
                0x000000000800b48e       0xa0 ./Drivers/STM32F4xx_HAL_Driver/Src/stm32f4xx_hal_uart.o
 .text.UART_EndTransmit_IT
                0x000000000800b52e       0x30 ./Drivers/STM32F4xx_HAL_Driver/Src/stm32f4xx_hal_uart.o
 .text.UART_Receive_IT
                0x000000000800b55e      0x176 ./Drivers/STM32F4xx_HAL_Driver/Src/stm32f4xx_hal_uart.o
 .text.UART_SetConfig
                0x000000000800b6d4      0x4e8 ./Drivers/STM32F4xx_HAL_Driver/Src/stm32f4xx_hal_uart.o
 .text.atoi     0x000000000800bbbc        0x8 /home/wonjh/st/stm32cubeide_1.6.1/plugins/com.st.stm32cube.ide.mcu.externaltools.gnu-tools-for-stm32.10.3-2021.10.linux64_1.0.0.202111181127/tools/bin/../lib/gcc/arm-none-eabi/10.3.1/../../../../arm-none-eabi/lib/thumb/v7e-m+fp/hard/libc_nano.a(lib_a-atoi.o)
                0x000000000800bbbc                atoi
 .text.calloc   0x000000000800bbc4       0x10 /home/wonjh/st/stm32cubeide_1.6.1/plugins/com.st.stm32cube.ide.mcu.externaltools.gnu-tools-for-stm32.10.3-2021.10.linux64_1.0.0.202111181127/tools/bin/../lib/gcc/arm-none-eabi/10.3.1/../../../../arm-none-eabi/lib/thumb/v7e-m+fp/hard/libc_nano.a(lib_a-calloc.o)
                0x000000000800bbc4                calloc
 .text.__errno  0x000000000800bbd4        0xc /home/wonjh/st/stm32cubeide_1.6.1/plugins/com.st.stm32cube.ide.mcu.externaltools.gnu-tools-for-stm32.10.3-2021.10.linux64_1.0.0.202111181127/tools/bin/../lib/gcc/arm-none-eabi/10.3.1/../../../../arm-none-eabi/lib/thumb/v7e-m+fp/hard/libc_nano.a(lib_a-errno.o)
                0x000000000800bbd4                __errno
 .text.__libc_init_array
                0x000000000800bbe0       0x48 /home/wonjh/st/stm32cubeide_1.6.1/plugins/com.st.stm32cube.ide.mcu.externaltools.gnu-tools-for-stm32.10.3-2021.10.linux64_1.0.0.202111181127/tools/bin/../lib/gcc/arm-none-eabi/10.3.1/../../../../arm-none-eabi/lib/thumb/v7e-m+fp/hard/libc_nano.a(lib_a-init.o)
                0x000000000800bbe0                __libc_init_array
 .text.malloc   0x000000000800bc28       0x10 /home/wonjh/st/stm32cubeide_1.6.1/plugins/com.st.stm32cube.ide.mcu.externaltools.gnu-tools-for-stm32.10.3-2021.10.linux64_1.0.0.202111181127/tools/bin/../lib/gcc/arm-none-eabi/10.3.1/../../../../arm-none-eabi/lib/thumb/v7e-m+fp/hard/libc_nano.a(lib_a-malloc.o)
                0x000000000800bc28                malloc
 .text.free     0x000000000800bc38       0x10 /home/wonjh/st/stm32cubeide_1.6.1/plugins/com.st.stm32cube.ide.mcu.externaltools.gnu-tools-for-stm32.10.3-2021.10.linux64_1.0.0.202111181127/tools/bin/../lib/gcc/arm-none-eabi/10.3.1/../../../../arm-none-eabi/lib/thumb/v7e-m+fp/hard/libc_nano.a(lib_a-malloc.o)
                0x000000000800bc38                free
 .text.memset   0x000000000800bc48       0x10 /home/wonjh/st/stm32cubeide_1.6.1/plugins/com.st.stm32cube.ide.mcu.externaltools.gnu-tools-for-stm32.10.3-2021.10.linux64_1.0.0.202111181127/tools/bin/../lib/gcc/arm-none-eabi/10.3.1/../../../../arm-none-eabi/lib/thumb/v7e-m+fp/hard/libc_nano.a(lib_a-memset.o)
                0x000000000800bc48                memset
 .text._calloc_r
                0x000000000800bc58       0x2c /home/wonjh/st/stm32cubeide_1.6.1/plugins/com.st.stm32cube.ide.mcu.externaltools.gnu-tools-for-stm32.10.3-2021.10.linux64_1.0.0.202111181127/tools/bin/../lib/gcc/arm-none-eabi/10.3.1/../../../../arm-none-eabi/lib/thumb/v7e-m+fp/hard/libc_nano.a(lib_a-nano-callocr.o)
                0x000000000800bc58                _calloc_r
 .text._free_r  0x000000000800bc84       0x98 /home/wonjh/st/stm32cubeide_1.6.1/plugins/com.st.stm32cube.ide.mcu.externaltools.gnu-tools-for-stm32.10.3-2021.10.linux64_1.0.0.202111181127/tools/bin/../lib/gcc/arm-none-eabi/10.3.1/../../../../arm-none-eabi/lib/thumb/v7e-m+fp/hard/libc_nano.a(lib_a-nano-freer.o)
                0x000000000800bc84                _free_r
 .text.sbrk_aligned
                0x000000000800bd1c       0x40 /home/wonjh/st/stm32cubeide_1.6.1/plugins/com.st.stm32cube.ide.mcu.externaltools.gnu-tools-for-stm32.10.3-2021.10.linux64_1.0.0.202111181127/tools/bin/../lib/gcc/arm-none-eabi/10.3.1/../../../../arm-none-eabi/lib/thumb/v7e-m+fp/hard/libc_nano.a(lib_a-nano-mallocr.o)
 .text._malloc_r
                0x000000000800bd5c       0xe8 /home/wonjh/st/stm32cubeide_1.6.1/plugins/com.st.stm32cube.ide.mcu.externaltools.gnu-tools-for-stm32.10.3-2021.10.linux64_1.0.0.202111181127/tools/bin/../lib/gcc/arm-none-eabi/10.3.1/../../../../arm-none-eabi/lib/thumb/v7e-m+fp/hard/libc_nano.a(lib_a-nano-mallocr.o)
                0x000000000800bd5c                _malloc_r
 .text.rand     0x000000000800be44       0x7c /home/wonjh/st/stm32cubeide_1.6.1/plugins/com.st.stm32cube.ide.mcu.externaltools.gnu-tools-for-stm32.10.3-2021.10.linux64_1.0.0.202111181127/tools/bin/../lib/gcc/arm-none-eabi/10.3.1/../../../../arm-none-eabi/lib/thumb/v7e-m+fp/hard/libc_nano.a(lib_a-rand.o)
                0x000000000800be44                rand
 .text._sbrk_r  0x000000000800bec0       0x20 /home/wonjh/st/stm32cubeide_1.6.1/plugins/com.st.stm32cube.ide.mcu.externaltools.gnu-tools-for-stm32.10.3-2021.10.linux64_1.0.0.202111181127/tools/bin/../lib/gcc/arm-none-eabi/10.3.1/../../../../arm-none-eabi/lib/thumb/v7e-m+fp/hard/libc_nano.a(lib_a-sbrkr.o)
                0x000000000800bec0                _sbrk_r
 .text.strcpy   0x000000000800bee0       0x10 /home/wonjh/st/stm32cubeide_1.6.1/plugins/com.st.stm32cube.ide.mcu.externaltools.gnu-tools-for-stm32.10.3-2021.10.linux64_1.0.0.202111181127/tools/bin/../lib/gcc/arm-none-eabi/10.3.1/../../../../arm-none-eabi/lib/thumb/v7e-m+fp/hard/libc_nano.a(lib_a-strcpy.o)
                0x000000000800bee0                strcpy
 .text.strncpy  0x000000000800bef0       0x26 /home/wonjh/st/stm32cubeide_1.6.1/plugins/com.st.stm32cube.ide.mcu.externaltools.gnu-tools-for-stm32.10.3-2021.10.linux64_1.0.0.202111181127/tools/bin/../lib/gcc/arm-none-eabi/10.3.1/../../../../arm-none-eabi/lib/thumb/v7e-m+fp/hard/libc_nano.a(lib_a-strncpy.o)
                0x000000000800bef0                strncpy
 *fill*         0x000000000800bf16        0x2 
 .text._strtol_l.constprop.0
                0x000000000800bf18      0x104 /home/wonjh/st/stm32cubeide_1.6.1/plugins/com.st.stm32cube.ide.mcu.externaltools.gnu-tools-for-stm32.10.3-2021.10.linux64_1.0.0.202111181127/tools/bin/../lib/gcc/arm-none-eabi/10.3.1/../../../../arm-none-eabi/lib/thumb/v7e-m+fp/hard/libc_nano.a(lib_a-strtol.o)
 .text.strtol   0x000000000800c01c       0x14 /home/wonjh/st/stm32cubeide_1.6.1/plugins/com.st.stm32cube.ide.mcu.externaltools.gnu-tools-for-stm32.10.3-2021.10.linux64_1.0.0.202111181127/tools/bin/../lib/gcc/arm-none-eabi/10.3.1/../../../../arm-none-eabi/lib/thumb/v7e-m+fp/hard/libc_nano.a(lib_a-strtol.o)
                0x000000000800c01c                strtol
 .text.__assert_func
                0x000000000800c030       0x3c /home/wonjh/st/stm32cubeide_1.6.1/plugins/com.st.stm32cube.ide.mcu.externaltools.gnu-tools-for-stm32.10.3-2021.10.linux64_1.0.0.202111181127/tools/bin/../lib/gcc/arm-none-eabi/10.3.1/../../../../arm-none-eabi/lib/thumb/v7e-m+fp/hard/libc_nano.a(lib_a-assert.o)
                0x000000000800c030                __assert_func
 .text.fprintf  0x000000000800c06c       0x24 /home/wonjh/st/stm32cubeide_1.6.1/plugins/com.st.stm32cube.ide.mcu.externaltools.gnu-tools-for-stm32.10.3-2021.10.linux64_1.0.0.202111181127/tools/bin/../lib/gcc/arm-none-eabi/10.3.1/../../../../arm-none-eabi/lib/thumb/v7e-m+fp/hard/libc_nano.a(lib_a-fprintf.o)
                0x000000000800c06c                fprintf
                0x000000000800c06c                fiprintf
 .text.__malloc_lock
                0x000000000800c090        0xc /home/wonjh/st/stm32cubeide_1.6.1/plugins/com.st.stm32cube.ide.mcu.externaltools.gnu-tools-for-stm32.10.3-2021.10.linux64_1.0.0.202111181127/tools/bin/../lib/gcc/arm-none-eabi/10.3.1/../../../../arm-none-eabi/lib/thumb/v7e-m+fp/hard/libc_nano.a(lib_a-mlock.o)
                0x000000000800c090                __malloc_lock
 .text.__malloc_unlock
                0x000000000800c09c        0xc /home/wonjh/st/stm32cubeide_1.6.1/plugins/com.st.stm32cube.ide.mcu.externaltools.gnu-tools-for-stm32.10.3-2021.10.linux64_1.0.0.202111181127/tools/bin/../lib/gcc/arm-none-eabi/10.3.1/../../../../arm-none-eabi/lib/thumb/v7e-m+fp/hard/libc_nano.a(lib_a-mlock.o)
                0x000000000800c09c                __malloc_unlock
 .text.__sfputc_r
                0x000000000800c0a8       0x2e /home/wonjh/st/stm32cubeide_1.6.1/plugins/com.st.stm32cube.ide.mcu.externaltools.gnu-tools-for-stm32.10.3-2021.10.linux64_1.0.0.202111181127/tools/bin/../lib/gcc/arm-none-eabi/10.3.1/../../../../arm-none-eabi/lib/thumb/v7e-m+fp/hard/libc_nano.a(lib_a-nano-vfprintf.o)
 .text.__sfputs_r
                0x000000000800c0d6       0x24 /home/wonjh/st/stm32cubeide_1.6.1/plugins/com.st.stm32cube.ide.mcu.externaltools.gnu-tools-for-stm32.10.3-2021.10.linux64_1.0.0.202111181127/tools/bin/../lib/gcc/arm-none-eabi/10.3.1/../../../../arm-none-eabi/lib/thumb/v7e-m+fp/hard/libc_nano.a(lib_a-nano-vfprintf.o)
                0x000000000800c0d6                __sfputs_r
 *fill*         0x000000000800c0fa        0x2 
 .text._vfprintf_r
                0x000000000800c0fc      0x260 /home/wonjh/st/stm32cubeide_1.6.1/plugins/com.st.stm32cube.ide.mcu.externaltools.gnu-tools-for-stm32.10.3-2021.10.linux64_1.0.0.202111181127/tools/bin/../lib/gcc/arm-none-eabi/10.3.1/../../../../arm-none-eabi/lib/thumb/v7e-m+fp/hard/libc_nano.a(lib_a-nano-vfprintf.o)
                0x000000000800c0fc                _vfiprintf_r
                0x000000000800c0fc                _vfprintf_r
 .text._printf_common
                0x000000000800c35c       0xda /home/wonjh/st/stm32cubeide_1.6.1/plugins/com.st.stm32cube.ide.mcu.externaltools.gnu-tools-for-stm32.10.3-2021.10.linux64_1.0.0.202111181127/tools/bin/../lib/gcc/arm-none-eabi/10.3.1/../../../../arm-none-eabi/lib/thumb/v7e-m+fp/hard/libc_nano.a(lib_a-nano-vfprintf_i.o)
                0x000000000800c35c                _printf_common
 *fill*         0x000000000800c436        0x2 
 .text._printf_i
                0x000000000800c438      0x24c /home/wonjh/st/stm32cubeide_1.6.1/plugins/com.st.stm32cube.ide.mcu.externaltools.gnu-tools-for-stm32.10.3-2021.10.linux64_1.0.0.202111181127/tools/bin/../lib/gcc/arm-none-eabi/10.3.1/../../../../arm-none-eabi/lib/thumb/v7e-m+fp/hard/libc_nano.a(lib_a-nano-vfprintf_i.o)
                0x000000000800c438                _printf_i
 .text.__swbuf_r
                0x000000000800c684       0xa4 /home/wonjh/st/stm32cubeide_1.6.1/plugins/com.st.stm32cube.ide.mcu.externaltools.gnu-tools-for-stm32.10.3-2021.10.linux64_1.0.0.202111181127/tools/bin/../lib/gcc/arm-none-eabi/10.3.1/../../../../arm-none-eabi/lib/thumb/v7e-m+fp/hard/libc_nano.a(lib_a-wbuf.o)
                0x000000000800c684                __swbuf_r
 .text.__swsetup_r
                0x000000000800c728       0xdc /home/wonjh/st/stm32cubeide_1.6.1/plugins/com.st.stm32cube.ide.mcu.externaltools.gnu-tools-for-stm32.10.3-2021.10.linux64_1.0.0.202111181127/tools/bin/../lib/gcc/arm-none-eabi/10.3.1/../../../../arm-none-eabi/lib/thumb/v7e-m+fp/hard/libc_nano.a(lib_a-wsetup.o)
                0x000000000800c728                __swsetup_r
 .text.abort    0x000000000800c804        0xe /home/wonjh/st/stm32cubeide_1.6.1/plugins/com.st.stm32cube.ide.mcu.externaltools.gnu-tools-for-stm32.10.3-2021.10.linux64_1.0.0.202111181127/tools/bin/../lib/gcc/arm-none-eabi/10.3.1/../../../../arm-none-eabi/lib/thumb/v7e-m+fp/hard/libc_nano.a(lib_a-abort.o)
                0x000000000800c804                abort
 *fill*         0x000000000800c812        0x2 
 .text.__sflush_r
                0x000000000800c814      0x10c /home/wonjh/st/stm32cubeide_1.6.1/plugins/com.st.stm32cube.ide.mcu.externaltools.gnu-tools-for-stm32.10.3-2021.10.linux64_1.0.0.202111181127/tools/bin/../lib/gcc/arm-none-eabi/10.3.1/../../../../arm-none-eabi/lib/thumb/v7e-m+fp/hard/libc_nano.a(lib_a-fflush.o)
                0x000000000800c814                __sflush_r
 .text._fflush_r
                0x000000000800c920       0x78 /home/wonjh/st/stm32cubeide_1.6.1/plugins/com.st.stm32cube.ide.mcu.externaltools.gnu-tools-for-stm32.10.3-2021.10.linux64_1.0.0.202111181127/tools/bin/../lib/gcc/arm-none-eabi/10.3.1/../../../../arm-none-eabi/lib/thumb/v7e-m+fp/hard/libc_nano.a(lib_a-fflush.o)
                0x000000000800c920                _fflush_r
 .text.std      0x000000000800c998       0x48 /home/wonjh/st/stm32cubeide_1.6.1/plugins/com.st.stm32cube.ide.mcu.externaltools.gnu-tools-for-stm32.10.3-2021.10.linux64_1.0.0.202111181127/tools/bin/../lib/gcc/arm-none-eabi/10.3.1/../../../../arm-none-eabi/lib/thumb/v7e-m+fp/hard/libc_nano.a(lib_a-findfp.o)
 .text._cleanup_r
                0x000000000800c9e0        0xc /home/wonjh/st/stm32cubeide_1.6.1/plugins/com.st.stm32cube.ide.mcu.externaltools.gnu-tools-for-stm32.10.3-2021.10.linux64_1.0.0.202111181127/tools/bin/../lib/gcc/arm-none-eabi/10.3.1/../../../../arm-none-eabi/lib/thumb/v7e-m+fp/hard/libc_nano.a(lib_a-findfp.o)
                0x000000000800c9e0                _cleanup_r
 .text.__sfmoreglue
                0x000000000800c9ec       0x2c /home/wonjh/st/stm32cubeide_1.6.1/plugins/com.st.stm32cube.ide.mcu.externaltools.gnu-tools-for-stm32.10.3-2021.10.linux64_1.0.0.202111181127/tools/bin/../lib/gcc/arm-none-eabi/10.3.1/../../../../arm-none-eabi/lib/thumb/v7e-m+fp/hard/libc_nano.a(lib_a-findfp.o)
                0x000000000800c9ec                __sfmoreglue
 .text.__sfp_lock_acquire
                0x000000000800ca18        0xc /home/wonjh/st/stm32cubeide_1.6.1/plugins/com.st.stm32cube.ide.mcu.externaltools.gnu-tools-for-stm32.10.3-2021.10.linux64_1.0.0.202111181127/tools/bin/../lib/gcc/arm-none-eabi/10.3.1/../../../../arm-none-eabi/lib/thumb/v7e-m+fp/hard/libc_nano.a(lib_a-findfp.o)
                0x000000000800ca18                __sfp_lock_acquire
 .text.__sfp_lock_release
                0x000000000800ca24        0xc /home/wonjh/st/stm32cubeide_1.6.1/plugins/com.st.stm32cube.ide.mcu.externaltools.gnu-tools-for-stm32.10.3-2021.10.linux64_1.0.0.202111181127/tools/bin/../lib/gcc/arm-none-eabi/10.3.1/../../../../arm-none-eabi/lib/thumb/v7e-m+fp/hard/libc_nano.a(lib_a-findfp.o)
                0x000000000800ca24                __sfp_lock_release
 .text.__sinit_lock_acquire
                0x000000000800ca30        0xc /home/wonjh/st/stm32cubeide_1.6.1/plugins/com.st.stm32cube.ide.mcu.externaltools.gnu-tools-for-stm32.10.3-2021.10.linux64_1.0.0.202111181127/tools/bin/../lib/gcc/arm-none-eabi/10.3.1/../../../../arm-none-eabi/lib/thumb/v7e-m+fp/hard/libc_nano.a(lib_a-findfp.o)
                0x000000000800ca30                __sinit_lock_acquire
 .text.__sinit_lock_release
                0x000000000800ca3c        0xc /home/wonjh/st/stm32cubeide_1.6.1/plugins/com.st.stm32cube.ide.mcu.externaltools.gnu-tools-for-stm32.10.3-2021.10.linux64_1.0.0.202111181127/tools/bin/../lib/gcc/arm-none-eabi/10.3.1/../../../../arm-none-eabi/lib/thumb/v7e-m+fp/hard/libc_nano.a(lib_a-findfp.o)
                0x000000000800ca3c                __sinit_lock_release
 .text.__sinit  0x000000000800ca48       0x70 /home/wonjh/st/stm32cubeide_1.6.1/plugins/com.st.stm32cube.ide.mcu.externaltools.gnu-tools-for-stm32.10.3-2021.10.linux64_1.0.0.202111181127/tools/bin/../lib/gcc/arm-none-eabi/10.3.1/../../../../arm-none-eabi/lib/thumb/v7e-m+fp/hard/libc_nano.a(lib_a-findfp.o)
                0x000000000800ca48                __sinit
 .text.__sfp    0x000000000800cab8       0x8c /home/wonjh/st/stm32cubeide_1.6.1/plugins/com.st.stm32cube.ide.mcu.externaltools.gnu-tools-for-stm32.10.3-2021.10.linux64_1.0.0.202111181127/tools/bin/../lib/gcc/arm-none-eabi/10.3.1/../../../../arm-none-eabi/lib/thumb/v7e-m+fp/hard/libc_nano.a(lib_a-findfp.o)
                0x000000000800cab8                __sfp
 .text._fwalk_reent
                0x000000000800cb44       0x3e /home/wonjh/st/stm32cubeide_1.6.1/plugins/com.st.stm32cube.ide.mcu.externaltools.gnu-tools-for-stm32.10.3-2021.10.linux64_1.0.0.202111181127/tools/bin/../lib/gcc/arm-none-eabi/10.3.1/../../../../arm-none-eabi/lib/thumb/v7e-m+fp/hard/libc_nano.a(lib_a-fwalk.o)
                0x000000000800cb44                _fwalk_reent
 .text.__retarget_lock_init_recursive
                0x000000000800cb82        0x2 /home/wonjh/st/stm32cubeide_1.6.1/plugins/com.st.stm32cube.ide.mcu.externaltools.gnu-tools-for-stm32.10.3-2021.10.linux64_1.0.0.202111181127/tools/bin/../lib/gcc/arm-none-eabi/10.3.1/../../../../arm-none-eabi/lib/thumb/v7e-m+fp/hard/libc_nano.a(lib_a-lock.o)
                0x000000000800cb82                __retarget_lock_init_recursive
 .text.__retarget_lock_acquire_recursive
                0x000000000800cb84        0x2 /home/wonjh/st/stm32cubeide_1.6.1/plugins/com.st.stm32cube.ide.mcu.externaltools.gnu-tools-for-stm32.10.3-2021.10.linux64_1.0.0.202111181127/tools/bin/../lib/gcc/arm-none-eabi/10.3.1/../../../../arm-none-eabi/lib/thumb/v7e-m+fp/hard/libc_nano.a(lib_a-lock.o)
                0x000000000800cb84                __retarget_lock_acquire_recursive
 .text.__retarget_lock_release_recursive
                0x000000000800cb86        0x2 /home/wonjh/st/stm32cubeide_1.6.1/plugins/com.st.stm32cube.ide.mcu.externaltools.gnu-tools-for-stm32.10.3-2021.10.linux64_1.0.0.202111181127/tools/bin/../lib/gcc/arm-none-eabi/10.3.1/../../../../arm-none-eabi/lib/thumb/v7e-m+fp/hard/libc_nano.a(lib_a-lock.o)
                0x000000000800cb86                __retarget_lock_release_recursive
 .text.__swhatbuf_r
                0x000000000800cb88       0x4a /home/wonjh/st/stm32cubeide_1.6.1/plugins/com.st.stm32cube.ide.mcu.externaltools.gnu-tools-for-stm32.10.3-2021.10.linux64_1.0.0.202111181127/tools/bin/../lib/gcc/arm-none-eabi/10.3.1/../../../../arm-none-eabi/lib/thumb/v7e-m+fp/hard/libc_nano.a(lib_a-makebuf.o)
                0x000000000800cb88                __swhatbuf_r
 *fill*         0x000000000800cbd2        0x2 
 .text.__smakebuf_r
                0x000000000800cbd4       0x80 /home/wonjh/st/stm32cubeide_1.6.1/plugins/com.st.stm32cube.ide.mcu.externaltools.gnu-tools-for-stm32.10.3-2021.10.linux64_1.0.0.202111181127/tools/bin/../lib/gcc/arm-none-eabi/10.3.1/../../../../arm-none-eabi/lib/thumb/v7e-m+fp/hard/libc_nano.a(lib_a-makebuf.o)
                0x000000000800cbd4                __smakebuf_r
 .text._raise_r
                0x000000000800cc54       0x50 /home/wonjh/st/stm32cubeide_1.6.1/plugins/com.st.stm32cube.ide.mcu.externaltools.gnu-tools-for-stm32.10.3-2021.10.linux64_1.0.0.202111181127/tools/bin/../lib/gcc/arm-none-eabi/10.3.1/../../../../arm-none-eabi/lib/thumb/v7e-m+fp/hard/libc_nano.a(lib_a-signal.o)
                0x000000000800cc54                _raise_r
 .text.raise    0x000000000800cca4       0x10 /home/wonjh/st/stm32cubeide_1.6.1/plugins/com.st.stm32cube.ide.mcu.externaltools.gnu-tools-for-stm32.10.3-2021.10.linux64_1.0.0.202111181127/tools/bin/../lib/gcc/arm-none-eabi/10.3.1/../../../../arm-none-eabi/lib/thumb/v7e-m+fp/hard/libc_nano.a(lib_a-signal.o)
                0x000000000800cca4                raise
 .text._kill_r  0x000000000800ccb4       0x24 /home/wonjh/st/stm32cubeide_1.6.1/plugins/com.st.stm32cube.ide.mcu.externaltools.gnu-tools-for-stm32.10.3-2021.10.linux64_1.0.0.202111181127/tools/bin/../lib/gcc/arm-none-eabi/10.3.1/../../../../arm-none-eabi/lib/thumb/v7e-m+fp/hard/libc_nano.a(lib_a-signalr.o)
                0x000000000800ccb4                _kill_r
 .text._getpid_r
                0x000000000800ccd8        0x4 /home/wonjh/st/stm32cubeide_1.6.1/plugins/com.st.stm32cube.ide.mcu.externaltools.gnu-tools-for-stm32.10.3-2021.10.linux64_1.0.0.202111181127/tools/bin/../lib/gcc/arm-none-eabi/10.3.1/../../../../arm-none-eabi/lib/thumb/v7e-m+fp/hard/libc_nano.a(lib_a-signalr.o)
                0x000000000800ccd8                _getpid_r
 .text.__sread  0x000000000800ccdc       0x22 /home/wonjh/st/stm32cubeide_1.6.1/plugins/com.st.stm32cube.ide.mcu.externaltools.gnu-tools-for-stm32.10.3-2021.10.linux64_1.0.0.202111181127/tools/bin/../lib/gcc/arm-none-eabi/10.3.1/../../../../arm-none-eabi/lib/thumb/v7e-m+fp/hard/libc_nano.a(lib_a-stdio.o)
                0x000000000800ccdc                __sread
 .text.__swrite
                0x000000000800ccfe       0x38 /home/wonjh/st/stm32cubeide_1.6.1/plugins/com.st.stm32cube.ide.mcu.externaltools.gnu-tools-for-stm32.10.3-2021.10.linux64_1.0.0.202111181127/tools/bin/../lib/gcc/arm-none-eabi/10.3.1/../../../../arm-none-eabi/lib/thumb/v7e-m+fp/hard/libc_nano.a(lib_a-stdio.o)
                0x000000000800ccfe                __swrite
 .text.__sseek  0x000000000800cd36       0x24 /home/wonjh/st/stm32cubeide_1.6.1/plugins/com.st.stm32cube.ide.mcu.externaltools.gnu-tools-for-stm32.10.3-2021.10.linux64_1.0.0.202111181127/tools/bin/../lib/gcc/arm-none-eabi/10.3.1/../../../../arm-none-eabi/lib/thumb/v7e-m+fp/hard/libc_nano.a(lib_a-stdio.o)
                0x000000000800cd36                __sseek
 .text.__sclose
                0x000000000800cd5a        0x8 /home/wonjh/st/stm32cubeide_1.6.1/plugins/com.st.stm32cube.ide.mcu.externaltools.gnu-tools-for-stm32.10.3-2021.10.linux64_1.0.0.202111181127/tools/bin/../lib/gcc/arm-none-eabi/10.3.1/../../../../arm-none-eabi/lib/thumb/v7e-m+fp/hard/libc_nano.a(lib_a-stdio.o)
                0x000000000800cd5a                __sclose
 *fill*         0x000000000800cd62        0x2 
 .text._write_r
                0x000000000800cd64       0x24 /home/wonjh/st/stm32cubeide_1.6.1/plugins/com.st.stm32cube.ide.mcu.externaltools.gnu-tools-for-stm32.10.3-2021.10.linux64_1.0.0.202111181127/tools/bin/../lib/gcc/arm-none-eabi/10.3.1/../../../../arm-none-eabi/lib/thumb/v7e-m+fp/hard/libc_nano.a(lib_a-writer.o)
                0x000000000800cd64                _write_r
 .text._close_r
                0x000000000800cd88       0x20 /home/wonjh/st/stm32cubeide_1.6.1/plugins/com.st.stm32cube.ide.mcu.externaltools.gnu-tools-for-stm32.10.3-2021.10.linux64_1.0.0.202111181127/tools/bin/../lib/gcc/arm-none-eabi/10.3.1/../../../../arm-none-eabi/lib/thumb/v7e-m+fp/hard/libc_nano.a(lib_a-closer.o)
                0x000000000800cd88                _close_r
 .text._fstat_r
                0x000000000800cda8       0x24 /home/wonjh/st/stm32cubeide_1.6.1/plugins/com.st.stm32cube.ide.mcu.externaltools.gnu-tools-for-stm32.10.3-2021.10.linux64_1.0.0.202111181127/tools/bin/../lib/gcc/arm-none-eabi/10.3.1/../../../../arm-none-eabi/lib/thumb/v7e-m+fp/hard/libc_nano.a(lib_a-fstatr.o)
                0x000000000800cda8                _fstat_r
 .text._isatty_r
                0x000000000800cdcc       0x20 /home/wonjh/st/stm32cubeide_1.6.1/plugins/com.st.stm32cube.ide.mcu.externaltools.gnu-tools-for-stm32.10.3-2021.10.linux64_1.0.0.202111181127/tools/bin/../lib/gcc/arm-none-eabi/10.3.1/../../../../arm-none-eabi/lib/thumb/v7e-m+fp/hard/libc_nano.a(lib_a-isattyr.o)
                0x000000000800cdcc                _isatty_r
 .text._lseek_r
                0x000000000800cdec       0x24 /home/wonjh/st/stm32cubeide_1.6.1/plugins/com.st.stm32cube.ide.mcu.externaltools.gnu-tools-for-stm32.10.3-2021.10.linux64_1.0.0.202111181127/tools/bin/../lib/gcc/arm-none-eabi/10.3.1/../../../../arm-none-eabi/lib/thumb/v7e-m+fp/hard/libc_nano.a(lib_a-lseekr.o)
                0x000000000800cdec                _lseek_r
 .text._read_r  0x000000000800ce10       0x24 /home/wonjh/st/stm32cubeide_1.6.1/plugins/com.st.stm32cube.ide.mcu.externaltools.gnu-tools-for-stm32.10.3-2021.10.linux64_1.0.0.202111181127/tools/bin/../lib/gcc/arm-none-eabi/10.3.1/../../../../arm-none-eabi/lib/thumb/v7e-m+fp/hard/libc_nano.a(lib_a-readr.o)
                0x000000000800ce10                _read_r
 *(.glue_7)
 .glue_7        0x000000000800ce34        0x0 linker stubs
 *(.glue_7t)
 .glue_7t       0x000000000800ce34        0x0 linker stubs
 *(.eh_frame)
 .eh_frame      0x000000000800ce34        0x0 /home/wonjh/st/stm32cubeide_1.6.1/plugins/com.st.stm32cube.ide.mcu.externaltools.gnu-tools-for-stm32.10.3-2021.10.linux64_1.0.0.202111181127/tools/bin/../lib/gcc/arm-none-eabi/10.3.1/thumb/v7e-m+fp/hard/crtbegin.o
 *(.init)
 .init          0x000000000800ce34        0x4 /home/wonjh/st/stm32cubeide_1.6.1/plugins/com.st.stm32cube.ide.mcu.externaltools.gnu-tools-for-stm32.10.3-2021.10.linux64_1.0.0.202111181127/tools/bin/../lib/gcc/arm-none-eabi/10.3.1/thumb/v7e-m+fp/hard/crti.o
                0x000000000800ce34                _init
 .init          0x000000000800ce38        0x8 /home/wonjh/st/stm32cubeide_1.6.1/plugins/com.st.stm32cube.ide.mcu.externaltools.gnu-tools-for-stm32.10.3-2021.10.linux64_1.0.0.202111181127/tools/bin/../lib/gcc/arm-none-eabi/10.3.1/thumb/v7e-m+fp/hard/crtn.o
 *(.fini)
 .fini          0x000000000800ce40        0x4 /home/wonjh/st/stm32cubeide_1.6.1/plugins/com.st.stm32cube.ide.mcu.externaltools.gnu-tools-for-stm32.10.3-2021.10.linux64_1.0.0.202111181127/tools/bin/../lib/gcc/arm-none-eabi/10.3.1/thumb/v7e-m+fp/hard/crti.o
                0x000000000800ce40                _fini
 .fini          0x000000000800ce44        0x8 /home/wonjh/st/stm32cubeide_1.6.1/plugins/com.st.stm32cube.ide.mcu.externaltools.gnu-tools-for-stm32.10.3-2021.10.linux64_1.0.0.202111181127/tools/bin/../lib/gcc/arm-none-eabi/10.3.1/thumb/v7e-m+fp/hard/crtn.o
                0x000000000800ce4c                . = ALIGN (0x4)
                0x000000000800ce4c                _etext = .

.vfp11_veneer   0x000000000800ce4c        0x0
 .vfp11_veneer  0x000000000800ce4c        0x0 linker stubs

.v4_bx          0x000000000800ce4c        0x0
 .v4_bx         0x000000000800ce4c        0x0 linker stubs

.iplt           0x000000000800ce4c        0x0
 .iplt          0x000000000800ce4c        0x0 /home/wonjh/st/stm32cubeide_1.6.1/plugins/com.st.stm32cube.ide.mcu.externaltools.gnu-tools-for-stm32.10.3-2021.10.linux64_1.0.0.202111181127/tools/bin/../lib/gcc/arm-none-eabi/10.3.1/thumb/v7e-m+fp/hard/crtbegin.o

.rodata         0x000000000800ce4c      0x974
                0x000000000800ce4c                . = ALIGN (0x4)
 *(.rodata)
 .rodata        0x000000000800ce4c      0x221 ./Core/Src/app_main.o
 *fill*         0x000000000800d06d        0x3 
 .rodata        0x000000000800d070       0x63 ./Core/pif/source/core/pif.o
 *fill*         0x000000000800d0d3        0x1 
 .rodata        0x000000000800d0d4        0x7 ./Core/pif/source/core/pif_comm.o
 *fill*         0x000000000800d0db        0x1 
 .rodata        0x000000000800d0dc       0xa5 ./Core/pif/source/core/pif_i2c.o
 *fill*         0x000000000800d181        0x3 
 .rodata        0x000000000800d184      0x1c9 ./Core/pif/source/core/pif_log.o
 *fill*         0x000000000800d34d        0x3 
 .rodata        0x000000000800d350       0x75 ./Core/pif/source/core/pif_task.o
 *fill*         0x000000000800d3c5        0x3 
 .rodata        0x000000000800d3c8       0xc0 ./Core/pif/source/storage/pif_storage_var.o
 *(.rodata*)
 .rodata.c_psCmdTable
                0x000000000800d488       0x60 ./Core/Src/app_main.o
                0x000000000800d488                c_psCmdTable
 .rodata.AHBPrescTable
                0x000000000800d4e8       0x10 ./Core/Src/system_stm32f4xx.o
                0x000000000800d4e8                AHBPrescTable
 .rodata.APBPrescTable
                0x000000000800d4f8        0x8 ./Core/Src/system_stm32f4xx.o
                0x000000000800d4f8                APBPrescTable
 .rodata.kDaysInMonth
                0x000000000800d500        0xc ./Core/pif/source/core/pif.o
                0x000000000800d500                kDaysInMonth
 .rodata.c_log_flags
                0x000000000800d50c       0x30 ./Core/pif/source/core/pif_log.o
                0x000000000800d50c                c_log_flags
 .rodata.type_ch
                0x000000000800d53c        0x4 ./Core/pif/source/core/pif_log.o
                0x000000000800d53c                type_ch
 .rodata.c_cmd_table
                0x000000000800d540       0x30 ./Core/pif/source/core/pif_log.o
                0x000000000800d540                c_cmd_table
 .rodata.flagBitshiftOffset.0
                0x000000000800d570        0x8 ./Drivers/STM32F4xx_HAL_Driver/Src/stm32f4xx_hal_dma.o
 .rodata._global_impure_ptr
                0x000000000800d578        0x4 /home/wonjh/st/stm32cubeide_1.6.1/plugins/com.st.stm32cube.ide.mcu.externaltools.gnu-tools-for-stm32.10.3-2021.10.linux64_1.0.0.202111181127/tools/bin/../lib/gcc/arm-none-eabi/10.3.1/../../../../arm-none-eabi/lib/thumb/v7e-m+fp/hard/libc_nano.a(lib_a-impure.o)
                0x000000000800d578                _global_impure_ptr
 .rodata.srand.str1.1
                0x000000000800d57c       0x72 /home/wonjh/st/stm32cubeide_1.6.1/plugins/com.st.stm32cube.ide.mcu.externaltools.gnu-tools-for-stm32.10.3-2021.10.linux64_1.0.0.202111181127/tools/bin/../lib/gcc/arm-none-eabi/10.3.1/../../../../arm-none-eabi/lib/thumb/v7e-m+fp/hard/libc_nano.a(lib_a-rand.o)
 .rodata.__assert_func.str1.1
                0x000000000800d5ee       0x3c /home/wonjh/st/stm32cubeide_1.6.1/plugins/com.st.stm32cube.ide.mcu.externaltools.gnu-tools-for-stm32.10.3-2021.10.linux64_1.0.0.202111181127/tools/bin/../lib/gcc/arm-none-eabi/10.3.1/../../../../arm-none-eabi/lib/thumb/v7e-m+fp/hard/libc_nano.a(lib_a-assert.o)
                                         0x3d (size before relaxing)
 .rodata._ctype_
                0x000000000800d62a      0x101 /home/wonjh/st/stm32cubeide_1.6.1/plugins/com.st.stm32cube.ide.mcu.externaltools.gnu-tools-for-stm32.10.3-2021.10.linux64_1.0.0.202111181127/tools/bin/../lib/gcc/arm-none-eabi/10.3.1/../../../../arm-none-eabi/lib/thumb/v7e-m+fp/hard/libc_nano.a(lib_a-ctype_.o)
                0x000000000800d62a                _ctype_
 .rodata._vfprintf_r.str1.1
                0x000000000800d72b       0x11 /home/wonjh/st/stm32cubeide_1.6.1/plugins/com.st.stm32cube.ide.mcu.externaltools.gnu-tools-for-stm32.10.3-2021.10.linux64_1.0.0.202111181127/tools/bin/../lib/gcc/arm-none-eabi/10.3.1/../../../../arm-none-eabi/lib/thumb/v7e-m+fp/hard/libc_nano.a(lib_a-nano-vfprintf.o)
 .rodata._printf_i.str1.1
                0x000000000800d73c       0x22 /home/wonjh/st/stm32cubeide_1.6.1/plugins/com.st.stm32cube.ide.mcu.externaltools.gnu-tools-for-stm32.10.3-2021.10.linux64_1.0.0.202111181127/tools/bin/../lib/gcc/arm-none-eabi/10.3.1/../../../../arm-none-eabi/lib/thumb/v7e-m+fp/hard/libc_nano.a(lib_a-nano-vfprintf_i.o)
 *fill*         0x000000000800d75e        0x2 
 .rodata.__sf_fake_stderr
                0x000000000800d760       0x20 /home/wonjh/st/stm32cubeide_1.6.1/plugins/com.st.stm32cube.ide.mcu.externaltools.gnu-tools-for-stm32.10.3-2021.10.linux64_1.0.0.202111181127/tools/bin/../lib/gcc/arm-none-eabi/10.3.1/../../../../arm-none-eabi/lib/thumb/v7e-m+fp/hard/libc_nano.a(lib_a-findfp.o)
                0x000000000800d760                __sf_fake_stderr
 .rodata.__sf_fake_stdin
                0x000000000800d780       0x20 /home/wonjh/st/stm32cubeide_1.6.1/plugins/com.st.stm32cube.ide.mcu.externaltools.gnu-tools-for-stm32.10.3-2021.10.linux64_1.0.0.202111181127/tools/bin/../lib/gcc/arm-none-eabi/10.3.1/../../../../arm-none-eabi/lib/thumb/v7e-m+fp/hard/libc_nano.a(lib_a-findfp.o)
                0x000000000800d780                __sf_fake_stdin
 .rodata.__sf_fake_stdout
                0x000000000800d7a0       0x20 /home/wonjh/st/stm32cubeide_1.6.1/plugins/com.st.stm32cube.ide.mcu.externaltools.gnu-tools-for-stm32.10.3-2021.10.linux64_1.0.0.202111181127/tools/bin/../lib/gcc/arm-none-eabi/10.3.1/../../../../arm-none-eabi/lib/thumb/v7e-m+fp/hard/libc_nano.a(lib_a-findfp.o)
                0x000000000800d7a0                __sf_fake_stdout
                0x000000000800d7c0                . = ALIGN (0x4)

.ARM.extab      0x000000000800d7c0        0x0
                0x000000000800d7c0                . = ALIGN (0x4)
 *(.ARM.extab* .gnu.linkonce.armextab.*)
                0x000000000800d7c0                . = ALIGN (0x4)

.ARM            0x000000000800d7c0        0x8
                0x000000000800d7c0                . = ALIGN (0x4)
                0x000000000800d7c0                __exidx_start = .
 *(.ARM.exidx*)
 .ARM.exidx     0x000000000800d7c0        0x8 /home/wonjh/st/stm32cubeide_1.6.1/plugins/com.st.stm32cube.ide.mcu.externaltools.gnu-tools-for-stm32.10.3-2021.10.linux64_1.0.0.202111181127/tools/bin/../lib/gcc/arm-none-eabi/10.3.1/thumb/v7e-m+fp/hard/libgcc.a(_udivmoddi4.o)
                0x000000000800d7c8                __exidx_end = .
                0x000000000800d7c8                . = ALIGN (0x4)

.rel.dyn        0x000000000800d7c8        0x0
 .rel.iplt      0x000000000800d7c8        0x0 /home/wonjh/st/stm32cubeide_1.6.1/plugins/com.st.stm32cube.ide.mcu.externaltools.gnu-tools-for-stm32.10.3-2021.10.linux64_1.0.0.202111181127/tools/bin/../lib/gcc/arm-none-eabi/10.3.1/thumb/v7e-m+fp/hard/crtbegin.o

.preinit_array  0x000000000800d7c8        0x0
                0x000000000800d7c8                . = ALIGN (0x4)
                0x000000000800d7c8                PROVIDE (__preinit_array_start = .)
 *(.preinit_array*)
                0x000000000800d7c8                PROVIDE (__preinit_array_end = .)
                0x000000000800d7c8                . = ALIGN (0x4)

.init_array     0x000000000800d7c8        0x4
                0x000000000800d7c8                . = ALIGN (0x4)
                0x000000000800d7c8                PROVIDE (__init_array_start = .)
 *(SORT_BY_NAME(.init_array.*))
 *(.init_array*)
 .init_array    0x000000000800d7c8        0x4 /home/wonjh/st/stm32cubeide_1.6.1/plugins/com.st.stm32cube.ide.mcu.externaltools.gnu-tools-for-stm32.10.3-2021.10.linux64_1.0.0.202111181127/tools/bin/../lib/gcc/arm-none-eabi/10.3.1/thumb/v7e-m+fp/hard/crtbegin.o
                0x000000000800d7cc                PROVIDE (__init_array_end = .)
                0x000000000800d7cc                . = ALIGN (0x4)

.fini_array     0x000000000800d7cc        0x4
                0x000000000800d7cc                . = ALIGN (0x4)
                [!provide]                        PROVIDE (__fini_array_start = .)
 *(SORT_BY_NAME(.fini_array.*))
 *(.fini_array*)
 .fini_array    0x000000000800d7cc        0x4 /home/wonjh/st/stm32cubeide_1.6.1/plugins/com.st.stm32cube.ide.mcu.externaltools.gnu-tools-for-stm32.10.3-2021.10.linux64_1.0.0.202111181127/tools/bin/../lib/gcc/arm-none-eabi/10.3.1/thumb/v7e-m+fp/hard/crtbegin.o
                [!provide]                        PROVIDE (__fini_array_end = .)
                0x000000000800d7d0                . = ALIGN (0x4)
                0x000000000800d7d0                _sidata = LOADADDR (.data)

.data           0x0000000020000000       0x80 load address 0x000000000800d7d0
                0x0000000020000000                . = ALIGN (0x4)
                0x0000000020000000                _sdata = .
 *(.data)
 *(.data*)
 .data.SystemCoreClock
                0x0000000020000000        0x4 ./Core/Src/system_stm32f4xx.o
                0x0000000020000000                SystemCoreClock
 .data.pif_id   0x0000000020000004        0x2 ./Core/pif/source/core/pif.o
                0x0000000020000004                pif_id
 *fill*         0x0000000020000006        0x2 
 .data.kPifHexUpperChar
                0x0000000020000008        0x4 ./Core/pif/source/core/pif.o
                0x0000000020000008                kPifHexUpperChar
 .data.kPifHexLowerChar
                0x000000002000000c        0x4 ./Core/pif/source/core/pif.o
                0x000000002000000c                kPifHexLowerChar
 .data.s_minute
                0x0000000020000010        0x1 ./Core/pif/source/core/pif_log.o
 *fill*         0x0000000020000011        0x3 
 .data.uwTickPrio
                0x0000000020000014        0x4 ./Drivers/STM32F4xx_HAL_Driver/Src/stm32f4xx_hal.o
                0x0000000020000014                uwTickPrio
 .data.uwTickFreq
                0x0000000020000018        0x1 ./Drivers/STM32F4xx_HAL_Driver/Src/stm32f4xx_hal.o
                0x0000000020000018                uwTickFreq
 *fill*         0x0000000020000019        0x3 
 .data._impure_ptr
                0x000000002000001c        0x4 /home/wonjh/st/stm32cubeide_1.6.1/plugins/com.st.stm32cube.ide.mcu.externaltools.gnu-tools-for-stm32.10.3-2021.10.linux64_1.0.0.202111181127/tools/bin/../lib/gcc/arm-none-eabi/10.3.1/../../../../arm-none-eabi/lib/thumb/v7e-m+fp/hard/libc_nano.a(lib_a-impure.o)
                0x000000002000001c                _impure_ptr
 .data.impure_data
                0x0000000020000020       0x60 /home/wonjh/st/stm32cubeide_1.6.1/plugins/com.st.stm32cube.ide.mcu.externaltools.gnu-tools-for-stm32.10.3-2021.10.linux64_1.0.0.202111181127/tools/bin/../lib/gcc/arm-none-eabi/10.3.1/../../../../arm-none-eabi/lib/thumb/v7e-m+fp/hard/libc_nano.a(lib_a-impure.o)
 *(.RamFunc)
 *(.RamFunc*)
                0x0000000020000080                . = ALIGN (0x4)
                0x0000000020000080                _edata = .

.igot.plt       0x0000000020000080        0x0 load address 0x000000000800d850
 .igot.plt      0x0000000020000080        0x0 /home/wonjh/st/stm32cubeide_1.6.1/plugins/com.st.stm32cube.ide.mcu.externaltools.gnu-tools-for-stm32.10.3-2021.10.linux64_1.0.0.202111181127/tools/bin/../lib/gcc/arm-none-eabi/10.3.1/thumb/v7e-m+fp/hard/crtbegin.o
                0x0000000020000080                . = ALIGN (0x4)

.bss            0x0000000020000080      0x48c load address 0x000000000800d850
                0x0000000020000080                _sbss = .
                0x0000000020000080                __bss_start__ = _sbss
 *(.bss)
 .bss           0x0000000020000080       0x1c /home/wonjh/st/stm32cubeide_1.6.1/plugins/com.st.stm32cube.ide.mcu.externaltools.gnu-tools-for-stm32.10.3-2021.10.linux64_1.0.0.202111181127/tools/bin/../lib/gcc/arm-none-eabi/10.3.1/thumb/v7e-m+fp/hard/crtbegin.o
 *(.bss*)
 .bss.g_comm_log
                0x000000002000009c       0x30 ./Core/Src/app_main.o
                0x000000002000009c                g_comm_log
 .bss.g_i2c_port