Archive member included to satisfy reference by file (symbol)

/home/wonjh/st/stm32cubeide_1.6.1/plugins/com.st.stm32cube.ide.mcu.externaltools.gnu-tools-for-stm32.10.3-2021.10.linux64_1.0.0.202111181127/tools/bin/../lib/gcc/arm-none-eabi/10.3.1/../../../../arm-none-eabi/lib/thumb/v7e-m+fp/hard/libc_nano.a(lib_a-calloc.o)
                              ./Core/pif/source/core/pif_list.o (calloc)
/home/wonjh/st/stm32cubeide_1.6.1/plugins/com.st.stm32cube.ide.mcu.externaltools.gnu-tools-for-stm32.10.3-2021.10.linux64_1.0.0.202111181127/tools/bin/../lib/gcc/arm-none-eabi/10.3.1/../../../../arm-none-eabi/lib/thumb/v7e-m+fp/hard/libc_nano.a(lib_a-errno.o)
                              ./Core/Src/syscalls.o (__errno)
/home/wonjh/st/stm32cubeide_1.6.1/plugins/com.st.stm32cube.ide.mcu.externaltools.gnu-tools-for-stm32.10.3-2021.10.linux64_1.0.0.202111181127/tools/bin/../lib/gcc/arm-none-eabi/10.3.1/../../../../arm-none-eabi/lib/thumb/v7e-m+fp/hard/libc_nano.a(lib_a-exit.o)
                              /home/wonjh/st/stm32cubeide_1.6.1/plugins/com.st.stm32cube.ide.mcu.externaltools.gnu-tools-for-stm32.10.3-2021.10.linux64_1.0.0.202111181127/tools/bin/../lib/gcc/arm-none-eabi/10.3.1/../../../../arm-none-eabi/lib/thumb/v7e-m+fp/hard/crt0.o (exit)
/home/wonjh/st/stm32cubeide_1.6.1/plugins/com.st.stm32cube.ide.mcu.externaltools.gnu-tools-for-stm32.10.3-2021.10.linux64_1.0.0.202111181127/tools/bin/../lib/gcc/arm-none-eabi/10.3.1/../../../../arm-none-eabi/lib/thumb/v7e-m+fp/hard/libc_nano.a(lib_a-impure.o)
                              /home/wonjh/st/stm32cubeide_1.6.1/plugins/com.st.stm32cube.ide.mcu.externaltools.gnu-tools-for-stm32.10.3-2021.10.linux64_1.0.0.202111181127/tools/bin/../lib/gcc/arm-none-eabi/10.3.1/../../../../arm-none-eabi/lib/thumb/v7e-m+fp/hard/libc_nano.a(lib_a-exit.o) (_global_impure_ptr)
/home/wonjh/st/stm32cubeide_1.6.1/plugins/com.st.stm32cube.ide.mcu.externaltools.gnu-tools-for-stm32.10.3-2021.10.linux64_1.0.0.202111181127/tools/bin/../lib/gcc/arm-none-eabi/10.3.1/../../../../arm-none-eabi/lib/thumb/v7e-m+fp/hard/libc_nano.a(lib_a-init.o)
                              /home/wonjh/st/stm32cubeide_1.6.1/plugins/com.st.stm32cube.ide.mcu.externaltools.gnu-tools-for-stm32.10.3-2021.10.linux64_1.0.0.202111181127/tools/bin/../lib/gcc/arm-none-eabi/10.3.1/../../../../arm-none-eabi/lib/thumb/v7e-m+fp/hard/crt0.o (__libc_init_array)
/home/wonjh/st/stm32cubeide_1.6.1/plugins/com.st.stm32cube.ide.mcu.externaltools.gnu-tools-for-stm32.10.3-2021.10.linux64_1.0.0.202111181127/tools/bin/../lib/gcc/arm-none-eabi/10.3.1/../../../../arm-none-eabi/lib/thumb/v7e-m+fp/hard/libc_nano.a(lib_a-malloc.o)
                              ./Core/pif/source/core/pif_ring_buffer.o (malloc)
/home/wonjh/st/stm32cubeide_1.6.1/plugins/com.st.stm32cube.ide.mcu.externaltools.gnu-tools-for-stm32.10.3-2021.10.linux64_1.0.0.202111181127/tools/bin/../lib/gcc/arm-none-eabi/10.3.1/../../../../arm-none-eabi/lib/thumb/v7e-m+fp/hard/libc_nano.a(lib_a-memset.o)
                              /home/wonjh/st/stm32cubeide_1.6.1/plugins/com.st.stm32cube.ide.mcu.externaltools.gnu-tools-for-stm32.10.3-2021.10.linux64_1.0.0.202111181127/tools/bin/../lib/gcc/arm-none-eabi/10.3.1/../../../../arm-none-eabi/lib/thumb/v7e-m+fp/hard/crt0.o (memset)
/home/wonjh/st/stm32cubeide_1.6.1/plugins/com.st.stm32cube.ide.mcu.externaltools.gnu-tools-for-stm32.10.3-2021.10.linux64_1.0.0.202111181127/tools/bin/../lib/gcc/arm-none-eabi/10.3.1/../../../../arm-none-eabi/lib/thumb/v7e-m+fp/hard/libc_nano.a(lib_a-nano-callocr.o)
                              /home/wonjh/st/stm32cubeide_1.6.1/plugins/com.st.stm32cube.ide.mcu.externaltools.gnu-tools-for-stm32.10.3-2021.10.linux64_1.0.0.202111181127/tools/bin/../lib/gcc/arm-none-eabi/10.3.1/../../../../arm-none-eabi/lib/thumb/v7e-m+fp/hard/libc_nano.a(lib_a-calloc.o) (_calloc_r)
/home/wonjh/st/stm32cubeide_1.6.1/plugins/com.st.stm32cube.ide.mcu.externaltools.gnu-tools-for-stm32.10.3-2021.10.linux64_1.0.0.202111181127/tools/bin/../lib/gcc/arm-none-eabi/10.3.1/../../../../arm-none-eabi/lib/thumb/v7e-m+fp/hard/libc_nano.a(lib_a-nano-freer.o)
                              /home/wonjh/st/stm32cubeide_1.6.1/plugins/com.st.stm32cube.ide.mcu.externaltools.gnu-tools-for-stm32.10.3-2021.10.linux64_1.0.0.202111181127/tools/bin/../lib/gcc/arm-none-eabi/10.3.1/../../../../arm-none-eabi/lib/thumb/v7e-m+fp/hard/libc_nano.a(lib_a-malloc.o) (_free_r)
/home/wonjh/st/stm32cubeide_1.6.1/plugins/com.st.stm32cube.ide.mcu.externaltools.gnu-tools-for-stm32.10.3-2021.10.linux64_1.0.0.202111181127/tools/bin/../lib/gcc/arm-none-eabi/10.3.1/../../../../arm-none-eabi/lib/thumb/v7e-m+fp/hard/libc_nano.a(lib_a-nano-mallocr.o)
                              /home/wonjh/st/stm32cubeide_1.6.1/plugins/com.st.stm32cube.ide.mcu.externaltools.gnu-tools-for-stm32.10.3-2021.10.linux64_1.0.0.202111181127/tools/bin/../lib/gcc/arm-none-eabi/10.3.1/../../../../arm-none-eabi/lib/thumb/v7e-m+fp/hard/libc_nano.a(lib_a-malloc.o) (_malloc_r)
[...]
Memory Configuration

Name             Origin             Length             Attributes
RAM              0x0000000020000000 0x0000000000020000 xrw
FLASH            0x0000000008000000 0x0000000000080000 xr
*default*        0x0000000000000000 0xffffffffffffffff

Linker script and memory map

LOAD /home/wonjh/st/stm32cubeide_1.6.1/plugins/com.st.stm32cube.ide.mcu.externaltools.gnu-tools-for-stm32.10.3-2021.10.linux64_1.0.0.202111181127/tools/bin/../lib/gcc/arm-none-eabi/10.3.1/thumb/v7e-m+fp/hard/crti.o
LOAD /home/wonjh/st/stm32cubeide_1.6.1/plugins/com.st.stm32cube.ide.mcu.externaltools.gnu-tools-for-stm32.10.3-2021.10.linux64_1.0.0.202111181127/tools/bin/../lib/gcc/arm-none-eabi/10.3.1/thumb/v7e-m+fp/hard/crtbegin.o
LOAD /home/wonjh/st/stm32cubeide_1.6.1/plugins/com.st.stm32cube.ide.mcu.externaltools.gnu-tools-for-stm32.10.3-2021.10.linux64_1.0.0.202111181127/tools/bin/../lib/gcc/arm-none-eabi/10.3.1/../../../../arm-none-eabi/lib/thumb/v7e-m+fp/hard/crt0.o
LOAD ./Core/Src/app_main.o
LOAD ./Core/Src/main.o
LOAD ./Core/Src/stm32f4xx_hal_msp.o
LOAD ./Core/Src/stm32f4xx_it.o
LOAD ./Core/Src/syscalls.o
LOAD ./Core/Src/sysmem.o
LOAD ./Core/Src/system_stm32f4xx.o
LOAD ./Core/Startup/startup_stm32f411retx.o
LOAD ./Core/pif/source/core/pif.o
LOAD ./Core/pif/source/core/pif_comm.o
LOAD ./Core/pif/source/core/pif_i2c.o
LOAD ./Core/pif/source/core/pif_list.o
LOAD ./Core/pif/source/core/pif_log.o
LOAD ./Core/pif/source/core/pif_ring_buffer.o
LOAD ./Core/pif/source/core/pif_task.o
LOAD ./Core/pif/source/core/pif_timer.o
LOAD ./Core/pif/source/display/pif_led.o
LOAD ./Core/pif/source/sensor/pif_gy86.o
LOAD ./Core/pif/source/sensor/pif_hmc5883.o
LOAD ./Core/pif/source/sensor/pif_imu_sensor.o
LOAD ./Core/pif/source/sensor/pif_mpu60x0.o
LOAD ./Core/pif/source/sensor/pif_ms5611.o
LOAD ./Drivers/STM32F4xx_HAL_Driver/Src/stm32f4xx_hal.o
LOAD ./Drivers/STM32F4xx_HAL_Driver/Src/stm32f4xx_hal_cortex.o
LOAD ./Drivers/STM32F4xx_HAL_Driver/Src/stm32f4xx_hal_dma.o
LOAD ./Drivers/STM32F4xx_HAL_Driver/Src/stm32f4xx_hal_dma_ex.o
LOAD ./Drivers/STM32F4xx_HAL_Driver/Src/stm32f4xx_hal_exti.o
LOAD ./Drivers/STM32F4xx_HAL_Driver/Src/stm32f4xx_hal_flash.o
LOAD ./Drivers/STM32F4xx_HAL_Driver/Src/stm32f4xx_hal_flash_ex.o
LOAD ./Drivers/STM32F4xx_HAL_Driver/Src/stm32f4xx_hal_flash_ramfunc.o
LOAD ./Drivers/STM32F4xx_HAL_Driver/Src/stm32f4xx_hal_gpio.o
LOAD ./Drivers/STM32F4xx_HAL_Driver/Src/stm32f4xx_hal_i2c.o
LOAD ./Drivers/STM32F4xx_HAL_Driver/Src/stm32f4xx_hal_i2c_ex.o
LOAD ./Drivers/STM32F4xx_HAL_Driver/Src/stm32f4xx_hal_pwr.o
LOAD ./Drivers/STM32F4xx_HAL_Driver/Src/stm32f4xx_hal_pwr_ex.o
LOAD ./Drivers/STM32F4xx_HAL_Driver/Src/stm32f4xx_hal_rcc.o
LOAD ./Drivers/STM32F4xx_HAL_Driver/Src/stm32f4xx_hal_rcc_ex.o
LOAD ./Drivers/STM32F4xx_HAL_Driver/Src/stm32f4xx_hal_tim.o
LOAD ./Drivers/STM32F4xx_HAL_Driver/Src/stm32f4xx_hal_tim_ex.o
LOAD ./Drivers/STM32F4xx_HAL_Driver/Src/stm32f4xx_hal_uart.o
START GROUP
LOAD /home/wonjh/st/stm32cubeide_1.6.1/plugins/com.st.stm32cube.ide.mcu.externaltools.gnu-tools-for-stm32.10.3-2021.10.linux64_1.0.0.202111181127/tools/bin/../lib/gcc/arm-none-eabi/10.3.1/../../../../arm-none-eabi/lib/thumb/v7e-m+fp/hard/libc_nano.a
LOAD /home/wonjh/st/stm32cubeide_1.6.1/plugins/com.st.stm32cube.ide.mcu.externaltools.gnu-tools-for-stm32.10.3-2021.10.linux64_1.0.0.202111181127/tools/bin/../lib/gcc/arm-none-eabi/10.3.1/../../../../arm-none-eabi/lib/thumb/v7e-m+fp/hard/libm.a
END GROUP
START GROUP
LOAD /home/wonjh/st/stm32cubeide_1.6.1/plugins/com.st.stm32cube.ide.mcu.externaltools.gnu-tools-for-stm32.10.3-2021.10.linux64_1.0.0.202111181127/tools/bin/../lib/gcc/arm-none-eabi/10.3.1/thumb/v7e-m+fp/hard/libgcc.a
LOAD /home/wonjh/st/stm32cubeide_1.6.1/plugins/com.st.stm32cube.ide.mcu.externaltools.gnu-tools-for-stm32.10.3-2021.10.linux64_1.0.0.202111181127/tools/bin/../lib/gcc/arm-none-eabi/10.3.1/../../../../arm-none-eabi/lib/thumb/v7e-m+fp/hard/libc_nano.a
END GROUP
START GROUP
LOAD /home/wonjh/st/stm32cubeide_1.6.1/plugins/com.st.stm32cube.ide.mcu.externaltools.gnu-tools-for-stm32.10.3-2021.10.linux64_1.0.0.202111181127/tools/bin/../lib/gcc/arm-none-eabi/10.3.1/thumb/v7e-m+fp/hard/libgcc.a
LOAD /home/wonjh/st/stm32cubeide_1.6.1/plugins/com.st.stm32cube.ide.mcu.externaltools.gnu-tools-for-stm32.10.3-2021.10.linux64_1.0.0.202111181127/tools/bin/../lib/gcc/arm-none-eabi/10.3.1/../../../../arm-none-eabi/lib/thumb/v7e-m+fp/hard/libc_nano.a
LOAD /home/wonjh/st/stm32cubeide_1.6.1/plugins/com.st.stm32cube.ide.mcu.externaltools.gnu-tools-for-stm32.10.3-2021.10.linux64_1.0.0.202111181127/tools/bin/../lib/gcc/arm-none-eabi/10.3.1/../../../../arm-none-eabi/lib/thumb/v7e-m+fp/hard/libnosys.a
END GROUP
START GROUP
LOAD /home/wonjh/st/stm32cubeide_1.6.1/plugins/com.st.stm32cube.ide.mcu.externaltools.gnu-tools-for-stm32.10.3-2021.10.linux64_1.0.0.202111181127/tools/bin/../lib/gcc/arm-none-eabi/10.3.1/thumb/v7e-m+fp/hard/libgcc.a
LOAD /home/wonjh/st/stm32cubeide_1.6.1/plugins/com.st.stm32cube.ide.mcu.externaltools.gnu-tools-for-stm32.10.3-2021.10.linux64_1.0.0.202111181127/tools/bin/../lib/gcc/arm-none-eabi/10.3.1/../../../../arm-none-eabi/lib/thumb/v7e-m+fp/hard/libc_nano.a
LOAD /home/wonjh/st/stm32cubeide_1.6.1/plugins/com.st.stm32cube.ide.mcu.externaltools.gnu-tools-for-stm32.10.3-2021.10.linux64_1.0.0.202111181127/tools/bin/../lib/gcc/arm-none-eabi/10.3.1/../../../../arm-none-eabi/lib/thumb/v7e-m+fp/hard/libnosys.a
END GROUP
LOAD /home/wonjh/st/stm32cubeide_1.6.1/plugins/com.st.stm32cube.ide.mcu.externaltools.gnu-tools-for-stm32.10.3-2021.10.linux64_1.0.0.202111181127/tools/bin/../lib/gcc/arm-none-eabi/10.3.1/thumb/v7e-m+fp/hard/crtend.o
LOAD /home/wonjh/st/stm32cubeide_1.6.1/plugins/com.st.stm32cube.ide.mcu.externaltools.gnu-tools-for-stm32.10.3-2021.10.linux64_1.0.0.202111181127/tools/bin/../lib/gcc/arm-none-eabi/10.3.1/thumb/v7e-m+fp/hard/crtn.o
                0x0000000020020000                _estack = (ORIGIN (RAM) + LENGTH (RAM))
                0x0000000000000200                _Min_Heap_Size = 0x200
                0x0000000000000400                _Min_Stack_Size = 0x400

.isr_vector     0x0000000008000000      0x198
                0x0000000008000000                . = ALIGN (0x4)
 *(.isr_vector)
 .isr_vector    0x0000000008000000      0x198 ./Core/Startup/startup_stm32f411retx.o
                0x0000000008000000                g_pfnVectors
                0x0000000008000198                . = ALIGN (0x4)

.text           0x0000000008000198     0x75d4
                0x0000000008000198                . = ALIGN (0x4)
 *(.text)
 .text          0x0000000008000198       0x40 /home/wonjh/st/stm32cubeide_1.6.1/plugins/com.st.stm32cube.ide.mcu.externaltools.gnu-tools-for-stm32.10.3-2021.10.linux64_1.0.0.202111181127/tools/bin/../lib/gcc/arm-none-eabi/10.3.1/thumb/v7e-m+fp/hard/crtbegin.o
 .text          0x00000000080001d8       0x10 /home/wonjh/st/stm32cubeide_1.6.1/plugins/com.st.stm32cube.ide.mcu.externaltools.gnu-tools-for-stm32.10.3-2021.10.linux64_1.0.0.202111181127/tools/bin/../lib/gcc/arm-none-eabi/10.3.1/../../../../arm-none-eabi/lib/thumb/v7e-m+fp/hard/libc_nano.a(lib_a-strlen.o)
                0x00000000080001d8                strlen
 .text          0x00000000080001e8      0x378 /home/wonjh/st/stm32cubeide_1.6.1/plugins/com.st.stm32cube.ide.mcu.externaltools.gnu-tools-for-stm32.10.3-2021.10.linux64_1.0.0.202111181127/tools/bin/../lib/gcc/arm-none-eabi/10.3.1/thumb/v7e-m+fp/hard/libgcc.a(_arm_addsubdf3.o)
                0x00000000080001e8                __aeabi_drsub
                0x00000000080001f0                __aeabi_dsub
                0x00000000080001f0                __subdf3
                0x00000000080001f4                __adddf3
                0x00000000080001f4                __aeabi_dadd
                0x000000000800046c                __aeabi_ui2d
                0x000000000800046c                __floatunsidf
                0x000000000800048c                __floatsidf
                0x000000000800048c                __aeabi_i2d
                0x00000000080004b0                __extendsfdf2
                0x00000000080004b0                __aeabi_f2d
                0x00000000080004f4                __aeabi_ul2d
                0x00000000080004f4                __floatundidf
                0x0000000008000504                __floatdidf
                0x0000000008000504                __aeabi_l2d
 .text          0x0000000008000560      0x424 /home/wonjh/st/stm32cubeide_1.6.1/plugins/com.st.stm32cube.ide.mcu.externaltools.gnu-tools-for-stm32.10.3-2021.10.linux64_1.0.0.202111181127/tools/bin/../lib/gcc/arm-none-eabi/10.3.1/thumb/v7e-m+fp/hard/libgcc.a(_arm_muldivdf3.o)
                0x0000000008000560                __aeabi_dmul
                0x0000000008000560                __muldf3
                0x00000000080007b4                __aeabi_ddiv
                0x00000000080007b4                __divdf3
 .text          0x0000000008000984      0x110 /home/wonjh/st/stm32cubeide_1.6.1/plugins/com.st.stm32cube.ide.mcu.externaltools.gnu-tools-for-stm32.10.3-2021.10.linux64_1.0.0.202111181127/tools/bin/../lib/gcc/arm-none-eabi/10.3.1/thumb/v7e-m+fp/hard/libgcc.a(_arm_cmpdf2.o)
                0x0000000008000984                __gtdf2
                0x0000000008000984                __gedf2
                0x000000000800098c                __ltdf2
                0x000000000800098c                __ledf2
                0x0000000008000994                __cmpdf2
                0x0000000008000994                __eqdf2
                0x0000000008000994                __nedf2
                0x0000000008000a10                __aeabi_cdrcmple
                0x0000000008000a20                __aeabi_cdcmple
                0x0000000008000a20                __aeabi_cdcmpeq
                0x0000000008000a30                __aeabi_dcmpeq
                0x0000000008000a44                __aeabi_dcmplt
                0x0000000008000a58                __aeabi_dcmple
                0x0000000008000a6c                __aeabi_dcmpge
                0x0000000008000a80                __aeabi_dcmpgt
 .text          0x0000000008000a94       0x2c /home/wonjh/st/stm32cubeide_1.6.1/plugins/com.st.stm32cube.ide.mcu.externaltools.gnu-tools-for-stm32.10.3-2021.10.linux64_1.0.0.202111181127/tools/bin/../lib/gcc/arm-none-eabi/10.3.1/thumb/v7e-m+fp/hard/libgcc.a(_arm_unorddf2.o)
                0x0000000008000a94                __aeabi_dcmpun
                0x0000000008000a94                __unorddf2
 .text          0x0000000008000ac0       0x40 /home/wonjh/st/stm32cubeide_1.6.1/plugins/com.st.stm32cube.ide.mcu.externaltools.gnu-tools-for-stm32.10.3-2021.10.linux64_1.0.0.202111181127/tools/bin/../lib/gcc/arm-none-eabi/10.3.1/thumb/v7e-m+fp/hard/libgcc.a(_arm_fixunsdfsi.o)
                0x0000000008000ac0                __fixunsdfsi
                0x0000000008000ac0                __aeabi_d2uiz
 .text          0x0000000008000b00       0xa0 /home/wonjh/st/stm32cubeide_1.6.1/plugins/com.st.stm32cube.ide.mcu.externaltools.gnu-tools-for-stm32.10.3-2021.10.linux64_1.0.0.202111181127/tools/bin/../lib/gcc/arm-none-eabi/10.3.1/thumb/v7e-m+fp/hard/libgcc.a(_aeabi_ldivmod.o)
                0x0000000008000b00                __aeabi_ldivmod
 .text          0x0000000008000ba0       0x30 /home/wonjh/st/stm32cubeide_1.6.1/plugins/com.st.stm32cube.ide.mcu.externaltools.gnu-tools-for-stm32.10.3-2021.10.linux64_1.0.0.202111181127/tools/bin/../lib/gcc/arm-none-eabi/10.3.1/thumb/v7e-m+fp/hard/libgcc.a(_aeabi_uldivmod.o)
                0x0000000008000ba0                __aeabi_uldivmod
 .text          0x0000000008000bd0      0x2d0 /home/wonjh/st/stm32cubeide_1.6.1/plugins/com.st.stm32cube.ide.mcu.externaltools.gnu-tools-for-stm32.10.3-2021.10.linux64_1.0.0.202111181127/tools/bin/../lib/gcc/arm-none-eabi/10.3.1/thumb/v7e-m+fp/hard/libgcc.a(_udivmoddi4.o)
                0x0000000008000bd0                __udivmoddi4
 .text          0x0000000008000ea0        0x4 /home/wonjh/st/stm32cubeide_1.6.1/plugins/com.st.stm32cube.ide.mcu.externaltools.gnu-tools-for-stm32.10.3-2021.10.linux64_1.0.0.202111181127/tools/bin/../lib/gcc/arm-none-eabi/10.3.1/thumb/v7e-m+fp/hard/libgcc.a(_dvmd_tls.o)
                0x0000000008000ea0                __aeabi_ldiv0
                0x0000000008000ea0                __aeabi_idiv0
 *(.text*)
 .text._taskMpu60x0
                0x0000000008000ea4       0xc0 ./Core/Src/app_main.o
 *fill*         0x0000000008000f64        0x4 
 .text.getAltitude
                0x0000000008000f68       0x4c ./Core/Src/app_main.o
                0x0000000008000f68                getAltitude
 *fill*         0x0000000008000fb4        0x4 
 .text._evtBaroRead
                0x0000000008000fb8       0x50 ./Core/Src/app_main.o
                0x0000000008000fb8                _evtBaroRead
 .text.appSetup
                0x0000000008001008      0x1a0 ./Core/Src/app_main.o
                0x0000000008001008                appSetup
 .text.actLogStartTransfer
                0x00000000080011a8       0x30 ./Core/Src/main.o
                0x00000000080011a8                actLogStartTransfer
 .text.HAL_UART_TxCpltCallback
                0x00000000080011d8       0x54 ./Core/Src/main.o
                0x00000000080011d8                HAL_UART_TxCpltCallback
 .text.actLedLState
                0x000000000800122c       0x10 ./Core/Src/main.o
                0x000000000800122c                actLedLState
 .text.actI2cRead
                0x000000000800123c       0x44 ./Core/Src/main.o
                0x000000000800123c                actI2cRead
 .text.actI2cWrite
                0x0000000008001280       0x40 ./Core/Src/main.o
                0x0000000008001280                actI2cWrite
 .text.SystemClock_Config
                0x00000000080012c0       0x9c ./Core/Src/main.o
                0x00000000080012c0                SystemClock_Config
 .text.startup.main
                0x000000000800135c      0x150 ./Core/Src/main.o
                0x000000000800135c                main
 .text.Error_Handler
                0x00000000080014ac        0x4 ./Core/Src/main.o
                0x00000000080014ac                Error_Handler
 .text.HAL_MspInit
                0x00000000080014b0       0x3c ./Core/Src/stm32f4xx_hal_msp.o
                0x00000000080014b0                HAL_MspInit
 .text.HAL_I2C_MspInit
                0x00000000080014ec      0x100 ./Core/Src/stm32f4xx_hal_msp.o
                0x00000000080014ec                HAL_I2C_MspInit
 .text.HAL_UART_MspInit
                0x00000000080015ec       0x7c ./Core/Src/stm32f4xx_hal_msp.o
                0x00000000080015ec                HAL_UART_MspInit
 .text.NMI_Handler
                0x0000000008001668        0x2 ./Core/Src/stm32f4xx_it.o
                0x0000000008001668                NMI_Handler
 .text.HardFault_Handler
                0x000000000800166a        0x2 ./Core/Src/stm32f4xx_it.o
                0x000000000800166a                HardFault_Handler
 .text.MemManage_Handler
                0x000000000800166c        0x2 ./Core/Src/stm32f4xx_it.o
                0x000000000800166c                MemManage_Handler
 .text.BusFault_Handler
                0x000000000800166e        0x2 ./Core/Src/stm32f4xx_it.o
                0x000000000800166e                BusFault_Handler
 .text.UsageFault_Handler
                0x0000000008001670        0x2 ./Core/Src/stm32f4xx_it.o
                0x0000000008001670                UsageFault_Handler
 .text.SVC_Handler
                0x0000000008001672        0x2 ./Core/Src/stm32f4xx_it.o
                0x0000000008001672                SVC_Handler
 .text.DebugMon_Handler
                0x0000000008001674        0x2 ./Core/Src/stm32f4xx_it.o
                0x0000000008001674                DebugMon_Handler
 .text.PendSV_Handler
                0x0000000008001676        0x2 ./Core/Src/stm32f4xx_it.o
                0x0000000008001676                PendSV_Handler
 .text.SysTick_Handler
                0x0000000008001678       0x18 ./Core/Src/stm32f4xx_it.o
                0x0000000008001678                SysTick_Handler
 .text.DMA1_Stream0_IRQHandler
                0x0000000008001690        0xc ./Core/Src/stm32f4xx_it.o
                0x0000000008001690                DMA1_Stream0_IRQHandler
 .text.DMA1_Stream1_IRQHandler
                0x000000000800169c        0xc ./Core/Src/stm32f4xx_it.o
                0x000000000800169c                DMA1_Stream1_IRQHandler
 .text.I2C1_EV_IRQHandler
                0x00000000080016a8        0xc ./Core/Src/stm32f4xx_it.o
                0x00000000080016a8                I2C1_EV_IRQHandler
 .text.I2C1_ER_IRQHandler
                0x00000000080016b4        0xc ./Core/Src/stm32f4xx_it.o
                0x00000000080016b4                I2C1_ER_IRQHandler
 .text.USART2_IRQHandler
                0x00000000080016c0        0xc ./Core/Src/stm32f4xx_it.o
                0x00000000080016c0                USART2_IRQHandler
 .text._sbrk    0x00000000080016cc       0x40 ./Core/Src/sysmem.o
                0x00000000080016cc                _sbrk
 .text.SystemInit
                0x000000000800170c       0x14 ./Core/Src/system_stm32f4xx.o
                0x000000000800170c                SystemInit
 .text.Reset_Handler
                0x0000000008001720       0x50 ./Core/Startup/startup_stm32f411retx.o
                0x0000000008001720                Reset_Handler
 .text.Default_Handler
                0x0000000008001770        0x2 ./Core/Startup/startup_stm32f411retx.o
                0x0000000008001770                RTC_Alarm_IRQHandler
                0x0000000008001770                EXTI2_IRQHandler
                0x0000000008001770                SPI4_IRQHandler
                0x0000000008001770                TIM1_CC_IRQHandler
                0x0000000008001770                DMA2_Stream5_IRQHandler
                0x0000000008001770                DMA1_Stream5_IRQHandler
                0x0000000008001770                PVD_IRQHandler
                0x0000000008001770                SDIO_IRQHandler
                0x0000000008001770                TAMP_STAMP_IRQHandler
                0x0000000008001770                EXTI3_IRQHandler
                0x0000000008001770                TIM1_UP_TIM10_IRQHandler
                0x0000000008001770                I2C3_ER_IRQHandler
                0x0000000008001770                EXTI0_IRQHandler
                0x0000000008001770                I2C2_EV_IRQHandler
                0x0000000008001770                DMA1_Stream2_IRQHandler
                0x0000000008001770                FPU_IRQHandler
                0x0000000008001770                DMA2_Stream2_IRQHandler
                0x0000000008001770                SPI1_IRQHandler
                0x0000000008001770                TIM1_BRK_TIM9_IRQHandler
                0x0000000008001770                DMA2_Stream3_IRQHandler
                0x0000000008001770                USART6_IRQHandler
                0x0000000008001770                DMA2_Stream0_IRQHandler
                0x0000000008001770                TIM4_IRQHandler
                0x0000000008001770                DMA1_Stream6_IRQHandler
                0x0000000008001770                TIM3_IRQHandler
                0x0000000008001770                RCC_IRQHandler
                0x0000000008001770                Default_Handler
                0x0000000008001770                EXTI15_10_IRQHandler
                0x0000000008001770                ADC_IRQHandler
                0x0000000008001770                DMA1_Stream7_IRQHandler
                0x0000000008001770                SPI5_IRQHandler
                0x0000000008001770                TIM5_IRQHandler
                0x0000000008001770                DMA2_Stream7_IRQHandler
                0x0000000008001770                I2C3_EV_IRQHandler
                0x0000000008001770                EXTI9_5_IRQHandler
                0x0000000008001770                RTC_WKUP_IRQHandler
                0x0000000008001770                SPI2_IRQHandler
                0x0000000008001770                EXTI4_IRQHandler
                0x0000000008001770                WWDG_IRQHandler
                0x0000000008001770                TIM2_IRQHandler
                0x0000000008001770                OTG_FS_WKUP_IRQHandler
                0x0000000008001770                TIM1_TRG_COM_TIM11_IRQHandler
                0x0000000008001770                EXTI1_IRQHandler
                0x0000000008001770                I2C2_ER_IRQHandler
                0x0000000008001770                DMA2_Stream1_IRQHandler
                0x0000000008001770                FLASH_IRQHandler
                0x0000000008001770                DMA2_Stream4_IRQHandler
                0x0000000008001770                USART1_IRQHandler
                0x0000000008001770                OTG_FS_IRQHandler
                0x0000000008001770                SPI3_IRQHandler
                0x0000000008001770                DMA1_Stream4_IRQHandler
                0x0000000008001770                DMA2_Stream6_IRQHandler
                0x0000000008001770                DMA1_Stream3_IRQHandler
 *fill*         0x0000000008001772        0x2 
 .text.pif_Init
                0x0000000008001774       0x18 ./Core/pif/source/core/pif.o
                0x0000000008001774                pif_Init
 .text.pif_sigTimer1ms
                0x000000000800178c       0xdc ./Core/pif/source/core/pif.o
                0x000000000800178c                pif_sigTimer1ms
 .text.pif_BinToString
                0x0000000008001868       0x46 ./Core/pif/source/core/pif.o
                0x0000000008001868                pif_BinToString
 *fill*         0x00000000080018ae        0x2 
 .text.pif_DecToString
                0x00000000080018b0       0x9c ./Core/pif/source/core/pif.o
                0x00000000080018b0                pif_DecToString
 .text.pif_HexToString
                0x000000000800194c       0x64 ./Core/pif/source/core/pif.o
                0x000000000800194c                pif_HexToString
 .text.pif_FloatToString
                0x00000000080019b0       0xb4 ./Core/pif/source/core/pif.o
                0x00000000080019b0                pif_FloatToString
 .text.pif_PrintFormat
                0x0000000008001a64      0x190 ./Core/pif/source/core/pif.o
                0x0000000008001a64                pif_PrintFormat
 .text._actSendData
                0x0000000008001bf4       0x32 ./Core/pif/source/core/pif_comm.o
 .text._actReceiveData
                0x0000000008001c26        0x6 ./Core/pif/source/core/pif_comm.o
 .text._sendData
                0x0000000008001c2c       0x40 ./Core/pif/source/core/pif_comm.o
 .text._doTask  0x0000000008001c6c       0x2c ./Core/pif/source/core/pif_comm.o
 .text.pifComm_Init
                0x0000000008001c98       0x30 ./Core/pif/source/core/pif_comm.o
                0x0000000008001c98                pifComm_Init
 .text.pifComm_AllocTxBuffer
                0x0000000008001cc8       0x30 ./Core/pif/source/core/pif_comm.o
                0x0000000008001cc8                pifComm_AllocTxBuffer
 .text.pifComm_AttachClient
                0x0000000008001cf8        0x8 ./Core/pif/source/core/pif_comm.o
                0x0000000008001cf8                pifComm_AttachClient
 .text.pifComm_StartGetTxData
                0x0000000008001d00       0x3a ./Core/pif/source/core/pif_comm.o
                0x0000000008001d00                pifComm_StartGetTxData
 .text.pifComm_EndGetTxData
                0x0000000008001d3a       0x18 ./Core/pif/source/core/pif_comm.o
                0x0000000008001d3a                pifComm_EndGetTxData
 .text.pifComm_FinishTransfer
                0x0000000008001d52        0xe ./Core/pif/source/core/pif_comm.o
                0x0000000008001d52                pifComm_FinishTransfer
 .text.pifComm_AttachTask
                0x0000000008001d60       0x1c ./Core/pif/source/core/pif_comm.o
                0x0000000008001d60                pifComm_AttachTask
 .text.pifI2cPort_Clear
                0x0000000008001d7c        0x8 ./Core/pif/source/core/pif_i2c.o
                0x0000000008001d7c                pifI2cPort_Clear
 .text.pifI2cPort_Init
                0x0000000008001d84       0x58 ./Core/pif/source/core/pif_i2c.o
                0x0000000008001d84                pifI2cPort_Init
 .text.pifI2cPort_AddDevice
                0x0000000008001ddc       0x24 ./Core/pif/source/core/pif_i2c.o
                0x0000000008001ddc                pifI2cPort_AddDevice
 .text.pifI2cPort_RemoveDevice
                0x0000000008001e00        0xa ./Core/pif/source/core/pif_i2c.o
                0x0000000008001e00                pifI2cPort_RemoveDevice
 *fill*         0x0000000008001e0a        0x2 
 .text.pifI2cDevice_Read
                0x0000000008001e0c       0xdc ./Core/pif/source/core/pif_i2c.o
                0x0000000008001e0c                pifI2cDevice_Read
 .text.pifI2cDevice_ReadRegByte
                0x0000000008001ee8       0x12 ./Core/pif/source/core/pif_i2c.o
                0x0000000008001ee8                pifI2cDevice_ReadRegByte
 .text.pifI2cDevice_ReadRegWord
                0x0000000008001efa       0x26 ./Core/pif/source/core/pif_i2c.o
                0x0000000008001efa                pifI2cDevice_ReadRegWord
 .text.pifI2cDevice_ReadRegBytes
                0x0000000008001f20       0x12 ./Core/pif/source/core/pif_i2c.o
                0x0000000008001f20                pifI2cDevice_ReadRegBytes
 .text.pifI2cDevice_ReadRegBit8
                0x0000000008001f32       0x30 ./Core/pif/source/core/pif_i2c.o
                0x0000000008001f32                pifI2cDevice_ReadRegBit8
 *fill*         0x0000000008001f62        0x2 
 .text.pifI2cDevice_Write
                0x0000000008001f64       0xdc ./Core/pif/source/core/pif_i2c.o
                0x0000000008001f64                pifI2cDevice_Write
 .text.pifI2cDevice_WriteRegByte
                0x0000000008002040       0x18 ./Core/pif/source/core/pif_i2c.o
                0x0000000008002040                pifI2cDevice_WriteRegByte
 .text.pifI2cDevice_WriteRegBit8
                0x0000000008002058       0x7c ./Core/pif/source/core/pif_i2c.o
                0x0000000008002058                pifI2cDevice_WriteRegBit8
 .text.pifFixList_Clear
                0x00000000080020d4       0x2e ./Core/pif/source/core/pif_list.o
                0x00000000080020d4                pifFixList_Clear
 *fill*         0x0000000008002102        0x2 
 .text.pifFixList_Init
                0x0000000008002104       0x78 ./Core/pif/source/core/pif_list.o
                0x0000000008002104                pifFixList_Init
 .text.pifFixList_AddFirst
                0x000000000800217c       0x2c ./Core/pif/source/core/pif_list.o
                0x000000000800217c                pifFixList_AddFirst
 .text.pifFixList_Remove
                0x00000000080021a8       0x30 ./Core/pif/source/core/pif_list.o
                0x00000000080021a8                pifFixList_Remove
 .text.pifFixList_Count
                0x00000000080021d8        0x4 ./Core/pif/source/core/pif_list.o
                0x00000000080021d8                pifFixList_Count
 .text.pifFixList_Begin
                0x00000000080021dc        0x4 ./Core/pif/source/core/pif_list.o
                0x00000000080021dc                pifFixList_Begin
 .text.pifFixList_Next
                0x00000000080021e0        0x6 ./Core/pif/source/core/pif_list.o
                0x00000000080021e0                pifFixList_Next
 .text._evtParsing
                0x00000000080021e6        0x2 ./Core/pif/source/core/pif_log.o
 .text._printLog
                0x00000000080021e8       0x34 ./Core/pif/source/core/pif_log.o
 .text._printTime
                0x000000000800221c       0x74 ./Core/pif/source/core/pif_log.o
 .text._evtSending
                0x0000000008002290       0x3e ./Core/pif/source/core/pif_log.o
 *fill*         0x00000000080022ce        0x2 
 .text.pifLog_Init
                0x00000000080022d0       0x1c ./Core/pif/source/core/pif_log.o
                0x00000000080022d0                pifLog_Init
 .text.pifLog_Printf
                0x00000000080022ec       0xac ./Core/pif/source/core/pif_log.o
                0x00000000080022ec                pifLog_Printf
 .text.pifLog_AttachComm
                0x0000000008002398       0x30 ./Core/pif/source/core/pif_log.o
                0x0000000008002398                pifLog_AttachComm
 .text.pifRingBuffer_Clear
                0x00000000080023c8       0x18 ./Core/pif/source/core/pif_ring_buffer.o
                0x00000000080023c8                pifRingBuffer_Clear
 .text.pifRingBuffer_Destroy.part.0
                0x00000000080023e0       0x16 ./Core/pif/source/core/pif_ring_buffer.o
 *fill*         0x00000000080023f6        0x2 
 .text.pifRingBuffer_InitHeap
                0x00000000080023f8       0x54 ./Core/pif/source/core/pif_ring_buffer.o
                0x00000000080023f8                pifRingBuffer_InitHeap
 .text.pifRingBuffer_CreateHeap
                0x000000000800244c       0x3c ./Core/pif/source/core/pif_ring_buffer.o
                0x000000000800244c                pifRingBuffer_CreateHeap
 .text.pifRingBuffer_SetName
                0x0000000008002488        0x4 ./Core/pif/source/core/pif_ring_buffer.o
                0x0000000008002488                pifRingBuffer_SetName
 .text.pifRingBuffer_GetTailPointer
                0x000000000800248c       0x14 ./Core/pif/source/core/pif_ring_buffer.o
                0x000000000800248c                pifRingBuffer_GetTailPointer
 .text.pifRingBuffer_IsBuffer
                0x00000000080024a0        0xa ./Core/pif/source/core/pif_ring_buffer.o
                0x00000000080024a0                pifRingBuffer_IsBuffer
 .text.pifRingBuffer_IsEmpty
                0x00000000080024aa        0xc ./Core/pif/source/core/pif_ring_buffer.o
                0x00000000080024aa                pifRingBuffer_IsEmpty
 .text.pifRingBuffer_GetFillSize
                0x00000000080024b6       0x14 ./Core/pif/source/core/pif_ring_buffer.o
                0x00000000080024b6                pifRingBuffer_GetFillSize
 .text._chopOff
                0x00000000080024ca       0x78 ./Core/pif/source/core/pif_ring_buffer.o
 .text.pifRingBuffer_GetLinerSize
                0x0000000008002542       0x20 ./Core/pif/source/core/pif_ring_buffer.o
                0x0000000008002542                pifRingBuffer_GetLinerSize
 .text.pifRingBuffer_GetRemainSize
                0x0000000008002562       0x16 ./Core/pif/source/core/pif_ring_buffer.o
                0x0000000008002562                pifRingBuffer_GetRemainSize
 .text.pifRingBuffer_PutData
                0x0000000008002578       0x54 ./Core/pif/source/core/pif_ring_buffer.o
                0x0000000008002578                pifRingBuffer_PutData
 .text.pifRingBuffer_PutString
                0x00000000080025cc       0x60 ./Core/pif/source/core/pif_ring_buffer.o
                0x00000000080025cc                pifRingBuffer_PutString
 .text.pifRingBuffer_GetByte
                0x000000000800262c       0x28 ./Core/pif/source/core/pif_ring_buffer.o
                0x000000000800262c                pifRingBuffer_GetByte
 .text.pifRingBuffer_Remove
                0x0000000008002654       0x24 ./Core/pif/source/core/pif_ring_buffer.o
                0x0000000008002654                pifRingBuffer_Remove
 .text._resetTable
                0x0000000008002678       0x2c ./Core/pif/source/core/pif_task.o
 .text._processingPeriodUs
                0x00000000080026a4       0x2c ./Core/pif/source/core/pif_task.o
 .text._processingPeriodMs
                0x00000000080026d0       0x28 ./Core/pif/source/core/pif_task.o
 .text._processingChangeUs
                0x00000000080026f8       0x30 ./Core/pif/source/core/pif_task.o
 .text._processingChangeMs
                0x0000000008002728       0x2c ./Core/pif/source/core/pif_task.o
 .text._checkParam
                0x0000000008002754       0x54 ./Core/pif/source/core/pif_task.o
 .text._setParam
                0x00000000080027a8      0x110 ./Core/pif/source/core/pif_task.o
 .text._processingRatio
                0x00000000080028b8       0x48 ./Core/pif/source/core/pif_task.o
 .text._checkLoopTime.constprop.0
                0x0000000008002900       0x40 ./Core/pif/source/core/pif_task.o
 .text._processingAlways
                0x0000000008002940       0x2c ./Core/pif/source/core/pif_task.o
 .text.pifTaskManager_Init
                0x000000000800296c       0x34 ./Core/pif/source/core/pif_task.o
                0x000000000800296c                pifTaskManager_Init
 .text.pifTaskManager_Add
                0x00000000080029a0       0x64 ./Core/pif/source/core/pif_task.o
                0x00000000080029a0                pifTaskManager_Add
 .text.pifTaskManager_Remove
                0x0000000008002a04       0x20 ./Core/pif/source/core/pif_task.o
                0x0000000008002a04                pifTaskManager_Remove
 .text.pifTaskManager_Count
                0x0000000008002a24        0xc ./Core/pif/source/core/pif_task.o
                0x0000000008002a24                pifTaskManager_Count
 .text.pifTaskManager_Loop
                0x0000000008002a30       0x74 ./Core/pif/source/core/pif_task.o
                0x0000000008002a30                pifTaskManager_Loop
 .text.pifTaskManager_Yield
                0x0000000008002aa4       0x84 ./Core/pif/source/core/pif_task.o
                0x0000000008002aa4                pifTaskManager_Yield
 .text.pifTaskManager_YieldMs
                0x0000000008002b28       0x1c ./Core/pif/source/core/pif_task.o
                0x0000000008002b28                pifTaskManager_YieldMs
 .text._doTask  0x0000000008002b44       0x30 ./Core/pif/source/core/pif_timer.o
 .text.pifTimerManager_Clear
                0x0000000008002b74       0x1e ./Core/pif/source/core/pif_timer.o
                0x0000000008002b74                pifTimerManager_Clear
 *fill*         0x0000000008002b92        0x2 
 .text.pifTimerManager_Init
                0x0000000008002b94       0x6c ./Core/pif/source/core/pif_timer.o
                0x0000000008002b94                pifTimerManager_Init
 .text.pifTimerManager_Add
                0x0000000008002c00       0x14 ./Core/pif/source/core/pif_timer.o
                0x0000000008002c00                pifTimerManager_Add
 .text.pifTimerManager_Count
                0x0000000008002c14        0x6 ./Core/pif/source/core/pif_timer.o
                0x0000000008002c14                pifTimerManager_Count
 *fill*         0x0000000008002c1a        0x2 
 .text.pifTimer_Start
                0x0000000008002c1c       0x2c ./Core/pif/source/core/pif_timer.o
                0x0000000008002c1c                pifTimer_Start
 .text.pifTimerManager_sigTick
                0x0000000008002c48       0xa6 ./Core/pif/source/core/pif_timer.o
                0x0000000008002c48                pifTimerManager_sigTick
 .text.pifTimer_AttachEvtFinish
                0x0000000008002cee        0x6 ./Core/pif/source/core/pif_timer.o
                0x0000000008002cee                pifTimer_AttachEvtFinish
 .text._evtTimerSBlinkFinish
                0x0000000008002cf4       0x3c ./Core/pif/source/display/pif_led.o
 .text._evtTimerMBlinkFinish
                0x0000000008002d30       0x76 ./Core/pif/source/display/pif_led.o
 *fill*         0x0000000008002da6        0x2 
 .text.pifLed_Init
                0x0000000008002da8       0x54 ./Core/pif/source/display/pif_led.o
                0x0000000008002da8                pifLed_Init
 .text.pifLed_AttachMBlink
                0x0000000008002dfc       0xb8 ./Core/pif/source/display/pif_led.o
                0x0000000008002dfc                pifLed_AttachMBlink
 .text.pifLed_AttachSBlink
                0x0000000008002eb4        0x8 ./Core/pif/source/display/pif_led.o
                0x0000000008002eb4                pifLed_AttachSBlink
 .text.pifLed_SBlinkOn
                0x0000000008002ebc        0xa ./Core/pif/source/display/pif_led.o
                0x0000000008002ebc                pifLed_SBlinkOn
 .text.pifGy86_ReadMag
                0x0000000008002ec6       0x9a ./Core/pif/source/sensor/pif_gy86.o
                0x0000000008002ec6                pifGy86_ReadMag
 .text.pifGy86_Clear
                0x0000000008002f60       0x1c ./Core/pif/source/sensor/pif_gy86.o
                0x0000000008002f60                pifGy86_Clear
 .text.pifGy86_Init
                0x0000000008002f7c      0x204 ./Core/pif/source/sensor/pif_gy86.o
                0x0000000008002f7c                pifGy86_Init
 .text._changeGain
                0x0000000008003180       0x40 ./Core/pif/source/sensor/pif_hmc5883.o
 .text.pifHmc5883_ReadMag
                0x00000000080031c0       0xae ./Core/pif/source/sensor/pif_hmc5883.o
                0x00000000080031c0                pifHmc5883_ReadMag
 .text.pifHmc5883_Clear
                0x000000000800326e       0x14 ./Core/pif/source/sensor/pif_hmc5883.o
                0x000000000800326e                pifHmc5883_Clear
 *fill*         0x0000000008003282        0x2 
 .text.pifHmc5883_Init
                0x0000000008003284      0x100 ./Core/pif/source/sensor/pif_hmc5883.o
                0x0000000008003284                pifHmc5883_Init
 .text.pifHmc5883_SetGain
                0x0000000008003384       0x22 ./Core/pif/source/sensor/pif_hmc5883.o
                0x0000000008003384                pifHmc5883_SetGain
 .text._alignSensors
                0x00000000080033a6      0x110 ./Core/pif/source/sensor/pif_imu_sensor.o
 .text.pifImuSensor_Init
                0x00000000080034b6        0x8 ./Core/pif/source/sensor/pif_imu_sensor.o
                0x00000000080034b6                pifImuSensor_Init
 .text.pifImuSensor_ReadGyro
                0x00000000080034be       0x30 ./Core/pif/source/sensor/pif_imu_sensor.o
                0x00000000080034be                pifImuSensor_ReadGyro
 .text.pifImuSensor_ReadAccel
                0x00000000080034ee       0x2c ./Core/pif/source/sensor/pif_imu_sensor.o
                0x00000000080034ee                pifImuSensor_ReadAccel
 .text.pifImuSensor_ReadMag
                0x000000000800351a       0x30 ./Core/pif/source/sensor/pif_imu_sensor.o
                0x000000000800351a                pifImuSensor_ReadMag
 .text.pifMpu60x0_ReadGyro
                0x000000000800354a       0x60 ./Core/pif/source/sensor/pif_mpu60x0.o
                0x000000000800354a                pifMpu60x0_ReadGyro
 .text.pifMpu60x0_ReadAccel
                0x00000000080035aa       0x60 ./Core/pif/source/sensor/pif_mpu60x0.o
                0x00000000080035aa                pifMpu60x0_ReadAccel
 .text.pifMpu60x0_Clear
                0x000000000800360a       0x14 ./Core/pif/source/sensor/pif_mpu60x0.o
                0x000000000800360a                pifMpu60x0_Clear
 *fill*         0x000000000800361e        0x2 
 .text.pifMpu60x0_Init
                0x0000000008003620      0x15c ./Core/pif/source/sensor/pif_mpu60x0.o
                0x0000000008003620                pifMpu60x0_Init
 *fill*         0x000000000800377c        0x4 
 .text.pifMpu60x0_SetGyroConfig
                0x0000000008003780       0x48 ./Core/pif/source/sensor/pif_mpu60x0.o
                0x0000000008003780                pifMpu60x0_SetGyroConfig
 .text.pifMpu60x0_SetAccelConfig
                0x00000000080037c8       0x28 ./Core/pif/source/sensor/pif_mpu60x0.o
                0x00000000080037c8                pifMpu60x0_SetAccelConfig
 .text._calcurateBarometric
                0x00000000080037f0      0x174 ./Core/pif/source/sensor/pif_ms5611.o
 .text._doTask  0x0000000008003964      0x108 ./Core/pif/source/sensor/pif_ms5611.o
 .text.pifMs5611_Clear
                0x0000000008003a6c       0x20 ./Core/pif/source/sensor/pif_ms5611.o
                0x0000000008003a6c                pifMs5611_Clear
 .text.pifMs5611_Init
                0x0000000008003a8c       0xe8 ./Core/pif/source/sensor/pif_ms5611.o
                0x0000000008003a8c                pifMs5611_Init
 .text.pifMs5611_SetOverSamplingRate
                0x0000000008003b74       0x2a ./Core/pif/source/sensor/pif_ms5611.o
                0x0000000008003b74                pifMs5611_SetOverSamplingRate
 *fill*         0x0000000008003b9e        0x2 
 .text.pifMs5611_AddTaskForReading
                0x0000000008003ba0       0x30 ./Core/pif/source/sensor/pif_ms5611.o
                0x0000000008003ba0                pifMs5611_AddTaskForReading
 .text.HAL_InitTick
                0x0000000008003bd0       0x48 ./Drivers/STM32F4xx_HAL_Driver/Src/stm32f4xx_hal.o
                0x0000000008003bd0                HAL_InitTick
 .text.HAL_Init
                0x0000000008003c18       0x34 ./Drivers/STM32F4xx_HAL_Driver/Src/stm32f4xx_hal.o
                0x0000000008003c18                HAL_Init
 .text.HAL_IncTick
                0x0000000008003c4c       0x18 ./Drivers/STM32F4xx_HAL_Driver/Src/stm32f4xx_hal.o
                0x0000000008003c4c                HAL_IncTick
 .text.HAL_GetTick
                0x0000000008003c64        0xc ./Drivers/STM32F4xx_HAL_Driver/Src/stm32f4xx_hal.o
                0x0000000008003c64                HAL_GetTick
 .text.HAL_NVIC_SetPriorityGrouping
                0x0000000008003c70       0x24 ./Drivers/STM32F4xx_HAL_Driver/Src/stm32f4xx_hal_cortex.o
                0x0000000008003c70                HAL_NVIC_SetPriorityGrouping
 .text.HAL_NVIC_SetPriority
                0x0000000008003c94       0x64 ./Drivers/STM32F4xx_HAL_Driver/Src/stm32f4xx_hal_cortex.o
                0x0000000008003c94                HAL_NVIC_SetPriority
 .text.HAL_NVIC_EnableIRQ
                0x0000000008003cf8       0x1c ./Drivers/STM32F4xx_HAL_Driver/Src/stm32f4xx_hal_cortex.o
                0x0000000008003cf8                HAL_NVIC_EnableIRQ
 .text.HAL_SYSTICK_Config
                0x0000000008003d14       0x28 ./Drivers/STM32F4xx_HAL_Driver/Src/stm32f4xx_hal_cortex.o
                0x0000000008003d14                HAL_SYSTICK_Config
 .text.DMA_CalcBaseAndBitshift
                0x0000000008003d3c       0x2c ./Drivers/STM32F4xx_HAL_Driver/Src/stm32f4xx_hal_dma.o
 .text.HAL_DMA_Init
                0x0000000008003d68      0x100 ./Drivers/STM32F4xx_HAL_Driver/Src/stm32f4xx_hal_dma.o
                0x0000000008003d68                HAL_DMA_Init
 .text.HAL_DMA_Abort
                0x0000000008003e68       0x88 ./Drivers/STM32F4xx_HAL_Driver/Src/stm32f4xx_hal_dma.o
                0x0000000008003e68                HAL_DMA_Abort
 .text.HAL_DMA_Abort_IT
                0x0000000008003ef0       0x24 ./Drivers/STM32F4xx_HAL_Driver/Src/stm32f4xx_hal_dma.o
                0x0000000008003ef0                HAL_DMA_Abort_IT
 .text.HAL_DMA_IRQHandler
                0x0000000008003f14      0x17c ./Drivers/STM32F4xx_HAL_Driver/Src/stm32f4xx_hal_dma.o
                0x0000000008003f14                HAL_DMA_IRQHandler
 .text.HAL_DMA_GetState
                0x0000000008004090        0x6 ./Drivers/STM32F4xx_HAL_Driver/Src/stm32f4xx_hal_dma.o
                0x0000000008004090                HAL_DMA_GetState
 *fill*         0x0000000008004096        0x2 
 .text.HAL_GPIO_Init
                0x0000000008004098      0x190 ./Drivers/STM32F4xx_HAL_Driver/Src/stm32f4xx_hal_gpio.o
                0x0000000008004098                HAL_GPIO_Init
 .text.HAL_GPIO_WritePin
                0x0000000008004228        0xa ./Drivers/STM32F4xx_HAL_Driver/Src/stm32f4xx_hal_gpio.o
                0x0000000008004228                HAL_GPIO_WritePin
 .text.I2C_IsAcknowledgeFailed
                0x0000000008004232       0x34 ./Drivers/STM32F4xx_HAL_Driver/Src/stm32f4xx_hal_i2c.o
 .text.I2C_WaitOnFlagUntilTimeout
                0x0000000008004266       0x64 ./Drivers/STM32F4xx_HAL_Driver/Src/stm32f4xx_hal_i2c.o
 .text.I2C_WaitOnMasterAddressFlagUntilTimeout
                0x00000000080042ca       0x76 ./Drivers/STM32F4xx_HAL_Driver/Src/stm32f4xx_hal_i2c.o
 .text.I2C_WaitOnRXNEFlagUntilTimeout
                0x0000000008004340       0x5e ./Drivers/STM32F4xx_HAL_Driver/Src/stm32f4xx_hal_i2c.o
 .text.I2C_WaitOnBTFFlagUntilTimeout
                0x000000000800439e       0x4c ./Drivers/STM32F4xx_HAL_Driver/Src/stm32f4xx_hal_i2c.o
 .text.I2C_WaitOnTXEFlagUntilTimeout
                0x00000000080043ea       0x4c ./Drivers/STM32F4xx_HAL_Driver/Src/stm32f4xx_hal_i2c.o
 *fill*         0x0000000008004436        0x2 
 .text.I2C_RequestMemoryWrite
                0x0000000008004438       0xb0 ./Drivers/STM32F4xx_HAL_Driver/Src/stm32f4xx_hal_i2c.o
 .text.I2C_RequestMemoryRead
                0x00000000080044e8      0x104 ./Drivers/STM32F4xx_HAL_Driver/Src/stm32f4xx_hal_i2c.o
 .text.HAL_I2C_Init
                0x00000000080045ec      0x150 ./Drivers/STM32F4xx_HAL_Driver/Src/stm32f4xx_hal_i2c.o
                0x00000000080045ec                HAL_I2C_Init
 .text.HAL_I2C_Master_Transmit
                0x000000000800473c      0x1b0 ./Drivers/STM32F4xx_HAL_Driver/Src/stm32f4xx_hal_i2c.o
                0x000000000800473c                HAL_I2C_Master_Transmit
 .text.HAL_I2C_Master_Receive
                0x00000000080048ec      0x2e0 ./Drivers/STM32F4xx_HAL_Driver/Src/stm32f4xx_hal_i2c.o
                0x00000000080048ec                HAL_I2C_Master_Receive
 .text.HAL_I2C_Mem_Write
                0x0000000008004bcc      0x120 ./Drivers/STM32F4xx_HAL_Driver/Src/stm32f4xx_hal_i2c.o
                0x0000000008004bcc                HAL_I2C_Mem_Write
 .text.HAL_I2C_Mem_Read
                0x0000000008004cec      0x210 ./Drivers/STM32F4xx_HAL_Driver/Src/stm32f4xx_hal_i2c.o
                0x0000000008004cec                HAL_I2C_Mem_Read
 .text.HAL_I2C_MasterTxCpltCallback
                0x0000000008004efc        0x2 ./Drivers/STM32F4xx_HAL_Driver/Src/stm32f4xx_hal_i2c.o
                0x0000000008004efc                HAL_I2C_MasterTxCpltCallback
 .text.HAL_I2C_MasterRxCpltCallback
                0x0000000008004efe        0x2 ./Drivers/STM32F4xx_HAL_Driver/Src/stm32f4xx_hal_i2c.o
                0x0000000008004efe                HAL_I2C_MasterRxCpltCallback
 .text.HAL_I2C_SlaveTxCpltCallback
                0x0000000008004f00        0x2 ./Drivers/STM32F4xx_HAL_Driver/Src/stm32f4xx_hal_i2c.o
                0x0000000008004f00                HAL_I2C_SlaveTxCpltCallback
 .text.HAL_I2C_SlaveRxCpltCallback
                0x0000000008004f02        0x2 ./Drivers/STM32F4xx_HAL_Driver/Src/stm32f4xx_hal_i2c.o
                0x0000000008004f02                HAL_I2C_SlaveRxCpltCallback
 .text.HAL_I2C_AddrCallback
                0x0000000008004f04        0x2 ./Drivers/STM32F4xx_HAL_Driver/Src/stm32f4xx_hal_i2c.o
                0x0000000008004f04                HAL_I2C_AddrCallback
 .text.HAL_I2C_ListenCpltCallback
                0x0000000008004f06        0x2 ./Drivers/STM32F4xx_HAL_Driver/Src/stm32f4xx_hal_i2c.o
                0x0000000008004f06                HAL_I2C_ListenCpltCallback
 .text.HAL_I2C_MemTxCpltCallback
                0x0000000008004f08        0x2 ./Drivers/STM32F4xx_HAL_Driver/Src/stm32f4xx_hal_i2c.o
                0x0000000008004f08                HAL_I2C_MemTxCpltCallback
 .text.I2C_MemoryTransmit_TXE_BTF
                0x0000000008004f0a       0xa2 ./Drivers/STM32F4xx_HAL_Driver/Src/stm32f4xx_hal_i2c.o
 .text.HAL_I2C_MemRxCpltCallback
                0x0000000008004fac        0x2 ./Drivers/STM32F4xx_HAL_Driver/Src/stm32f4xx_hal_i2c.o
                0x0000000008004fac                HAL_I2C_MemRxCpltCallback
 .text.HAL_I2C_ErrorCallback
                0x0000000008004fae        0x2 ./Drivers/STM32F4xx_HAL_Driver/Src/stm32f4xx_hal_i2c.o
                0x0000000008004fae                HAL_I2C_ErrorCallback
 .text.HAL_I2C_AbortCpltCallback
                0x0000000008004fb0        0x2 ./Drivers/STM32F4xx_HAL_Driver/Src/stm32f4xx_hal_i2c.o
                0x0000000008004fb0                HAL_I2C_AbortCpltCallback
 *fill*         0x0000000008004fb2        0x2 
 .text.I2C_DMAAbort
                0x0000000008004fb4       0xc0 ./Drivers/STM32F4xx_HAL_Driver/Src/stm32f4xx_hal_i2c.o
 .text.I2C_ITError
                0x0000000008005074      0x150 ./Drivers/STM32F4xx_HAL_Driver/Src/stm32f4xx_hal_i2c.o
 .text.HAL_I2C_EV_IRQHandler
                0x00000000080051c4      0x868 ./Drivers/STM32F4xx_HAL_Driver/Src/stm32f4xx_hal_i2c.o
                0x00000000080051c4                HAL_I2C_EV_IRQHandler
 .text.HAL_I2C_ER_IRQHandler
                0x0000000008005a2c      0x134 ./Drivers/STM32F4xx_HAL_Driver/Src/stm32f4xx_hal_i2c.o
                0x0000000008005a2c                HAL_I2C_ER_IRQHandler
 .text.HAL_RCC_OscConfig
                0x0000000008005b60      0x360 ./Drivers/STM32F4xx_HAL_Driver/Src/stm32f4xx_hal_rcc.o
                0x0000000008005b60                HAL_RCC_OscConfig
 .text.HAL_RCC_GetSysClockFreq
                0x0000000008005ec0       0x5c ./Drivers/STM32F4xx_HAL_Driver/Src/stm32f4xx_hal_rcc.o
                0x0000000008005ec0                HAL_RCC_GetSysClockFreq
 .text.HAL_RCC_ClockConfig
                0x0000000008005f1c      0x138 ./Drivers/STM32F4xx_HAL_Driver/Src/stm32f4xx_hal_rcc.o
                0x0000000008005f1c                HAL_RCC_ClockConfig
 .text.HAL_RCC_GetPCLK1Freq
                0x0000000008006054       0x20 ./Drivers/STM32F4xx_HAL_Driver/Src/stm32f4xx_hal_rcc.o
                0x0000000008006054                HAL_RCC_GetPCLK1Freq
 .text.HAL_RCC_GetPCLK2Freq
                0x0000000008006074       0x20 ./Drivers/STM32F4xx_HAL_Driver/Src/stm32f4xx_hal_rcc.o
                0x0000000008006074                HAL_RCC_GetPCLK2Freq
 .text.UART_EndRxTransfer
                0x0000000008006094       0x5c ./Drivers/STM32F4xx_HAL_Driver/Src/stm32f4xx_hal_uart.o
 .text.UART_SetConfig
                0x00000000080060f0       0xbc ./Drivers/STM32F4xx_HAL_Driver/Src/stm32f4xx_hal_uart.o
 .text.HAL_UART_Init
                0x00000000080061ac       0x5c ./Drivers/STM32F4xx_HAL_Driver/Src/stm32f4xx_hal_uart.o
                0x00000000080061ac                HAL_UART_Init
 .text.HAL_UART_Transmit_IT
                0x0000000008006208       0x3e ./Drivers/STM32F4xx_HAL_Driver/Src/stm32f4xx_hal_uart.o
                0x0000000008006208                HAL_UART_Transmit_IT
 .text.HAL_UART_RxCpltCallback
                0x0000000008006246        0x2 ./Drivers/STM32F4xx_HAL_Driver/Src/stm32f4xx_hal_uart.o
                0x0000000008006246                HAL_UART_RxCpltCallback
 .text.HAL_UART_ErrorCallback
                0x0000000008006248        0x2 ./Drivers/STM32F4xx_HAL_Driver/Src/stm32f4xx_hal_uart.o
                0x0000000008006248                HAL_UART_ErrorCallback
 .text.UART_DMAAbortOnError
                0x000000000800624a       0x10 ./Drivers/STM32F4xx_HAL_Driver/Src/stm32f4xx_hal_uart.o
 .text.HAL_UARTEx_RxEventCallback
                0x000000000800625a        0x2 ./Drivers/STM32F4xx_HAL_Driver/Src/stm32f4xx_hal_uart.o
                0x000000000800625a                HAL_UARTEx_RxEventCallback
 .text.UART_Receive_IT.part.0.isra.0
                0x000000000800625c       0xac ./Drivers/STM32F4xx_HAL_Driver/Src/stm32f4xx_hal_uart.o
 .text.HAL_UART_IRQHandler
                0x0000000008006308      0x2a0 ./Drivers/STM32F4xx_HAL_Driver/Src/stm32f4xx_hal_uart.o
                0x0000000008006308                HAL_UART_IRQHandler
 .text.calloc   0x00000000080065a8       0x10 /home/wonjh/st/stm32cubeide_1.6.1/plugins/com.st.stm32cube.ide.mcu.externaltools.gnu-tools-for-stm32.10.3-2021.10.linux64_1.0.0.202111181127/tools/bin/../lib/gcc/arm-none-eabi/10.3.1/../../../../arm-none-eabi/lib/thumb/v7e-m+fp/hard/libc_nano.a(lib_a-calloc.o)
                0x00000000080065a8                calloc
 .text.__errno  0x00000000080065b8        0xc /home/wonjh/st/stm32cubeide_1.6.1/plugins/com.st.stm32cube.ide.mcu.externaltools.gnu-tools-for-stm32.10.3-2021.10.linux64_1.0.0.202111181127/tools/bin/../lib/gcc/arm-none-eabi/10.3.1/../../../../arm-none-eabi/lib/thumb/v7e-m+fp/hard/libc_nano.a(lib_a-errno.o)
                0x00000000080065b8                __errno
 .text.__libc_init_array
                0x00000000080065c4       0x48 /home/wonjh/st/stm32cubeide_1.6.1/plugins/com.st.stm32cube.ide.mcu.externaltools.gnu-tools-for-stm32.10.3-2021.10.linux64_1.0.0.202111181127/tools/bin/../lib/gcc/arm-none-eabi/10.3.1/../../../../arm-none-eabi/lib/thumb/v7e-m+fp/hard/libc_nano.a(lib_a-init.o)
                0x00000000080065c4                __libc_init_array
 .text.malloc   0x000000000800660c       0x10 /home/wonjh/st/stm32cubeide_1.6.1/plugins/com.st.stm32cube.ide.mcu.externaltools.gnu-tools-for-stm32.10.3-2021.10.linux64_1.0.0.202111181127/tools/bin/../lib/gcc/arm-none-eabi/10.3.1/../../../../arm-none-eabi/lib/thumb/v7e-m+fp/hard/libc_nano.a(lib_a-malloc.o)
                0x000000000800660c                malloc
 .text.free     0x000000000800661c       0x10 /home/wonjh/st/stm32cubeide_1.6.1/plugins/com.st.stm32cube.ide.mcu.externaltools.gnu-tools-for-stm32.10.3-2021.10.linux64_1.0.0.202111181127/tools/bin/../lib/gcc/arm-none-eabi/10.3.1/../../../../arm-none-eabi/lib/thumb/v7e-m+fp/hard/libc_nano.a(lib_a-malloc.o)
                0x000000000800661c                free
 .text.memset   0x000000000800662c       0x10 /home/wonjh/st/stm32cubeide_1.6.1/plugins/com.st.stm32cube.ide.mcu.externaltools.gnu-tools-for-stm32.10.3-2021.10.linux64_1.0.0.202111181127/tools/bin/../lib/gcc/arm-none-eabi/10.3.1/../../../../arm-none-eabi/lib/thumb/v7e-m+fp/hard/libc_nano.a(lib_a-memset.o)
                0x000000000800662c                memset
 .text._calloc_r
                0x000000000800663c       0x2c /home/wonjh/st/stm32cubeide_1.6.1/plugins/com.st.stm32cube.ide.mcu.externaltools.gnu-tools-for-stm32.10.3-2021.10.linux64_1.0.0.202111181127/tools/bin/../lib/gcc/arm-none-eabi/10.3.1/../../../../arm-none-eabi/lib/thumb/v7e-m+fp/hard/libc_nano.a(lib_a-nano-callocr.o)
                0x000000000800663c                _calloc_r
 .text._free_r  0x0000000008006668       0x98 /home/wonjh/st/stm32cubeide_1.6.1/plugins/com.st.stm32cube.ide.mcu.externaltools.gnu-tools-for-stm32.10.3-2021.10.linux64_1.0.0.202111181127/tools/bin/../lib/gcc/arm-none-eabi/10.3.1/../../../../arm-none-eabi/lib/thumb/v7e-m+fp/hard/libc_nano.a(lib_a-nano-freer.o)
                0x0000000008006668                _free_r
 .text.sbrk_aligned
                0x0000000008006700       0x40 /home/wonjh/st/stm32cubeide_1.6.1/plugins/com.st.stm32cube.ide.mcu.externaltools.gnu-tools-for-stm32.10.3-2021.10.linux64_1.0.0.202111181127/tools/bin/../lib/gcc/arm-none-eabi/10.3.1/../../../../arm-none-eabi/lib/thumb/v7e-m+fp/hard/libc_nano.a(lib_a-nano-mallocr.o)
 .text._malloc_r
                0x0000000008006740       0xe8 /home/wonjh/st/stm32cubeide_1.6.1/plugins/com.st.stm32cube.ide.mcu.externaltools.gnu-tools-for-stm32.10.3-2021.10.linux64_1.0.0.202111181127/tools/bin/../lib/gcc/arm-none-eabi/10.3.1/../../../../arm-none-eabi/lib/thumb/v7e-m+fp/hard/libc_nano.a(lib_a-nano-mallocr.o)
                0x0000000008006740                _malloc_r
 .text._sbrk_r  0x0000000008006828       0x20 /home/wonjh/st/stm32cubeide_1.6.1/plugins/com.st.stm32cube.ide.mcu.externaltools.gnu-tools-for-stm32.10.3-2021.10.linux64_1.0.0.202111181127/tools/bin/../lib/gcc/arm-none-eabi/10.3.1/../../../../arm-none-eabi/lib/thumb/v7e-m+fp/hard/libc_nano.a(lib_a-sbrkr.o)
                0x0000000008006828                _sbrk_r
 .text.strcpy   0x0000000008006848       0x10 /home/wonjh/st/stm32cubeide_1.6.1/plugins/com.st.stm32cube.ide.mcu.externaltools.gnu-tools-for-stm32.10.3-2021.10.linux64_1.0.0.202111181127/tools/bin/../lib/gcc/arm-none-eabi/10.3.1/../../../../arm-none-eabi/lib/thumb/v7e-m+fp/hard/libc_nano.a(lib_a-strcpy.o)
                0x0000000008006848                strcpy
 .text.strncpy  0x0000000008006858       0x26 /home/wonjh/st/stm32cubeide_1.6.1/plugins/com.st.stm32cube.ide.mcu.externaltools.gnu-tools-for-stm32.10.3-2021.10.linux64_1.0.0.202111181127/tools/bin/../lib/gcc/arm-none-eabi/10.3.1/../../../../arm-none-eabi/lib/thumb/v7e-m+fp/hard/libc_nano.a(lib_a-strncpy.o)
                0x0000000008006858                strncpy
 *fill*         0x000000000800687e        0x2 
 .text.__malloc_lock
                0x0000000008006880        0xc /home/wonjh/st/stm32cubeide_1.6.1/plugins/com.st.stm32cube.ide.mcu.externaltools.gnu-tools-for-stm32.10.3-2021.10.linux64_1.0.0.202111181127/tools/bin/../lib/gcc/arm-none-eabi/10.3.1/../../../../arm-none-eabi/lib/thumb/v7e-m+fp/hard/libc_nano.a(lib_a-mlock.o)
                0x0000000008006880                __malloc_lock
 .text.__malloc_unlock
                0x000000000800688c        0xc /home/wonjh/st/stm32cubeide_1.6.1/plugins/com.st.stm32cube.ide.mcu.externaltools.gnu-tools-for-stm32.10.3-2021.10.linux64_1.0.0.202111181127/tools/bin/../lib/gcc/arm-none-eabi/10.3.1/../../../../arm-none-eabi/lib/thumb/v7e-m+fp/hard/libc_nano.a(lib_a-mlock.o)
                0x000000000800688c                __malloc_unlock
 .text.__retarget_lock_acquire_recursive
                0x0000000008006898        0x2 /home/wonjh/st/stm32cubeide_1.6.1/plugins/com.st.stm32cube.ide.mcu.externaltools.gnu-tools-for-stm32.10.3-2021.10.linux64_1.0.0.202111181127/tools/bin/../lib/gcc/arm-none-eabi/10.3.1/../../../../arm-none-eabi/lib/thumb/v7e-m+fp/hard/libc_nano.a(lib_a-lock.o)
                0x0000000008006898                __retarget_lock_acquire_recursive
 .text.__retarget_lock_release_recursive
                0x000000000800689a        0x2 /home/wonjh/st/stm32cubeide_1.6.1/plugins/com.st.stm32cube.ide.mcu.externaltools.gnu-tools-for-stm32.10.3-2021.10.linux64_1.0.0.202111181127/tools/bin/../lib/gcc/arm-none-eabi/10.3.1/../../../../arm-none-eabi/lib/thumb/v7e-m+fp/hard/libc_nano.a(lib_a-lock.o)
                0x000000000800689a                __retarget_lock_release_recursive
 .text.lrintf   0x000000000800689c       0x80 /home/wonjh/st/stm32cubeide_1.6.1/plugins/com.st.stm32cube.ide.mcu.externaltools.gnu-tools-for-stm32.10.3-2021.10.linux64_1.0.0.202111181127/tools/bin/../lib/gcc/arm-none-eabi/10.3.1/../../../../arm-none-eabi/lib/thumb/v7e-m+fp/hard/libm.a(lib_a-sf_lrint.o)
                0x000000000800689c                lrintf
 .text.pow      0x000000000800691c       0xe0 /home/wonjh/st/stm32cubeide_1.6.1/plugins/com.st.stm32cube.ide.mcu.externaltools.gnu-tools-for-stm32.10.3-2021.10.linux64_1.0.0.202111181127/tools/bin/../lib/gcc/arm-none-eabi/10.3.1/../../../../arm-none-eabi/lib/thumb/v7e-m+fp/hard/libm.a(lib_a-w_pow.o)
                0x000000000800691c                pow
 *fill*         0x00000000080069fc        0x4 
 .text.__ieee754_pow
                0x0000000008006a00      0xa5c /home/wonjh/st/stm32cubeide_1.6.1/plugins/com.st.stm32cube.ide.mcu.externaltools.gnu-tools-for-stm32.10.3-2021.10.linux64_1.0.0.202111181127/tools/bin/../lib/gcc/arm-none-eabi/10.3.1/../../../../arm-none-eabi/lib/thumb/v7e-m+fp/hard/libm.a(lib_a-e_pow.o)
                0x0000000008006a00                __ieee754_pow
 .text.__ieee754_sqrt
                0x000000000800745c      0x164 /home/wonjh/st/stm32cubeide_1.6.1/plugins/com.st.stm32cube.ide.mcu.externaltools.gnu-tools-for-stm32.10.3-2021.10.linux64_1.0.0.202111181127/tools/bin/../lib/gcc/arm-none-eabi/10.3.1/../../../../arm-none-eabi/lib/thumb/v7e-m+fp/hard/libm.a(lib_a-e_sqrt.o)
                0x000000000800745c                __ieee754_sqrt
 .text.with_errno
                0x00000000080075c0       0x14 /home/wonjh/st/stm32cubeide_1.6.1/plugins/com.st.stm32cube.ide.mcu.externaltools.gnu-tools-for-stm32.10.3-2021.10.linux64_1.0.0.202111181127/tools/bin/../lib/gcc/arm-none-eabi/10.3.1/../../../../arm-none-eabi/lib/thumb/v7e-m+fp/hard/libm.a(lib_a-math_err.o)
 .text.xflow    0x00000000080075d4       0x28 /home/wonjh/st/stm32cubeide_1.6.1/plugins/com.st.stm32cube.ide.mcu.externaltools.gnu-tools-for-stm32.10.3-2021.10.linux64_1.0.0.202111181127/tools/bin/../lib/gcc/arm-none-eabi/10.3.1/../../../../arm-none-eabi/lib/thumb/v7e-m+fp/hard/libm.a(lib_a-math_err.o)
 .text.__math_uflow
                0x00000000080075fc       0x12 /home/wonjh/st/stm32cubeide_1.6.1/plugins/com.st.stm32cube.ide.mcu.externaltools.gnu-tools-for-stm32.10.3-2021.10.linux64_1.0.0.202111181127/tools/bin/../lib/gcc/arm-none-eabi/10.3.1/../../../../arm-none-eabi/lib/thumb/v7e-m+fp/hard/libm.a(lib_a-math_err.o)
                0x00000000080075fc                __math_uflow
 .text.__math_oflow
                0x000000000800760e       0x12 /home/wonjh/st/stm32cubeide_1.6.1/plugins/com.st.stm32cube.ide.mcu.externaltools.gnu-tools-for-stm32.10.3-2021.10.linux64_1.0.0.202111181127/tools/bin/../lib/gcc/arm-none-eabi/10.3.1/../../../../arm-none-eabi/lib/thumb/v7e-m+fp/hard/libm.a(lib_a-math_err.o)
                0x000000000800760e                __math_oflow
 .text.fabs     0x0000000008007620       0x12 /home/wonjh/st/stm32cubeide_1.6.1/plugins/com.st.stm32cube.ide.mcu.externaltools.gnu-tools-for-stm32.10.3-2021.10.linux64_1.0.0.202111181127/tools/bin/../lib/gcc/arm-none-eabi/10.3.1/../../../../arm-none-eabi/lib/thumb/v7e-m+fp/hard/libm.a(lib_a-s_fabs.o)
                0x0000000008007620                fabs
 .text.finite   0x0000000008007632       0x16 /home/wonjh/st/stm32cubeide_1.6.1/plugins/com.st.stm32cube.ide.mcu.externaltools.gnu-tools-for-stm32.10.3-2021.10.linux64_1.0.0.202111181127/tools/bin/../lib/gcc/arm-none-eabi/10.3.1/../../../../arm-none-eabi/lib/thumb/v7e-m+fp/hard/libm.a(lib_a-s_finite.o)
                0x0000000008007632                finite
 .text.scalbn   0x0000000008007648      0x10c /home/wonjh/st/stm32cubeide_1.6.1/plugins/com.st.stm32cube.ide.mcu.externaltools.gnu-tools-for-stm32.10.3-2021.10.linux64_1.0.0.202111181127/tools/bin/../lib/gcc/arm-none-eabi/10.3.1/../../../../arm-none-eabi/lib/thumb/v7e-m+fp/hard/libm.a(lib_a-s_scalbn.o)
                0x0000000008007648                scalbn
 *(.glue_7)
 .glue_7        0x0000000008007754        0x0 linker stubs
 *(.glue_7t)
 .glue_7t       0x0000000008007754        0x0 linker stubs
 *(.eh_frame)
 .eh_frame      0x0000000008007754        0x0 /home/wonjh/st/stm32cubeide_1.6.1/plugins/com.st.stm32cube.ide.mcu.externaltools.gnu-tools-for-stm32.10.3-2021.10.linux64_1.0.0.202111181127/tools/bin/../lib/gcc/arm-none-eabi/10.3.1/thumb/v7e-m+fp/hard/crtbegin.o
 *(.init)
 .init          0x0000000008007754        0x4 /home/wonjh/st/stm32cubeide_1.6.1/plugins/com.st.stm32cube.ide.mcu.externaltools.gnu-tools-for-stm32.10.3-2021.10.linux64_1.0.0.202111181127/tools/bin/../lib/gcc/arm-none-eabi/10.3.1/thumb/v7e-m+fp/hard/crti.o
                0x0000000008007754                _init
 .init          0x0000000008007758        0x8 /home/wonjh/st/stm32cubeide_1.6.1/plugins/com.st.stm32cube.ide.mcu.externaltools.gnu-tools-for-stm32.10.3-2021.10.linux64_1.0.0.202111181127/tools/bin/../lib/gcc/arm-none-eabi/10.3.1/thumb/v7e-m+fp/hard/crtn.o
 *(.fini)
 .fini          0x0000000008007760        0x4 /home/wonjh/st/stm32cubeide_1.6.1/plugins/com.st.stm32cube.ide.mcu.externaltools.gnu-tools-for-stm32.10.3-2021.10.linux64_1.0.0.202111181127/tools/bin/../lib/gcc/arm-none-eabi/10.3.1/thumb/v7e-m+fp/hard/crti.o
                0x0000000008007760                _fini
 .fini          0x0000000008007764        0x8 /home/wonjh/st/stm32cubeide_1.6.1/plugins/com.st.stm32cube.ide.mcu.externaltools.gnu-tools-for-stm32.10.3-2021.10.linux64_1.0.0.202111181127/tools/bin/../lib/gcc/arm-none-eabi/10.3.1/thumb/v7e-m+fp/hard/crtn.o
                0x000000000800776c                . = ALIGN (0x4)
                0x000000000800776c                _etext = .

.vfp11_veneer   0x000000000800776c        0x0
 .vfp11_veneer  0x000000000800776c        0x0 linker stubs

.v4_bx          0x000000000800776c        0x0
 .v4_bx         0x000000000800776c        0x0 linker stubs

.iplt           0x000000000800776c        0x0
 .iplt          0x000000000800776c        0x0 /home/wonjh/st/stm32cubeide_1.6.1/plugins/com.st.stm32cube.ide.mcu.externaltools.gnu-tools-for-stm32.10.3-2021.10.linux64_1.0.0.202111181127/tools/bin/../lib/gcc/arm-none-eabi/10.3.1/thumb/v7e-m+fp/hard/crtbegin.o

.rodata         0x0000000008007770      0x258
                0x0000000008007770                . = ALIGN (0x4)
 *(.rodata)
 .rodata        0x0000000008007770        0xb ./Core/pif/source/core/pif.o
 *(.rodata*)
 .rodata._taskMpu60x0.str1.1
                0x000000000800777b       0x82 ./Core/Src/app_main.o
 .rodata._evtBaroRead.str1.1
                0x00000000080077fd       0x21 ./Core/Src/app_main.o
 .rodata.appSetup.str1.1
                0x000000000800781e       0x1d ./Core/Src/app_main.o
 .rodata.AHBPrescTable
                0x000000000800783b       0x10 ./Core/Src/system_stm32f4xx.o
                0x000000000800783b                AHBPrescTable
 .rodata.APBPrescTable
                0x000000000800784b        0x8 ./Core/Src/system_stm32f4xx.o
                0x000000000800784b                APBPrescTable
 .rodata.str1.1
                0x0000000008007853       0x52 ./Core/pif/source/core/pif.o
 .rodata.kDaysInMonth
                0x00000000080078a5        0xc ./Core/pif/source/core/pif.o
                0x00000000080078a5                kDaysInMonth
 .rodata.pifComm_AllocTxBuffer.str1.1
                0x00000000080078b1        0x3 ./Core/pif/source/core/pif_comm.o
 .rodata.pifI2cDevice_Read.str1.1
                0x00000000080078b4       0x37 ./Core/pif/source/core/pif_i2c.o
 .rodata.pifI2cDevice_Write.str1.1
                0x00000000080078eb       0x37 ./Core/pif/source/core/pif_i2c.o
 .rodata.type_ch
                0x0000000008007922        0x4 ./Core/pif/source/core/pif_log.o
                0x0000000008007922                type_ch
 .rodata._checkLoopTime.constprop.0.str1.1
                0x0000000008007926       0x1a ./Core/pif/source/core/pif_task.o
 .rodata.pifHmc5883_Init.str1.1
                0x0000000008007940       0x2a ./Core/pif/source/sensor/pif_hmc5883.o
 .rodata.pifMpu60x0_Init.str1.1
                0x000000000800796a       0x1b ./Core/pif/source/sensor/pif_mpu60x0.o
 .rodata.flagBitshiftOffset.0
                0x0000000008007985        0x8 ./Drivers/STM32F4xx_HAL_Driver/Src/stm32f4xx_hal_dma.o
 *fill*         0x000000000800798d        0x3 
 .rodata.TWO23  0x0000000008007990        0x8 /home/wonjh/st/stm32cubeide_1.6.1/plugins/com.st.stm32cube.ide.mcu.externaltools.gnu-tools-for-stm32.10.3-2021.10.linux64_1.0.0.202111181127/tools/bin/../lib/gcc/arm-none-eabi/10.3.1/../../../../arm-none-eabi/lib/thumb/v7e-m+fp/hard/libm.a(lib_a-sf_lrint.o)
 .rodata.bp     0x0000000008007998       0x10 /home/wonjh/st/stm32cubeide_1.6.1/plugins/com.st.stm32cube.ide.mcu.externaltools.gnu-tools-for-stm32.10.3-2021.10.linux64_1.0.0.202111181127/tools/bin/../lib/gcc/arm-none-eabi/10.3.1/../../../../arm-none-eabi/lib/thumb/v7e-m+fp/hard/libm.a(lib_a-e_pow.o)
 .rodata.dp_h   0x00000000080079a8       0x10 /home/wonjh/st/stm32cubeide_1.6.1/plugins/com.st.stm32cube.ide.mcu.externaltools.gnu-tools-for-stm32.10.3-2021.10.linux64_1.0.0.202111181127/tools/bin/../lib/gcc/arm-none-eabi/10.3.1/../../../../arm-none-eabi/lib/thumb/v7e-m+fp/hard/libm.a(lib_a-e_pow.o)
 .rodata.dp_l   0x00000000080079b8       0x10 /home/wonjh/st/stm32cubeide_1.6.1/plugins/com.st.stm32cube.ide.mcu.externaltools.gnu-tools-for-stm32.10.3-2021.10.linux64_1.0.0.202111181127/tools/bin/../lib/gcc/arm-none-eabi/10.3.1/../../../../arm-none-eabi/lib/thumb/v7e-m+fp/hard/libm.a(lib_a-e_pow.o)
                0x00000000080079c8                . = ALIGN (0x4)

.ARM.extab      0x00000000080079c8        0x0
                0x00000000080079c8                . = ALIGN (0x4)
 *(.ARM.extab* .gnu.linkonce.armextab.*)
                0x00000000080079c8                . = ALIGN (0x4)

.ARM            0x00000000080079c8        0x8
                0x00000000080079c8                . = ALIGN (0x4)
                0x00000000080079c8                __exidx_start = .
 *(.ARM.exidx*)
 .ARM.exidx     0x00000000080079c8        0x8 /home/wonjh/st/stm32cubeide_1.6.1/plugins/com.st.stm32cube.ide.mcu.externaltools.gnu-tools-for-stm32.10.3-2021.10.linux64_1.0.0.202111181127/tools/bin/../lib/gcc/arm-none-eabi/10.3.1/thumb/v7e-m+fp/hard/libgcc.a(_udivmoddi4.o)
                0x00000000080079d0                __exidx_end = .
                0x00000000080079d0                . = ALIGN (0x4)

.rel.dyn        0x00000000080079d0        0x0
 .rel.iplt      0x00000000080079d0        0x0 /home/wonjh/st/stm32cubeide_1.6.1/plugins/com.st.stm32cube.ide.mcu.externaltools.gnu-tools-for-stm32.10.3-2021.10.linux64_1.0.0.202111181127/tools/bin/../lib/gcc/arm-none-eabi/10.3.1/thumb/v7e-m+fp/hard/crtbegin.o

.preinit_array  0x00000000080079d0        0x0
                0x00000000080079d0                . = ALIGN (0x4)
                0x00000000080079d0                PROVIDE (__preinit_array_start = .)
 *(.preinit_array*)
                0x00000000080079d0                PROVIDE (__preinit_array_end = .)
                0x00000000080079d0                . = ALIGN (0x4)

.init_array     0x00000000080079d0        0x4
                0x00000000080079d0                . = ALIGN (0x4)
                0x00000000080079d0                PROVIDE (__init_array_start = .)
 *(SORT_BY_NAME(.init_array.*))
 *(.init_array*)
 .init_array    0x00000000080079d0        0x4 /home/wonjh/st/stm32cubeide_1.6.1/plugins/com.st.stm32cube.ide.mcu.externaltools.gnu-tools-for-stm32.10.3-2021.10.linux64_1.0.0.202111181127/tools/bin/../lib/gcc/arm-none-eabi/10.3.1/thumb/v7e-m+fp/hard/crtbegin.o
                0x00000000080079d4                PROVIDE (__init_array_end = .)
                0x00000000080079d4                . = ALIGN (0x4)

.fini_array     0x00000000080079d4        0x4
                0x00000000080079d4                . = ALIGN (0x4)
                [!provide]                        PROVIDE (__fini_array_start = .)
 *(SORT_BY_NAME(.fini_array.*))
 *(.fini_array*)
 .fini_array    0x00000000080079d4        0x4 /home/wonjh/st/stm32cubeide_1.6.1/plugins/com.st.stm32cube.ide.mcu.externaltools.gnu-tools-for-stm32.10.3-2021.10.linux64_1.0.0.202111181127/tools/bin/../lib/gcc/arm-none-eabi/10.3.1/thumb/v7e-m+fp/hard/crtbegin.o
                [!provide]                        PROVIDE (__fini_array_end = .)
                0x00000000080079d8                . = ALIGN (0x4)
                0x00000000080079d8                _sidata = LOADADDR (.data)

.data           0x0000000020000000       0x78 load address 0x00000000080079d8
                0x0000000020000000                . = ALIGN (0x4)
                0x0000000020000000                _sdata = .
 *(.data)
 *(.data*)
 .data.SystemCoreClock
                0x0000000020000000        0x4 ./Core/Src/system_stm32f4xx.o
                0x0000000020000000                SystemCoreClock
 .data.kPifHexLowerChar
                0x0000000020000004        0x4 ./Core/pif/source/core/pif.o
                0x0000000020000004                kPifHexLowerChar
 .data.kPifHexUpperChar
                0x0000000020000008        0x4 ./Core/pif/source/core/pif.o
                0x0000000020000008                kPifHexUpperChar
 .data.pif_id   0x000000002000000c        0x2 ./Core/pif/source/core/pif.o
                0x000000002000000c                pif_id
 .data.s_minute
                0x000000002000000e        0x1 ./Core/pif/source/core/pif_log.o
 .data.uwTickFreq
                0x000000002000000f        0x1 ./Drivers/STM32F4xx_HAL_Driver/Src/stm32f4xx_hal.o
                0x000000002000000f                uwTickFreq
 .data.uwTickPrio
                0x0000000020000010        0x4 ./Drivers/STM32F4xx_HAL_Driver/Src/stm32f4xx_hal.o
                0x0000000020000010                uwTickPrio
 .data._impure_ptr
                0x0000000020000014        0x4 /home/wonjh/st/stm32cubeide_1.6.1/plugins/com.st.stm32cube.ide.mcu.externaltools.gnu-tools-for-stm32.10.3-2021.10.linux64_1.0.0.202111181127/tools/bin/../lib/gcc/arm-none-eabi/10.3.1/../../../../arm-none-eabi/lib/thumb/v7e-m+fp/hard/libc_nano.a(lib_a-impure.o)
                0x0000000020000014                _impure_ptr
 .data.impure_data
                0x0000000020000018       0x60 /home/wonjh/st/stm32cubeide_1.6.1/plugins/com.st.stm32cube.ide.mcu.externaltools.gnu-tools-for-stm32.10.3-2021.10.linux64_1.0.0.202111181127/tools/bin/../lib/gcc/arm-none-eabi/10.3.1/../../../../arm-none-eabi/lib/thumb/v7e-m+fp/hard/libc_nano.a(lib_a-impure.o)
 *(.RamFunc)
 *(.RamFunc*)
                0x0000000020000078                . = ALIGN (0x4)
                0x0000000020000078                _edata = .

.igot.plt       0x0000000020000078        0x0 load address 0x0000000008007a50
 .igot.plt      0x0000000020000078        0x0 /home/wonjh/st/stm32cubeide_1.6.1/plugins/com.st.stm32cube.ide.mcu.externaltools.gnu-tools-for-stm32.10.3-2021.10.linux64_1.0.0.202111181127/tools/bin/../lib/gcc/arm-none-eabi/10.3.1/thumb/v7e-m+fp/hard/crtbegin.o
                0x0000000020000078                . = ALIGN (0x4)

.bss            0x0000000020000078      0x424 load address 0x0000000008007a50
                0x0000000020000078                _sbss = .
                0x0000000020000078                __bss_start__ = _sbss
 *(.bss)
 .bss           0x0000000020000078       0x1c /home/wonjh/st/stm32cubeide_1.6.1/plugins/com.st.stm32cube.ide.mcu.externaltools.gnu-tools-for-stm32.10.3-2021.10.linux64_1.0.0.202111181127/tools/bin/../lib/gcc/arm-none-eabi/10.3.1/thumb/v7e-m+fp/hard/crtbegin.o
 *(.bss*)
 .bss.g_comm_log
                0x0000000020000094       0x30 ./Core/Src/app_main.o
                0x0000000020000094                g_comm_log
 .bss.g_i2c_port
                0x00000000200000c4       0x30 ./Core/Src/app_main.o
                0x00000000200000c4                g_i2c_port
 .bss.g_timer_1ms
                0x00000000200000f4       0x24 ./Core/Src/app_main.o
                0x00000000200000f4                g_timer_1ms
 .bss.s_gy86    0x0000000020000118       0x60 ./Core/Src/app_main.o
 .bss.s_imu_sensor
                0x0000000020000178       0x78 ./Core/Src/app_main.o
 .bss.s_led_l   0x00000000200001f0       0x1c ./Core/Src/app_main.o
 .bss.step.0    0x000000002000020c        0x1 ./Core/Src/app_main.o
 *fill*         0x000000002000020d        0x3 
 .bss.hdma_i2c1_rx
                0x0000000020000210       0x60 ./Core/Src/main.o
                0x0000000020000210                hdma_i2c1_rx
 .bss.hdma_i2c1_tx
                0x0000000020000270       0x60 ./Core/Src/main.o
                0x0000000020000270                hdma_i2c1_tx
 .bss.hi2c1     0x00000000200002d0       0x54 ./Core/Src/main.o
                0x00000000200002d0                hi2c1
 .bss.huart2    0x0000000020000324       0x44 ./Core/Src/main.o
                0x0000000020000324                huart2
 .bss.s_usLogTx
                0x0000000020000368        0x2 ./Core/Src/main.o
 *fill*         0x000000002000036a        0x2 
 .bss.__sbrk_heap_end
                0x000000002000036c        0x4 ./Core/Src/sysmem.o
 .bss.pif_act_timer1us
                0x0000000020000370        0x4 ./Core/pif/source/core/pif.o
                0x0000000020000370                pif_act_timer1us
 .bss.pif_cumulative_timer1ms
                0x0000000020000374        0x4 ./Core/pif/source/core/pif.o
                0x0000000020000374                pif_cumulative_timer1ms
 .bss.pif_datetime
                0x0000000020000378        0x8 ./Core/pif/source/core/pif.o
                0x0000000020000378                pif_datetime
 .bss.pif_error
                0x0000000020000380        0x1 ./Core/pif/source/core/pif.o
                0x0000000020000380                pif_error
 *fill*         0x0000000020000381        0x3 
 .bss.pif_performance
                0x0000000020000384        0x8 ./Core/pif/source/core/pif.o
                0x0000000020000384                pif_performance
 .bss.pif_timer1ms
                0x000000002000038c        0x2 ./Core/pif/source/core/pif.o
                0x000000002000038c                pif_timer1ms
 *fill*         0x000000002000038e        0x2 
 .bss.pif_timer1sec
                0x0000000020000390        0x4 ./Core/pif/source/core/pif.o
                0x0000000020000390                pif_timer1sec
 .bss.usTimerPerform.0
                0x0000000020000394        0x2 ./Core/pif/source/core/pif.o
 *fill*         0x0000000020000396        0x2 
 .bss.pif_log_flag
                0x0000000020000398        0x4 ./Core/pif/source/core/pif_log.o
                0x0000000020000398                pif_log_flag
 .bss.s_log     0x000000002000039c       0x28 ./Core/pif/source/core/pif_log.o
 .bss.tmp_buf.0
                0x00000000200003c4       0x14 ./Core/pif/source/core/pif_log.o
 .bss.base.0    0x00000000200003d8        0x4 ./Core/pif/source/core/pif_task.o
 .bss.s_current_task
                0x00000000200003dc        0x4 ./Core/pif/source/core/pif_task.o
 .bss.s_it_current
                0x00000000200003e0        0x4 ./Core/pif/source/core/pif_task.o
 .bss.s_number  0x00000000200003e4        0x1 ./Core/pif/source/core/pif_task.o
 *fill*         0x00000000200003e5        0x3 
 .bss.s_table   0x00000000200003e8       0x80 ./Core/pif/source/core/pif_task.o
 .bss.s_table_number
                0x0000000020000468        0x4 ./Core/pif/source/core/pif_task.o
 .bss.s_tasks   0x000000002000046c       0x18 ./Core/pif/source/core/pif_task.o
 .bss.start_time.0
                0x0000000020000484        0x4 ./Core/pif/source/sensor/pif_ms5611.o
 .bss.uwTick    0x0000000020000488        0x4 ./Drivers/STM32F4xx_HAL_Driver/Src/stm32f4xx_hal.o
                0x0000000020000488                uwTick
 .bss.__malloc_free_list
                0x000000002000048c        0x4 /home/wonjh/st/stm32cubeide_1.6.1/plugins/com.st.stm32cube.ide.mcu.externaltools.gnu-tools-for-stm32.10.3-2021.10.linux64_1.0.0.202111181127/tools/bin/../lib/gcc/arm-none-eabi/10.3.1/../../../../arm-none-eabi/lib/thumb/v7e-m+fp/hard/libc_nano.a(lib_a-nano-mallocr.o)
                0x000000002000048c                __malloc_free_list
 .bss.__malloc_sbrk_start
                0x0000000020000490        0x4 /home/wonjh/st/stm32cubeide_1.6.1/plugins/com.st.stm32cube.ide.mcu.externaltools.gnu-tools-for-stm32.10.3-2021.10.linux64_1.0.0.202111181127/tools/bin/../lib/gcc/arm-none-eabi/10.3.1/../../../../arm-none-eabi/lib/thumb/v7e-m+fp/hard/libc_nano.a(lib_a-nano-mallocr.o)
                0x0000000020000490                __malloc_sbrk_start
 .bss.errno     0x0000000020000494        0x4 /home/wonjh/st/stm32cubeide_1.6.1/plugins/com.st.stm32cube.ide.mcu.externaltools.gnu-tools-for-stm32.10.3-2021.10.linux64_1.0.0.202111181127/tools/bin/../lib/gcc/arm-none-eabi/10.3.1/../../../../arm-none-eabi/lib/thumb/v7e-m+fp/hard/libc_nano.a(lib_a-reent.o)
                0x0000000020000494                errno
 .bss.__lock___malloc_recursive_mutex
                0x0000000020000498        0x1 /home/wonjh/st/stm32cubeide_1.6.1/plugins/com.st.stm32cube.ide.mcu.externaltools.gnu-tools-for-stm32.10.3-2021.10.linux64_1.0.0.202111181127/tools/bin/../lib/gcc/arm-none-eabi/10.3.1/../../../../arm-none-eabi/lib/thumb/v7e-m+fp/hard/libc_nano.a(lib_a-lock.o)
                0x0000000020000498                __lock___malloc_recursive_mutex
 *(COMMON)
                0x000000002000049c                . = ALIGN (0x4)
 *fill*         0x0000000020000499        0x3 
                0x000000002000049c                _ebss = .
                0x000000002000049c                __bss_end__ = _ebss

._user_heap_stack
                0x000000002000049c      0x604 load address 0x0000000008007a50
                0x00000000200004a0                . = ALIGN (0x8)
 *fill*         0x000000002000049c        0x4 
                [!provide]                        PROVIDE (end = .)
                0x00000000200004a0                PROVIDE (_end = .)
                0x00000000200006a0                . = (. + _Min_Heap_Size)
 *fill*         0x00000000200004a0      0x200 
                0x0000000020000aa0                . = (. + _Min_Stack_Size)
 *fill*         0x00000000200006a0      0x400 
                0x0000000020000aa0                . = ALIGN (0x8)

/DISCARD/
 libc.a(*)
 libm.a(*)
 libgcc.a(*)

.ARM.attributes
                0x0000000000000000       0x30
 *(.ARM.attributes)
 .ARM.attributes
                0x0000000000000000       0x1e /home/wonjh/st/stm32cubeide_1.6.1/plugins/com.st.stm32cube.ide.mcu.externaltools.gnu-tools-for-stm32.10.3-2021.10.linux64_1.0.0.202111181127/tools/bin/../lib/gcc/arm-none-eabi/10.3.1/thumb/v7e-m+fp/hard/crti.o
 .ARM.attributes
                0x000000000000001e       0x34 /home/wonjh/st/stm32cubeide_1.6.1/plugins/com.st.stm32cube.ide.mcu.externaltools.gnu-tools-for-stm32.10.3-2021.10.linux64_1.0.0.202111181127/tools/bin/../lib/gcc/arm-none-eabi/10.3.1/thumb/v7e-m+fp/hard/crtbegin.o
 .ARM.attributes
                0x0000000000000052       0x34 ./Core/Src/app_main.o
 .ARM.attributes
                0x0000000000000086       0x34 ./Core/Src/main.o
 .ARM.attributes
                0x00000000000000ba       0x34 ./Core/Src/stm32f4xx_hal_msp.o
 .ARM.attributes
                0x00000000000000ee       0x34 ./Core/Src/stm32f4xx_it.o
 .ARM.attributes
                0x0000000000000122       0x34 ./Core/Src/sysmem.o
 .ARM.attributes
                0x0000000000000156       0x34 ./Core/Src/system_stm32f4xx.o
 .ARM.attributes
                0x000000000000018a       0x21 ./Core/Startup/startup_stm32f411retx.o
 .ARM.attributes
                0x00000000000001ab       0x34 ./Core/pif/source/core/pif.o
 .ARM.attributes
                0x00000000000001df       0x34 ./Core/pif/source/core/pif_comm.o
 .ARM.attributes
                0x0000000000000213       0x34 ./Core/pif/source/core/pif_i2c.o
 .ARM.attributes
                0x0000000000000247       0x34 ./Core/pif/source/core/pif_list.o
 .ARM.attributes
                0x000000000000027b       0x34 ./Core/pif/source/core/pif_log.o
 .ARM.attributes
                0x00000000000002af       0x34 ./Core/pif/source/core/pif_ring_buffer.o
 .ARM.attributes
                0x00000000000002e3       0x34 ./Core/pif/source/core/pif_task.o
 .ARM.attributes
                0x0000000000000317       0x34 ./Core/pif/source/core/pif_timer.o
 .ARM.attributes
                0x000000000000034b       0x34 ./Core/pif/source/display/pif_led.o
 .ARM.attributes
                0x000000000000037f       0x34 ./Core/pif/source/sensor/pif_gy86.o
 .ARM.attributes
                0x00000000000003b3       0x34 ./Core/pif/source/sensor/pif_hmc5883.o
 .ARM.attributes
                0x00000000000003e7       0x34 ./Core/pif/source/sensor/pif_imu_sensor.o
 .ARM.attributes
                0x000000000000041b       0x34 ./Core/pif/source/sensor/pif_mpu60x0.o
 .ARM.attributes
                0x000000000000044f       0x34 ./Core/pif/source/sensor/pif_ms5611.o
 .ARM.attributes
                0x0000000000000483       0x34 ./Drivers/STM32F4xx_HAL_Driver/Src/stm32f4xx_hal.o
 .ARM.attributes
                0x00000000000004b7       0x34 ./Drivers/STM32F4xx_HAL_Driver/Src/stm32f4xx_hal_cortex.o
 .ARM.attributes
                0x00000000000004eb       0x34 ./Drivers/STM32F4xx_HAL_Driver/Src/stm32f4xx_hal_dma.o
 .ARM.attributes
                0x000000000000051f       0x34 ./Drivers/STM32F4xx_HAL_Driver/Src/stm32f4xx_hal_gpio.o
 .ARM.attributes
                0x0000000000000553       0x34 ./Drivers/STM32F4xx_HAL_Driver/Src/stm32f4xx_hal_i2c.o
 .ARM.attributes
                0x0000000000000587       0x34 ./Drivers/STM32F4xx_HAL_Driver/Src/stm32f4xx_hal_rcc.o
 .ARM.attributes
                0x00000000000005bb       0x34 ./Drivers/STM32F4xx_HAL_Driver/Src/stm32f4xx_hal_uart.o
 .ARM.attributes
                0x00000000000005ef       0x34 /home/wonjh/st/stm32cubeide_1.6.1/plugins/com.st.stm32cube.ide.mcu.externaltools.gnu-tools-for-stm32.10.3-2021.10.linux64_1.0.0.202111181127/tools/bin/../lib/gcc/arm-none-eabi/10.3.1/../../../../arm-none-eabi/lib/thumb/v7e-m+fp/hard/libc_nano.a(lib_a-calloc.o)
 .ARM.attributes
                0x0000000000000623       0x34 /home/wonjh/st/stm32cubeide_1.6.1/plugins/com.st.stm32cube.ide.mcu.externaltools.gnu-tools-for-stm32.10.3-2021.10.linux64_1.0.0.202111181127/tools/bin/../lib/gcc/arm-none-eabi/10.3.1/../../../../arm-none-eabi/lib/thumb/v7e-m+fp/hard/libc_nano.a(lib_a-errno.o)
 .ARM.attributes
                0x0000000000000657       0x34 /home/wonjh/st/stm32cubeide_1.6.1/plugins/com.st.stm32cube.ide.mcu.externaltools.gnu-tools-for-stm32.10.3-2021.10.linux64_1.0.0.202111181127/tools/bin/../lib/gcc/arm-none-eabi/10.3.1/../../../../arm-none-eabi/lib/thumb/v7e-m+fp/hard/libc_nano.a(lib_a-impure.o)
 .ARM.attributes
                0x000000000000068b       0x34 /home/wonjh/st/stm32cubeide_1.6.1/plugins/com.st.stm32cube.ide.mcu.externaltools.gnu-tools-for-stm32.10.3-2021.10.linux64_1.0.0.202111181127/tools/bin/../lib/gcc/arm-none-eabi/10.3.1/../../../../arm-none-eabi/lib/thumb/v7e-m+fp/hard/libc_nano.a(lib_a-init.o)
 .ARM.attributes
                0x00000000000006bf       0x34 /home/wonjh/st/stm32cubeide_1.6.1/plugins/com.st.stm32cube.ide.mcu.externaltools.gnu-tools-for-stm32.10.3-2021.10.linux64_1.0.0.202111181127/tools/bin/../lib/gcc/arm-none-eabi/10.3.1/../../../../arm-none-eabi/lib/thumb/v7e-m+fp/hard/libc_nano.a(lib_a-malloc.o)
 .ARM.attributes
                0x00000000000006f3       0x34 /home/wonjh/st/stm32cubeide_1.6.1/plugins/com.st.stm32cube.ide.mcu.externaltools.gnu-tools-for-stm32.10.3-2021.10.linux64_1.0.0.202111181127/tools/bin/../lib/gcc/arm-none-eabi/10.3.1/../../../../arm-none-eabi/lib/thumb/v7e-m+fp/hard/libc_nano.a(lib_a-memset.o)
 .ARM.attributes
                0x0000000000000727       0x34 /home/wonjh/st/stm32cubeide_1.6.1/plugins/com.st.stm32cube.ide.mcu.externaltools.gnu-tools-for-stm32.10.3-2021.10.linux64_1.0.0.202111181127/tools/bin/../lib/gcc/arm-none-eabi/10.3.1/../../../../arm-none-eabi/lib/thumb/v7e-m+fp/hard/libc_nano.a(lib_a-nano-callocr.o)
 .ARM.attributes
                0x000000000000075b       0x34 /home/wonjh/st/stm32cubeide_1.6.1/plugins/com.st.stm32cube.ide.mcu.externaltools.gnu-tools-for-stm32.10.3-2021.10.linux64_1.0.0.202111181127/tools/bin/../lib/gcc/arm-none-eabi/10.3.1/../../../../arm-none-eabi/lib/thumb/v7e-m+fp/hard/libc_nano.a(lib_a-nano-freer.o)
 .ARM.attributes
                0x000000000000078f       0x34 /home/wonjh/st/stm32cubeide_1.6.1/plugins/com.st.stm32cube.ide.mcu.externaltools.gnu-tools-for-stm32.10.3-2021.10.linux64_1.0.0.202111181127/tools/bin/../lib/gcc/arm-none-eabi/10.3.1/../../../../arm-none-eabi/lib/thumb/v7e-m+fp/hard/libc_nano.a(lib_a-nano-mallocr.o)
 .ARM.attributes
                0x00000000000007c3       0x34 /home/wonjh/st/stm32cubeide_1.6.1/plugins/com.st.stm32cube.ide.mcu.externaltools.gnu-tools-for-stm32.10.3-2021.10.linux64_1.0.0.202111181127/tools/bin/../lib/gcc/arm-none-eabi/10.3.1/../../../../arm-none-eabi/lib/thumb/v7e-m+fp/hard/libc_nano.a(lib_a-sbrkr.o)
 .ARM.attributes
                0x00000000000007f7       0x34 /home/wonjh/st/stm32cubeide_1.6.1/plugins/com.st.stm32cube.ide.mcu.externaltools.gnu-tools-for-stm32.10.3-2021.10.linux64_1.0.0.202111181127/tools/bin/../lib/gcc/arm-none-eabi/10.3.1/../../../../arm-none-eabi/lib/thumb/v7e-m+fp/hard/libc_nano.a(lib_a-strcpy.o)
 .ARM.attributes
                0x000000000000082b       0x17 /home/wonjh/st/stm32cubeide_1.6.1/plugins/com.st.stm32cube.ide.mcu.externaltools.gnu-tools-for-stm32.10.3-2021.10.linux64_1.0.0.202111181127/tools/bin/../lib/gcc/arm-none-eabi/10.3.1/../../../../arm-none-eabi/lib/thumb/v7e-m+fp/hard/libc_nano.a(lib_a-strlen.o)
 .ARM.attributes
                0x0000000000000842       0x34 /home/wonjh/st/stm32cubeide_1.6.1/plugins/com.st.stm32cube.ide.mcu.externaltools.gnu-tools-for-stm32.10.3-2021.10.linux64_1.0.0.202111181127/tools/bin/../lib/gcc/arm-none-eabi/10.3.1/../../../../arm-none-eabi/lib/thumb/v7e-m+fp/hard/libc_nano.a(lib_a-strncpy.o)
 .ARM.attributes
                0x0000000000000876       0x34 /home/wonjh/st/stm32cubeide_1.6.1/plugins/com.st.stm32cube.ide.mcu.externaltools.gnu-tools-for-stm32.10.3-2021.10.linux64_1.0.0.202111181127/tools/bin/../lib/gcc/arm-none-eabi/10.3.1/../../../../arm-none-eabi/lib/thumb/v7e-m+fp/hard/libc_nano.a(lib_a-mlock.o)
 .ARM.attributes
                0x00000000000008aa       0x34 /home/wonjh/st/stm32cubeide_1.6.1/plugins/com.st.stm32cube.ide.mcu.externaltools.gnu-tools-for-stm32.10.3-2021.10.linux64_1.0.0.202111181127/tools/bin/../lib/gcc/arm-none-eabi/10.3.1/../../../../arm-none-eabi/lib/thumb/v7e-m+fp/hard/libc_nano.a(lib_a-reent.o)
 .ARM.attributes
                0x00000000000008de       0x34 /home/wonjh/st/stm32cubeide_1.6.1/plugins/com.st.stm32cube.ide.mcu.externaltools.gnu-tools-for-stm32.10.3-2021.10.linux64_1.0.0.202111181127/tools/bin/../lib/gcc/arm-none-eabi/10.3.1/../../../../arm-none-eabi/lib/thumb/v7e-m+fp/hard/libc_nano.a(lib_a-lock.o)
 .ARM.attributes
                0x0000000000000912       0x34 /home/wonjh/st/stm32cubeide_1.6.1/plugins/com.st.stm32cube.ide.mcu.externaltools.gnu-tools-for-stm32.10.3-2021.10.linux64_1.0.0.202111181127/tools/bin/../lib/gcc/arm-none-eabi/10.3.1/../../../../arm-none-eabi/lib/thumb/v7e-m+fp/hard/libm.a(lib_a-sf_lrint.o)
 .ARM.attributes
                0x0000000000000946       0x34 /home/wonjh/st/stm32cubeide_1.6.1/plugins/com.st.stm32cube.ide.mcu.externaltools.gnu-tools-for-stm32.10.3-2021.10.linux64_1.0.0.202111181127/tools/bin/../lib/gcc/arm-none-eabi/10.3.1/../../../../arm-none-eabi/lib/thumb/v7e-m+fp/hard/libm.a(lib_a-w_pow.o)
 .ARM.attributes
                0x000000000000097a       0x34 /home/wonjh/st/stm32cubeide_1.6.1/plugins/com.st.stm32cube.ide.mcu.externaltools.gnu-tools-for-stm32.10.3-2021.10.linux64_1.0.0.202111181127/tools/bin/../lib/gcc/arm-none-eabi/10.3.1/../../../../arm-none-eabi/lib/thumb/v7e-m+fp/hard/libm.a(lib_a-e_pow.o)
 .ARM.attributes
                0x00000000000009ae       0x34 /home/wonjh/st/stm32cubeide_1.6.1/plugins/com.st.stm32cube.ide.mcu.externaltools.gnu-tools-for-stm32.10.3-2021.10.linux64_1.0.0.202111181127/tools/bin/../lib/gcc/arm-none-eabi/10.3.1/../../../../arm-none-eabi/lib/thumb/v7e-m+fp/hard/libm.a(lib_a-e_sqrt.o)
 .ARM.attributes
                0x00000000000009e2       0x34 /home/wonjh/st/stm32cubeide_1.6.1/plugins/com.st.stm32cube.ide.mcu.externaltools.gnu-tools-for-stm32.10.3-2021.10.linux64_1.0.0.202111181127/tools/bin/../lib/gcc/arm-none-eabi/10.3.1/../../../../arm-none-eabi/lib/thumb/v7e-m+fp/hard/libm.a(lib_a-math_err.o)
 .ARM.attributes
                0x0000000000000a16       0x34 /home/wonjh/st/stm32cubeide_1.6.1/plugins/com.st.stm32cube.ide.mcu.externaltools.gnu-tools-for-stm32.10.3-2021.10.linux64_1.0.0.202111181127/tools/bin/../lib/gcc/arm-none-eabi/10.3.1/../../../../arm-none-eabi/lib/thumb/v7e-m+fp/hard/libm.a(lib_a-s_fabs.o)
 .ARM.attributes
                0x0000000000000a4a       0x34 /home/wonjh/st/stm32cubeide_1.6.1/plugins/com.st.stm32cube.ide.mcu.externaltools.gnu-tools-for-stm32.10.3-2021.10.linux64_1.0.0.202111181127/tools/bin/../lib/gcc/arm-none-eabi/10.3.1/../../../../arm-none-eabi/lib/thumb/v7e-m+fp/hard/libm.a(lib_a-s_finite.o)
 .ARM.attributes
                0x0000000000000a7e       0x34 /home/wonjh/st/stm32cubeide_1.6.1/plugins/com.st.stm32cube.ide.mcu.externaltools.gnu-tools-for-stm32.10.3-2021.10.linux64_1.0.0.202111181127/tools/bin/../lib/gcc/arm-none-eabi/10.3.1/../../../../arm-none-eabi/lib/thumb/v7e-m+fp/hard/libm.a(lib_a-s_scalbn.o)
 .ARM.attributes
                0x0000000000000ab2       0x1e /home/wonjh/st/stm32cubeide_1.6.1/plugins/com.st.stm32cube.ide.mcu.externaltools.gnu-tools-for-stm32.10.3-2021.10.linux64_1.0.0.202111181127/tools/bin/../lib/gcc/arm-none-eabi/10.3.1/thumb/v7e-m+fp/hard/libgcc.a(_arm_addsubdf3.o)
 .ARM.attributes
                0x0000000000000ad0       0x1e /home/wonjh/st/stm32cubeide_1.6.1/plugins/com.st.stm32cube.ide.mcu.externaltools.gnu-tools-for-stm32.10.3-2021.10.linux64_1.0.0.202111181127/tools/bin/../lib/gcc/arm-none-eabi/10.3.1/thumb/v7e-m+fp/hard/libgcc.a(_arm_muldivdf3.o)
 .ARM.attributes
                0x0000000000000aee       0x1e /home/wonjh/st/stm32cubeide_1.6.1/plugins/com.st.stm32cube.ide.mcu.externaltools.gnu-tools-for-stm32.10.3-2021.10.linux64_1.0.0.202111181127/tools/bin/../lib/gcc/arm-none-eabi/10.3.1/thumb/v7e-m+fp/hard/libgcc.a(_arm_cmpdf2.o)
 .ARM.attributes
                0x0000000000000b0c       0x1e /home/wonjh/st/stm32cubeide_1.6.1/plugins/com.st.stm32cube.ide.mcu.externaltools.gnu-tools-for-stm32.10.3-2021.10.linux64_1.0.0.202111181127/tools/bin/../lib/gcc/arm-none-eabi/10.3.1/thumb/v7e-m+fp/hard/libgcc.a(_arm_unorddf2.o)
 .ARM.attributes
                0x0000000000000b2a       0x1e /home/wonjh/st/stm32cubeide_1.6.1/plugins/com.st.stm32cube.ide.mcu.externaltools.gnu-tools-for-stm32.10.3-2021.10.linux64_1.0.0.202111181127/tools/bin/../lib/gcc/arm-none-eabi/10.3.1/thumb/v7e-m+fp/hard/libgcc.a(_arm_fixunsdfsi.o)
 .ARM.attributes
                0x0000000000000b48       0x1e /home/wonjh/st/stm32cubeide_1.6.1/plugins/com.st.stm32cube.ide.mcu.externaltools.gnu-tools-for-stm32.10.3-2021.10.linux64_1.0.0.202111181127/tools/bin/../lib/gcc/arm-none-eabi/10.3.1/thumb/v7e-m+fp/hard/libgcc.a(_aeabi_ldivmod.o)
 .ARM.attributes
                0x0000000000000b66       0x1e /home/wonjh/st/stm32cubeide_1.6.1/plugins/com.st.stm32cube.ide.mcu.externaltools.gnu-tools-for-stm32.10.3-2021.10.linux64_1.0.0.202111181127/tools/bin/../lib/gcc/arm-none-eabi/10.3.1/thumb/v7e-m+fp/hard/libgcc.a(_aeabi_uldivmod.o)
 .ARM.attributes
                0x0000000000000b84       0x34 /home/wonjh/st/stm32cubeide_1.6.1/plugins/com.st.stm32cube.ide.mcu.externaltools.gnu-tools-for-stm32.10.3-2021.10.linux64_1.0.0.202111181127/tools/bin/../lib/gcc/arm-none-eabi/10.3.1/thumb/v7e-m+fp/hard/libgcc.a(_udivmoddi4.o)
 .ARM.attributes
                0x0000000000000bb8       0x1e /home/wonjh/st/stm32cubeide_1.6.1/plugins/com.st.stm32cube.ide.mcu.externaltools.gnu-tools-for-stm32.10.3-2021.10.linux64_1.0.0.202111181127/tools/bin/../lib/gcc/arm-none-eabi/10.3.1/thumb/v7e-m+fp/hard/libgcc.a(_dvmd_tls.o)
 .ARM.attributes
                0x0000000000000bd6       0x1e /home/wonjh/st/stm32cubeide_1.6.1/plugins/com.st.stm32cube.ide.mcu.externaltools.gnu-tools-for-stm32.10.3-2021.10.linux64_1.0.0.202111181127/tools/bin/../lib/gcc/arm-none-eabi/10.3.1/thumb/v7e-m+fp/hard/crtn.o
OUTPUT(ex_gy86.elf elf32-littlearm)
LOAD linker stubs
LOAD /home/wonjh/st/stm32cubeide_1.6.1/plugins/com.st.stm32cube.ide.mcu.externaltools.gnu-tools-for-stm32.10.3-2021.10.linux64_1.0.0.202111181127/tools/bin/../lib/gcc/arm-none-eabi/10.3.1/../../../../arm-none-eabi/lib/thumb/v7e-m+fp/hard/libc.a
LOAD /home/wonjh/st/stm32cubeide_1.6.1/plugins/com.st.stm32cube.ide.mcu.externaltools.gnu-tools-for-stm32.10.3-2021.10.linux64_1.0.0.202111181127/tools/bin/../lib/gcc/arm-none-eabi/10.3.1/../../../../arm-none-eabi/lib/thumb/v7e-m+fp/hard/libm.a