Archive member included to satisfy reference by file (symbol)

/home/wonjh/st/stm32cubeide_1.6.1/plugins/com.st.stm32cube.ide.mcu.externaltools.gnu-tools-for-stm32.10.3-2021.10.linux64_1.0.0.202111181127/tools/bin/../lib/gcc/arm-none-eabi/10.3.1/../../../../arm-none-eabi/lib/thumb/v7e-m+dp/hard/libc_nano.a(lib_a-calloc.o)
                              ./Core/pif/source/core/pif_list.o (calloc)
/home/wonjh/st/stm32cubeide_1.6.1/plugins/com.st.stm32cube.ide.mcu.externaltools.gnu-tools-for-stm32.10.3-2021.10.linux64_1.0.0.202111181127/tools/bin/../lib/gcc/arm-none-eabi/10.3.1/../../../../arm-none-eabi/lib/thumb/v7e-m+dp/hard/libc_nano.a(lib_a-errno.o)
                              ./Core/Src/syscalls.o (__errno)
/home/wonjh/st/stm32cubeide_1.6.1/plugins/com.st.stm32cube.ide.mcu.externaltools.gnu-tools-for-stm32.10.3-2021.10.linux64_1.0.0.202111181127/tools/bin/../lib/gcc/arm-none-eabi/10.3.1/../../../../arm-none-eabi/lib/thumb/v7e-m+dp/hard/libc_nano.a(lib_a-exit.o)
                              /home/wonjh/st/stm32cubeide_1.6.1/plugins/com.st.stm32cube.ide.mcu.externaltools.gnu-tools-for-stm32.10.3-2021.10.linux64_1.0.0.202111181127/tools/bin/../lib/gcc/arm-none-eabi/10.3.1/../../../../arm-none-eabi/lib/thumb/v7e-m+dp/hard/crt0.o (exit)
/home/wonjh/st/stm32cubeide_1.6.1/plugins/com.st.stm32cube.ide.mcu.externaltools.gnu-tools-for-stm32.10.3-2021.10.linux64_1.0.0.202111181127/tools/bin/../lib/gcc/arm-none-eabi/10.3.1/../../../../arm-none-eabi/lib/thumb/v7e-m+dp/hard/libc_nano.a(lib_a-impure.o)
                              /home/wonjh/st/stm32cubeide_1.6.1/plugins/com.st.stm32cube.ide.mcu.externaltools.gnu-tools-for-stm32.10.3-2021.10.linux64_1.0.0.202111181127/tools/bin/../lib/gcc/arm-none-eabi/10.3.1/../../../../arm-none-eabi/lib/thumb/v7e-m+dp/hard/libc_nano.a(lib_a-exit.o) (_global_impure_ptr)
/home/wonjh/st/stm32cubeide_1.6.1/plugins/com.st.stm32cube.ide.mcu.externaltools.gnu-tools-for-stm32.10.3-2021.10.linux64_1.0.0.202111181127/tools/bin/../lib/gcc/arm-none-eabi/10.3.1/../../../../arm-none-eabi/lib/thumb/v7e-m+dp/hard/libc_nano.a(lib_a-init.o)
                              /home/wonjh/st/stm32cubeide_1.6.1/plugins/com.st.stm32cube.ide.mcu.externaltools.gnu-tools-for-stm32.10.3-2021.10.linux64_1.0.0.202111181127/tools/bin/../lib/gcc/arm-none-eabi/10.3.1/../../../../arm-none-eabi/lib/thumb/v7e-m+dp/hard/crt0.o (__libc_init_array)
/home/wonjh/st/stm32cubeide_1.6.1/plugins/com.st.stm32cube.ide.mcu.externaltools.gnu-tools-for-stm32.10.3-2021.10.linux64_1.0.0.202111181127/tools/bin/../lib/gcc/arm-none-eabi/10.3.1/../../../../arm-none-eabi/lib/thumb/v7e-m+dp/hard/libc_nano.a(lib_a-malloc.o)
                              ./Core/pif/source/core/pif_ring_buffer.o (malloc)
/home/wonjh/st/stm32cubeide_1.6.1/plugins/com.st.stm32cube.ide.mcu.externaltools.gnu-tools-for-stm32.10.3-2021.10.linux64_1.0.0.202111181127/tools/bin/../lib/gcc/arm-none-eabi/10.3.1/../../../../arm-none-eabi/lib/thumb/v7e-m+dp/hard/libc_nano.a(lib_a-memset.o)
                              /home/wonjh/st/stm32cubeide_1.6.1/plugins/com.st.stm32cube.ide.mcu.externaltools.gnu-tools-for-stm32.10.3-2021.10.linux64_1.0.0.202111181127/tools/bin/../lib/gcc/arm-none-eabi/10.3.1/../../../../arm-none-eabi/lib/thumb/v7e-m+dp/hard/crt0.o (memset)
/home/wonjh/st/stm32cubeide_1.6.1/plugins/com.st.stm32cube.ide.mcu.externaltools.gnu-tools-for-stm32.10.3-2021.10.linux64_1.0.0.202111181127/tools/bin/../lib/gcc/arm-none-eabi/10.3.1/../../../../arm-none-eabi/lib/thumb/v7e-m+dp/hard/libc_nano.a(lib_a-nano-callocr.o)
                              /home/wonjh/st/stm32cubeide_1.6.1/plugins/com.st.stm32cube.ide.mcu.externaltools.gnu-tools-for-stm32.10.3-2021.10.linux64_1.0.0.202111181127/tools/bin/../lib/gcc/arm-none-eabi/10.3.1/../../../../arm-none-eabi/lib/thumb/v7e-m+dp/hard/libc_nano.a(lib_a-calloc.o) (_calloc_r)
/home/wonjh/st/stm32cubeide_1.6.1/plugins/com.st.stm32cube.ide.mcu.externaltools.gnu-tools-for-stm32.10.3-2021.10.linux64_1.0.0.202111181127/tools/bin/../lib/gcc/arm-none-eabi/10.3.1/../../../../arm-none-eabi/lib/thumb/v7e-m+dp/hard/libc_nano.a(lib_a-nano-freer.o)
                              /home/wonjh/st/stm32cubeide_1.6.1/plugins/com.st.stm32cube.ide.mcu.externaltools.gnu-tools-for-stm32.10.3-2021.10.linux64_1.0.0.202111181127/tools/bin/../lib/gcc/arm-none-eabi/10.3.1/../../../../arm-none-eabi/lib/thumb/v7e-m+dp/hard/libc_nano.a(lib_a-malloc.o) (_free_r)
/home/wonjh/st/stm32cubeide_1.6.1/plugins/com.st.stm32cube.ide.mcu.externaltools.gnu-tools-for-stm32.10.3-2021.10.linux64_1.0.0.202111181127/tools/bin/../lib/gcc/arm-none-eabi/10.3.1/../../../../arm-none-eabi/lib/thumb/v7e-m+dp/hard/libc_nano.a(lib_a-nano-mallocr.o)
                              /home/wonjh/st/stm32cubeide_1.6.1/plugins/com.st.stm32cube.ide.mcu.externaltools.gnu-tools-for-stm32.10.3-2021.10.linux64_1.0.0.202111181127/tools/bin/../lib/gcc/arm-none-eabi/10.3.1/../../../../arm-none-eabi/lib/thumb/v7e-m+dp/hard/libc_nano.a(lib_a-malloc.o) (_malloc_r)
[...]
Memory Configuration

Name             Origin             Length             Attributes
RAM              0x0000000020000000 0x0000000000080000 xrw
FLASH            0x0000000008000000 0x0000000000200000 xr
*default*        0x0000000000000000 0xffffffffffffffff

Linker script and memory map

LOAD /home/wonjh/st/stm32cubeide_1.6.1/plugins/com.st.stm32cube.ide.mcu.externaltools.gnu-tools-for-stm32.10.3-2021.10.linux64_1.0.0.202111181127/tools/bin/../lib/gcc/arm-none-eabi/10.3.1/thumb/v7e-m+dp/hard/crti.o
LOAD /home/wonjh/st/stm32cubeide_1.6.1/plugins/com.st.stm32cube.ide.mcu.externaltools.gnu-tools-for-stm32.10.3-2021.10.linux64_1.0.0.202111181127/tools/bin/../lib/gcc/arm-none-eabi/10.3.1/thumb/v7e-m+dp/hard/crtbegin.o
LOAD /home/wonjh/st/stm32cubeide_1.6.1/plugins/com.st.stm32cube.ide.mcu.externaltools.gnu-tools-for-stm32.10.3-2021.10.linux64_1.0.0.202111181127/tools/bin/../lib/gcc/arm-none-eabi/10.3.1/../../../../arm-none-eabi/lib/thumb/v7e-m+dp/hard/crt0.o
LOAD ./Core/Src/app_main.o
LOAD ./Core/Src/main.o
LOAD ./Core/Src/stm32f7xx_hal_msp.o
LOAD ./Core/Src/stm32f7xx_it.o
LOAD ./Core/Src/syscalls.o
LOAD ./Core/Src/sysmem.o
LOAD ./Core/Src/system_stm32f7xx.o
LOAD ./Core/Startup/startup_stm32f767zitx.o
LOAD ./Core/pif/source/core/pif.o
LOAD ./Core/pif/source/core/pif_comm.o
LOAD ./Core/pif/source/core/pif_list.o
LOAD ./Core/pif/source/core/pif_log.o
LOAD ./Core/pif/source/core/pif_pulse.o
LOAD ./Core/pif/source/core/pif_ring_buffer.o
LOAD ./Core/pif/source/core/pif_task.o
LOAD ./Core/pif/source/core/pif_timer.o
LOAD ./Drivers/STM32F7xx_HAL_Driver/Src/stm32f7xx_hal.o
LOAD ./Drivers/STM32F7xx_HAL_Driver/Src/stm32f7xx_hal_cortex.o
LOAD ./Drivers/STM32F7xx_HAL_Driver/Src/stm32f7xx_hal_dma.o
LOAD ./Drivers/STM32F7xx_HAL_Driver/Src/stm32f7xx_hal_dma_ex.o
LOAD ./Drivers/STM32F7xx_HAL_Driver/Src/stm32f7xx_hal_exti.o
LOAD ./Drivers/STM32F7xx_HAL_Driver/Src/stm32f7xx_hal_flash.o
LOAD ./Drivers/STM32F7xx_HAL_Driver/Src/stm32f7xx_hal_flash_ex.o
LOAD ./Drivers/STM32F7xx_HAL_Driver/Src/stm32f7xx_hal_gpio.o
LOAD ./Drivers/STM32F7xx_HAL_Driver/Src/stm32f7xx_hal_i2c.o
LOAD ./Drivers/STM32F7xx_HAL_Driver/Src/stm32f7xx_hal_i2c_ex.o
LOAD ./Drivers/STM32F7xx_HAL_Driver/Src/stm32f7xx_hal_pcd.o
LOAD ./Drivers/STM32F7xx_HAL_Driver/Src/stm32f7xx_hal_pcd_ex.o
LOAD ./Drivers/STM32F7xx_HAL_Driver/Src/stm32f7xx_hal_pwr.o
LOAD ./Drivers/STM32F7xx_HAL_Driver/Src/stm32f7xx_hal_pwr_ex.o
LOAD ./Drivers/STM32F7xx_HAL_Driver/Src/stm32f7xx_hal_rcc.o
LOAD ./Drivers/STM32F7xx_HAL_Driver/Src/stm32f7xx_hal_rcc_ex.o
LOAD ./Drivers/STM32F7xx_HAL_Driver/Src/stm32f7xx_hal_tim.o
LOAD ./Drivers/STM32F7xx_HAL_Driver/Src/stm32f7xx_hal_tim_ex.o
LOAD ./Drivers/STM32F7xx_HAL_Driver/Src/stm32f7xx_hal_uart.o
LOAD ./Drivers/STM32F7xx_HAL_Driver/Src/stm32f7xx_hal_uart_ex.o
LOAD ./Drivers/STM32F7xx_HAL_Driver/Src/stm32f7xx_ll_usb.o
START GROUP
LOAD /home/wonjh/st/stm32cubeide_1.6.1/plugins/com.st.stm32cube.ide.mcu.externaltools.gnu-tools-for-stm32.10.3-2021.10.linux64_1.0.0.202111181127/tools/bin/../lib/gcc/arm-none-eabi/10.3.1/../../../../arm-none-eabi/lib/thumb/v7e-m+dp/hard/libc_nano.a
LOAD /home/wonjh/st/stm32cubeide_1.6.1/plugins/com.st.stm32cube.ide.mcu.externaltools.gnu-tools-for-stm32.10.3-2021.10.linux64_1.0.0.202111181127/tools/bin/../lib/gcc/arm-none-eabi/10.3.1/../../../../arm-none-eabi/lib/thumb/v7e-m+dp/hard/libm.a
END GROUP
START GROUP
LOAD /home/wonjh/st/stm32cubeide_1.6.1/plugins/com.st.stm32cube.ide.mcu.externaltools.gnu-tools-for-stm32.10.3-2021.10.linux64_1.0.0.202111181127/tools/bin/../lib/gcc/arm-none-eabi/10.3.1/thumb/v7e-m+dp/hard/libgcc.a
LOAD /home/wonjh/st/stm32cubeide_1.6.1/plugins/com.st.stm32cube.ide.mcu.externaltools.gnu-tools-for-stm32.10.3-2021.10.linux64_1.0.0.202111181127/tools/bin/../lib/gcc/arm-none-eabi/10.3.1/../../../../arm-none-eabi/lib/thumb/v7e-m+dp/hard/libc_nano.a
END GROUP
START GROUP
LOAD /home/wonjh/st/stm32cubeide_1.6.1/plugins/com.st.stm32cube.ide.mcu.externaltools.gnu-tools-for-stm32.10.3-2021.10.linux64_1.0.0.202111181127/tools/bin/../lib/gcc/arm-none-eabi/10.3.1/thumb/v7e-m+dp/hard/libgcc.a
LOAD /home/wonjh/st/stm32cubeide_1.6.1/plugins/com.st.stm32cube.ide.mcu.externaltools.gnu-tools-for-stm32.10.3-2021.10.linux64_1.0.0.202111181127/tools/bin/../lib/gcc/arm-none-eabi/10.3.1/../../../../arm-none-eabi/lib/thumb/v7e-m+dp/hard/libc_nano.a
LOAD /home/wonjh/st/stm32cubeide_1.6.1/plugins/com.st.stm32cube.ide.mcu.externaltools.gnu-tools-for-stm32.10.3-2021.10.linux64_1.0.0.202111181127/tools/bin/../lib/gcc/arm-none-eabi/10.3.1/../../../../arm-none-eabi/lib/thumb/v7e-m+dp/hard/libnosys.a
END GROUP
START GROUP
LOAD /home/wonjh/st/stm32cubeide_1.6.1/plugins/com.st.stm32cube.ide.mcu.externaltools.gnu-tools-for-stm32.10.3-2021.10.linux64_1.0.0.202111181127/tools/bin/../lib/gcc/arm-none-eabi/10.3.1/thumb/v7e-m+dp/hard/libgcc.a
LOAD /home/wonjh/st/stm32cubeide_1.6.1/plugins/com.st.stm32cube.ide.mcu.externaltools.gnu-tools-for-stm32.10.3-2021.10.linux64_1.0.0.202111181127/tools/bin/../lib/gcc/arm-none-eabi/10.3.1/../../../../arm-none-eabi/lib/thumb/v7e-m+dp/hard/libc_nano.a
LOAD /home/wonjh/st/stm32cubeide_1.6.1/plugins/com.st.stm32cube.ide.mcu.externaltools.gnu-tools-for-stm32.10.3-2021.10.linux64_1.0.0.202111181127/tools/bin/../lib/gcc/arm-none-eabi/10.3.1/../../../../arm-none-eabi/lib/thumb/v7e-m+dp/hard/libnosys.a
END GROUP
LOAD /home/wonjh/st/stm32cubeide_1.6.1/plugins/com.st.stm32cube.ide.mcu.externaltools.gnu-tools-for-stm32.10.3-2021.10.linux64_1.0.0.202111181127/tools/bin/../lib/gcc/arm-none-eabi/10.3.1/thumb/v7e-m+dp/hard/crtend.o
LOAD /home/wonjh/st/stm32cubeide_1.6.1/plugins/com.st.stm32cube.ide.mcu.externaltools.gnu-tools-for-stm32.10.3-2021.10.linux64_1.0.0.202111181127/tools/bin/../lib/gcc/arm-none-eabi/10.3.1/thumb/v7e-m+dp/hard/crtn.o
                0x0000000020080000                _estack = (ORIGIN (RAM) + LENGTH (RAM))
                0x0000000000000200                _Min_Heap_Size = 0x200
                0x0000000000000400                _Min_Stack_Size = 0x400

.isr_vector     0x0000000008000000      0x1f8
                0x0000000008000000                . = ALIGN (0x4)
 *(.isr_vector)
 .isr_vector    0x0000000008000000      0x1f8 ./Core/Startup/startup_stm32f767zitx.o
                0x0000000008000000                g_pfnVectors
                0x00000000080001f8                . = ALIGN (0x4)

.text           0x00000000080001f8     0x4340
                0x00000000080001f8                . = ALIGN (0x4)
 *(.text)
 .text          0x00000000080001f8       0x40 /home/wonjh/st/stm32cubeide_1.6.1/plugins/com.st.stm32cube.ide.mcu.externaltools.gnu-tools-for-stm32.10.3-2021.10.linux64_1.0.0.202111181127/tools/bin/../lib/gcc/arm-none-eabi/10.3.1/thumb/v7e-m+dp/hard/crtbegin.o
 .text          0x0000000008000238       0x10 /home/wonjh/st/stm32cubeide_1.6.1/plugins/com.st.stm32cube.ide.mcu.externaltools.gnu-tools-for-stm32.10.3-2021.10.linux64_1.0.0.202111181127/tools/bin/../lib/gcc/arm-none-eabi/10.3.1/../../../../arm-none-eabi/lib/thumb/v7e-m+dp/hard/libc_nano.a(lib_a-strlen.o)
                0x0000000008000238                strlen
 .text          0x0000000008000248       0x30 /home/wonjh/st/stm32cubeide_1.6.1/plugins/com.st.stm32cube.ide.mcu.externaltools.gnu-tools-for-stm32.10.3-2021.10.linux64_1.0.0.202111181127/tools/bin/../lib/gcc/arm-none-eabi/10.3.1/thumb/v7e-m+dp/hard/libgcc.a(_aeabi_uldivmod.o)
                0x0000000008000248                __aeabi_uldivmod
 .text          0x0000000008000278      0x2d0 /home/wonjh/st/stm32cubeide_1.6.1/plugins/com.st.stm32cube.ide.mcu.externaltools.gnu-tools-for-stm32.10.3-2021.10.linux64_1.0.0.202111181127/tools/bin/../lib/gcc/arm-none-eabi/10.3.1/thumb/v7e-m+dp/hard/libgcc.a(_udivmoddi4.o)
                0x0000000008000278                __udivmoddi4
 .text          0x0000000008000548        0x4 /home/wonjh/st/stm32cubeide_1.6.1/plugins/com.st.stm32cube.ide.mcu.externaltools.gnu-tools-for-stm32.10.3-2021.10.linux64_1.0.0.202111181127/tools/bin/../lib/gcc/arm-none-eabi/10.3.1/thumb/v7e-m+dp/hard/libgcc.a(_dvmd_tls.o)
                0x0000000008000548                __aeabi_ldiv0
                0x0000000008000548                __aeabi_idiv0
 *(.text*)
 .text._taskPulse
                0x000000000800054c       0x5c ./Core/Src/app_main.o
 .text._taskLedToggle
                0x00000000080005a8       0x1c ./Core/Src/app_main.o
 .text.appSetup
                0x00000000080005c4       0xcc ./Core/Src/app_main.o
                0x00000000080005c4                appSetup
 .text.micros   0x0000000008000690        0xc ./Core/Src/main.o
                0x0000000008000690                micros
 .text.actLogStartTransfer
                0x000000000800069c       0x30 ./Core/Src/main.o
                0x000000000800069c                actLogStartTransfer
 .text.HAL_UART_TxCpltCallback
                0x00000000080006cc       0x54 ./Core/Src/main.o
                0x00000000080006cc                HAL_UART_TxCpltCallback
 .text.actLedL  0x0000000008000720       0x10 ./Core/Src/main.o
                0x0000000008000720                actLedL
 .text.HAL_GPIO_EXTI_Callback
                0x0000000008000730       0x2c ./Core/Src/main.o
                0x0000000008000730                HAL_GPIO_EXTI_Callback
 .text.SystemClock_Config
                0x000000000800075c       0xac ./Core/Src/main.o
                0x000000000800075c                SystemClock_Config
 .text.startup.main
                0x0000000008000808      0x24c ./Core/Src/main.o
                0x0000000008000808                main
 .text.Error_Handler
                0x0000000008000a54        0x4 ./Core/Src/main.o
                0x0000000008000a54                Error_Handler
 .text.HAL_MspInit
                0x0000000008000a58       0x30 ./Core/Src/stm32f7xx_hal_msp.o
                0x0000000008000a58                HAL_MspInit
 .text.HAL_TIM_Base_MspInit
                0x0000000008000a88       0x3c ./Core/Src/stm32f7xx_hal_msp.o
                0x0000000008000a88                HAL_TIM_Base_MspInit
 .text.HAL_UART_MspInit
                0x0000000008000ac4       0x98 ./Core/Src/stm32f7xx_hal_msp.o
                0x0000000008000ac4                HAL_UART_MspInit
 .text.HAL_PCD_MspInit
                0x0000000008000b5c       0xa8 ./Core/Src/stm32f7xx_hal_msp.o
                0x0000000008000b5c                HAL_PCD_MspInit
 .text.NMI_Handler
                0x0000000008000c04        0x2 ./Core/Src/stm32f7xx_it.o
                0x0000000008000c04                NMI_Handler
 .text.HardFault_Handler
                0x0000000008000c06        0x2 ./Core/Src/stm32f7xx_it.o
                0x0000000008000c06                HardFault_Handler
 .text.MemManage_Handler
                0x0000000008000c08        0x2 ./Core/Src/stm32f7xx_it.o
                0x0000000008000c08                MemManage_Handler
 .text.BusFault_Handler
                0x0000000008000c0a        0x2 ./Core/Src/stm32f7xx_it.o
                0x0000000008000c0a                BusFault_Handler
 .text.UsageFault_Handler
                0x0000000008000c0c        0x2 ./Core/Src/stm32f7xx_it.o
                0x0000000008000c0c                UsageFault_Handler
 .text.SVC_Handler
                0x0000000008000c0e        0x2 ./Core/Src/stm32f7xx_it.o
                0x0000000008000c0e                SVC_Handler
 .text.DebugMon_Handler
                0x0000000008000c10        0x2 ./Core/Src/stm32f7xx_it.o
                0x0000000008000c10                DebugMon_Handler
 .text.PendSV_Handler
                0x0000000008000c12        0x2 ./Core/Src/stm32f7xx_it.o
                0x0000000008000c12                PendSV_Handler
 .text.SysTick_Handler
                0x0000000008000c14       0x18 ./Core/Src/stm32f7xx_it.o
                0x0000000008000c14                SysTick_Handler
 .text.EXTI0_IRQHandler
                0x0000000008000c2c        0x6 ./Core/Src/stm32f7xx_it.o
                0x0000000008000c2c                EXTI0_IRQHandler
 *fill*         0x0000000008000c32        0x2 
 .text.TIM2_IRQHandler
                0x0000000008000c34        0xc ./Core/Src/stm32f7xx_it.o
                0x0000000008000c34                TIM2_IRQHandler
 .text.USART3_IRQHandler
                0x0000000008000c40        0xc ./Core/Src/stm32f7xx_it.o
                0x0000000008000c40                USART3_IRQHandler
 .text._sbrk    0x0000000008000c4c       0x40 ./Core/Src/sysmem.o
                0x0000000008000c4c                _sbrk
 .text.SystemInit
                0x0000000008000c8c       0x14 ./Core/Src/system_stm32f7xx.o
                0x0000000008000c8c                SystemInit
 .text.Reset_Handler
                0x0000000008000ca0       0x50 ./Core/Startup/startup_stm32f767zitx.o
                0x0000000008000ca0                Reset_Handler
 .text.Default_Handler
                0x0000000008000cf0        0x2 ./Core/Startup/startup_stm32f767zitx.o
                0x0000000008000cf0                RTC_Alarm_IRQHandler
                0x0000000008000cf0                EXTI2_IRQHandler
                0x0000000008000cf0                TIM8_CC_IRQHandler
                0x0000000008000cf0                UART8_IRQHandler
                0x0000000008000cf0                SPI4_IRQHandler
                0x0000000008000cf0                TIM1_CC_IRQHandler
                0x0000000008000cf0                DMA2_Stream5_IRQHandler
                0x0000000008000cf0                JPEG_IRQHandler
                0x0000000008000cf0                DMA1_Stream5_IRQHandler
                0x0000000008000cf0                CAN3_RX1_IRQHandler
                0x0000000008000cf0                PVD_IRQHandler
                0x0000000008000cf0                TAMP_STAMP_IRQHandler
                0x0000000008000cf0                CAN2_RX1_IRQHandler
                0x0000000008000cf0                EXTI3_IRQHandler
                0x0000000008000cf0                TIM8_TRG_COM_TIM14_IRQHandler
                0x0000000008000cf0                DFSDM1_FLT1_IRQHandler
                0x0000000008000cf0                TIM1_UP_TIM10_IRQHandler
                0x0000000008000cf0                TIM8_UP_TIM13_IRQHandler
                0x0000000008000cf0                I2C3_ER_IRQHandler
                0x0000000008000cf0                DFSDM1_FLT2_IRQHandler
                0x0000000008000cf0                I2C2_EV_IRQHandler
                0x0000000008000cf0                DMA1_Stream2_IRQHandler
                0x0000000008000cf0                CAN1_RX0_IRQHandler
                0x0000000008000cf0                FPU_IRQHandler
                0x0000000008000cf0                OTG_HS_WKUP_IRQHandler
                0x0000000008000cf0                CAN3_SCE_IRQHandler
                0x0000000008000cf0                LTDC_ER_IRQHandler
                0x0000000008000cf0                CAN2_SCE_IRQHandler
                0x0000000008000cf0                DMA2_Stream2_IRQHandler
                0x0000000008000cf0                SPI1_IRQHandler
                0x0000000008000cf0                TIM6_DAC_IRQHandler
                0x0000000008000cf0                TIM1_BRK_TIM9_IRQHandler
                0x0000000008000cf0                DCMI_IRQHandler
                0x0000000008000cf0                CAN2_RX0_IRQHandler
                0x0000000008000cf0                DMA2_Stream3_IRQHandler
                0x0000000008000cf0                SAI2_IRQHandler
                0x0000000008000cf0                DFSDM1_FLT3_IRQHandler
                0x0000000008000cf0                USART6_IRQHandler
                0x0000000008000cf0                CAN3_RX0_IRQHandler
                0x0000000008000cf0                CAN1_RX1_IRQHandler
                0x0000000008000cf0                UART5_IRQHandler
                0x0000000008000cf0                DMA2_Stream0_IRQHandler
                0x0000000008000cf0                TIM4_IRQHandler
                0x0000000008000cf0                QUADSPI_IRQHandler
                0x0000000008000cf0                I2C1_EV_IRQHandler
                0x0000000008000cf0                DMA1_Stream6_IRQHandler
                0x0000000008000cf0                DMA1_Stream1_IRQHandler
                0x0000000008000cf0                UART4_IRQHandler
                0x0000000008000cf0                TIM3_IRQHandler
                0x0000000008000cf0                RCC_IRQHandler
                0x0000000008000cf0                TIM8_BRK_TIM12_IRQHandler
                0x0000000008000cf0                Default_Handler
                0x0000000008000cf0                CEC_IRQHandler
                0x0000000008000cf0                EXTI15_10_IRQHandler
                0x0000000008000cf0                ADC_IRQHandler
                0x0000000008000cf0                DMA1_Stream7_IRQHandler
                0x0000000008000cf0                SPI5_IRQHandler
                0x0000000008000cf0                TIM7_IRQHandler
                0x0000000008000cf0                SDMMC1_IRQHandler
                0x0000000008000cf0                CAN2_TX_IRQHandler
                0x0000000008000cf0                TIM5_IRQHandler
                0x0000000008000cf0                DMA2_Stream7_IRQHandler
                0x0000000008000cf0                I2C3_EV_IRQHandler
                0x0000000008000cf0                EXTI9_5_IRQHandler
                0x0000000008000cf0                RTC_WKUP_IRQHandler
                0x0000000008000cf0                LTDC_IRQHandler
                0x0000000008000cf0                ETH_WKUP_IRQHandler
                0x0000000008000cf0                SPDIF_RX_IRQHandler
                0x0000000008000cf0                SPI2_IRQHandler
                0x0000000008000cf0                OTG_HS_EP1_IN_IRQHandler
                0x0000000008000cf0                DMA1_Stream0_IRQHandler
                0x0000000008000cf0                CAN1_TX_IRQHandler
                0x0000000008000cf0                EXTI4_IRQHandler
                0x0000000008000cf0                RNG_IRQHandler
                0x0000000008000cf0                ETH_IRQHandler
                0x0000000008000cf0                OTG_HS_EP1_OUT_IRQHandler
                0x0000000008000cf0                WWDG_IRQHandler
                0x0000000008000cf0                SPI6_IRQHandler
                0x0000000008000cf0                MDIOS_IRQHandler
                0x0000000008000cf0                I2C4_EV_IRQHandler
                0x0000000008000cf0                CAN3_TX_IRQHandler
                0x0000000008000cf0                OTG_FS_WKUP_IRQHandler
                0x0000000008000cf0                TIM1_TRG_COM_TIM11_IRQHandler
                0x0000000008000cf0                OTG_HS_IRQHandler
                0x0000000008000cf0                DMA2D_IRQHandler
                0x0000000008000cf0                EXTI1_IRQHandler
                0x0000000008000cf0                SDMMC2_IRQHandler
                0x0000000008000cf0                UART7_IRQHandler
                0x0000000008000cf0                USART2_IRQHandler
                0x0000000008000cf0                DFSDM1_FLT0_IRQHandler
                0x0000000008000cf0                I2C2_ER_IRQHandler
                0x0000000008000cf0                DMA2_Stream1_IRQHandler
                0x0000000008000cf0                CAN1_SCE_IRQHandler
                0x0000000008000cf0                FLASH_IRQHandler
                0x0000000008000cf0                DMA2_Stream4_IRQHandler
                0x0000000008000cf0                USART1_IRQHandler
                0x0000000008000cf0                OTG_FS_IRQHandler
                0x0000000008000cf0                SPI3_IRQHandler
                0x0000000008000cf0                DMA1_Stream4_IRQHandler
                0x0000000008000cf0                I2C1_ER_IRQHandler
                0x0000000008000cf0                FMC_IRQHandler
                0x0000000008000cf0                LPTIM1_IRQHandler
                0x0000000008000cf0                I2C4_ER_IRQHandler
                0x0000000008000cf0                DMA2_Stream6_IRQHandler
                0x0000000008000cf0                SAI1_IRQHandler
                0x0000000008000cf0                DMA1_Stream3_IRQHandler
 *fill*         0x0000000008000cf2        0x2 
 .text.pif_Init
                0x0000000008000cf4       0x18 ./Core/pif/source/core/pif.o
                0x0000000008000cf4                pif_Init
 .text.pif_sigTimer1ms
                0x0000000008000d0c       0xdc ./Core/pif/source/core/pif.o
                0x0000000008000d0c                pif_sigTimer1ms
 .text.pif_BinToString
                0x0000000008000de8       0x48 ./Core/pif/source/core/pif.o
                0x0000000008000de8                pif_BinToString
 .text.pif_DecToString
                0x0000000008000e30       0x9c ./Core/pif/source/core/pif.o
                0x0000000008000e30                pif_DecToString
 .text.pif_HexToString
                0x0000000008000ecc       0x64 ./Core/pif/source/core/pif.o
                0x0000000008000ecc                pif_HexToString
 .text.pif_FloatToString
                0x0000000008000f30       0x7e ./Core/pif/source/core/pif.o
                0x0000000008000f30                pif_FloatToString
 *fill*         0x0000000008000fae        0x2 
 .text.pif_PrintFormat
                0x0000000008000fb0      0x190 ./Core/pif/source/core/pif.o
                0x0000000008000fb0                pif_PrintFormat
 .text._actSendData
                0x0000000008001140       0x32 ./Core/pif/source/core/pif_comm.o
 .text._actReceiveData
                0x0000000008001172        0x6 ./Core/pif/source/core/pif_comm.o
 .text._sendData
                0x0000000008001178       0x40 ./Core/pif/source/core/pif_comm.o
 .text._doTask  0x00000000080011b8       0x2c ./Core/pif/source/core/pif_comm.o
 .text.pifComm_Init
                0x00000000080011e4       0x30 ./Core/pif/source/core/pif_comm.o
                0x00000000080011e4                pifComm_Init
 .text.pifComm_AllocTxBuffer
                0x0000000008001214       0x30 ./Core/pif/source/core/pif_comm.o
                0x0000000008001214                pifComm_AllocTxBuffer
 .text.pifComm_AttachClient
                0x0000000008001244        0x8 ./Core/pif/source/core/pif_comm.o
                0x0000000008001244                pifComm_AttachClient
 .text.pifComm_StartSendDatas
                0x000000000800124c       0x3a ./Core/pif/source/core/pif_comm.o
                0x000000000800124c                pifComm_StartSendDatas
 .text.pifComm_EndSendDatas
                0x0000000008001286       0x18 ./Core/pif/source/core/pif_comm.o
                0x0000000008001286                pifComm_EndSendDatas
 .text.pifComm_FinishTransfer
                0x000000000800129e        0xe ./Core/pif/source/core/pif_comm.o
                0x000000000800129e                pifComm_FinishTransfer
 .text.pifComm_AttachTask
                0x00000000080012ac       0x1c ./Core/pif/source/core/pif_comm.o
                0x00000000080012ac                pifComm_AttachTask
 .text.pifFixList_Clear
                0x00000000080012c8       0x2e ./Core/pif/source/core/pif_list.o
                0x00000000080012c8                pifFixList_Clear
 *fill*         0x00000000080012f6        0x2 
 .text.pifFixList_Init
                0x00000000080012f8       0x7c ./Core/pif/source/core/pif_list.o
                0x00000000080012f8                pifFixList_Init
 .text.pifFixList_AddFirst
                0x0000000008001374       0x2c ./Core/pif/source/core/pif_list.o
                0x0000000008001374                pifFixList_AddFirst
 .text.pifFixList_Remove
                0x00000000080013a0       0x30 ./Core/pif/source/core/pif_list.o
                0x00000000080013a0                pifFixList_Remove
 .text.pifFixList_Count
                0x00000000080013d0        0x4 ./Core/pif/source/core/pif_list.o
                0x00000000080013d0                pifFixList_Count
 .text.pifFixList_Begin
                0x00000000080013d4        0x4 ./Core/pif/source/core/pif_list.o
                0x00000000080013d4                pifFixList_Begin
 .text.pifFixList_Next
                0x00000000080013d8        0x6 ./Core/pif/source/core/pif_list.o
                0x00000000080013d8                pifFixList_Next
 .text._evtParsing
                0x00000000080013de        0x2 ./Core/pif/source/core/pif_log.o
 .text._printLog
                0x00000000080013e0       0x34 ./Core/pif/source/core/pif_log.o
 .text._printTime
                0x0000000008001414       0x74 ./Core/pif/source/core/pif_log.o
 .text._evtSending
                0x0000000008001488       0x3e ./Core/pif/source/core/pif_log.o
 *fill*         0x00000000080014c6        0x2 
 .text.pifLog_Init
                0x00000000080014c8       0x1c ./Core/pif/source/core/pif_log.o
                0x00000000080014c8                pifLog_Init
 .text.pifLog_Printf
                0x00000000080014e4       0xac ./Core/pif/source/core/pif_log.o
                0x00000000080014e4                pifLog_Printf
 .text.pifLog_AttachComm
                0x0000000008001590       0x30 ./Core/pif/source/core/pif_log.o
                0x0000000008001590                pifLog_AttachComm
 .text.pifPulse_Init
                0x00000000080015c0       0x30 ./Core/pif/source/core/pif_pulse.o
                0x00000000080015c0                pifPulse_Init
 .text.pifPulse_SetMeasureMode
                0x00000000080015f0       0x24 ./Core/pif/source/core/pif_pulse.o
                0x00000000080015f0                pifPulse_SetMeasureMode
 .text.pifPulse_GetPeriod
                0x0000000008001614       0x42 ./Core/pif/source/core/pif_pulse.o
                0x0000000008001614                pifPulse_GetPeriod
 .text.pifPulse_GetLowWidth
                0x0000000008001656       0x42 ./Core/pif/source/core/pif_pulse.o
                0x0000000008001656                pifPulse_GetLowWidth
 .text.pifPulse_GetHighWidth
                0x0000000008001698       0x38 ./Core/pif/source/core/pif_pulse.o
                0x0000000008001698                pifPulse_GetHighWidth
 .text.pifPulse_sigEdge
                0x00000000080016d0       0x50 ./Core/pif/source/core/pif_pulse.o
                0x00000000080016d0                pifPulse_sigEdge
 .text.pifRingBuffer_Clear
                0x0000000008001720       0x18 ./Core/pif/source/core/pif_ring_buffer.o
                0x0000000008001720                pifRingBuffer_Clear
 .text.pifRingBuffer_Destroy.part.0
                0x0000000008001738       0x16 ./Core/pif/source/core/pif_ring_buffer.o
 *fill*         0x000000000800174e        0x2 
 .text.pifRingBuffer_InitHeap
                0x0000000008001750       0x54 ./Core/pif/source/core/pif_ring_buffer.o
                0x0000000008001750                pifRingBuffer_InitHeap
 .text.pifRingBuffer_CreateHeap
                0x00000000080017a4       0x3c ./Core/pif/source/core/pif_ring_buffer.o
                0x00000000080017a4                pifRingBuffer_CreateHeap
 .text.pifRingBuffer_SetName
                0x00000000080017e0        0x4 ./Core/pif/source/core/pif_ring_buffer.o
                0x00000000080017e0                pifRingBuffer_SetName
 .text.pifRingBuffer_GetTailPointer
                0x00000000080017e4       0x14 ./Core/pif/source/core/pif_ring_buffer.o
                0x00000000080017e4                pifRingBuffer_GetTailPointer
 .text.pifRingBuffer_IsBuffer
                0x00000000080017f8        0xa ./Core/pif/source/core/pif_ring_buffer.o
                0x00000000080017f8                pifRingBuffer_IsBuffer
 .text.pifRingBuffer_IsEmpty
                0x0000000008001802        0xc ./Core/pif/source/core/pif_ring_buffer.o
                0x0000000008001802                pifRingBuffer_IsEmpty
 .text.pifRingBuffer_GetFillSize
                0x000000000800180e       0x14 ./Core/pif/source/core/pif_ring_buffer.o
                0x000000000800180e                pifRingBuffer_GetFillSize
 .text._chopOff
                0x0000000008001822       0x78 ./Core/pif/source/core/pif_ring_buffer.o
 .text.pifRingBuffer_GetLinerSize
                0x000000000800189a       0x20 ./Core/pif/source/core/pif_ring_buffer.o
                0x000000000800189a                pifRingBuffer_GetLinerSize
 .text.pifRingBuffer_GetRemainSize
                0x00000000080018ba       0x16 ./Core/pif/source/core/pif_ring_buffer.o
                0x00000000080018ba                pifRingBuffer_GetRemainSize
 .text.pifRingBuffer_PutData
                0x00000000080018d0       0x54 ./Core/pif/source/core/pif_ring_buffer.o
                0x00000000080018d0                pifRingBuffer_PutData
 .text.pifRingBuffer_PutString
                0x0000000008001924       0x60 ./Core/pif/source/core/pif_ring_buffer.o
                0x0000000008001924                pifRingBuffer_PutString
 .text.pifRingBuffer_GetByte
                0x0000000008001984       0x28 ./Core/pif/source/core/pif_ring_buffer.o
                0x0000000008001984                pifRingBuffer_GetByte
 .text.pifRingBuffer_Remove
                0x00000000080019ac       0x24 ./Core/pif/source/core/pif_ring_buffer.o
                0x00000000080019ac                pifRingBuffer_Remove
 .text._resetTable
                0x00000000080019d0       0x2c ./Core/pif/source/core/pif_task.o
 .text._processingPeriodUs
                0x00000000080019fc       0x2c ./Core/pif/source/core/pif_task.o
 .text._processingPeriodMs
                0x0000000008001a28       0x28 ./Core/pif/source/core/pif_task.o
 .text._processingChangeUs
                0x0000000008001a50       0x30 ./Core/pif/source/core/pif_task.o
 .text._processingChangeMs
                0x0000000008001a80       0x2c ./Core/pif/source/core/pif_task.o
 .text._checkParam
                0x0000000008001aac       0x54 ./Core/pif/source/core/pif_task.o
 .text._setParam
                0x0000000008001b00      0x10c ./Core/pif/source/core/pif_task.o
 .text._processingRatio
                0x0000000008001c0c       0x48 ./Core/pif/source/core/pif_task.o
 .text._checkLoopTime.constprop.0
                0x0000000008001c54       0x40 ./Core/pif/source/core/pif_task.o
 .text._processingAlways
                0x0000000008001c94       0x2c ./Core/pif/source/core/pif_task.o
 .text.pifTaskManager_Init
                0x0000000008001cc0       0x34 ./Core/pif/source/core/pif_task.o
                0x0000000008001cc0                pifTaskManager_Init
 .text.pifTaskManager_Add
                0x0000000008001cf4       0x64 ./Core/pif/source/core/pif_task.o
                0x0000000008001cf4                pifTaskManager_Add
 .text.pifTaskManager_Remove
                0x0000000008001d58       0x20 ./Core/pif/source/core/pif_task.o
                0x0000000008001d58                pifTaskManager_Remove
 .text.pifTaskManager_Count
                0x0000000008001d78        0xc ./Core/pif/source/core/pif_task.o
                0x0000000008001d78                pifTaskManager_Count
 .text.pifTaskManager_Loop
                0x0000000008001d84       0x74 ./Core/pif/source/core/pif_task.o
                0x0000000008001d84                pifTaskManager_Loop
 .text.pifTaskManager_Yield
                0x0000000008001df8       0x84 ./Core/pif/source/core/pif_task.o
                0x0000000008001df8                pifTaskManager_Yield
 .text._doTask  0x0000000008001e7c       0x30 ./Core/pif/source/core/pif_timer.o
 .text.pifTimerManager_Clear
                0x0000000008001eac       0x1e ./Core/pif/source/core/pif_timer.o
                0x0000000008001eac                pifTimerManager_Clear
 *fill*         0x0000000008001eca        0x2 
 .text.pifTimerManager_Init
                0x0000000008001ecc       0x6c ./Core/pif/source/core/pif_timer.o
                0x0000000008001ecc                pifTimerManager_Init
 .text.pifTimerManager_Count
                0x0000000008001f38        0x6 ./Core/pif/source/core/pif_timer.o
                0x0000000008001f38                pifTimerManager_Count
 .text.pifTimerManager_sigTick
                0x0000000008001f3e       0xa6 ./Core/pif/source/core/pif_timer.o
                0x0000000008001f3e                pifTimerManager_sigTick
 .text.HAL_InitTick
                0x0000000008001fe4       0x48 ./Drivers/STM32F7xx_HAL_Driver/Src/stm32f7xx_hal.o
                0x0000000008001fe4                HAL_InitTick
 .text.HAL_Init
                0x000000000800202c       0x16 ./Drivers/STM32F7xx_HAL_Driver/Src/stm32f7xx_hal.o
                0x000000000800202c                HAL_Init
 *fill*         0x0000000008002042        0x2 
 .text.HAL_IncTick
                0x0000000008002044       0x18 ./Drivers/STM32F7xx_HAL_Driver/Src/stm32f7xx_hal.o
                0x0000000008002044                HAL_IncTick
 .text.HAL_GetTick
                0x000000000800205c        0xc ./Drivers/STM32F7xx_HAL_Driver/Src/stm32f7xx_hal.o
                0x000000000800205c                HAL_GetTick
 .text.HAL_Delay
                0x0000000008002068       0x24 ./Drivers/STM32F7xx_HAL_Driver/Src/stm32f7xx_hal.o
                0x0000000008002068                HAL_Delay
 .text.HAL_NVIC_SetPriorityGrouping
                0x000000000800208c       0x24 ./Drivers/STM32F7xx_HAL_Driver/Src/stm32f7xx_hal_cortex.o
                0x000000000800208c                HAL_NVIC_SetPriorityGrouping
 .text.HAL_NVIC_SetPriority
                0x00000000080020b0       0x64 ./Drivers/STM32F7xx_HAL_Driver/Src/stm32f7xx_hal_cortex.o
                0x00000000080020b0                HAL_NVIC_SetPriority
 .text.HAL_NVIC_EnableIRQ
                0x0000000008002114       0x1c ./Drivers/STM32F7xx_HAL_Driver/Src/stm32f7xx_hal_cortex.o
                0x0000000008002114                HAL_NVIC_EnableIRQ
 .text.HAL_SYSTICK_Config
                0x0000000008002130       0x28 ./Drivers/STM32F7xx_HAL_Driver/Src/stm32f7xx_hal_cortex.o
                0x0000000008002130                HAL_SYSTICK_Config
 .text.HAL_DMA_Abort
                0x0000000008002158       0x88 ./Drivers/STM32F7xx_HAL_Driver/Src/stm32f7xx_hal_dma.o
                0x0000000008002158                HAL_DMA_Abort
 .text.HAL_DMA_Abort_IT
                0x00000000080021e0       0x24 ./Drivers/STM32F7xx_HAL_Driver/Src/stm32f7xx_hal_dma.o
                0x00000000080021e0                HAL_DMA_Abort_IT
 .text.HAL_GPIO_Init
                0x0000000008002204      0x1c8 ./Drivers/STM32F7xx_HAL_Driver/Src/stm32f7xx_hal_gpio.o
                0x0000000008002204                HAL_GPIO_Init
 .text.HAL_GPIO_ReadPin
                0x00000000080023cc        0xc ./Drivers/STM32F7xx_HAL_Driver/Src/stm32f7xx_hal_gpio.o
                0x00000000080023cc                HAL_GPIO_ReadPin
 .text.HAL_GPIO_WritePin
                0x00000000080023d8        0xa ./Drivers/STM32F7xx_HAL_Driver/Src/stm32f7xx_hal_gpio.o
                0x00000000080023d8                HAL_GPIO_WritePin
 *fill*         0x00000000080023e2        0x2 
 .text.HAL_GPIO_EXTI_IRQHandler
                0x00000000080023e4       0x18 ./Drivers/STM32F7xx_HAL_Driver/Src/stm32f7xx_hal_gpio.o
                0x00000000080023e4                HAL_GPIO_EXTI_IRQHandler
 .text.HAL_PCD_Init
                0x00000000080023fc      0x112 ./Drivers/STM32F7xx_HAL_Driver/Src/stm32f7xx_hal_pcd.o
                0x00000000080023fc                HAL_PCD_Init
 .text.HAL_PCDEx_ActivateLPM
                0x000000000800250e       0x26 ./Drivers/STM32F7xx_HAL_Driver/Src/stm32f7xx_hal_pcd_ex.o
                0x000000000800250e                HAL_PCDEx_ActivateLPM
 .text.HAL_PWR_EnableBkUpAccess
                0x0000000008002534       0x10 ./Drivers/STM32F7xx_HAL_Driver/Src/stm32f7xx_hal_pwr.o
                0x0000000008002534                HAL_PWR_EnableBkUpAccess
 .text.HAL_PWREx_EnableOverDrive
                0x0000000008002544       0x70 ./Drivers/STM32F7xx_HAL_Driver/Src/stm32f7xx_hal_pwr_ex.o
                0x0000000008002544                HAL_PWREx_EnableOverDrive
 .text.HAL_RCC_OscConfig
                0x00000000080025b4      0x38c ./Drivers/STM32F7xx_HAL_Driver/Src/stm32f7xx_hal_rcc.o
                0x00000000080025b4                HAL_RCC_OscConfig
 .text.HAL_RCC_GetSysClockFreq
                0x0000000008002940       0x5c ./Drivers/STM32F7xx_HAL_Driver/Src/stm32f7xx_hal_rcc.o
                0x0000000008002940                HAL_RCC_GetSysClockFreq
 .text.HAL_RCC_ClockConfig
                0x000000000800299c      0x140 ./Drivers/STM32F7xx_HAL_Driver/Src/stm32f7xx_hal_rcc.o
                0x000000000800299c                HAL_RCC_ClockConfig
 .text.HAL_RCC_GetPCLK1Freq
                0x0000000008002adc       0x20 ./Drivers/STM32F7xx_HAL_Driver/Src/stm32f7xx_hal_rcc.o
                0x0000000008002adc                HAL_RCC_GetPCLK1Freq
 .text.HAL_RCC_GetPCLK2Freq
                0x0000000008002afc       0x20 ./Drivers/STM32F7xx_HAL_Driver/Src/stm32f7xx_hal_rcc.o
                0x0000000008002afc                HAL_RCC_GetPCLK2Freq
 .text.HAL_RCCEx_PeriphCLKConfig
                0x0000000008002b1c      0x558 ./Drivers/STM32F7xx_HAL_Driver/Src/stm32f7xx_hal_rcc_ex.o
                0x0000000008002b1c                HAL_RCCEx_PeriphCLKConfig
 .text.HAL_TIM_PeriodElapsedCallback
                0x0000000008003074        0x2 ./Drivers/STM32F7xx_HAL_Driver/Src/stm32f7xx_hal_tim.o
                0x0000000008003074                HAL_TIM_PeriodElapsedCallback
 .text.HAL_TIM_OC_DelayElapsedCallback
                0x0000000008003076        0x2 ./Drivers/STM32F7xx_HAL_Driver/Src/stm32f7xx_hal_tim.o
                0x0000000008003076                HAL_TIM_OC_DelayElapsedCallback
 .text.HAL_TIM_IC_CaptureCallback
                0x0000000008003078        0x2 ./Drivers/STM32F7xx_HAL_Driver/Src/stm32f7xx_hal_tim.o
                0x0000000008003078                HAL_TIM_IC_CaptureCallback
 .text.HAL_TIM_PWM_PulseFinishedCallback
                0x000000000800307a        0x2 ./Drivers/STM32F7xx_HAL_Driver/Src/stm32f7xx_hal_tim.o
                0x000000000800307a                HAL_TIM_PWM_PulseFinishedCallback
 .text.HAL_TIM_TriggerCallback
                0x000000000800307c        0x2 ./Drivers/STM32F7xx_HAL_Driver/Src/stm32f7xx_hal_tim.o
                0x000000000800307c                HAL_TIM_TriggerCallback
 .text.HAL_TIM_IRQHandler
                0x000000000800307e      0x160 ./Drivers/STM32F7xx_HAL_Driver/Src/stm32f7xx_hal_tim.o
                0x000000000800307e                HAL_TIM_IRQHandler
 *fill*         0x00000000080031de        0x2 
 .text.TIM_Base_SetConfig
                0x00000000080031e0       0xcc ./Drivers/STM32F7xx_HAL_Driver/Src/stm32f7xx_hal_tim.o
                0x00000000080031e0                TIM_Base_SetConfig
 .text.HAL_TIM_Base_Init
                0x00000000080032ac       0x60 ./Drivers/STM32F7xx_HAL_Driver/Src/stm32f7xx_hal_tim.o
                0x00000000080032ac                HAL_TIM_Base_Init
 .text.TIM_ETR_SetConfig
                0x000000000800330c       0x14 ./Drivers/STM32F7xx_HAL_Driver/Src/stm32f7xx_hal_tim.o
                0x000000000800330c                TIM_ETR_SetConfig
 .text.HAL_TIM_ConfigClockSource
                0x0000000008003320      0x138 ./Drivers/STM32F7xx_HAL_Driver/Src/stm32f7xx_hal_tim.o
                0x0000000008003320                HAL_TIM_ConfigClockSource
 .text.TIM_CCxChannelCmd
                0x0000000008003458       0x1c ./Drivers/STM32F7xx_HAL_Driver/Src/stm32f7xx_hal_tim.o
                0x0000000008003458                TIM_CCxChannelCmd
 .text.HAL_TIM_IC_Start_IT
                0x0000000008003474      0x13c ./Drivers/STM32F7xx_HAL_Driver/Src/stm32f7xx_hal_tim.o
                0x0000000008003474                HAL_TIM_IC_Start_IT
 .text.HAL_TIMEx_MasterConfigSynchronization
                0x00000000080035b0       0x94 ./Drivers/STM32F7xx_HAL_Driver/Src/stm32f7xx_hal_tim_ex.o
                0x00000000080035b0                HAL_TIMEx_MasterConfigSynchronization
 .text.HAL_TIMEx_CommutCallback
                0x0000000008003644        0x2 ./Drivers/STM32F7xx_HAL_Driver/Src/stm32f7xx_hal_tim_ex.o
                0x0000000008003644                HAL_TIMEx_CommutCallback
 .text.HAL_TIMEx_BreakCallback
                0x0000000008003646        0x2 ./Drivers/STM32F7xx_HAL_Driver/Src/stm32f7xx_hal_tim_ex.o
                0x0000000008003646                HAL_TIMEx_BreakCallback
 .text.HAL_TIMEx_Break2Callback
                0x0000000008003648        0x2 ./Drivers/STM32F7xx_HAL_Driver/Src/stm32f7xx_hal_tim_ex.o
                0x0000000008003648                HAL_TIMEx_Break2Callback
 .text.UART_EndRxTransfer
                0x000000000800364a       0x4e ./Drivers/STM32F7xx_HAL_Driver/Src/stm32f7xx_hal_uart.o
 .text.UART_TxISR_8BIT.part.0
                0x0000000008003698       0x26 ./Drivers/STM32F7xx_HAL_Driver/Src/stm32f7xx_hal_uart.o
 .text.UART_TxISR_8BIT
                0x00000000080036be       0x2e ./Drivers/STM32F7xx_HAL_Driver/Src/stm32f7xx_hal_uart.o
 .text.UART_TxISR_16BIT
                0x00000000080036ec       0x32 ./Drivers/STM32F7xx_HAL_Driver/Src/stm32f7xx_hal_uart.o
 *fill*         0x000000000800371e        0x2 
 .text.HAL_UART_Transmit_IT
                0x0000000008003720       0x6c ./Drivers/STM32F7xx_HAL_Driver/Src/stm32f7xx_hal_uart.o
                0x0000000008003720                HAL_UART_Transmit_IT
 .text.HAL_UART_ErrorCallback
                0x000000000800378c        0x2 ./Drivers/STM32F7xx_HAL_Driver/Src/stm32f7xx_hal_uart.o
                0x000000000800378c                HAL_UART_ErrorCallback
 .text.UART_DMAAbortOnError
                0x000000000800378e       0x14 ./Drivers/STM32F7xx_HAL_Driver/Src/stm32f7xx_hal_uart.o
 .text.HAL_UARTEx_RxEventCallback
                0x00000000080037a2        0x2 ./Drivers/STM32F7xx_HAL_Driver/Src/stm32f7xx_hal_uart.o
                0x00000000080037a2                HAL_UARTEx_RxEventCallback
 .text.HAL_UARTEx_WakeupCallback
                0x00000000080037a4        0x2 ./Drivers/STM32F7xx_HAL_Driver/Src/stm32f7xx_hal_uart.o
                0x00000000080037a4                HAL_UARTEx_WakeupCallback
 *fill*         0x00000000080037a6        0x2 
 .text.HAL_UART_IRQHandler
                0x00000000080037a8      0x28c ./Drivers/STM32F7xx_HAL_Driver/Src/stm32f7xx_hal_uart.o
                0x00000000080037a8                HAL_UART_IRQHandler
 .text.UART_SetConfig
                0x0000000008003a34      0x284 ./Drivers/STM32F7xx_HAL_Driver/Src/stm32f7xx_hal_uart.o
                0x0000000008003a34                UART_SetConfig
 .text.UART_AdvFeatureConfig
                0x0000000008003cb8       0xaa ./Drivers/STM32F7xx_HAL_Driver/Src/stm32f7xx_hal_uart.o
                0x0000000008003cb8                UART_AdvFeatureConfig
 .text.UART_WaitOnFlagUntilTimeout
                0x0000000008003d62       0xbc ./Drivers/STM32F7xx_HAL_Driver/Src/stm32f7xx_hal_uart.o
                0x0000000008003d62                UART_WaitOnFlagUntilTimeout
 .text.UART_CheckIdleState
                0x0000000008003e1e       0x66 ./Drivers/STM32F7xx_HAL_Driver/Src/stm32f7xx_hal_uart.o
                0x0000000008003e1e                UART_CheckIdleState
 .text.HAL_UART_Init
                0x0000000008003e84       0x5c ./Drivers/STM32F7xx_HAL_Driver/Src/stm32f7xx_hal_uart.o
                0x0000000008003e84                HAL_UART_Init
 .text.USB_CoreReset
                0x0000000008003ee0       0x48 ./Drivers/STM32F7xx_HAL_Driver/Src/stm32f7xx_ll_usb.o
 .text.USB_CoreInit
                0x0000000008003f28       0x76 ./Drivers/STM32F7xx_HAL_Driver/Src/stm32f7xx_ll_usb.o
                0x0000000008003f28                USB_CoreInit
 .text.USB_DisableGlobalInt
                0x0000000008003f9e        0xc ./Drivers/STM32F7xx_HAL_Driver/Src/stm32f7xx_ll_usb.o
                0x0000000008003f9e                USB_DisableGlobalInt
 .text.USB_SetCurrentMode
                0x0000000008003faa       0x5c ./Drivers/STM32F7xx_HAL_Driver/Src/stm32f7xx_ll_usb.o
                0x0000000008003faa                USB_SetCurrentMode
 *fill*         0x0000000008004006        0x2 
 .text.USB_FlushTxFifo
                0x0000000008004008       0x48 ./Drivers/STM32F7xx_HAL_Driver/Src/stm32f7xx_ll_usb.o
                0x0000000008004008                USB_FlushTxFifo
 .text.USB_FlushRxFifo
                0x0000000008004050       0x44 ./Drivers/STM32F7xx_HAL_Driver/Src/stm32f7xx_ll_usb.o
                0x0000000008004050                USB_FlushRxFifo
 .text.USB_SetDevSpeed
                0x0000000008004094        0xe ./Drivers/STM32F7xx_HAL_Driver/Src/stm32f7xx_ll_usb.o
                0x0000000008004094                USB_SetDevSpeed
 *fill*         0x00000000080040a2        0x2 
 .text.USB_DevInit
                0x00000000080040a4      0x16c ./Drivers/STM32F7xx_HAL_Driver/Src/stm32f7xx_ll_usb.o
                0x00000000080040a4                USB_DevInit
 .text.USB_DevDisconnect
                0x0000000008004210       0x1c ./Drivers/STM32F7xx_HAL_Driver/Src/stm32f7xx_ll_usb.o
                0x0000000008004210                USB_DevDisconnect
 .text.calloc   0x000000000800422c       0x10 /home/wonjh/st/stm32cubeide_1.6.1/plugins/com.st.stm32cube.ide.mcu.externaltools.gnu-tools-for-stm32.10.3-2021.10.linux64_1.0.0.202111181127/tools/bin/../lib/gcc/arm-none-eabi/10.3.1/../../../../arm-none-eabi/lib/thumb/v7e-m+dp/hard/libc_nano.a(lib_a-calloc.o)
                0x000000000800422c                calloc
 .text.__errno  0x000000000800423c        0xc /home/wonjh/st/stm32cubeide_1.6.1/plugins/com.st.stm32cube.ide.mcu.externaltools.gnu-tools-for-stm32.10.3-2021.10.linux64_1.0.0.202111181127/tools/bin/../lib/gcc/arm-none-eabi/10.3.1/../../../../arm-none-eabi/lib/thumb/v7e-m+dp/hard/libc_nano.a(lib_a-errno.o)
                0x000000000800423c                __errno
 .text.__libc_init_array
                0x0000000008004248       0x48 /home/wonjh/st/stm32cubeide_1.6.1/plugins/com.st.stm32cube.ide.mcu.externaltools.gnu-tools-for-stm32.10.3-2021.10.linux64_1.0.0.202111181127/tools/bin/../lib/gcc/arm-none-eabi/10.3.1/../../../../arm-none-eabi/lib/thumb/v7e-m+dp/hard/libc_nano.a(lib_a-init.o)
                0x0000000008004248                __libc_init_array
 .text.malloc   0x0000000008004290       0x10 /home/wonjh/st/stm32cubeide_1.6.1/plugins/com.st.stm32cube.ide.mcu.externaltools.gnu-tools-for-stm32.10.3-2021.10.linux64_1.0.0.202111181127/tools/bin/../lib/gcc/arm-none-eabi/10.3.1/../../../../arm-none-eabi/lib/thumb/v7e-m+dp/hard/libc_nano.a(lib_a-malloc.o)
                0x0000000008004290                malloc
 .text.free     0x00000000080042a0       0x10 /home/wonjh/st/stm32cubeide_1.6.1/plugins/com.st.stm32cube.ide.mcu.externaltools.gnu-tools-for-stm32.10.3-2021.10.linux64_1.0.0.202111181127/tools/bin/../lib/gcc/arm-none-eabi/10.3.1/../../../../arm-none-eabi/lib/thumb/v7e-m+dp/hard/libc_nano.a(lib_a-malloc.o)
                0x00000000080042a0                free
 .text.memset   0x00000000080042b0       0x10 /home/wonjh/st/stm32cubeide_1.6.1/plugins/com.st.stm32cube.ide.mcu.externaltools.gnu-tools-for-stm32.10.3-2021.10.linux64_1.0.0.202111181127/tools/bin/../lib/gcc/arm-none-eabi/10.3.1/../../../../arm-none-eabi/lib/thumb/v7e-m+dp/hard/libc_nano.a(lib_a-memset.o)
                0x00000000080042b0                memset
 .text._calloc_r
                0x00000000080042c0       0x2c /home/wonjh/st/stm32cubeide_1.6.1/plugins/com.st.stm32cube.ide.mcu.externaltools.gnu-tools-for-stm32.10.3-2021.10.linux64_1.0.0.202111181127/tools/bin/../lib/gcc/arm-none-eabi/10.3.1/../../../../arm-none-eabi/lib/thumb/v7e-m+dp/hard/libc_nano.a(lib_a-nano-callocr.o)
                0x00000000080042c0                _calloc_r
 .text._free_r  0x00000000080042ec       0x98 /home/wonjh/st/stm32cubeide_1.6.1/plugins/com.st.stm32cube.ide.mcu.externaltools.gnu-tools-for-stm32.10.3-2021.10.linux64_1.0.0.202111181127/tools/bin/../lib/gcc/arm-none-eabi/10.3.1/../../../../arm-none-eabi/lib/thumb/v7e-m+dp/hard/libc_nano.a(lib_a-nano-freer.o)
                0x00000000080042ec                _free_r
 .text.sbrk_aligned
                0x0000000008004384       0x40 /home/wonjh/st/stm32cubeide_1.6.1/plugins/com.st.stm32cube.ide.mcu.externaltools.gnu-tools-for-stm32.10.3-2021.10.linux64_1.0.0.202111181127/tools/bin/../lib/gcc/arm-none-eabi/10.3.1/../../../../arm-none-eabi/lib/thumb/v7e-m+dp/hard/libc_nano.a(lib_a-nano-mallocr.o)
 .text._malloc_r
                0x00000000080043c4       0xe8 /home/wonjh/st/stm32cubeide_1.6.1/plugins/com.st.stm32cube.ide.mcu.externaltools.gnu-tools-for-stm32.10.3-2021.10.linux64_1.0.0.202111181127/tools/bin/../lib/gcc/arm-none-eabi/10.3.1/../../../../arm-none-eabi/lib/thumb/v7e-m+dp/hard/libc_nano.a(lib_a-nano-mallocr.o)
                0x00000000080043c4                _malloc_r
 .text._sbrk_r  0x00000000080044ac       0x20 /home/wonjh/st/stm32cubeide_1.6.1/plugins/com.st.stm32cube.ide.mcu.externaltools.gnu-tools-for-stm32.10.3-2021.10.linux64_1.0.0.202111181127/tools/bin/../lib/gcc/arm-none-eabi/10.3.1/../../../../arm-none-eabi/lib/thumb/v7e-m+dp/hard/libc_nano.a(lib_a-sbrkr.o)
                0x00000000080044ac                _sbrk_r
 .text.strcpy   0x00000000080044cc       0x10 /home/wonjh/st/stm32cubeide_1.6.1/plugins/com.st.stm32cube.ide.mcu.externaltools.gnu-tools-for-stm32.10.3-2021.10.linux64_1.0.0.202111181127/tools/bin/../lib/gcc/arm-none-eabi/10.3.1/../../../../arm-none-eabi/lib/thumb/v7e-m+dp/hard/libc_nano.a(lib_a-strcpy.o)
                0x00000000080044cc                strcpy
 .text.strncpy  0x00000000080044dc       0x26 /home/wonjh/st/stm32cubeide_1.6.1/plugins/com.st.stm32cube.ide.mcu.externaltools.gnu-tools-for-stm32.10.3-2021.10.linux64_1.0.0.202111181127/tools/bin/../lib/gcc/arm-none-eabi/10.3.1/../../../../arm-none-eabi/lib/thumb/v7e-m+dp/hard/libc_nano.a(lib_a-strncpy.o)
                0x00000000080044dc                strncpy
 *fill*         0x0000000008004502        0x2 
 .text.__malloc_lock
                0x0000000008004504        0xc /home/wonjh/st/stm32cubeide_1.6.1/plugins/com.st.stm32cube.ide.mcu.externaltools.gnu-tools-for-stm32.10.3-2021.10.linux64_1.0.0.202111181127/tools/bin/../lib/gcc/arm-none-eabi/10.3.1/../../../../arm-none-eabi/lib/thumb/v7e-m+dp/hard/libc_nano.a(lib_a-mlock.o)
                0x0000000008004504                __malloc_lock
 .text.__malloc_unlock
                0x0000000008004510        0xc /home/wonjh/st/stm32cubeide_1.6.1/plugins/com.st.stm32cube.ide.mcu.externaltools.gnu-tools-for-stm32.10.3-2021.10.linux64_1.0.0.202111181127/tools/bin/../lib/gcc/arm-none-eabi/10.3.1/../../../../arm-none-eabi/lib/thumb/v7e-m+dp/hard/libc_nano.a(lib_a-mlock.o)
                0x0000000008004510                __malloc_unlock
 .text.__retarget_lock_acquire_recursive
                0x000000000800451c        0x2 /home/wonjh/st/stm32cubeide_1.6.1/plugins/com.st.stm32cube.ide.mcu.externaltools.gnu-tools-for-stm32.10.3-2021.10.linux64_1.0.0.202111181127/tools/bin/../lib/gcc/arm-none-eabi/10.3.1/../../../../arm-none-eabi/lib/thumb/v7e-m+dp/hard/libc_nano.a(lib_a-lock.o)
                0x000000000800451c                __retarget_lock_acquire_recursive
 .text.__retarget_lock_release_recursive
                0x000000000800451e        0x2 /home/wonjh/st/stm32cubeide_1.6.1/plugins/com.st.stm32cube.ide.mcu.externaltools.gnu-tools-for-stm32.10.3-2021.10.linux64_1.0.0.202111181127/tools/bin/../lib/gcc/arm-none-eabi/10.3.1/../../../../arm-none-eabi/lib/thumb/v7e-m+dp/hard/libc_nano.a(lib_a-lock.o)
                0x000000000800451e                __retarget_lock_release_recursive
 *(.glue_7)
 .glue_7        0x0000000008004520        0x0 linker stubs
 *(.glue_7t)
 .glue_7t       0x0000000008004520        0x0 linker stubs
 *(.eh_frame)
 .eh_frame      0x0000000008004520        0x0 /home/wonjh/st/stm32cubeide_1.6.1/plugins/com.st.stm32cube.ide.mcu.externaltools.gnu-tools-for-stm32.10.3-2021.10.linux64_1.0.0.202111181127/tools/bin/../lib/gcc/arm-none-eabi/10.3.1/thumb/v7e-m+dp/hard/crtbegin.o
 *(.init)
 .init          0x0000000008004520        0x4 /home/wonjh/st/stm32cubeide_1.6.1/plugins/com.st.stm32cube.ide.mcu.externaltools.gnu-tools-for-stm32.10.3-2021.10.linux64_1.0.0.202111181127/tools/bin/../lib/gcc/arm-none-eabi/10.3.1/thumb/v7e-m+dp/hard/crti.o
                0x0000000008004520                _init
 .init          0x0000000008004524        0x8 /home/wonjh/st/stm32cubeide_1.6.1/plugins/com.st.stm32cube.ide.mcu.externaltools.gnu-tools-for-stm32.10.3-2021.10.linux64_1.0.0.202111181127/tools/bin/../lib/gcc/arm-none-eabi/10.3.1/thumb/v7e-m+dp/hard/crtn.o
 *(.fini)
 .fini          0x000000000800452c        0x4 /home/wonjh/st/stm32cubeide_1.6.1/plugins/com.st.stm32cube.ide.mcu.externaltools.gnu-tools-for-stm32.10.3-2021.10.linux64_1.0.0.202111181127/tools/bin/../lib/gcc/arm-none-eabi/10.3.1/thumb/v7e-m+dp/hard/crti.o
                0x000000000800452c                _fini
 .fini          0x0000000008004530        0x8 /home/wonjh/st/stm32cubeide_1.6.1/plugins/com.st.stm32cube.ide.mcu.externaltools.gnu-tools-for-stm32.10.3-2021.10.linux64_1.0.0.202111181127/tools/bin/../lib/gcc/arm-none-eabi/10.3.1/thumb/v7e-m+dp/hard/crtn.o
                0x0000000008004538                . = ALIGN (0x4)
                0x0000000008004538                _etext = .

.vfp11_veneer   0x0000000008004538        0x0
 .vfp11_veneer  0x0000000008004538        0x0 linker stubs

.v4_bx          0x0000000008004538        0x0
 .v4_bx         0x0000000008004538        0x0 linker stubs

.iplt           0x0000000008004538        0x0
 .iplt          0x0000000008004538        0x0 /home/wonjh/st/stm32cubeide_1.6.1/plugins/com.st.stm32cube.ide.mcu.externaltools.gnu-tools-for-stm32.10.3-2021.10.linux64_1.0.0.202111181127/tools/bin/../lib/gcc/arm-none-eabi/10.3.1/thumb/v7e-m+dp/hard/crtbegin.o

.rodata         0x0000000008004538       0xf4
                0x0000000008004538                . = ALIGN (0x4)
 *(.rodata)
 .rodata        0x0000000008004538        0xb ./Core/pif/source/core/pif.o
 *(.rodata*)
 .rodata._taskPulse.str1.1
                0x0000000008004543       0x30 ./Core/Src/app_main.o
 .rodata.appSetup.str1.1
                0x0000000008004573       0x12 ./Core/Src/app_main.o
 .rodata.AHBPrescTable
                0x0000000008004585       0x10 ./Core/Src/system_stm32f7xx.o
                0x0000000008004585                AHBPrescTable
 .rodata.APBPrescTable
                0x0000000008004595        0x8 ./Core/Src/system_stm32f7xx.o
                0x0000000008004595                APBPrescTable
 .rodata.str1.1
                0x000000000800459d       0x52 ./Core/pif/source/core/pif.o
 .rodata.kDaysInMonth
                0x00000000080045ef        0xc ./Core/pif/source/core/pif.o
                0x00000000080045ef                kDaysInMonth
 .rodata.pifComm_AllocTxBuffer.str1.1
                0x00000000080045fb        0x3 ./Core/pif/source/core/pif_comm.o
 .rodata.type_ch
                0x00000000080045fe        0x4 ./Core/pif/source/core/pif_log.o
                0x00000000080045fe                type_ch
 .rodata._checkLoopTime.constprop.0.str1.1
                0x0000000008004602       0x1a ./Core/pif/source/core/pif_task.o
 .rodata.CSWTCH.54
                0x000000000800461c        0x3 ./Drivers/STM32F7xx_HAL_Driver/Src/stm32f7xx_hal_uart.o
 .rodata.CSWTCH.55
                0x000000000800461f        0xd ./Drivers/STM32F7xx_HAL_Driver/Src/stm32f7xx_hal_uart.o
                0x000000000800462c                . = ALIGN (0x4)

.ARM.extab      0x000000000800462c        0x0
                0x000000000800462c                . = ALIGN (0x4)
 *(.ARM.extab* .gnu.linkonce.armextab.*)
                0x000000000800462c                . = ALIGN (0x4)

.ARM            0x000000000800462c        0x8
                0x000000000800462c                . = ALIGN (0x4)
                0x000000000800462c                __exidx_start = .
 *(.ARM.exidx*)
 .ARM.exidx     0x000000000800462c        0x8 /home/wonjh/st/stm32cubeide_1.6.1/plugins/com.st.stm32cube.ide.mcu.externaltools.gnu-tools-for-stm32.10.3-2021.10.linux64_1.0.0.202111181127/tools/bin/../lib/gcc/arm-none-eabi/10.3.1/thumb/v7e-m+dp/hard/libgcc.a(_udivmoddi4.o)
                0x0000000008004634                __exidx_end = .
                0x0000000008004634                . = ALIGN (0x4)

.rel.dyn        0x0000000008004634        0x0
 .rel.iplt      0x0000000008004634        0x0 /home/wonjh/st/stm32cubeide_1.6.1/plugins/com.st.stm32cube.ide.mcu.externaltools.gnu-tools-for-stm32.10.3-2021.10.linux64_1.0.0.202111181127/tools/bin/../lib/gcc/arm-none-eabi/10.3.1/thumb/v7e-m+dp/hard/crtbegin.o

.preinit_array  0x0000000008004634        0x0
                0x0000000008004634                . = ALIGN (0x4)
                0x0000000008004634                PROVIDE (__preinit_array_start = .)
 *(.preinit_array*)
                0x0000000008004634                PROVIDE (__preinit_array_end = .)
                0x0000000008004634                . = ALIGN (0x4)

.init_array     0x0000000008004634        0x4
                0x0000000008004634                . = ALIGN (0x4)
                0x0000000008004634                PROVIDE (__init_array_start = .)
 *(SORT_BY_NAME(.init_array.*))
 *(.init_array*)
 .init_array    0x0000000008004634        0x4 /home/wonjh/st/stm32cubeide_1.6.1/plugins/com.st.stm32cube.ide.mcu.externaltools.gnu-tools-for-stm32.10.3-2021.10.linux64_1.0.0.202111181127/tools/bin/../lib/gcc/arm-none-eabi/10.3.1/thumb/v7e-m+dp/hard/crtbegin.o
                0x0000000008004638                PROVIDE (__init_array_end = .)
                0x0000000008004638                . = ALIGN (0x4)

.fini_array     0x0000000008004638        0x4
                0x0000000008004638                . = ALIGN (0x4)
                [!provide]                        PROVIDE (__fini_array_start = .)
 *(SORT_BY_NAME(.fini_array.*))
 *(.fini_array*)
 .fini_array    0x0000000008004638        0x4 /home/wonjh/st/stm32cubeide_1.6.1/plugins/com.st.stm32cube.ide.mcu.externaltools.gnu-tools-for-stm32.10.3-2021.10.linux64_1.0.0.202111181127/tools/bin/../lib/gcc/arm-none-eabi/10.3.1/thumb/v7e-m+dp/hard/crtbegin.o
                [!provide]                        PROVIDE (__fini_array_end = .)
                0x000000000800463c                . = ALIGN (0x4)
                0x000000000800463c                _sidata = LOADADDR (.data)

.data           0x0000000020000000       0x78 load address 0x000000000800463c
                0x0000000020000000                . = ALIGN (0x4)
                0x0000000020000000                _sdata = .
 *(.data)
 *(.data*)
 .data.SystemCoreClock
                0x0000000020000000        0x4 ./Core/Src/system_stm32f7xx.o
                0x0000000020000000                SystemCoreClock
 .data.kPifHexLowerChar
                0x0000000020000004        0x4 ./Core/pif/source/core/pif.o
                0x0000000020000004                kPifHexLowerChar
 .data.kPifHexUpperChar
                0x0000000020000008        0x4 ./Core/pif/source/core/pif.o
                0x0000000020000008                kPifHexUpperChar
 .data.pif_id   0x000000002000000c        0x2 ./Core/pif/source/core/pif.o
                0x000000002000000c                pif_id
 .data.s_minute
                0x000000002000000e        0x1 ./Core/pif/source/core/pif_log.o
 .data.uwTickFreq
                0x000000002000000f        0x1 ./Drivers/STM32F7xx_HAL_Driver/Src/stm32f7xx_hal.o
                0x000000002000000f                uwTickFreq
 .data.uwTickPrio
                0x0000000020000010        0x4 ./Drivers/STM32F7xx_HAL_Driver/Src/stm32f7xx_hal.o
                0x0000000020000010                uwTickPrio
 .data._impure_ptr
                0x0000000020000014        0x4 /home/wonjh/st/stm32cubeide_1.6.1/plugins/com.st.stm32cube.ide.mcu.externaltools.gnu-tools-for-stm32.10.3-2021.10.linux64_1.0.0.202111181127/tools/bin/../lib/gcc/arm-none-eabi/10.3.1/../../../../arm-none-eabi/lib/thumb/v7e-m+dp/hard/libc_nano.a(lib_a-impure.o)
                0x0000000020000014                _impure_ptr
 .data.impure_data
                0x0000000020000018       0x60 /home/wonjh/st/stm32cubeide_1.6.1/plugins/com.st.stm32cube.ide.mcu.externaltools.gnu-tools-for-stm32.10.3-2021.10.linux64_1.0.0.202111181127/tools/bin/../lib/gcc/arm-none-eabi/10.3.1/../../../../arm-none-eabi/lib/thumb/v7e-m+dp/hard/libc_nano.a(lib_a-impure.o)
 *(.RamFunc)
 *(.RamFunc*)
                0x0000000020000078                . = ALIGN (0x4)
                0x0000000020000078                _edata = .

.igot.plt       0x0000000020000078        0x0 load address 0x00000000080046b4
 .igot.plt      0x0000000020000078        0x0 /home/wonjh/st/stm32cubeide_1.6.1/plugins/com.st.stm32cube.ide.mcu.externaltools.gnu-tools-for-stm32.10.3-2021.10.linux64_1.0.0.202111181127/tools/bin/../lib/gcc/arm-none-eabi/10.3.1/thumb/v7e-m+dp/hard/crtbegin.o
                0x0000000020000078                . = ALIGN (0x4)

.bss            0x0000000020000078      0x6c4 load address 0x00000000080046b4
                0x0000000020000078                _sbss = .
                0x0000000020000078                __bss_start__ = _sbss
 *(.bss)
 .bss           0x0000000020000078       0x1c /home/wonjh/st/stm32cubeide_1.6.1/plugins/com.st.stm32cube.ide.mcu.externaltools.gnu-tools-for-stm32.10.3-2021.10.linux64_1.0.0.202111181127/tools/bin/../lib/gcc/arm-none-eabi/10.3.1/thumb/v7e-m+dp/hard/crtbegin.o
 *(.bss*)
 .bss.g_comm_log
                0x0000000020000094       0x30 ./Core/Src/app_main.o
                0x0000000020000094                g_comm_log
 .bss.g_pulse   0x00000000200000c4       0x4c ./Core/Src/app_main.o
                0x00000000200000c4                g_pulse
 .bss.g_timer_1ms
                0x0000000020000110       0x24 ./Core/Src/app_main.o
                0x0000000020000110                g_timer_1ms
 .bss.sw.0      0x0000000020000134        0x1 ./Core/Src/app_main.o
 *fill*         0x0000000020000135        0x3 
 .bss.hpcd_USB_OTG_FS
                0x0000000020000138      0x404 ./Core/Src/main.o
                0x0000000020000138                hpcd_USB_OTG_FS
 .bss.htim2     0x000000002000053c       0x4c ./Core/Src/main.o
                0x000000002000053c                htim2
 .bss.huart3    0x0000000020000588       0x84 ./Core/Src/main.o
                0x0000000020000588                huart3
 .bss.s_usLogTx
                0x000000002000060c        0x2 ./Core/Src/main.o
 *fill*         0x000000002000060e        0x2 
 .bss.__sbrk_heap_end
                0x0000000020000610        0x4 ./Core/Src/sysmem.o
 .bss.pif_act_timer1us
                0x0000000020000614        0x4 ./Core/pif/source/core/pif.o
                0x0000000020000614                pif_act_timer1us
 .bss.pif_cumulative_timer1ms
                0x0000000020000618        0x4 ./Core/pif/source/core/pif.o
                0x0000000020000618                pif_cumulative_timer1ms
 .bss.pif_datetime
                0x000000002000061c        0x8 ./Core/pif/source/core/pif.o
                0x000000002000061c                pif_datetime
 .bss.pif_error
                0x0000000020000624        0x1 ./Core/pif/source/core/pif.o
                0x0000000020000624                pif_error
 *fill*         0x0000000020000625        0x3 
 .bss.pif_performance
                0x0000000020000628        0x8 ./Core/pif/source/core/pif.o
                0x0000000020000628                pif_performance
 .bss.pif_timer1ms
                0x0000000020000630        0x2 ./Core/pif/source/core/pif.o
                0x0000000020000630                pif_timer1ms
 *fill*         0x0000000020000632        0x2 
 .bss.pif_timer1sec
                0x0000000020000634        0x4 ./Core/pif/source/core/pif.o
                0x0000000020000634                pif_timer1sec
 .bss.usTimerPerform.0
                0x0000000020000638        0x2 ./Core/pif/source/core/pif.o
 *fill*         0x000000002000063a        0x2 
 .bss.pif_log_flag
                0x000000002000063c        0x4 ./Core/pif/source/core/pif_log.o
                0x000000002000063c                pif_log_flag
 .bss.s_log     0x0000000020000640       0x28 ./Core/pif/source/core/pif_log.o
 .bss.tmp_buf.0
                0x0000000020000668       0x14 ./Core/pif/source/core/pif_log.o
 .bss.base.0    0x000000002000067c        0x4 ./Core/pif/source/core/pif_task.o
 .bss.s_current_task
                0x0000000020000680        0x4 ./Core/pif/source/core/pif_task.o
 .bss.s_it_current
                0x0000000020000684        0x4 ./Core/pif/source/core/pif_task.o
 .bss.s_number  0x0000000020000688        0x1 ./Core/pif/source/core/pif_task.o
 *fill*         0x0000000020000689        0x3 
 .bss.s_table   0x000000002000068c       0x80 ./Core/pif/source/core/pif_task.o
 .bss.s_table_number
                0x000000002000070c        0x4 ./Core/pif/source/core/pif_task.o
 .bss.s_tasks   0x0000000020000710       0x18 ./Core/pif/source/core/pif_task.o
 .bss.uwTick    0x0000000020000728        0x4 ./Drivers/STM32F7xx_HAL_Driver/Src/stm32f7xx_hal.o
                0x0000000020000728                uwTick
 .bss.__malloc_free_list
                0x000000002000072c        0x4 /home/wonjh/st/stm32cubeide_1.6.1/plugins/com.st.stm32cube.ide.mcu.externaltools.gnu-tools-for-stm32.10.3-2021.10.linux64_1.0.0.202111181127/tools/bin/../lib/gcc/arm-none-eabi/10.3.1/../../../../arm-none-eabi/lib/thumb/v7e-m+dp/hard/libc_nano.a(lib_a-nano-mallocr.o)
                0x000000002000072c                __malloc_free_list
 .bss.__malloc_sbrk_start
                0x0000000020000730        0x4 /home/wonjh/st/stm32cubeide_1.6.1/plugins/com.st.stm32cube.ide.mcu.externaltools.gnu-tools-for-stm32.10.3-2021.10.linux64_1.0.0.202111181127/tools/bin/../lib/gcc/arm-none-eabi/10.3.1/../../../../arm-none-eabi/lib/thumb/v7e-m+dp/hard/libc_nano.a(lib_a-nano-mallocr.o)
                0x0000000020000730                __malloc_sbrk_start
 .bss.errno     0x0000000020000734        0x4 /home/wonjh/st/stm32cubeide_1.6.1/plugins/com.st.stm32cube.ide.mcu.externaltools.gnu-tools-for-stm32.10.3-2021.10.linux64_1.0.0.202111181127/tools/bin/../lib/gcc/arm-none-eabi/10.3.1/../../../../arm-none-eabi/lib/thumb/v7e-m+dp/hard/libc_nano.a(lib_a-reent.o)
                0x0000000020000734                errno
 .bss.__lock___malloc_recursive_mutex
                0x0000000020000738        0x1 /home/wonjh/st/stm32cubeide_1.6.1/plugins/com.st.stm32cube.ide.mcu.externaltools.gnu-tools-for-stm32.10.3-2021.10.linux64_1.0.0.202111181127/tools/bin/../lib/gcc/arm-none-eabi/10.3.1/../../../../arm-none-eabi/lib/thumb/v7e-m+dp/hard/libc_nano.a(lib_a-lock.o)
                0x0000000020000738                __lock___malloc_recursive_mutex
 *(COMMON)
                0x000000002000073c                . = ALIGN (0x4)
 *fill*         0x0000000020000739        0x3 
                0x000000002000073c                _ebss = .
                0x000000002000073c                __bss_end__ = _ebss

._user_heap_stack
                0x000000002000073c      0x604 load address 0x00000000080046b4
                0x0000000020000740                . = ALIGN (0x8)
 *fill*         0x000000002000073c        0x4 
                [!provide]                        PROVIDE (end = .)
                0x0000000020000740                PROVIDE (_end = .)
                0x0000000020000940                . = (. + _Min_Heap_Size)
 *fill*         0x0000000020000740      0x200 
                0x0000000020000d40                . = (. + _Min_Stack_Size)
 *fill*         0x0000000020000940      0x400 
                0x0000000020000d40                . = ALIGN (0x8)

/DISCARD/
 libc.a(*)
 libm.a(*)
 libgcc.a(*)

.ARM.attributes
                0x0000000000000000       0x2e
 *(.ARM.attributes)
 .ARM.attributes
                0x0000000000000000       0x1e /home/wonjh/st/stm32cubeide_1.6.1/plugins/com.st.stm32cube.ide.mcu.externaltools.gnu-tools-for-stm32.10.3-2021.10.linux64_1.0.0.202111181127/tools/bin/../lib/gcc/arm-none-eabi/10.3.1/thumb/v7e-m+dp/hard/crti.o
 .ARM.attributes
                0x000000000000001e       0x32 /home/wonjh/st/stm32cubeide_1.6.1/plugins/com.st.stm32cube.ide.mcu.externaltools.gnu-tools-for-stm32.10.3-2021.10.linux64_1.0.0.202111181127/tools/bin/../lib/gcc/arm-none-eabi/10.3.1/thumb/v7e-m+dp/hard/crtbegin.o
 .ARM.attributes
                0x0000000000000050       0x32 ./Core/Src/app_main.o
 .ARM.attributes
                0x0000000000000082       0x32 ./Core/Src/main.o
 .ARM.attributes
                0x00000000000000b4       0x32 ./Core/Src/stm32f7xx_hal_msp.o
 .ARM.attributes
                0x00000000000000e6       0x32 ./Core/Src/stm32f7xx_it.o
 .ARM.attributes
                0x0000000000000118       0x32 ./Core/Src/sysmem.o
 .ARM.attributes
                0x000000000000014a       0x32 ./Core/Src/system_stm32f7xx.o
 .ARM.attributes
                0x000000000000017c       0x21 ./Core/Startup/startup_stm32f767zitx.o
 .ARM.attributes
                0x000000000000019d       0x32 ./Core/pif/source/core/pif.o
 .ARM.attributes
                0x00000000000001cf       0x32 ./Core/pif/source/core/pif_comm.o
 .ARM.attributes
                0x0000000000000201       0x32 ./Core/pif/source/core/pif_list.o
 .ARM.attributes
                0x0000000000000233       0x32 ./Core/pif/source/core/pif_log.o
 .ARM.attributes
                0x0000000000000265       0x32 ./Core/pif/source/core/pif_pulse.o
 .ARM.attributes
                0x0000000000000297       0x32 ./Core/pif/source/core/pif_ring_buffer.o
 .ARM.attributes
                0x00000000000002c9       0x32 ./Core/pif/source/core/pif_task.o
 .ARM.attributes
                0x00000000000002fb       0x32 ./Core/pif/source/core/pif_timer.o
 .ARM.attributes
                0x000000000000032d       0x32 ./Drivers/STM32F7xx_HAL_Driver/Src/stm32f7xx_hal.o
 .ARM.attributes
                0x000000000000035f       0x32 ./Drivers/STM32F7xx_HAL_Driver/Src/stm32f7xx_hal_cortex.o
 .ARM.attributes
                0x0000000000000391       0x32 ./Drivers/STM32F7xx_HAL_Driver/Src/stm32f7xx_hal_dma.o
 .ARM.attributes
                0x00000000000003c3       0x32 ./Drivers/STM32F7xx_HAL_Driver/Src/stm32f7xx_hal_gpio.o
 .ARM.attributes
                0x00000000000003f5       0x32 ./Drivers/STM32F7xx_HAL_Driver/Src/stm32f7xx_hal_pcd.o
 .ARM.attributes
                0x0000000000000427       0x32 ./Drivers/STM32F7xx_HAL_Driver/Src/stm32f7xx_hal_pcd_ex.o
 .ARM.attributes
                0x0000000000000459       0x32 ./Drivers/STM32F7xx_HAL_Driver/Src/stm32f7xx_hal_pwr.o
 .ARM.attributes
                0x000000000000048b       0x32 ./Drivers/STM32F7xx_HAL_Driver/Src/stm32f7xx_hal_pwr_ex.o
 .ARM.attributes
                0x00000000000004bd       0x32 ./Drivers/STM32F7xx_HAL_Driver/Src/stm32f7xx_hal_rcc.o
 .ARM.attributes
                0x00000000000004ef       0x32 ./Drivers/STM32F7xx_HAL_Driver/Src/stm32f7xx_hal_rcc_ex.o
 .ARM.attributes
                0x0000000000000521       0x32 ./Drivers/STM32F7xx_HAL_Driver/Src/stm32f7xx_hal_tim.o
 .ARM.attributes
                0x0000000000000553       0x32 ./Drivers/STM32F7xx_HAL_Driver/Src/stm32f7xx_hal_tim_ex.o
 .ARM.attributes
                0x0000000000000585       0x32 ./Drivers/STM32F7xx_HAL_Driver/Src/stm32f7xx_hal_uart.o
 .ARM.attributes
                0x00000000000005b7       0x32 ./Drivers/STM32F7xx_HAL_Driver/Src/stm32f7xx_ll_usb.o
 .ARM.attributes
                0x00000000000005e9       0x32 /home/wonjh/st/stm32cubeide_1.6.1/plugins/com.st.stm32cube.ide.mcu.externaltools.gnu-tools-for-stm32.10.3-2021.10.linux64_1.0.0.202111181127/tools/bin/../lib/gcc/arm-none-eabi/10.3.1/../../../../arm-none-eabi/lib/thumb/v7e-m+dp/hard/libc_nano.a(lib_a-calloc.o)
 .ARM.attributes
                0x000000000000061b       0x32 /home/wonjh/st/stm32cubeide_1.6.1/plugins/com.st.stm32cube.ide.mcu.externaltools.gnu-tools-for-stm32.10.3-2021.10.linux64_1.0.0.202111181127/tools/bin/../lib/gcc/arm-none-eabi/10.3.1/../../../../arm-none-eabi/lib/thumb/v7e-m+dp/hard/libc_nano.a(lib_a-errno.o)
 .ARM.attributes
                0x000000000000064d       0x32 /home/wonjh/st/stm32cubeide_1.6.1/plugins/com.st.stm32cube.ide.mcu.externaltools.gnu-tools-for-stm32.10.3-2021.10.linux64_1.0.0.202111181127/tools/bin/../lib/gcc/arm-none-eabi/10.3.1/../../../../arm-none-eabi/lib/thumb/v7e-m+dp/hard/libc_nano.a(lib_a-impure.o)
 .ARM.attributes
                0x000000000000067f       0x32 /home/wonjh/st/stm32cubeide_1.6.1/plugins/com.st.stm32cube.ide.mcu.externaltools.gnu-tools-for-stm32.10.3-2021.10.linux64_1.0.0.202111181127/tools/bin/../lib/gcc/arm-none-eabi/10.3.1/../../../../arm-none-eabi/lib/thumb/v7e-m+dp/hard/libc_nano.a(lib_a-init.o)
 .ARM.attributes
                0x00000000000006b1       0x32 /home/wonjh/st/stm32cubeide_1.6.1/plugins/com.st.stm32cube.ide.mcu.externaltools.gnu-tools-for-stm32.10.3-2021.10.linux64_1.0.0.202111181127/tools/bin/../lib/gcc/arm-none-eabi/10.3.1/../../../../arm-none-eabi/lib/thumb/v7e-m+dp/hard/libc_nano.a(lib_a-malloc.o)
 .ARM.attributes
                0x00000000000006e3       0x32 /home/wonjh/st/stm32cubeide_1.6.1/plugins/com.st.stm32cube.ide.mcu.externaltools.gnu-tools-for-stm32.10.3-2021.10.linux64_1.0.0.202111181127/tools/bin/../lib/gcc/arm-none-eabi/10.3.1/../../../../arm-none-eabi/lib/thumb/v7e-m+dp/hard/libc_nano.a(lib_a-memset.o)
 .ARM.attributes
                0x0000000000000715       0x32 /home/wonjh/st/stm32cubeide_1.6.1/plugins/com.st.stm32cube.ide.mcu.externaltools.gnu-tools-for-stm32.10.3-2021.10.linux64_1.0.0.202111181127/tools/bin/../lib/gcc/arm-none-eabi/10.3.1/../../../../arm-none-eabi/lib/thumb/v7e-m+dp/hard/libc_nano.a(lib_a-nano-callocr.o)
 .ARM.attributes
                0x0000000000000747       0x32 /home/wonjh/st/stm32cubeide_1.6.1/plugins/com.st.stm32cube.ide.mcu.externaltools.gnu-tools-for-stm32.10.3-2021.10.linux64_1.0.0.202111181127/tools/bin/../lib/gcc/arm-none-eabi/10.3.1/../../../../arm-none-eabi/lib/thumb/v7e-m+dp/hard/libc_nano.a(lib_a-nano-freer.o)
 .ARM.attributes
                0x0000000000000779       0x32 /home/wonjh/st/stm32cubeide_1.6.1/plugins/com.st.stm32cube.ide.mcu.externaltools.gnu-tools-for-stm32.10.3-2021.10.linux64_1.0.0.202111181127/tools/bin/../lib/gcc/arm-none-eabi/10.3.1/../../../../arm-none-eabi/lib/thumb/v7e-m+dp/hard/libc_nano.a(lib_a-nano-mallocr.o)
 .ARM.attributes
                0x00000000000007ab       0x32 /home/wonjh/st/stm32cubeide_1.6.1/plugins/com.st.stm32cube.ide.mcu.externaltools.gnu-tools-for-stm32.10.3-2021.10.linux64_1.0.0.202111181127/tools/bin/../lib/gcc/arm-none-eabi/10.3.1/../../../../arm-none-eabi/lib/thumb/v7e-m+dp/hard/libc_nano.a(lib_a-sbrkr.o)
 .ARM.attributes
                0x00000000000007dd       0x32 /home/wonjh/st/stm32cubeide_1.6.1/plugins/com.st.stm32cube.ide.mcu.externaltools.gnu-tools-for-stm32.10.3-2021.10.linux64_1.0.0.202111181127/tools/bin/../lib/gcc/arm-none-eabi/10.3.1/../../../../arm-none-eabi/lib/thumb/v7e-m+dp/hard/libc_nano.a(lib_a-strcpy.o)
 .ARM.attributes
                0x000000000000080f       0x17 /home/wonjh/st/stm32cubeide_1.6.1/plugins/com.st.stm32cube.ide.mcu.externaltools.gnu-tools-for-stm32.10.3-2021.10.linux64_1.0.0.202111181127/tools/bin/../lib/gcc/arm-none-eabi/10.3.1/../../../../arm-none-eabi/lib/thumb/v7e-m+dp/hard/libc_nano.a(lib_a-strlen.o)
 .ARM.attributes
                0x0000000000000826       0x32 /home/wonjh/st/stm32cubeide_1.6.1/plugins/com.st.stm32cube.ide.mcu.externaltools.gnu-tools-for-stm32.10.3-2021.10.linux64_1.0.0.202111181127/tools/bin/../lib/gcc/arm-none-eabi/10.3.1/../../../../arm-none-eabi/lib/thumb/v7e-m+dp/hard/libc_nano.a(lib_a-strncpy.o)
 .ARM.attributes
                0x0000000000000858       0x32 /home/wonjh/st/stm32cubeide_1.6.1/plugins/com.st.stm32cube.ide.mcu.externaltools.gnu-tools-for-stm32.10.3-2021.10.linux64_1.0.0.202111181127/tools/bin/../lib/gcc/arm-none-eabi/10.3.1/../../../../arm-none-eabi/lib/thumb/v7e-m+dp/hard/libc_nano.a(lib_a-mlock.o)
 .ARM.attributes
                0x000000000000088a       0x32 /home/wonjh/st/stm32cubeide_1.6.1/plugins/com.st.stm32cube.ide.mcu.externaltools.gnu-tools-for-stm32.10.3-2021.10.linux64_1.0.0.202111181127/tools/bin/../lib/gcc/arm-none-eabi/10.3.1/../../../../arm-none-eabi/lib/thumb/v7e-m+dp/hard/libc_nano.a(lib_a-reent.o)
 .ARM.attributes
                0x00000000000008bc       0x32 /home/wonjh/st/stm32cubeide_1.6.1/plugins/com.st.stm32cube.ide.mcu.externaltools.gnu-tools-for-stm32.10.3-2021.10.linux64_1.0.0.202111181127/tools/bin/../lib/gcc/arm-none-eabi/10.3.1/../../../../arm-none-eabi/lib/thumb/v7e-m+dp/hard/libc_nano.a(lib_a-lock.o)
 .ARM.attributes
                0x00000000000008ee       0x1e /home/wonjh/st/stm32cubeide_1.6.1/plugins/com.st.stm32cube.ide.mcu.externaltools.gnu-tools-for-stm32.10.3-2021.10.linux64_1.0.0.202111181127/tools/bin/../lib/gcc/arm-none-eabi/10.3.1/thumb/v7e-m+dp/hard/libgcc.a(_aeabi_uldivmod.o)
 .ARM.attributes
                0x000000000000090c       0x32 /home/wonjh/st/stm32cubeide_1.6.1/plugins/com.st.stm32cube.ide.mcu.externaltools.gnu-tools-for-stm32.10.3-2021.10.linux64_1.0.0.202111181127/tools/bin/../lib/gcc/arm-none-eabi/10.3.1/thumb/v7e-m+dp/hard/libgcc.a(_udivmoddi4.o)
 .ARM.attributes
                0x000000000000093e       0x1e /home/wonjh/st/stm32cubeide_1.6.1/plugins/com.st.stm32cube.ide.mcu.externaltools.gnu-tools-for-stm32.10.3-2021.10.linux64_1.0.0.202111181127/tools/bin/../lib/gcc/arm-none-eabi/10.3.1/thumb/v7e-m+dp/hard/libgcc.a(_dvmd_tls.o)
 .ARM.attributes
                0x000000000000095c       0x1e /home/wonjh/st/stm32cubeide_1.6.1/plugins/com.st.stm32cube.ide.mcu.externaltools.gnu-tools-for-stm32.10.3-2021.10.linux64_1.0.0.202111181127/tools/bin/../lib/gcc/arm-none-eabi/10.3.1/thumb/v7e-m+dp/hard/crtn.o
OUTPUT(ex_pulse.elf elf32-littlearm)
LOAD linker stubs
LOAD /home/wonjh/st/stm32cubeide_1.6.1/plugins/com.st.stm32cube.ide.mcu.externaltools.gnu-tools-for-stm32.10.3-2021.10.linux64_1.0.0.202111181127/tools/bin/../lib/gcc/arm-none-eabi/10.3.1/../../../../arm-none-eabi/lib/thumb/v7e-m+dp/hard/libc.a
LOAD /home/wonjh/st/stm32cubeide_1.6.1/plugins/com.st.stm32cube.ide.mcu.externaltools.gnu-tools-for-stm32.10.3-2021.10.linux64_1.0.0.202111181127/tools/bin/../lib/gcc/arm-none-eabi/10.3.1/../../../../arm-none-eabi/lib/thumb/v7e-m+dp/hard/libm.a
LOAD /home/wonjh/st/stm32cubeide_1.6.1/plugins/com.st.stm32cube.ide.mcu.externaltools.gnu-tools-for-stm32.10.3-2021.10.linux64_1.0.0.202111181127/tools/bin/../lib/gcc/arm-none-eabi/10.3.1/thumb/v7e-m+dp/hard/libgcc.a

.comment        0x0000000000000000       0x50
 .comment       0x0000000000000000       0x50 ./Core/Src/app_main.o
                                         0x51 (size before relaxing)
 .comment       0x0000000000000050       0x51 ./Core/Src/main.o
 .comment       0x0000000000000050       0x51 ./Core/Src/stm32f7xx_hal_msp.o
 .comment       0x0000000000000050       0x51 ./Core/Src/stm32f7xx_it.o
 .comment       0x0000000000000050       0x51 ./Core/Src/sysmem.o
 .comment       0x0000000000000050       0x51 ./Core/Src/system_stm32f7xx.o
 .comment       0x0000000000000050       0x51 ./Core/pif/source/core/pif.o
 .comment       0x0000000000000050       0x51 ./Core/pif/source/core/pif_comm.o
 .comment       0x0000000000000050       0x51 ./Core/pif/source/core/pif_list.o
 .comment       0x0000000000000050       0x51 ./Core/pif/source/core/pif_log.o
 .comment       0x0000000000000050       0x51 ./Core/pif/source/core/pif_pulse.o
 .comment       0x0000000000000050       0x51 ./Core/pif/source/core/pif_ring_buffer.o
 .comment       0x0000000000000050       0x51 ./Core/pif/source/core/pif_task.o
 .comment       0x0000000000000050       0x51 ./Core/pif/source/core/pif_timer.o
 .comment       0x0000000000000050       0x51 ./Drivers/STM32F7xx_HAL_Driver/Src/stm32f7xx_hal.o
 .comment       0x0000000000000050       0x51 ./Drivers/STM32F7xx_HAL_Driver/Src/stm32f7xx_hal_cortex.o
 .comment       0x0000000000000050       0x51 ./Drivers/STM32F7xx_HAL_Driver/Src/stm32f7xx_hal_dma.o
 .comment       0x0000000000000050       0x51 ./Drivers/STM32F7xx_HAL_Driver/Src/stm32f7xx_hal_gpio.o
 .comment       0x0000000000000050       0x51 ./Drivers/STM32F7xx_HAL_Driver/Src/stm32f7xx_hal_pcd.o
 .comment       0x0000000000000050       0x51 ./Drivers/STM32F7xx_HAL_Driver/Src/stm32f7xx_hal_pcd_ex.o
 .comment       0x0000000000000050       0x51 ./Drivers/STM32F7xx_HAL_Driver/Src/stm32f7xx_hal_pwr.o
 .comment       0x0000000000000050       0x51 ./Drivers/STM32F7xx_HAL_Driver/Src/stm32f7xx_hal_pwr_ex.o
 .comment       0x0000000000000050       0x51 ./Drivers/STM32F7xx_HAL_Driver/Src/stm32f7xx_hal_rcc.o
 .comment       0x0000000000000050       0x51 ./Drivers/STM32F7xx_HAL_Driver/Src/stm32f7xx_hal_rcc_ex.o
 .comment       0x0000000000000050       0x51 ./Drivers/STM32F7xx_HAL_Driver/Src/stm32f7xx_hal_tim.o
 .comment       0x0000000000000050       0x51 ./Drivers/STM32F7xx_HAL_Driver/Src/stm32f7xx_hal_tim_ex.o
 .comment       0x0000000000000050       0x51 ./Drivers/STM32F7xx_HAL_Driver/Src/stm32f7xx_hal_uart.o
 .comment       0x0000000000000050       0x51 ./Drivers/STM32F7xx_HAL_Driver/Src/stm32f7xx_ll_usb.o

.debug_frame    0x0000000000000000      0x380
 .debug_frame   0x0000000000000000       0x20 /home/wonjh/st/stm32cubeide_1.6.1/plugins/com.st.stm32cube.ide.mcu.externaltools.gnu-tools-for-stm32.10.3-2021.10.linux64_1.0.0.202111181127/tools/bin/../lib/gcc/arm-none-eabi/10.3.1/../../../../arm-none-eabi/lib/thumb/v7e-m+dp/hard/libc_nano.a(lib_a-calloc.o)
 .debug_frame   0x0000000000000020       0x20 /home/wonjh/st/stm32cubeide_1.6.1/plugins/com.st.stm32cube.ide.mcu.externaltools.gnu-tools-for-stm32.10.3-2021.10.linux64_1.0.0.202111181127/tools/bin/../lib/gcc/arm-none-eabi/10.3.1/../../../../arm-none-eabi/lib/thumb/v7e-m+dp/hard/libc_nano.a(lib_a-errno.o)
 .debug_frame   0x0000000000000040       0x2c /home/wonjh/st/stm32cubeide_1.6.1/plugins/com.st.stm32cube.ide.mcu.externaltools.gnu-tools-for-stm32.10.3-2021.10.linux64_1.0.0.202111181127/tools/bin/../lib/gcc/arm-none-eabi/10.3.1/../../../../arm-none-eabi/lib/thumb/v7e-m+dp/hard/libc_nano.a(lib_a-init.o)
 .debug_frame   0x000000000000006c       0x30 /home/wonjh/st/stm32cubeide_1.6.1/plugins/com.st.stm32cube.ide.mcu.externaltools.gnu-tools-for-stm32.10.3-2021.10.linux64_1.0.0.202111181127/tools/bin/../lib/gcc/arm-none-eabi/10.3.1/../../../../arm-none-eabi/lib/thumb/v7e-m+dp/hard/libc_nano.a(lib_a-malloc.o)
 .debug_frame   0x000000000000009c       0x20 /home/wonjh/st/stm32cubeide_1.6.1/plugins/com.st.stm32cube.ide.mcu.externaltools.gnu-tools-for-stm32.10.3-2021.10.linux64_1.0.0.202111181127/tools/bin/../lib/gcc/arm-none-eabi/10.3.1/../../../../arm-none-eabi/lib/thumb/v7e-m+dp/hard/libc_nano.a(lib_a-memset.o)
 .debug_frame   0x00000000000000bc       0x30 /home/wonjh/st/stm32cubeide_1.6.1/plugins/com.st.stm32cube.ide.mcu.externaltools.gnu-tools-for-stm32.10.3-2021.10.linux64_1.0.0.202111181127/tools/bin/../lib/gcc/arm-none-eabi/10.3.1/../../../../arm-none-eabi/lib/thumb/v7e-m+dp/hard/libc_nano.a(lib_a-nano-callocr.o)
 .debug_frame   0x00000000000000ec       0x38 /home/wonjh/st/stm32cubeide_1.6.1/plugins/com.st.stm32cube.ide.mcu.externaltools.gnu-tools-for-stm32.10.3-2021.10.linux64_1.0.0.202111181127/tools/bin/../lib/gcc/arm-none-eabi/10.3.1/../../../../arm-none-eabi/lib/thumb/v7e-m+dp/hard/libc_nano.a(lib_a-nano-freer.o)
 .debug_frame   0x0000000000000124       0x4c /home/wonjh/st/stm32cubeide_1.6.1/plugins/com.st.stm32cube.ide.mcu.externaltools.gnu-tools-for-stm32.10.3-2021.10.linux64_1.0.0.202111181127/tools/bin/../lib/gcc/arm-none-eabi/10.3.1/../../../../arm-none-eabi/lib/thumb/v7e-m+dp/hard/libc_nano.a(lib_a-nano-mallocr.o)
 .debug_frame   0x0000000000000170       0x2c /home/wonjh/st/stm32cubeide_1.6.1/plugins/com.st.stm32cube.ide.mcu.externaltools.gnu-tools-for-stm32.10.3-2021.10.linux64_1.0.0.202111181127/tools/bin/../lib/gcc/arm-none-eabi/10.3.1/../../../../arm-none-eabi/lib/thumb/v7e-m+dp/hard/libc_nano.a(lib_a-sbrkr.o)
 .debug_frame   0x000000000000019c       0x20 /home/wonjh/st/stm32cubeide_1.6.1/plugins/com.st.stm32cube.ide.mcu.externaltools.gnu-tools-for-stm32.10.3-2021.10.linux64_1.0.0.202111181127/tools/bin/../lib/gcc/arm-none-eabi/10.3.1/../../../../arm-none-eabi/lib/thumb/v7e-m+dp/hard/libc_nano.a(lib_a-strcpy.o)
 .debug_frame   0x00000000000001bc       0x28 /home/wonjh/st/stm32cubeide_1.6.1/plugins/com.st.stm32cube.ide.mcu.externaltools.gnu-tools-for-stm32.10.3-2021.10.linux64_1.0.0.202111181127/tools/bin/../lib/gcc/arm-none-eabi/10.3.1/../../../../arm-none-eabi/lib/thumb/v7e-m+dp/hard/libc_nano.a(lib_a-strncpy.o)
 .debug_frame   0x00000000000001e4       0x30 /home/wonjh/st/stm32cubeide_1.6.1/plugins/com.st.stm32cube.ide.mcu.externaltools.gnu-tools-for-stm32.10.3-2021.10.linux64_1.0.0.202111181127/tools/bin/../lib/gcc/arm-none-eabi/10.3.1/../../../../arm-none-eabi/lib/thumb/v7e-m+dp/hard/libc_nano.a(lib_a-mlock.o)
 .debug_frame   0x0000000000000214       0x5c /home/wonjh/st/stm32cubeide_1.6.1/plugins/com.st.stm32cube.ide.mcu.externaltools.gnu-tools-for-stm32.10.3-2021.10.linux64_1.0.0.202111181127/tools/bin/../lib/gcc/arm-none-eabi/10.3.1/../../../../arm-none-eabi/lib/thumb/v7e-m+dp/hard/libc_nano.a(lib_a-reent.o)
 .debug_frame   0x0000000000000270       0xb0 /home/wonjh/st/stm32cubeide_1.6.1/plugins/com.st.stm32cube.ide.mcu.externaltools.gnu-tools-for-stm32.10.3-2021.10.linux64_1.0.0.202111181127/tools/bin/../lib/gcc/arm-none-eabi/10.3.1/../../../../arm-none-eabi/lib/thumb/v7e-m+dp/hard/libc_nano.a(lib_a-lock.o)
 .debug_frame   0x0000000000000320       0x2c /home/wonjh/st/stm32cubeide_1.6.1/plugins/com.st.stm32cube.ide.mcu.externaltools.gnu-tools-for-stm32.10.3-2021.10.linux64_1.0.0.202111181127/tools/bin/../lib/gcc/arm-none-eabi/10.3.1/thumb/v7e-m+dp/hard/libgcc.a(_aeabi_uldivmod.o)
 .debug_frame   0x000000000000034c       0x34 /home/wonjh/st/stm32cubeide_1.6.1/plugins/com.st.stm32cube.ide.mcu.externaltools.gnu-tools-for-stm32.10.3-2021.10.linux64_1.0.0.202111181127/tools/bin/../lib/gcc/arm-none-eabi/10.3.1/thumb/v7e-m+dp/hard/libgcc.a(_udivmoddi4.o)
